Component: ARM Compiler 5.06 update 4 (build 422) Tool: armlink [4d35d2]

==============================================================================

Section Cross References

    startup_stm32f10x_md.o(RESET) refers to startup_stm32f10x_md.o(STACK) for __initial_sp
    startup_stm32f10x_md.o(RESET) refers to startup_stm32f10x_md.o(.text) for Reset_Handler
    startup_stm32f10x_md.o(RESET) refers to stm32f10x_it.o(i.NMI_Handler) for NMI_Handler
    startup_stm32f10x_md.o(RESET) refers to context_rvds.o(.text) for HardFault_Handler
    startup_stm32f10x_md.o(RESET) refers to stm32f10x_it.o(i.MemManage_Handler) for MemManage_Handler
    startup_stm32f10x_md.o(RESET) refers to stm32f10x_it.o(i.BusFault_Handler) for BusFault_Handler
    startup_stm32f10x_md.o(RESET) refers to stm32f10x_it.o(i.UsageFault_Handler) for UsageFault_Handler
    startup_stm32f10x_md.o(RESET) refers to stm32f10x_it.o(i.SVC_Handler) for SVC_Handler
    startup_stm32f10x_md.o(RESET) refers to stm32f10x_it.o(i.DebugMon_Handler) for DebugMon_Handler
    startup_stm32f10x_md.o(RESET) refers to board.o(i.SysTick_Handler) for SysTick_Handler
    startup_stm32f10x_md.o(RESET) refers to stm32f10x_it.o(i.RTC_IRQHandler) for RTC_IRQHandler
    startup_stm32f10x_md.o(RESET) refers to drv_uart.o(i.USART1_IRQHandler) for USART1_IRQHandler
    startup_stm32f10x_md.o(RESET) refers to drv_uart.o(i.USART2_IRQHandler) for USART2_IRQHandler
    startup_stm32f10x_md.o(RESET) refers to drv_uart.o(i.USART3_IRQHandler) for USART3_IRQHandler
    startup_stm32f10x_md.o(.text) refers to system_stm32f10x.o(i.SystemInit) for SystemInit
    startup_stm32f10x_md.o(.text) refers to entry.o(.ARM.Collect$$$$00000000) for __main
    stm32f10x_it.o(i.RTC_IRQHandler) refers to stm32f10x_rtc.o(i.RTC_GetITStatus) for RTC_GetITStatus
    stm32f10x_it.o(i.RTC_IRQHandler) refers to stm32f10x_rtc.o(i.RTC_ClearITPendingBit) for RTC_ClearITPendingBit
    system_stm32f10x.o(i.HSI_Config) refers to stm32f10x_rcc.o(i.RCC_DeInit) for RCC_DeInit
    system_stm32f10x.o(i.HSI_Config) refers to stm32f10x_rcc.o(i.RCC_HSICmd) for RCC_HSICmd
    system_stm32f10x.o(i.HSI_Config) refers to stm32f10x_rcc.o(i.RCC_GetFlagStatus) for RCC_GetFlagStatus
    system_stm32f10x.o(i.HSI_Config) refers to stm32f10x_rcc.o(i.RCC_HCLKConfig) for RCC_HCLKConfig
    system_stm32f10x.o(i.HSI_Config) refers to stm32f10x_rcc.o(i.RCC_PCLK2Config) for RCC_PCLK2Config
    system_stm32f10x.o(i.HSI_Config) refers to stm32f10x_rcc.o(i.RCC_PCLK1Config) for RCC_PCLK1Config
    system_stm32f10x.o(i.HSI_Config) refers to stm32f10x_flash.o(i.FLASH_SetLatency) for FLASH_SetLatency
    system_stm32f10x.o(i.HSI_Config) refers to stm32f10x_flash.o(i.FLASH_PrefetchBufferCmd) for FLASH_PrefetchBufferCmd
    system_stm32f10x.o(i.HSI_Config) refers to stm32f10x_rcc.o(i.RCC_PLLConfig) for RCC_PLLConfig
    system_stm32f10x.o(i.HSI_Config) refers to stm32f10x_rcc.o(i.RCC_PLLCmd) for RCC_PLLCmd
    system_stm32f10x.o(i.HSI_Config) refers to stm32f10x_rcc.o(i.RCC_SYSCLKConfig) for RCC_SYSCLKConfig
    system_stm32f10x.o(i.HSI_Config) refers to stm32f10x_rcc.o(i.RCC_GetSYSCLKSource) for RCC_GetSYSCLKSource
    system_stm32f10x.o(i.HSI_Config) refers to stm32f10x_rcc.o(i.RCC_APB2PeriphClockCmd) for RCC_APB2PeriphClockCmd
    system_stm32f10x.o(i.HSI_Config) refers to stm32f10x_gpio.o(i.GPIO_PinRemapConfig) for GPIO_PinRemapConfig
    system_stm32f10x.o(i.HSI_Config) refers to stm32f10x_gpio.o(i.GPIO_Init) for GPIO_Init
    system_stm32f10x.o(i.HSI_Config) refers to stm32f10x_gpio.o(i.GPIO_ResetBits) for GPIO_ResetBits
    system_stm32f10x.o(i.SetSysClock) refers to system_stm32f10x.o(i.SetSysClockTo72) for SetSysClockTo72
    system_stm32f10x.o(i.SystemCoreClockUpdate) refers to system_stm32f10x.o(.data) for SystemCoreClock
    system_stm32f10x.o(i.SystemInit) refers to system_stm32f10x.o(i.HSI_Config) for HSI_Config
    main.o(i.main) refers to printfa.o(i.__0printf) for __2printf
    main.o(i.main) refers to user_app.o(i.APP_Init) for APP_Init
    main.o(i.main) refers to drv_common.o(i.drv_wdog_feed) for drv_wdog_feed
    main.o(i.main) refers to drv_common.o(i.drv_get_sec_counter) for drv_get_sec_counter
    main.o(i.main) refers to drv_common.o(i.drv_get_rtc_counter) for drv_get_rtc_counter
    main.o(i.main) refers to drv_common.o(i.delay_os) for delay_os
    user_app.o(i.APP_Init) refers to thread.o(i.rt_thread_create) for rt_thread_create
    user_app.o(i.APP_Init) refers to thread.o(i.rt_thread_startup) for rt_thread_startup
    user_app.o(i.APP_Init) refers to user_app.o(i.app_uart_thread_entry) for app_uart_thread_entry
    user_app.o(i.APP_Init) refers to app_node.o(i.app_node_thread_entry) for app_node_thread_entry
    user_app.o(i.app_uart_send) refers to drv_uart.o(i.UART2_Send) for UART2_Send
    user_app.o(i.app_uart_thread_entry) refers to drv_common.o(i.delay_ms) for delay_ms
    user_app.o(i.app_uart_thread_entry) refers to printfa.o(i.__0printf) for __2printf
[...]
    _printf_s                                0x00000000   Number         0  stubs.o ABSOLUTE
    _printf_sizespec                         0x00000000   Number         0  stubs.o ABSOLUTE
    _printf_str                              0x00000000   Number         0  stubs.o ABSOLUTE
    _printf_truncate_signed                  0x00000000   Number         0  stubs.o ABSOLUTE
    _printf_truncate_unsigned                0x00000000   Number         0  stubs.o ABSOLUTE
    _printf_u                                0x00000000   Number         0  stubs.o ABSOLUTE
    _printf_wc                               0x00000000   Number         0  stubs.o ABSOLUTE
    _printf_wctomb                           0x00000000   Number         0  stubs.o ABSOLUTE
    _printf_widthprec                        0x00000000   Number         0  stubs.o ABSOLUTE
    _printf_x                                0x00000000   Number         0  stubs.o ABSOLUTE
    __cpp_initialize__aeabi_                  - Undefined Weak Reference
    __cxa_finalize                            - Undefined Weak Reference
    __decompress                              - Undefined Weak Reference
    _clock_init                               - Undefined Weak Reference
    _microlib_exit                            - Undefined Weak Reference
    __Vectors_Size                           0x000000ec   Number         0  startup_stm32f10x_md.o ABSOLUTE
    __Vectors                                0x08000000   Data           4  startup_stm32f10x_md.o(RESET)
    __Vectors_End                            0x080000ec   Data           0  startup_stm32f10x_md.o(RESET)
    __main                                   0x080000ed   Thumb Code     0  entry.o(.ARM.Collect$$$$00000000)
    _main_stk                                0x080000ed   Thumb Code     0  entry2.o(.ARM.Collect$$$$00000001)
    _main_scatterload                        0x080000f1   Thumb Code     0  entry5.o(.ARM.Collect$$$$00000004)
    __main_after_scatterload                 0x080000f5   Thumb Code     0  entry5.o(.ARM.Collect$$$$00000004)
    _main_clock                              0x080000f5   Thumb Code     0  entry7b.o(.ARM.Collect$$$$00000008)
    _main_cpp_init                           0x080000f5   Thumb Code     0  entry8b.o(.ARM.Collect$$$$0000000A)
    _main_init                               0x080000f5   Thumb Code     0  entry9a.o(.ARM.Collect$$$$0000000B)
    __rt_final_cpp                           0x080000fd   Thumb Code     0  entry10a.o(.ARM.Collect$$$$0000000D)
    __rt_final_exit                          0x080000fd   Thumb Code     0  entry11a.o(.ARM.Collect$$$$0000000F)
    Reset_Handler                            0x08000101   Thumb Code     8  startup_stm32f10x_md.o(.text)
    ADC1_2_IRQHandler                        0x0800011b   Thumb Code     0  startup_stm32f10x_md.o(.text)
    CAN1_RX1_IRQHandler                      0x0800011b   Thumb Code     0  startup_stm32f10x_md.o(.text)
    CAN1_SCE_IRQHandler                      0x0800011b   Thumb Code     0  startup_stm32f10x_md.o(.text)
    DMA1_Channel1_IRQHandler                 0x0800011b   Thumb Code     0  startup_stm32f10x_md.o(.text)
    DMA1_Channel2_IRQHandler                 0x0800011b   Thumb Code     0  startup_stm32f10x_md.o(.text)
    DMA1_Channel3_IRQHandler                 0x0800011b   Thumb Code     0  startup_stm32f10x_md.o(.text)
    DMA1_Channel4_IRQHandler                 0x0800011b   Thumb Code     0  startup_stm32f10x_md.o(.text)
    DMA1_Channel5_IRQHandler                 0x0800011b   Thumb Code     0  startup_stm32f10x_md.o(.text)
    DMA1_Channel6_IRQHandler                 0x0800011b   Thumb Code     0  startup_stm32f10x_md.o(.text)
    DMA1_Channel7_IRQHandler                 0x0800011b   Thumb Code     0  startup_stm32f10x_md.o(.text)
    EXTI0_IRQHandler                         0x0800011b   Thumb Code     0  startup_stm32f10x_md.o(.text)
    EXTI15_10_IRQHandler                     0x0800011b   Thumb Code     0  startup_stm32f10x_md.o(.text)
    EXTI1_IRQHandler                         0x0800011b   Thumb Code     0  startup_stm32f10x_md.o(.text)
    EXTI2_IRQHandler                         0x0800011b   Thumb Code     0  startup_stm32f10x_md.o(.text)
    EXTI3_IRQHandler                         0x0800011b   Thumb Code     0  startup_stm32f10x_md.o(.text)
    EXTI4_IRQHandler                         0x0800011b   Thumb Code     0  startup_stm32f10x_md.o(.text)
    EXTI9_5_IRQHandler                       0x0800011b   Thumb Code     0  startup_stm32f10x_md.o(.text)
    FLASH_IRQHandler                         0x0800011b   Thumb Code     0  startup_stm32f10x_md.o(.text)
    I2C1_ER_IRQHandler                       0x0800011b   Thumb Code     0  startup_stm32f10x_md.o(.text)
    I2C1_EV_IRQHandler                       0x0800011b   Thumb Code     0  startup_stm32f10x_md.o(.text)
    I2C2_ER_IRQHandler                       0x0800011b   Thumb Code     0  startup_stm32f10x_md.o(.text)
    I2C2_EV_IRQHandler                       0x0800011b   Thumb Code     0  startup_stm32f10x_md.o(.text)
    PVD_IRQHandler                           0x0800011b   Thumb Code     0  startup_stm32f10x_md.o(.text)
    RCC_IRQHandler                           0x0800011b   Thumb Code     0  startup_stm32f10x_md.o(.text)
    RTCAlarm_IRQHandler                      0x0800011b   Thumb Code     0  startup_stm32f10x_md.o(.text)
    SPI1_IRQHandler                          0x0800011b   Thumb Code     0  startup_stm32f10x_md.o(.text)
    SPI2_IRQHandler                          0x0800011b   Thumb Code     0  startup_stm32f10x_md.o(.text)
    TAMPER_IRQHandler                        0x0800011b   Thumb Code     0  startup_stm32f10x_md.o(.text)
    TIM1_BRK_IRQHandler                      0x0800011b   Thumb Code     0  startup_stm32f10x_md.o(.text)
    TIM1_CC_IRQHandler                       0x0800011b   Thumb Code     0  startup_stm32f10x_md.o(.text)
    TIM1_TRG_COM_IRQHandler                  0x0800011b   Thumb Code     0  startup_stm32f10x_md.o(.text)
    TIM1_UP_IRQHandler                       0x0800011b   Thumb Code     0  startup_stm32f10x_md.o(.text)
    TIM2_IRQHandler                          0x0800011b   Thumb Code     0  startup_stm32f10x_md.o(.text)
    TIM3_IRQHandler                          0x0800011b   Thumb Code     0  startup_stm32f10x_md.o(.text)
    TIM4_IRQHandler                          0x0800011b   Thumb Code     0  startup_stm32f10x_md.o(.text)
    USBWakeUp_IRQHandler                     0x0800011b   Thumb Code     0  startup_stm32f10x_md.o(.text)
    USB_HP_CAN1_TX_IRQHandler                0x0800011b   Thumb Code     0  startup_stm32f10x_md.o(.text)
    USB_LP_CAN1_RX0_IRQHandler               0x0800011b   Thumb Code     0  startup_stm32f10x_md.o(.text)
    WWDG_IRQHandler                          0x0800011b   Thumb Code     0  startup_stm32f10x_md.o(.text)
    rt_hw_interrupt_disable                  0x08000125   Thumb Code     8  context_rvds.o(.text)
    rt_hw_interrupt_enable                   0x0800012d   Thumb Code     6  context_rvds.o(.text)
    rt_hw_context_switch                     0x08000133   Thumb Code    32  context_rvds.o(.text)
    rt_hw_context_switch_interrupt           0x08000133   Thumb Code     0  context_rvds.o(.text)
    PendSV_Handler                           0x08000153   Thumb Code    60  context_rvds.o(.text)
    rt_hw_context_switch_to                  0x0800018f   Thumb Code    58  context_rvds.o(.text)
    rt_hw_interrupt_thread_switch            0x080001c9   Thumb Code     2  context_rvds.o(.text)
    HardFault_Handler                        0x080001cb   Thumb Code    48  context_rvds.o(.text)
    rand                                     0x08000215   Thumb Code    20  rand.o(.text)
    srand                                    0x08000229   Thumb Code     6  rand.o(.text)
    __aeabi_memcpy                           0x08000239   Thumb Code    36  memcpya.o(.text)
    __aeabi_memcpy4                          0x08000239   Thumb Code     0  memcpya.o(.text)
    __aeabi_memcpy8                          0x08000239   Thumb Code     0  memcpya.o(.text)
    __aeabi_memset                           0x0800025d   Thumb Code    14  memseta.o(.text)
    __aeabi_memset4                          0x0800025d   Thumb Code     0  memseta.o(.text)
    __aeabi_memset8                          0x0800025d   Thumb Code     0  memseta.o(.text)
    __aeabi_memclr                           0x0800026b   Thumb Code     4  memseta.o(.text)
    __aeabi_memclr4                          0x0800026b   Thumb Code     0  memseta.o(.text)
    __aeabi_memclr8                          0x0800026b   Thumb Code     0  memseta.o(.text)
    _memset$wrapper                          0x0800026f   Thumb Code    18  memseta.o(.text)
    strstr                                   0x08000281   Thumb Code    36  strstr.o(.text)
    strlen                                   0x080002a5   Thumb Code    14  strlen.o(.text)
    memcmp                                   0x080002b3   Thumb Code    26  memcmp.o(.text)
    atol                                     0x080002cd   Thumb Code    26  atol.o(.text)
    __aeabi_fadd                             0x080002e7   Thumb Code   164  fadd.o(.text)
    __aeabi_fsub                             0x0800038b   Thumb Code     6  fadd.o(.text)
    __aeabi_frsub                            0x08000391   Thumb Code     6  fadd.o(.text)
    __aeabi_fmul                             0x08000397   Thumb Code   100  fmul.o(.text)
    __aeabi_fdiv                             0x080003fb   Thumb Code   124  fdiv.o(.text)
    __aeabi_dadd                             0x08000477   Thumb Code   322  dadd.o(.text)
    __aeabi_dsub                             0x080005b9   Thumb Code     6  dadd.o(.text)
    __aeabi_drsub                            0x080005bf   Thumb Code     6  dadd.o(.text)
    __aeabi_dmul                             0x080005c5   Thumb Code   228  dmul.o(.text)
    __aeabi_ddiv                             0x080006a9   Thumb Code   222  ddiv.o(.text)
    __aeabi_i2f                              0x08000787   Thumb Code    18  fflti.o(.text)
    __aeabi_ui2f                             0x08000799   Thumb Code    10  ffltui.o(.text)
    __aeabi_i2d                              0x080007a3   Thumb Code    34  dflti.o(.text)
    __aeabi_ui2d                             0x080007c5   Thumb Code    26  dfltui.o(.text)
    __aeabi_f2uiz                            0x080007df   Thumb Code    40  ffixui.o(.text)
    __aeabi_d2uiz                            0x08000807   Thumb Code    50  dfixui.o(.text)
    __aeabi_f2d                              0x08000839   Thumb Code    38  f2d.o(.text)
    __aeabi_d2f                              0x0800085f   Thumb Code    56  d2f.o(.text)
    __aeabi_uidiv                            0x08000897   Thumb Code     0  uidiv.o(.text)
    __aeabi_uidivmod                         0x08000897   Thumb Code    44  uidiv.o(.text)
    __aeabi_uldivmod                         0x080008c3   Thumb Code    98  uldiv.o(.text)
    __aeabi_llsl                             0x08000925   Thumb Code    30  llshl.o(.text)
    _ll_shift_l                              0x08000925   Thumb Code     0  llshl.o(.text)
    __aeabi_llsr                             0x08000943   Thumb Code    32  llushr.o(.text)
    _ll_ushift_r                             0x08000943   Thumb Code     0  llushr.o(.text)
    __aeabi_lasr                             0x08000963   Thumb Code    36  llsshr.o(.text)
    _ll_sshift_r                             0x08000963   Thumb Code     0  llsshr.o(.text)
    strtol                                   0x08000987   Thumb Code   112  strtol.o(.text)
    __I$use$fp                               0x080009f7   Thumb Code     0  iusefp.o(.text)
    _float_round                             0x080009f7   Thumb Code    18  fepilogue.o(.text)
    _float_epilogue                          0x08000a09   Thumb Code    92  fepilogue.o(.text)
    _double_round                            0x08000a65   Thumb Code    30  depilogue.o(.text)
    _double_epilogue                         0x08000a83   Thumb Code   156  depilogue.o(.text)
    __ARM_scalbn                             0x08000b1f   Thumb Code    46  dscalb.o(.text)
    scalbn                                   0x08000b1f   Thumb Code     0  dscalb.o(.text)
    __aeabi_d2ulz                            0x08000b4d   Thumb Code    48  dfixul.o(.text)
    __aeabi_cdcmpeq                          0x08000b7d   Thumb Code     0  cdcmple.o(.text)
    __aeabi_cdcmple                          0x08000b7d   Thumb Code    48  cdcmple.o(.text)
    __aeabi_cdrcmple                         0x08000bad   Thumb Code    48  cdrcmple.o(.text)
    __scatterload                            0x08000bdd   Thumb Code    28  init.o(.text)
    __scatterload_rt2                        0x08000bdd   Thumb Code     0  init.o(.text)
    __rt_ctype_table                         0x08000c01   Thumb Code     4  ctype_o.o(.text)
    _strtoul                                 0x08000c09   Thumb Code   158  _strtoul.o(.text)
    _chval                                   0x08000ca7   Thumb Code    28  _chval.o(.text)
    main                                     0x08000cc3   Thumb Code    14  components.o(i.$Sub$$main)
    ADC_Cmd                                  0x08000cd1   Thumb Code    22  stm32f10x_adc.o(i.ADC_Cmd)
    ADC_DeInit                               0x08000ce9   Thumb Code    78  stm32f10x_adc.o(i.ADC_DeInit)
    ADC_GetCalibrationStatus                 0x08000d45   Thumb Code    20  stm32f10x_adc.o(i.ADC_GetCalibrationStatus)
    ADC_GetConversionValue                   0x08000d59   Thumb Code     8  stm32f10x_adc.o(i.ADC_GetConversionValue)
    ADC_GetFlagStatus                        0x08000d61   Thumb Code    18  stm32f10x_adc.o(i.ADC_GetFlagStatus)
    ADC_GetResetCalibrationStatus            0x08000d73   Thumb Code    20  stm32f10x_adc.o(i.ADC_GetResetCalibrationStatus)
    ADC_Init                                 0x08000d89   Thumb Code    70  stm32f10x_adc.o(i.ADC_Init)
    ADC_RegularChannelConfig                 0x08000dd9   Thumb Code   184  stm32f10x_adc.o(i.ADC_RegularChannelConfig)
    ADC_ResetCalibration                     0x08000e91   Thumb Code    10  stm32f10x_adc.o(i.ADC_ResetCalibration)
    ADC_SoftwareStartConvCmd                 0x08000e9b   Thumb Code    22  stm32f10x_adc.o(i.ADC_SoftwareStartConvCmd)
    ADC_StartCalibration                     0x08000eb1   Thumb Code    10  stm32f10x_adc.o(i.ADC_StartCalibration)
    APP_Init                                 0x08000ebd   Thumb Code    68  user_app.o(i.APP_Init)
    BKP_DeInit                               0x08000f19   Thumb Code    16  stm32f10x_bkp.o(i.BKP_DeInit)
    BKP_RTCOutputConfig                      0x08000f29   Thumb Code    22  stm32f10x_bkp.o(i.BKP_RTCOutputConfig)
    BKP_ReadBackupRegister                   0x08000f45   Thumb Code    24  stm32f10x_bkp.o(i.BKP_ReadBackupRegister)
    BKP_TamperPinCmd                         0x08000f61   Thumb Code     6  stm32f10x_bkp.o(i.BKP_TamperPinCmd)
    BKP_WriteBackupRegister                  0x08000f6d   Thumb Code    22  stm32f10x_bkp.o(i.BKP_WriteBackupRegister)
    BusFault_Handler                         0x08000f89   Thumb Code     4  stm32f10x_it.o(i.BusFault_Handler)
    DebugMon_Handler                         0x08000f8d   Thumb Code     2  stm32f10x_it.o(i.DebugMon_Handler)
    DecryptTEA                               0x08000f91   Thumb Code   102  drv_encrypt.o(i.DecryptTEA)
    EEPROM_Read                              0x08000ffd   Thumb Code    66  drv_common.o(i.EEPROM_Read)
    EEPROM_Write                             0x08001049   Thumb Code    88  drv_common.o(i.EEPROM_Write)
    EncryptTEA                               0x080010a9   Thumb Code    96  drv_encrypt.o(i.EncryptTEA)
    FLASH_ErasePage                          0x0800110d   Thumb Code    72  stm32f10x_flash.o(i.FLASH_ErasePage)
    FLASH_GetBank1Status                     0x08001159   Thumb Code    48  stm32f10x_flash.o(i.FLASH_GetBank1Status)
    FLASH_Lock                               0x0800118d   Thumb Code    14  stm32f10x_flash.o(i.FLASH_Lock)
    FLASH_PrefetchBufferCmd                  0x080011a1   Thumb Code    22  stm32f10x_flash.o(i.FLASH_PrefetchBufferCmd)
    FLASH_ProgramWord                        0x080011bd   Thumb Code   102  stm32f10x_flash.o(i.FLASH_ProgramWord)
    FLASH_SetLatency                         0x08001229   Thumb Code    18  stm32f10x_flash.o(i.FLASH_SetLatency)
    FLASH_Unlock                             0x08001241   Thumb Code    12  stm32f10x_flash.o(i.FLASH_Unlock)
    FLASH_WaitForLastOperation               0x08001259   Thumb Code    38  stm32f10x_flash.o(i.FLASH_WaitForLastOperation)
    GPIO_Init                                0x0800127f   Thumb Code   274  stm32f10x_gpio.o(i.GPIO_Init)
    GPIO_PinRemapConfig                      0x08001391   Thumb Code   138  stm32f10x_gpio.o(i.GPIO_PinRemapConfig)
    GPIO_ReadInputDataBit                    0x08001421   Thumb Code    18  stm32f10x_gpio.o(i.GPIO_ReadInputDataBit)
    GPIO_ResetBits                           0x08001433   Thumb Code     4  stm32f10x_gpio.o(i.GPIO_ResetBits)
    GPIO_SetBits                             0x08001437   Thumb Code     4  stm32f10x_gpio.o(i.GPIO_SetBits)
    HSI_Config                               0x0800143d   Thumb Code   152  system_stm32f10x.o(i.HSI_Config)
    MemManage_Handler                        0x080014d9   Thumb Code     4  stm32f10x_it.o(i.MemManage_Handler)
    NMI_Handler                              0x080014dd   Thumb Code     2  stm32f10x_it.o(i.NMI_Handler)
    NVIC_Init                                0x080014e1   Thumb Code   102  misc.o(i.NVIC_Init)
    PWR_BackupAccessCmd                      0x08001555   Thumb Code     6  stm32f10x_pwr.o(i.PWR_BackupAccessCmd)
    RCC_ADCCLKConfig                         0x08001561   Thumb Code    18  stm32f10x_rcc.o(i.RCC_ADCCLKConfig)
    RCC_APB1PeriphClockCmd                   0x08001579   Thumb Code    26  stm32f10x_rcc.o(i.RCC_APB1PeriphClockCmd)
    RCC_APB2PeriphClockCmd                   0x08001599   Thumb Code    26  stm32f10x_rcc.o(i.RCC_APB2PeriphClockCmd)
    RCC_APB2PeriphResetCmd                   0x080015b9   Thumb Code    26  stm32f10x_rcc.o(i.RCC_APB2PeriphResetCmd)
    RCC_BackupResetCmd                       0x080015d9   Thumb Code     6  stm32f10x_rcc.o(i.RCC_BackupResetCmd)
    RCC_DeInit                               0x080015e5   Thumb Code    64  stm32f10x_rcc.o(i.RCC_DeInit)
    RCC_GetClocksFreq                        0x08001631   Thumb Code   192  stm32f10x_rcc.o(i.RCC_GetClocksFreq)
    RCC_GetFlagStatus                        0x08001705   Thumb Code    56  stm32f10x_rcc.o(i.RCC_GetFlagStatus)
    RCC_GetSYSCLKSource                      0x08001741   Thumb Code    10  stm32f10x_rcc.o(i.RCC_GetSYSCLKSource)
    RCC_HCLKConfig                           0x08001751   Thumb Code    18  stm32f10x_rcc.o(i.RCC_HCLKConfig)
    RCC_HSICmd                               0x08001769   Thumb Code     6  stm32f10x_rcc.o(i.RCC_HSICmd)
    RCC_LSEConfig                            0x08001775   Thumb Code    44  stm32f10x_rcc.o(i.RCC_LSEConfig)
    RCC_LSICmd                               0x080017a9   Thumb Code     6  stm32f10x_rcc.o(i.RCC_LSICmd)
    RCC_PCLK1Config                          0x080017b5   Thumb Code    18  stm32f10x_rcc.o(i.RCC_PCLK1Config)
    RCC_PCLK2Config                          0x080017cd   Thumb Code    20  stm32f10x_rcc.o(i.RCC_PCLK2Config)
    RCC_PLLCmd                               0x080017e5   Thumb Code     6  stm32f10x_rcc.o(i.RCC_PLLCmd)
    RCC_PLLConfig                            0x080017f1   Thumb Code    24  stm32f10x_rcc.o(i.RCC_PLLConfig)
    RCC_RTCCLKCmd                            0x0800180d   Thumb Code     6  stm32f10x_rcc.o(i.RCC_RTCCLKCmd)
    RCC_RTCCLKConfig                         0x08001819   Thumb Code    12  stm32f10x_rcc.o(i.RCC_RTCCLKConfig)
    RCC_SYSCLKConfig                         0x08001829   Thumb Code    18  stm32f10x_rcc.o(i.RCC_SYSCLKConfig)
    RTC_ClearITPendingBit                    0x08001841   Thumb Code    12  stm32f10x_rtc.o(i.RTC_ClearITPendingBit)
    RTC_EnterConfigMode                      0x08001851   Thumb Code    14  stm32f10x_rtc.o(i.RTC_EnterConfigMode)
    RTC_ExitConfigMode                       0x08001865   Thumb Code    16  stm32f10x_rtc.o(i.RTC_ExitConfigMode)
    RTC_GetCounter                           0x08001879   Thumb Code    16  stm32f10x_rtc.o(i.RTC_GetCounter)
    RTC_GetITStatus                          0x0800188d   Thumb Code    32  stm32f10x_rtc.o(i.RTC_GetITStatus)
    RTC_IRQHandler                           0x080018b1   Thumb Code    18  stm32f10x_it.o(i.RTC_IRQHandler)
    RTC_SetCounter                           0x080018c5   Thumb Code    24  stm32f10x_rtc.o(i.RTC_SetCounter)
    RTC_WaitForLastTask                      0x080018e1   Thumb Code    14  stm32f10x_rtc.o(i.RTC_WaitForLastTask)
    RTC_WaitForSynchro                       0x080018f5   Thumb Code    28  stm32f10x_rtc.o(i.RTC_WaitForSynchro)
    SPI_Cmd                                  0x08001915   Thumb Code    24  stm32f10x_spi.o(i.SPI_Cmd)
    SPI_I2S_GetFlagStatus                    0x0800192d   Thumb Code    18  stm32f10x_spi.o(i.SPI_I2S_GetFlagStatus)
    SPI_I2S_ReceiveData                      0x0800193f   Thumb Code     6  stm32f10x_spi.o(i.SPI_I2S_ReceiveData)
    SPI_I2S_SendData                         0x08001945   Thumb Code     4  stm32f10x_spi.o(i.SPI_I2S_SendData)
    SPI_Init                                 0x08001949   Thumb Code    60  stm32f10x_spi.o(i.SPI_Init)
    SVC_Handler                              0x08001985   Thumb Code     2  stm32f10x_it.o(i.SVC_Handler)
    SysTick_Handler                          0x08001989   Thumb Code    52  board.o(i.SysTick_Handler)
    SystemCoreClockUpdate                    0x080019c5   Thumb Code   142  system_stm32f10x.o(i.SystemCoreClockUpdate)
    SystemInit                               0x08001a69   Thumb Code    16  system_stm32f10x.o(i.SystemInit)
    UART1_Init                               0x08001a7d   Thumb Code   182  drv_uart.o(i.UART1_Init)
    UART2_Init                               0x08001b45   Thumb Code   178  drv_uart.o(i.UART2_Init)
    UART3_Init                               0x08001c09   Thumb Code   182  drv_uart.o(i.UART3_Init)
    UART_Clear                               0x08001cd1   Thumb Code    24  drv_uart.o(i.UART_Clear)
    UART_Init                                0x08001ce9   Thumb Code    22  drv_uart.o(i.UART_Init)
    USART1_IRQHandler                        0x08001d11   Thumb Code   100  drv_uart.o(i.USART1_IRQHandler)
    USART2_IRQHandler                        0x08001d7d   Thumb Code   110  drv_uart.o(i.USART2_IRQHandler)
    USART3_IRQHandler                        0x08001df5   Thumb Code   100  drv_uart.o(i.USART3_IRQHandler)
    USART_ClearFlag                          0x08001e61   Thumb Code    18  stm32f10x_usart.o(i.USART_ClearFlag)
    USART_ClearITPendingBit                  0x08001e73   Thumb Code    30  stm32f10x_usart.o(i.USART_ClearITPendingBit)
    USART_Cmd                                0x08001e91   Thumb Code    24  stm32f10x_usart.o(i.USART_Cmd)
    USART_GetFlagStatus                      0x08001ea9   Thumb Code    26  stm32f10x_usart.o(i.USART_GetFlagStatus)
    USART_GetITStatus                        0x08001ec3   Thumb Code    84  stm32f10x_usart.o(i.USART_GetITStatus)
    USART_ITConfig                           0x08001f17   Thumb Code    74  stm32f10x_usart.o(i.USART_ITConfig)
    USART_Init                               0x08001f61   Thumb Code   210  stm32f10x_usart.o(i.USART_Init)
    USART_ReceiveData                        0x08002039   Thumb Code    10  stm32f10x_usart.o(i.USART_ReceiveData)
    USART_SendData                           0x08002043   Thumb Code     8  stm32f10x_usart.o(i.USART_SendData)
    UsageFault_Handler                       0x0800204b   Thumb Code     4  stm32f10x_it.o(i.UsageFault_Handler)
    WWDG_Enable                              0x08002051   Thumb Code    10  stm32f10x_wwdg.o(i.WWDG_Enable)
    WWDG_SetPrescaler                        0x08002061   Thumb Code    18  stm32f10x_wwdg.o(i.WWDG_SetPrescaler)
    WWDG_SetWindowValue                      0x08002079   Thumb Code    34  stm32f10x_wwdg.o(i.WWDG_SetWindowValue)
    __0printf                                0x080020d1   Thumb Code    22  printfa.o(i.__0printf)
    __1printf                                0x080020d1   Thumb Code     0  printfa.o(i.__0printf)
    __2printf                                0x080020d1   Thumb Code     0  printfa.o(i.__0printf)
    __c89printf                              0x080020d1   Thumb Code     0  printfa.o(i.__0printf)
    printf                                   0x080020d1   Thumb Code     0  printfa.o(i.__0printf)
    __aeabi_errno_addr                       0x080020f1   Thumb Code     4  errno.o(i.__aeabi_errno_addr)
    __rt_errno_addr                          0x080020f1   Thumb Code     0  errno.o(i.__aeabi_errno_addr)
    __kernel_poly                            0x080020f9   Thumb Code   170  poly.o(i.__kernel_poly)
    __mathlib_dbl_divzero                    0x080021a5   Thumb Code    12  dunder.o(i.__mathlib_dbl_divzero)
    __mathlib_dbl_infnan                     0x080021b5   Thumb Code     6  dunder.o(i.__mathlib_dbl_infnan)
    __mathlib_dbl_invalid                    0x080021bb   Thumb Code    12  dunder.o(i.__mathlib_dbl_invalid)
    __rt_ffs                                 0x080021c9   Thumb Code    70  kservice.o(i.__rt_ffs)
    __scatterload_copy                       0x08002215   Thumb Code    14  handlers.o(i.__scatterload_copy)
    __scatterload_null                       0x08002223   Thumb Code     2  handlers.o(i.__scatterload_null)
    __scatterload_zeroinit                   0x08002225   Thumb Code    14  handlers.o(i.__scatterload_zeroinit)
    __set_errno                              0x08002235   Thumb Code     6  errno.o(i.__set_errno)
    app_node_key_check                       0x08002bfd   Thumb Code    54  app_node.o(i.app_node_key_check)
    app_node_key_init                        0x08002c4d   Thumb Code    40  app_node.o(i.app_node_key_init)
    app_node_led_init                        0x08002c79   Thumb Code    66  app_node.o(i.app_node_led_init)
    app_node_led_set_blue                    0x08002cc5   Thumb Code    26  app_node.o(i.app_node_led_set_blue)
    app_node_led_set_green                   0x08002ce5   Thumb Code    30  app_node.o(i.app_node_led_set_green)
    app_node_send_status                     0x08002ee1   Thumb Code   100  app_node.o(i.app_node_send_status)
    app_node_set_sn                          0x08002f61   Thumb Code    22  app_node.o(i.app_node_set_sn)
    app_node_set_wake_period                 0x08002f91   Thumb Code    22  app_node.o(i.app_node_set_wake_period)
    app_node_temp_init                       0x08002fc5   Thumb Code   154  app_node.o(i.app_node_temp_init)
    app_node_temp_update                     0x08003069   Thumb Code   266  app_node.o(i.app_node_temp_update)
    app_node_thread_entry                    0x0800319d   Thumb Code   128  app_node.o(i.app_node_thread_entry)
    app_node_wait_on_busy                    0x0800322d   Thumb Code    48  app_node.o(i.app_node_wait_on_busy)
    app_node_write_config                    0x0800327d   Thumb Code    24  app_node.o(i.app_node_write_config)
    app_uart_thread_entry                    0x08003299   Thumb Code   206  user_app.o(i.app_uart_thread_entry)
    delay_ms                                 0x080033ad   Thumb Code    26  drv_common.o(i.delay_ms)
    delay_os                                 0x080033cd   Thumb Code    24  drv_common.o(i.delay_os)
    drv_common_init                          0x080033e5   Thumb Code    88  drv_common.o(i.drv_common_init)
    drv_crc16                                0x0800347d   Thumb Code    48  drv_common.o(i.drv_crc16)
    drv_get_rtc_counter                      0x080034b5   Thumb Code     8  drv_common.o(i.drv_get_rtc_counter)
    drv_get_sec_counter                      0x080034bd   Thumb Code     6  drv_common.o(i.drv_get_sec_counter)
    drv_rtc_init                             0x080034c9   Thumb Code   188  drv_common.o(i.drv_rtc_init)
    drv_set_rtc_counter                      0x080035bd   Thumb Code    12  drv_common.o(i.drv_set_rtc_counter)
    drv_sx1268_cad_check                     0x080035c9   Thumb Code    50  drv_sx1268.o(i.drv_sx1268_cad_check)
    drv_sx1268_cad_init                      0x080035fb   Thumb Code    44  drv_sx1268.o(i.drv_sx1268_cad_init)
    drv_sx1268_calcu_air_time                0x08003629   Thumb Code   266  drv_sx1268.o(i.drv_sx1268_calcu_air_time)
    drv_sx1268_calibrate_image               0x08003761   Thumb Code   118  drv_sx1268.o(i.drv_sx1268_calibrate_image)
    drv_sx1268_clr_irq_status                0x080037ed   Thumb Code    36  drv_sx1268.o(i.drv_sx1268_clr_irq_status)
    drv_sx1268_convert_freqinhz2pllstep      0x08003811   Thumb Code    36  drv_sx1268.o(i.drv_sx1268_convert_freqinhz2pllstep)
    drv_sx1268_get_irq_status                0x08003835   Thumb Code    30  drv_sx1268.o(i.drv_sx1268_get_irq_status)
    drv_sx1268_get_rssi_inst                 0x08003853   Thumb Code    34  drv_sx1268.o(i.drv_sx1268_get_rssi_inst)
    drv_sx1268_get_rx_buff_status            0x08003875   Thumb Code    34  drv_sx1268.o(i.drv_sx1268_get_rx_buff_status)
    drv_sx1268_init                          0x08003899   Thumb Code   212  drv_sx1268.o(i.drv_sx1268_init)
    drv_sx1268_recv_check                    0x08003981   Thumb Code    96  drv_sx1268.o(i.drv_sx1268_recv_check)
    drv_sx1268_recv_init                     0x080039fd   Thumb Code    82  drv_sx1268.o(i.drv_sx1268_recv_init)
    drv_sx1268_send                          0x08003a55   Thumb Code    70  drv_sx1268.o(i.drv_sx1268_send)
    drv_sx1268_send_check                    0x08003a9b   Thumb Code    34  drv_sx1268.o(i.drv_sx1268_send_check)
    drv_sx1268_set_buff_base_addr            0x08003abd   Thumb Code    34  drv_sx1268.o(i.drv_sx1268_set_buff_base_addr)
    drv_sx1268_set_cad_params                0x08003adf   Thumb Code    74  drv_sx1268.o(i.drv_sx1268_set_cad_params)
    drv_sx1268_set_dio2_switchctrl           0x08003b29   Thumb Code    26  drv_sx1268.o(i.drv_sx1268_set_dio2_switchctrl)
    drv_sx1268_set_freq                      0x08003b43   Thumb Code    58  drv_sx1268.o(i.drv_sx1268_set_freq)
    drv_sx1268_set_irq_parsms                0x08003b7d   Thumb Code    78  drv_sx1268.o(i.drv_sx1268_set_irq_parsms)
    drv_sx1268_set_mode                      0x08003bcb   Thumb Code    18  drv_sx1268.o(i.drv_sx1268_set_mode)
    drv_sx1268_set_pa                        0x08003bdd   Thumb Code    44  drv_sx1268.o(i.drv_sx1268_set_pa)
    drv_sx1268_set_pack_params               0x08003c0d   Thumb Code    88  drv_sx1268.o(i.drv_sx1268_set_pack_params)
    drv_sx1268_set_power                     0x08003c65   Thumb Code    88  drv_sx1268.o(i.drv_sx1268_set_power)
    drv_sx1268_set_regulator_mode            0x08003cbd   Thumb Code    26  drv_sx1268.o(i.drv_sx1268_set_regulator_mode)
    drv_sx1268_set_sf_bw                     0x08003cd7   Thumb Code    48  drv_sx1268.o(i.drv_sx1268_set_sf_bw)
    drv_sx1268_set_standby                   0x08003d07   Thumb Code    18  drv_sx1268.o(i.drv_sx1268_set_standby)
    drv_sx1268_set_stop_rxtimer_onpreamble_detect 0x08003d19   Thumb Code    18  drv_sx1268.o(i.drv_sx1268_set_stop_rxtimer_onpreamble_detect)
    drv_sx1268_wakeup                        0x08003d2b   Thumb Code    40  drv_sx1268.o(i.drv_sx1268_wakeup)
    drv_system_reset                         0x08003d55   Thumb Code    44  drv_common.o(i.drv_system_reset)
    drv_wdog_feed                            0x08003d95   Thumb Code     2  drv_common.o(i.drv_wdog_feed)
    drv_wdog_init                            0x08003d97   Thumb Code     2  drv_common.o(i.drv_wdog_init)
    fputc                                    0x08003d99   Thumb Code    32  drv_uart.o(i.fputc)
    hal_sx1268_read_cmd                      0x08003dbd   Thumb Code    72  hal_sx1268.o(i.hal_sx1268_read_cmd)
    hal_sx1268_read_fifo                     0x08003e05   Thumb Code    76  hal_sx1268.o(i.hal_sx1268_read_fifo)
    hal_sx1268_read_reg                      0x08003e51   Thumb Code    28  hal_sx1268.o(i.hal_sx1268_read_reg)
    hal_sx1268_read_regs                     0x08003e6d   Thumb Code    84  hal_sx1268.o(i.hal_sx1268_read_regs)
    hal_sx1268_rst                           0x08003ec1   Thumb Code    10  hal_sx1268.o(i.hal_sx1268_rst)
    hal_sx1268_spi_rw_byte                   0x08003ecb   Thumb Code    18  hal_sx1268.o(i.hal_sx1268_spi_rw_byte)
    hal_sx1268_write_cmd                     0x08003edd   Thumb Code    58  hal_sx1268.o(i.hal_sx1268_write_cmd)
    hal_sx1268_write_fifo                    0x08003f17   Thumb Code    68  hal_sx1268.o(i.hal_sx1268_write_fifo)
    hal_sx1268_write_reg                     0x08003f5b   Thumb Code    20  hal_sx1268.o(i.hal_sx1268_write_reg)
    hal_sx1268_write_regs                    0x08003f6f   Thumb Code    74  hal_sx1268.o(i.hal_sx1268_write_regs)
    log                                      0x08003fb9   Thumb Code   808  log.o(i.log)
    $Super$$main                             0x08004315   Thumb Code    70  main.o(i.main)
    main_thread_entry                        0x080043e5   Thumb Code    14  components.o(i.main_thread_entry)
    nwk_crc16                                0x080043f3   Thumb Code    16  nwk_bsp.o(i.nwk_crc16)
    nwk_delay_ms                             0x08004403   Thumb Code    12  nwk_bsp.o(i.nwk_delay_ms)
    nwk_find_head                            0x0800440f   Thumb Code    72  nwk_bsp.o(i.nwk_find_head)
    nwk_get_channel                          0x08004459   Thumb Code    30  nwk_bsp.o(i.nwk_get_channel)
    nwk_get_rand                             0x0800447d   Thumb Code    38  nwk_bsp.o(i.nwk_get_rand)
    nwk_get_rtc_counter                      0x080044a9   Thumb Code     8  nwk_bsp.o(i.nwk_get_rtc_counter)
    nwk_node_cad_check                       0x080044b1   Thumb Code    26  nwk_node.o(i.nwk_node_cad_check)
    nwk_node_cad_init                        0x080044d1   Thumb Code    26  nwk_node.o(i.nwk_node_cad_init)
    nwk_node_calcu_air_time                  0x080044f1   Thumb Code    30  nwk_node.o(i.nwk_node_calcu_air_time)
    nwk_node_main                            0x08004511   Thumb Code   132  nwk_node.o(i.nwk_node_main)
    nwk_node_make_send_buff                  0x08004599   Thumb Code   368  nwk_node.o(i.nwk_node_make_send_buff)
    nwk_node_recv_check                      0x0800470d   Thumb Code    56  nwk_node.o(i.nwk_node_recv_check)
    nwk_node_recv_from_check                 0x08004749   Thumb Code    20  nwk_node.o(i.nwk_node_recv_from_check)
    nwk_node_recv_init                       0x08004761   Thumb Code    26  nwk_node.o(i.nwk_node_recv_init)
    nwk_node_recv_parse                      0x08004781   Thumb Code   890  nwk_node.o(i.nwk_node_recv_parse)
    nwk_node_req_join                        0x08004cd1   Thumb Code    40  nwk_node.o(i.nwk_node_req_join)
    nwk_node_rx_process                      0x08004cfd   Thumb Code  1398  nwk_node.o(i.nwk_node_rx_process)
    nwk_node_search_gw                       0x080052cd   Thumb Code    38  nwk_node.o(i.nwk_node_search_gw)
    nwk_node_search_process                  0x080052f9   Thumb Code   430  nwk_node.o(i.nwk_node_search_process)
    nwk_node_select_gw                       0x08005569   Thumb Code    32  nwk_node.o(i.nwk_node_select_gw)
    nwk_node_send2gateway                    0x0800558d   Thumb Code    54  nwk_node.o(i.nwk_node_send2gateway)
    nwk_node_send_buff                       0x080055d9   Thumb Code    34  nwk_node.o(i.nwk_node_send_buff)
    nwk_node_send_check                      0x08005601   Thumb Code    26  nwk_node.o(i.nwk_node_send_check)
    nwk_node_send_sniff                      0x08005621   Thumb Code   110  nwk_node.o(i.nwk_node_send_sniff)
    nwk_node_set_lora_dev                    0x080056a5   Thumb Code     8  nwk_node.o(i.nwk_node_set_lora_dev)
    nwk_node_set_lora_param                  0x080056b1   Thumb Code    48  nwk_node.o(i.nwk_node_set_lora_param)
    nwk_node_tx_d2d_process                  0x080056e5   Thumb Code    12  nwk_node.o(i.nwk_node_tx_d2d_process)
    nwk_node_tx_gw_process                   0x080056f5   Thumb Code  1516  nwk_node.o(i.nwk_node_tx_gw_process)
    nwk_node_work_check                      0x08005d71   Thumb Code   572  nwk_node.o(i.nwk_node_work_check)
    nwk_set_rtc_counter                      0x08006011   Thumb Code    12  nwk_bsp.o(i.nwk_set_rtc_counter)
    nwk_tea_decrypt                          0x0800601d   Thumb Code    20  nwk_bsp.o(i.nwk_tea_decrypt)
    nwk_tea_encrypt                          0x08006031   Thumb Code    20  nwk_bsp.o(i.nwk_tea_encrypt)
    printf_hex                               0x080060bd   Thumb Code    48  drv_common.o(i.printf_hex)
    rt_application_init                      0x080060fd   Thumb Code    34  components.o(i.rt_application_init)
    rt_components_board_init                 0x0800612d   Thumb Code    20  components.o(i.rt_components_board_init)
    rt_components_init                       0x08006149   Thumb Code    20  components.o(i.rt_components_init)
    rt_enter_critical                        0x08006165   Thumb Code    28  scheduler.o(i.rt_enter_critical)
    rt_exit_critical                         0x08006185   Thumb Code    54  scheduler.o(i.rt_exit_critical)
    rt_free                                  0x080061c1   Thumb Code    98  mem.o(i.rt_free)
    rt_heap_begin_get                        0x08006239   Thumb Code     4  board.o(i.rt_heap_begin_get)
    rt_heap_end_get                          0x08006241   Thumb Code     4  board.o(i.rt_heap_end_get)
    rt_hw_board_init                         0x08006249   Thumb Code    54  board.o(i.rt_hw_board_init)
    rt_hw_hard_fault_exception               0x08006285   Thumb Code    32  cpuport.o(i.rt_hw_hard_fault_exception)
    rt_hw_stack_init                         0x080062a9   Thumb Code    70  cpuport.o(i.rt_hw_stack_init)
    rt_interrupt_enter                       0x080062f5   Thumb Code    26  irq.o(i.rt_interrupt_enter)
    rt_interrupt_leave                       0x08006315   Thumb Code    26  irq.o(i.rt_interrupt_leave)
    rt_malloc                                0x08006455   Thumb Code   336  mem.o(i.rt_malloc)
    rt_memset                                0x080065c1   Thumb Code    72  kservice.o(i.rt_memset)
    rt_object_allocate                       0x08006609   Thumb Code    74  object.o(i.rt_object_allocate)
    rt_object_delete                         0x08006653   Thumb Code    32  object.o(i.rt_object_delete)
    rt_object_detach                         0x08006673   Thumb Code    26  object.o(i.rt_object_detach)
    rt_object_get_information                0x0800668d   Thumb Code    36  object.o(i.rt_object_get_information)
    rt_object_init                           0x080066b5   Thumb Code    60  object.o(i.rt_object_init)
    rt_object_is_systemobject                0x080066f1   Thumb Code    18  object.o(i.rt_object_is_systemobject)
    rt_schedule                              0x08006705   Thumb Code   118  scheduler.o(i.rt_schedule)
    rt_schedule_insert_thread                0x08006795   Thumb Code    72  scheduler.o(i.rt_schedule_insert_thread)
    rt_schedule_remove_thread                0x080067e5   Thumb Code    76  scheduler.o(i.rt_schedule_remove_thread)
    rt_sem_init                              0x08006839   Thumb Code    38  ipc.o(i.rt_sem_init)
    rt_sem_release                           0x0800685f   Thumb Code    58  ipc.o(i.rt_sem_release)
    rt_sem_take                              0x08006899   Thumb Code   116  ipc.o(i.rt_sem_take)
    rt_show_version                          0x0800690d   Thumb Code     2  kservice.o(i.rt_show_version)
    rt_strncpy                               0x0800690f   Thumb Code    52  kservice.o(i.rt_strncpy)
    rt_system_heap_init                      0x08006945   Thumb Code   146  mem.o(i.rt_system_heap_init)
    rt_system_scheduler_init                 0x080069f5   Thumb Code    52  scheduler.o(i.rt_system_scheduler_init)
    rt_system_scheduler_start                0x08006a41   Thumb Code    36  scheduler.o(i.rt_system_scheduler_start)
    rt_system_timer_init                     0x08006a71   Thumb Code    24  timer.o(i.rt_system_timer_init)
    rt_system_timer_thread_init              0x08006a8d   Thumb Code     2  timer.o(i.rt_system_timer_thread_init)
    rt_thread_create                         0x08006a8f   Thumb Code    80  thread.o(i.rt_thread_create)
    rt_thread_delay                          0x08006adf   Thumb Code    12  thread.o(i.rt_thread_delay)
    rt_thread_exit                           0x08006aed   Thumb Code    76  thread.o(i.rt_thread_exit)
    rt_thread_idle_excute                    0x08006b49   Thumb Code   128  idle.o(i.rt_thread_idle_excute)
    rt_thread_idle_init                      0x08006bcd   Thumb Code    38  idle.o(i.rt_thread_idle_init)
    rt_thread_init                           0x08006c09   Thumb Code    52  thread.o(i.rt_thread_init)
    rt_thread_resume                         0x08006c3d   Thumb Code    60  thread.o(i.rt_thread_resume)
    rt_thread_self                           0x08006c79   Thumb Code     6  thread.o(i.rt_thread_self)
    rt_thread_sleep                          0x08006c85   Thumb Code    62  thread.o(i.rt_thread_sleep)
    rt_thread_startup                        0x08006cc9   Thumb Code    44  thread.o(i.rt_thread_startup)
    rt_thread_suspend                        0x08006cf5   Thumb Code    68  thread.o(i.rt_thread_suspend)
    rt_thread_timeout                        0x08006d39   Thumb Code    32  thread.o(i.rt_thread_timeout)
    rt_thread_yield                          0x08006d59   Thumb Code    92  thread.o(i.rt_thread_yield)
    rt_tick_get                              0x08006dbd   Thumb Code     6  clock.o(i.rt_tick_get)
    rt_tick_increase                         0x08006dc9   Thumb Code    42  clock.o(i.rt_tick_increase)
    rt_timer_check                           0x08006df9   Thumb Code   118  timer.o(i.rt_timer_check)
    rt_timer_control                         0x08006e75   Thumb Code    56  timer.o(i.rt_timer_control)
    rt_timer_detach                          0x08006ead   Thumb Code    32  timer.o(i.rt_timer_detach)
    rt_timer_init                            0x08006ecd   Thumb Code    46  timer.o(i.rt_timer_init)
    rt_timer_start                           0x08006efd   Thumb Code   238  timer.o(i.rt_timer_start)
    rt_timer_stop                            0x08006ff5   Thumb Code    48  timer.o(i.rt_timer_stop)
    rtthread_startup                         0x08007035   Thumb Code    42  components.o(i.rtthread_startup)
    tea_decrypt_buff                         0x08007061   Thumb Code    78  drv_encrypt.o(i.tea_decrypt_buff)
    tea_encrypt_buff                         0x080070c9   Thumb Code    78  drv_encrypt.o(i.tea_encrypt_buff)
    __lowest_bit_bitmap                      0x08007330   Data         256  kservice.o(.constdata)
    __mathlib_zero                           0x080074b0   Data           8  qnan.o(.constdata)
    __ctype_table                            0x080074b8   Data         129  ctype_o.o(.constdata)
    __rt_init_rti_start                      0x08007540   Data           4  components.o(.rti_fn.0)
    __rt_init_rti_board_start                0x08007544   Data           4  components.o(.rti_fn.0.end)
    __rt_init_rti_board_end                  0x08007548   Data           4  components.o(.rti_fn.1.end)
    __rt_init_rti_end                        0x0800754c   Data           4  components.o(.rti_fn.6.end)
    Region$$Table$$Base                      0x08007550   Number         0  anon$$obj.o(Region$$Table)
    Region$$Table$$Limit                     0x08007570   Number         0  anon$$obj.o(Region$$Table)
    SystemCoreClock                          0x20000000   Data           4  system_stm32f10x.o(.data)
    AHBPrescTable                            0x20000004   Data          16  system_stm32f10x.o(.data)
    g_u32SecCounter                          0x20000024   Data           4  drv_common.o(.data)
    tickets_us                               0x20000028   Data           4  drv_common.o(.data)
    tickets_ms                               0x2000002c   Data           4  drv_common.o(.data)
    bWatchDog                                0x20000030   Data           1  drv_common.o(.data)
    rt_interrupt_from_thread                 0x20000038   Data           4  cpuport.o(.data)
    rt_interrupt_to_thread                   0x2000003c   Data           4  cpuport.o(.data)
    rt_thread_switch_interrupt_flag          0x20000040   Data           4  cpuport.o(.data)
    rt_interrupt_nest                        0x2000004c   Data           1  irq.o(.data)
    rt_current_thread                        0x200000cc   Data           4  scheduler.o(.data)
    rt_current_priority                      0x200000d0   Data           1  scheduler.o(.data)
    rt_thread_ready_priority_group           0x200000d4   Data           4  scheduler.o(.data)
    rt_thread_defunct                        0x200000d8   Data           8  scheduler.o(.data)
    __stdout                                 0x2000011c   Data           4  stdout.o(.data)
    g_sDrvSx1268                             0x20000124   Data          24  app_node.o(.bss)
    g_sAppNodeSave                           0x2000013c   Data          32  app_node.o(.bss)
    g_sUART1                                 0x2000055c   Data          20  drv_uart.o(.bss)
    g_sUART2                                 0x20000570   Data          20  drv_uart.o(.bss)
    g_sUART3                                 0x20000584   Data          20  drv_uart.o(.bss)
    g_u8UART1_Buff                           0x20000598   Data         256  drv_uart.o(.bss)
    g_u8UART2_Buff                           0x20000698   Data         256  drv_uart.o(.bss)
    g_u8UART3_Buff                           0x20000798   Data         256  drv_uart.o(.bss)
    rt_thread_priority_table                 0x20001a30   Data         256  scheduler.o(.bss)
    g_sNwkNodeWork                           0x20001b30   Data         772  nwk_node.o(.bss)
    __initial_sp                             0x20002038   Data           0  startup_stm32f10x_md.o(STACK)



==============================================================================

Memory Map of the image

  Image Entry point : 0x080000ed

  Load Region LR_IROM1 (Base: 0x08000000, Size: 0x00007694, Max: 0x00009000, ABSOLUTE)

    Execution Region ER_IROM1 (Base: 0x08000000, Size: 0x00007570, Max: 0x00009000, ABSOLUTE)

    Base Addr    Size         Type   Attr      Idx    E Section Name        Object

    0x08000000   0x000000ec   Data   RO           19    RESET               startup_stm32f10x_md.o
    0x080000ec   0x00000000   Code   RO         4766  * .ARM.Collect$$$$00000000  mc_w.l(entry.o)
    0x080000ec   0x00000004   Code   RO         5124    .ARM.Collect$$$$00000001  mc_w.l(entry2.o)
    0x080000f0   0x00000004   Code   RO         5127    .ARM.Collect$$$$00000004  mc_w.l(entry5.o)
    0x080000f4   0x00000000   Code   RO         5129    .ARM.Collect$$$$00000008  mc_w.l(entry7b.o)
    0x080000f4   0x00000000   Code   RO         5131    .ARM.Collect$$$$0000000A  mc_w.l(entry8b.o)
    0x080000f4   0x00000008   Code   RO         5132    .ARM.Collect$$$$0000000B  mc_w.l(entry9a.o)
    0x080000fc   0x00000000   Code   RO         5134    .ARM.Collect$$$$0000000D  mc_w.l(entry10a.o)
    0x080000fc   0x00000000   Code   RO         5136    .ARM.Collect$$$$0000000F  mc_w.l(entry11a.o)
    0x080000fc   0x00000004   Code   RO         5125    .ARM.Collect$$$$00002712  mc_w.l(entry2.o)
    0x08000100   0x00000024   Code   RO           20    .text               startup_stm32f10x_md.o
    0x08000124   0x000000f0   Code   RO         1934    .text               context_rvds.o
    0x08000214   0x00000024   Code   RO         4769    .text               mc_w.l(rand.o)
    0x08000238   0x00000024   Code   RO         4772    .text               mc_w.l(memcpya.o)
    0x0800025c   0x00000024   Code   RO         4774    .text               mc_w.l(memseta.o)
    0x08000280   0x00000024   Code   RO         4776    .text               mc_w.l(strstr.o)
    0x080002a4   0x0000000e   Code   RO         4778    .text               mc_w.l(strlen.o)
    0x080002b2   0x0000001a   Code   RO         4780    .text               mc_w.l(memcmp.o)
    0x080002cc   0x0000001a   Code   RO         5077    .text               mc_w.l(atol.o)
    0x080002e6   0x000000b0   Code   RO         5079    .text               mf_w.l(fadd.o)
    0x08000396   0x00000064   Code   RO         5081    .text               mf_w.l(fmul.o)
    0x080003fa   0x0000007c   Code   RO         5083    .text               mf_w.l(fdiv.o)
    0x08000476   0x0000014e   Code   RO         5085    .text               mf_w.l(dadd.o)
    0x080005c4   0x000000e4   Code   RO         5087    .text               mf_w.l(dmul.o)
    0x080006a8   0x000000de   Code   RO         5089    .text               mf_w.l(ddiv.o)
    0x08000786   0x00000012   Code   RO         5091    .text               mf_w.l(fflti.o)
    0x08000798   0x0000000a   Code   RO         5093    .text               mf_w.l(ffltui.o)
    0x080007a2   0x00000022   Code   RO         5095    .text               mf_w.l(dflti.o)
    0x080007c4   0x0000001a   Code   RO         5097    .text               mf_w.l(dfltui.o)
    0x080007de   0x00000028   Code   RO         5099    .text               mf_w.l(ffixui.o)
    0x08000806   0x00000032   Code   RO         5101    .text               mf_w.l(dfixui.o)
    0x08000838   0x00000026   Code   RO         5103    .text               mf_w.l(f2d.o)
    0x0800085e   0x00000038   Code   RO         5105    .text               mf_w.l(d2f.o)
    0x08000896   0x0000002c   Code   RO         5139    .text               mc_w.l(uidiv.o)
    0x080008c2   0x00000062   Code   RO         5141    .text               mc_w.l(uldiv.o)
    0x08000924   0x0000001e   Code   RO         5143    .text               mc_w.l(llshl.o)
    0x08000942   0x00000020   Code   RO         5145    .text               mc_w.l(llushr.o)
    0x08000962   0x00000024   Code   RO         5147    .text               mc_w.l(llsshr.o)
    0x08000986   0x00000070   Code   RO         5158    .text               mc_w.l(strtol.o)
    0x080009f6   0x00000000   Code   RO         5160    .text               mc_w.l(iusefp.o)
    0x080009f6   0x0000006e   Code   RO         5161    .text               mf_w.l(fepilogue.o)
    0x08000a64   0x000000ba   Code   RO         5163    .text               mf_w.l(depilogue.o)
    0x08000b1e   0x0000002e   Code   RO         5165    .text               mf_w.l(dscalb.o)
    0x08000b4c   0x00000030   Code   RO         5167    .text               mf_w.l(dfixul.o)
    0x08000b7c   0x00000030   Code   RO         5169    .text               mf_w.l(cdcmple.o)
    0x08000bac   0x00000030   Code   RO         5171    .text               mf_w.l(cdrcmple.o)
    0x08000bdc   0x00000024   Code   RO         5173    .text               mc_w.l(init.o)
    0x08000c00   0x00000008   Code   RO         5175    .text               mc_w.l(ctype_o.o)
    0x08000c08   0x0000009e   Code   RO         5203    .text               mc_w.l(_strtoul.o)
    0x08000ca6   0x0000001c   Code   RO         5205    .text               mc_w.l(_chval.o)
    0x08000cc2   0x0000000e   Code   RO          970    i.$Sub$$main        components.o
    0x08000cd0   0x00000016   Code   RO         3446    i.ADC_Cmd           f103c8t6.lib(stm32f10x_adc.o)
    0x08000ce6   0x00000002   PAD
    0x08000ce8   0x0000005c   Code   RO         3448    i.ADC_DeInit        f103c8t6.lib(stm32f10x_adc.o)
    0x08000d44   0x00000014   Code   RO         3454    i.ADC_GetCalibrationStatus  f103c8t6.lib(stm32f10x_adc.o)
    0x08000d58   0x00000008   Code   RO         3455    i.ADC_GetConversionValue  f103c8t6.lib(stm32f10x_adc.o)
    0x08000d60   0x00000012   Code   RO         3457    i.ADC_GetFlagStatus  f103c8t6.lib(stm32f10x_adc.o)
    0x08000d72   0x00000014   Code   RO         3460    i.ADC_GetResetCalibrationStatus  f103c8t6.lib(stm32f10x_adc.o)
    0x08000d86   0x00000002   PAD
    0x08000d88   0x00000050   Code   RO         3464    i.ADC_Init          f103c8t6.lib(stm32f10x_adc.o)
    0x08000dd8   0x000000b8   Code   RO         3468    i.ADC_RegularChannelConfig  f103c8t6.lib(stm32f10x_adc.o)
    0x08000e90   0x0000000a   Code   RO         3469    i.ADC_ResetCalibration  f103c8t6.lib(stm32f10x_adc.o)
    0x08000e9a   0x00000016   Code   RO         3471    i.ADC_SoftwareStartConvCmd  f103c8t6.lib(stm32f10x_adc.o)
    0x08000eb0   0x0000000a   Code   RO         3473    i.ADC_StartCalibration  f103c8t6.lib(stm32f10x_adc.o)
    0x08000eba   0x00000002   PAD
    0x08000ebc   0x0000005c   Code   RO          307    i.APP_Init          user_app.o
    0x08000f18   0x00000010   Code   RO         3664    i.BKP_DeInit        f103c8t6.lib(stm32f10x_bkp.o)
    0x08000f28   0x0000001c   Code   RO         3668    i.BKP_RTCOutputConfig  f103c8t6.lib(stm32f10x_bkp.o)
    0x08000f44   0x0000001c   Code   RO         3669    i.BKP_ReadBackupRegister  f103c8t6.lib(stm32f10x_bkp.o)
    0x08000f60   0x0000000c   Code   RO         3671    i.BKP_TamperPinCmd  f103c8t6.lib(stm32f10x_bkp.o)
    0x08000f6c   0x0000001c   Code   RO         3673    i.BKP_WriteBackupRegister  f103c8t6.lib(stm32f10x_bkp.o)
    0x08000f88   0x00000004   Code   RO           24    i.BusFault_Handler  stm32f10x_it.o
    0x08000f8c   0x00000002   Code   RO           25    i.DebugMon_Handler  stm32f10x_it.o
    0x08000f8e   0x00000002   PAD
    0x08000f90   0x0000006c   Code   RO          850    i.DecryptTEA        drv_encrypt.o
    0x08000ffc   0x0000004c   Code   RO          493    i.EEPROM_Read       drv_common.o
    0x08001048   0x00000060   Code   RO          494    i.EEPROM_Write      drv_common.o
    0x080010a8   0x00000064   Code   RO          851    i.EncryptTEA        drv_encrypt.o
    0x0800110c   0x0000004c   Code   RO         3745    i.FLASH_ErasePage   f103c8t6.lib(stm32f10x_flash.o)
    0x08001158   0x00000034   Code   RO         3746    i.FLASH_GetBank1Status  f103c8t6.lib(stm32f10x_flash.o)
    0x0800118c   0x00000014   Code   RO         3755    i.FLASH_Lock        f103c8t6.lib(stm32f10x_flash.o)
    0x080011a0   0x0000001c   Code   RO         3757    i.FLASH_PrefetchBufferCmd  f103c8t6.lib(stm32f10x_flash.o)
    0x080011bc   0x0000006c   Code   RO         3760    i.FLASH_ProgramWord  f103c8t6.lib(stm32f10x_flash.o)
    0x08001228   0x00000018   Code   RO         3762    i.FLASH_SetLatency  f103c8t6.lib(stm32f10x_flash.o)
    0x08001240   0x00000018   Code   RO         3763    i.FLASH_Unlock      f103c8t6.lib(stm32f10x_flash.o)
    0x08001258   0x00000026   Code   RO         3767    i.FLASH_WaitForLastOperation  f103c8t6.lib(stm32f10x_flash.o)
    0x0800127e   0x00000112   Code   RO         3920    i.GPIO_Init         f103c8t6.lib(stm32f10x_gpio.o)
    0x08001390   0x00000090   Code   RO         3922    i.GPIO_PinRemapConfig  f103c8t6.lib(stm32f10x_gpio.o)
    0x08001420   0x00000012   Code   RO         3924    i.GPIO_ReadInputDataBit  f103c8t6.lib(stm32f10x_gpio.o)
    0x08001432   0x00000004   Code   RO         3927    i.GPIO_ResetBits    f103c8t6.lib(stm32f10x_gpio.o)
    0x08001436   0x00000004   Code   RO         3928    i.GPIO_SetBits      f103c8t6.lib(stm32f10x_gpio.o)
    0x0800143a   0x00000002   PAD
    0x0800143c   0x0000009c   Code   RO          164    i.HSI_Config        system_stm32f10x.o
    0x080014d8   0x00000004   Code   RO           26    i.MemManage_Handler  stm32f10x_it.o
    0x080014dc   0x00000002   Code   RO           27    i.NMI_Handler       stm32f10x_it.o
    0x080014de   0x00000002   PAD
    0x080014e0   0x00000074   Code   RO         3318    i.NVIC_Init         f103c8t6.lib(misc.o)
    0x08001554   0x0000000c   Code   RO         4028    i.PWR_BackupAccessCmd  f103c8t6.lib(stm32f10x_pwr.o)
    0x08001560   0x00000018   Code   RO         4088    i.RCC_ADCCLKConfig  f103c8t6.lib(stm32f10x_rcc.o)
    0x08001578   0x00000020   Code   RO         4090    i.RCC_APB1PeriphClockCmd  f103c8t6.lib(stm32f10x_rcc.o)
    0x08001598   0x00000020   Code   RO         4092    i.RCC_APB2PeriphClockCmd  f103c8t6.lib(stm32f10x_rcc.o)
    0x080015b8   0x00000020   Code   RO         4093    i.RCC_APB2PeriphResetCmd  f103c8t6.lib(stm32f10x_rcc.o)
    0x080015d8   0x0000000c   Code   RO         4095    i.RCC_BackupResetCmd  f103c8t6.lib(stm32f10x_rcc.o)
    0x080015e4   0x0000004c   Code   RO         4099    i.RCC_DeInit        f103c8t6.lib(stm32f10x_rcc.o)
    0x08001630   0x000000d4   Code   RO         4100    i.RCC_GetClocksFreq  f103c8t6.lib(stm32f10x_rcc.o)
    0x08001704   0x0000003c   Code   RO         4101    i.RCC_GetFlagStatus  f103c8t6.lib(stm32f10x_rcc.o)
    0x08001740   0x00000010   Code   RO         4103    i.RCC_GetSYSCLKSource  f103c8t6.lib(stm32f10x_rcc.o)
    0x08001750   0x00000018   Code   RO         4104    i.RCC_HCLKConfig    f103c8t6.lib(stm32f10x_rcc.o)
    0x08001768   0x0000000c   Code   RO         4106    i.RCC_HSICmd        f103c8t6.lib(stm32f10x_rcc.o)
    0x08001774   0x00000034   Code   RO         4108    i.RCC_LSEConfig     f103c8t6.lib(stm32f10x_rcc.o)
    0x080017a8   0x0000000c   Code   RO         4109    i.RCC_LSICmd        f103c8t6.lib(stm32f10x_rcc.o)
    0x080017b4   0x00000018   Code   RO         4111    i.RCC_PCLK1Config   f103c8t6.lib(stm32f10x_rcc.o)
    0x080017cc   0x00000018   Code   RO         4112    i.RCC_PCLK2Config   f103c8t6.lib(stm32f10x_rcc.o)
    0x080017e4   0x0000000c   Code   RO         4113    i.RCC_PLLCmd        f103c8t6.lib(stm32f10x_rcc.o)
    0x080017f0   0x0000001c   Code   RO         4114    i.RCC_PLLConfig     f103c8t6.lib(stm32f10x_rcc.o)
    0x0800180c   0x0000000c   Code   RO         4115    i.RCC_RTCCLKCmd     f103c8t6.lib(stm32f10x_rcc.o)
    0x08001818   0x00000010   Code   RO         4116    i.RCC_RTCCLKConfig  f103c8t6.lib(stm32f10x_rcc.o)
    0x08001828   0x00000018   Code   RO         4117    i.RCC_SYSCLKConfig  f103c8t6.lib(stm32f10x_rcc.o)
    0x08001840   0x00000010   Code   RO         4289    i.RTC_ClearITPendingBit  f103c8t6.lib(stm32f10x_rtc.o)
    0x08001850   0x00000014   Code   RO         4290    i.RTC_EnterConfigMode  f103c8t6.lib(stm32f10x_rtc.o)
    0x08001864   0x00000014   Code   RO         4291    i.RTC_ExitConfigMode  f103c8t6.lib(stm32f10x_rtc.o)
    0x08001878   0x00000014   Code   RO         4292    i.RTC_GetCounter    f103c8t6.lib(stm32f10x_rtc.o)
    0x0800188c   0x00000024   Code   RO         4295    i.RTC_GetITStatus   f103c8t6.lib(stm32f10x_rtc.o)
    0x080018b0   0x00000012   Code   RO           28    i.RTC_IRQHandler    stm32f10x_it.o
    0x080018c2   0x00000002   PAD
    0x080018c4   0x0000001c   Code   RO         4298    i.RTC_SetCounter    f103c8t6.lib(stm32f10x_rtc.o)
    0x080018e0   0x00000014   Code   RO         4300    i.RTC_WaitForLastTask  f103c8t6.lib(stm32f10x_rtc.o)
    0x080018f4   0x00000020   Code   RO         4301    i.RTC_WaitForSynchro  f103c8t6.lib(stm32f10x_rtc.o)
    0x08001914   0x00000018   Code   RO         4383    i.SPI_Cmd           f103c8t6.lib(stm32f10x_spi.o)
    0x0800192c   0x00000012   Code   RO         4391    i.SPI_I2S_GetFlagStatus  f103c8t6.lib(stm32f10x_spi.o)
    0x0800193e   0x00000006   Code   RO         4394    i.SPI_I2S_ReceiveData  f103c8t6.lib(stm32f10x_spi.o)
    0x08001944   0x00000004   Code   RO         4395    i.SPI_I2S_SendData  f103c8t6.lib(stm32f10x_spi.o)
    0x08001948   0x0000003c   Code   RO         4396    i.SPI_Init          f103c8t6.lib(stm32f10x_spi.o)
    0x08001984   0x00000002   Code   RO           29    i.SVC_Handler       stm32f10x_it.o
    0x08001986   0x00000002   PAD
    0x08001988   0x0000003c   Code   RO          720    i.SysTick_Handler   board.o
    0x080019c4   0x000000a4   Code   RO          167    i.SystemCoreClockUpdate  system_stm32f10x.o
    0x08001a68   0x00000014   Code   RO          168    i.SystemInit        system_stm32f10x.o
    0x08001a7c   0x000000c8   Code   RO          630    i.UART1_Init        drv_uart.o
    0x08001b44   0x000000c4   Code   RO          632    i.UART2_Init        drv_uart.o
    0x08001c08   0x000000c8   Code   RO          634    i.UART3_Init        drv_uart.o
    0x08001cd0   0x00000018   Code   RO          636    i.UART_Clear        drv_uart.o
    0x08001ce8   0x00000028   Code   RO          637    i.UART_Init         drv_uart.o
    0x08001d10   0x0000006c   Code   RO          639    i.USART1_IRQHandler  drv_uart.o
    0x08001d7c   0x00000078   Code   RO          640    i.USART2_IRQHandler  drv_uart.o
    0x08001df4   0x0000006c   Code   RO          641    i.USART3_IRQHandler  drv_uart.o
    0x08001e60   0x00000012   Code   RO         4522    i.USART_ClearFlag   f103c8t6.lib(stm32f10x_usart.o)
    0x08001e72   0x0000001e   Code   RO         4523    i.USART_ClearITPendingBit  f103c8t6.lib(stm32f10x_usart.o)
    0x08001e90   0x00000018   Code   RO         4526    i.USART_Cmd         f103c8t6.lib(stm32f10x_usart.o)
    0x08001ea8   0x0000001a   Code   RO         4529    i.USART_GetFlagStatus  f103c8t6.lib(stm32f10x_usart.o)
    0x08001ec2   0x00000054   Code   RO         4530    i.USART_GetITStatus  f103c8t6.lib(stm32f10x_usart.o)
    0x08001f16   0x0000004a   Code   RO         4532    i.USART_ITConfig    f103c8t6.lib(stm32f10x_usart.o)
    0x08001f60   0x000000d8   Code   RO         4533    i.USART_Init        f103c8t6.lib(stm32f10x_usart.o)
    0x08002038   0x0000000a   Code   RO         4540    i.USART_ReceiveData  f103c8t6.lib(stm32f10x_usart.o)
    0x08002042   0x00000008   Code   RO         4543    i.USART_SendData    f103c8t6.lib(stm32f10x_usart.o)
    0x0800204a   0x00000004   Code   RO           31    i.UsageFault_Handler  stm32f10x_it.o
    0x0800204e   0x00000002   PAD
    0x08002050   0x00000010   Code   RO         4704    i.WWDG_Enable       f103c8t6.lib(stm32f10x_wwdg.o)
    0x08002060   0x00000018   Code   RO         4708    i.WWDG_SetPrescaler  f103c8t6.lib(stm32f10x_wwdg.o)
    0x08002078   0x00000028   Code   RO         4709    i.WWDG_SetWindowValue  f103c8t6.lib(stm32f10x_wwdg.o)
    0x080020a0   0x00000030   Code   RO          721    i._SysTick_Config   board.o
    0x080020d0   0x00000020   Code   RO         5021    i.__0printf         mc_w.l(printfa.o)
    0x080020f0   0x00000008   Code   RO         5151    i.__aeabi_errno_addr  mc_w.l(errno.o)
    0x080020f8   0x000000aa   Code   RO         5121    i.__kernel_poly     m_ws.l(poly.o)
    0x080021a2   0x00000002   PAD
    0x080021a4   0x00000010   Code   RO         5107    i.__mathlib_dbl_divzero  m_ws.l(dunder.o)
    0x080021b4   0x00000006   Code   RO         5108    i.__mathlib_dbl_infnan  m_ws.l(dunder.o)
    0x080021ba   0x0000000c   Code   RO         5110    i.__mathlib_dbl_invalid  m_ws.l(dunder.o)
    0x080021c6   0x00000002   PAD
    0x080021c8   0x0000004c   Code   RO         1341    i.__rt_ffs          kservice.o
    0x08002214   0x0000000e   Code   RO         5209    i.__scatterload_copy  mc_w.l(handlers.o)
    0x08002222   0x00000002   Code   RO         5210    i.__scatterload_null  mc_w.l(handlers.o)
    0x08002224   0x0000000e   Code   RO         5211    i.__scatterload_zeroinit  mc_w.l(handlers.o)
    0x08002232   0x00000002   PAD
    0x08002234   0x0000000c   Code   RO         5153    i.__set_errno       mc_w.l(errno.o)
    0x08002240   0x00000184   Code   RO         5028    i._fp_digits        mc_w.l(printfa.o)
    0x080023c4   0x00000014   Code   RO         1044    i._has_defunct_thread  idle.o
    0x080023d8   0x000006dc   Code   RO         5029    i._printf_core      mc_w.l(printfa.o)
    0x08002ab4   0x00000024   Code   RO         5030    i._printf_post_padding  mc_w.l(printfa.o)
    0x08002ad8   0x0000002e   Code   RO         5031    i._printf_pre_padding  mc_w.l(printfa.o)
    0x08002b06   0x00000002   PAD
    0x08002b08   0x00000084   Code   RO         1712    i._rt_thread_init   thread.o
    0x08002b8c   0x00000042   Code   RO         1827    i._rt_timer_init    timer.o
    0x08002bce   0x0000002e   Code   RO         1828    i._rt_timer_remove  timer.o
    0x08002bfc   0x00000050   Code   RO          368    i.app_node_key_check  app_node.o
    0x08002c4c   0x0000002c   Code   RO          369    i.app_node_key_init  app_node.o
    0x08002c78   0x0000004c   Code   RO          370    i.app_node_led_init  app_node.o
    0x08002cc4   0x00000020   Code   RO          371    i.app_node_led_set_blue  app_node.o
    0x08002ce4   0x00000024   Code   RO          372    i.app_node_led_set_green  app_node.o
    0x08002d08   0x00000018   Code   RO          373    i.app_node_lora_cs0  app_node.o
    0x08002d20   0x00000010   Code   RO          374    i.app_node_lora_cs1  app_node.o
    0x08002d30   0x00000150   Code   RO          375    i.app_node_lora_init  app_node.o
    0x08002e80   0x00000028   Code   RO          376    i.app_node_lora_reset  app_node.o
    0x08002ea8   0x00000038   Code   RO          377    i.app_node_lora_spi_rw_byte  app_node.o
    0x08002ee0   0x00000080   Code   RO          379    i.app_node_send_status  app_node.o
    0x08002f60   0x00000030   Code   RO          380    i.app_node_set_sn   app_node.o
    0x08002f90   0x00000034   Code   RO          381    i.app_node_set_wake_period  app_node.o
    0x08002fc4   0x000000a4   Code   RO          382    i.app_node_temp_init  app_node.o
    0x08003068   0x00000134   Code   RO          383    i.app_node_temp_update  app_node.o
    0x0800319c   0x00000090   Code   RO          384    i.app_node_thread_entry  app_node.o
    0x0800322c   0x00000050   Code   RO          385    i.app_node_wait_on_busy  app_node.o
    0x0800327c   0x0000001c   Code   RO          386    i.app_node_write_config  app_node.o
    0x08003298   0x00000114   Code   RO          309    i.app_uart_thread_entry  user_app.o
    0x080033ac   0x00000020   Code   RO          495    i.delay_ms          drv_common.o
    0x080033cc   0x00000018   Code   RO          496    i.delay_os          drv_common.o
    0x080033e4   0x00000098   Code   RO          499    i.drv_common_init   drv_common.o
    0x0800347c   0x00000038   Code   RO          500    i.drv_crc16         drv_common.o
    0x080034b4   0x00000008   Code   RO          503    i.drv_get_rtc_counter  drv_common.o
    0x080034bc   0x0000000c   Code   RO          504    i.drv_get_sec_counter  drv_common.o
    0x080034c8   0x000000f4   Code   RO          505    i.drv_rtc_init      drv_common.o
    0x080035bc   0x0000000c   Code   RO          506    i.drv_set_rtc_counter  drv_common.o
    0x080035c8   0x00000032   Code   RO         3050    i.drv_sx1268_cad_check  drv_sx1268.o
    0x080035fa   0x0000002c   Code   RO         3051    i.drv_sx1268_cad_init  drv_sx1268.o
    0x08003626   0x00000002   PAD
    0x08003628   0x00000138   Code   RO         3052    i.drv_sx1268_calcu_air_time  drv_sx1268.o
    0x08003760   0x0000008c   Code   RO         3053    i.drv_sx1268_calibrate_image  drv_sx1268.o
    0x080037ec   0x00000024   Code   RO         3054    i.drv_sx1268_clr_irq_status  drv_sx1268.o
    0x08003810   0x00000024   Code   RO         3055    i.drv_sx1268_convert_freqinhz2pllstep  drv_sx1268.o
    0x08003834   0x0000001e   Code   RO         3056    i.drv_sx1268_get_irq_status  drv_sx1268.o
    0x08003852   0x00000022   Code   RO         3058    i.drv_sx1268_get_rssi_inst  drv_sx1268.o
    0x08003874   0x00000022   Code   RO         3059    i.drv_sx1268_get_rx_buff_status  drv_sx1268.o
    0x08003896   0x00000002   PAD
    0x08003898   0x000000e8   Code   RO         3060    i.drv_sx1268_init   drv_sx1268.o
    0x08003980   0x0000007c   Code   RO         3061    i.drv_sx1268_recv_check  drv_sx1268.o
    0x080039fc   0x00000058   Code   RO         3062    i.drv_sx1268_recv_init  drv_sx1268.o
    0x08003a54   0x00000046   Code   RO         3063    i.drv_sx1268_send   drv_sx1268.o
    0x08003a9a   0x00000022   Code   RO         3064    i.drv_sx1268_send_check  drv_sx1268.o
    0x08003abc   0x00000022   Code   RO         3065    i.drv_sx1268_set_buff_base_addr  drv_sx1268.o
    0x08003ade   0x0000004a   Code   RO         3066    i.drv_sx1268_set_cad_params  drv_sx1268.o
    0x08003b28   0x0000001a   Code   RO         3067    i.drv_sx1268_set_dio2_switchctrl  drv_sx1268.o
    0x08003b42   0x0000003a   Code   RO         3068    i.drv_sx1268_set_freq  drv_sx1268.o
    0x08003b7c   0x0000004e   Code   RO         3069    i.drv_sx1268_set_irq_parsms  drv_sx1268.o
    0x08003bca   0x00000012   Code   RO         3070    i.drv_sx1268_set_mode  drv_sx1268.o
    0x08003bdc   0x00000030   Code   RO         3071    i.drv_sx1268_set_pa  drv_sx1268.o
    0x08003c0c   0x00000058   Code   RO         3072    i.drv_sx1268_set_pack_params  drv_sx1268.o
    0x08003c64   0x00000058   Code   RO         3073    i.drv_sx1268_set_power  drv_sx1268.o
    0x08003cbc   0x0000001a   Code   RO         3074    i.drv_sx1268_set_regulator_mode  drv_sx1268.o
    0x08003cd6   0x00000030   Code   RO         3075    i.drv_sx1268_set_sf_bw  drv_sx1268.o
    0x08003d06   0x00000012   Code   RO         3077    i.drv_sx1268_set_standby  drv_sx1268.o
    0x08003d18   0x00000012   Code   RO         3078    i.drv_sx1268_set_stop_rxtimer_onpreamble_detect  drv_sx1268.o
    0x08003d2a   0x00000028   Code   RO         3080    i.drv_sx1268_wakeup  drv_sx1268.o
    0x08003d52   0x00000002   PAD
    0x08003d54   0x00000040   Code   RO          508    i.drv_system_reset  drv_common.o
    0x08003d94   0x00000002   Code   RO          509    i.drv_wdog_feed     drv_common.o
    0x08003d96   0x00000002   Code   RO          510    i.drv_wdog_init     drv_common.o
    0x08003d98   0x00000024   Code   RO          642    i.fputc             drv_uart.o
    0x08003dbc   0x00000048   Code   RO         3252    i.hal_sx1268_read_cmd  hal_sx1268.o
    0x08003e04   0x0000004c   Code   RO         3253    i.hal_sx1268_read_fifo  hal_sx1268.o
    0x08003e50   0x0000001c   Code   RO         3254    i.hal_sx1268_read_reg  hal_sx1268.o
    0x08003e6c   0x00000054   Code   RO         3255    i.hal_sx1268_read_regs  hal_sx1268.o
    0x08003ec0   0x0000000a   Code   RO         3256    i.hal_sx1268_rst    hal_sx1268.o
    0x08003eca   0x00000012   Code   RO         3257    i.hal_sx1268_spi_rw_byte  hal_sx1268.o
    0x08003edc   0x0000003a   Code   RO         3258    i.hal_sx1268_write_cmd  hal_sx1268.o
    0x08003f16   0x00000044   Code   RO         3259    i.hal_sx1268_write_fifo  hal_sx1268.o
    0x08003f5a   0x00000014   Code   RO         3260    i.hal_sx1268_write_reg  hal_sx1268.o
    0x08003f6e   0x0000004a   Code   RO         3261    i.hal_sx1268_write_regs  hal_sx1268.o
    0x08003fb8   0x0000035c   Code   RO         4757    i.log               m_ws.l(log.o)
    0x08004314   0x000000d0   Code   RO          204    i.main              main.o
    0x080043e4   0x0000000e   Code   RO          971    i.main_thread_entry  components.o
    0x080043f2   0x00000010   Code   RO         2722    i.nwk_crc16         nwk_bsp.o
    0x08004402   0x0000000c   Code   RO         2723    i.nwk_delay_ms      nwk_bsp.o
    0x0800440e   0x00000048   Code   RO         2724    i.nwk_find_head     nwk_bsp.o
    0x08004456   0x00000002   PAD
    0x08004458   0x00000024   Code   RO         2725    i.nwk_get_channel   nwk_bsp.o
    0x0800447c   0x0000002c   Code   RO         2726    i.nwk_get_rand      nwk_bsp.o
    0x080044a8   0x00000008   Code   RO         2727    i.nwk_get_rtc_counter  nwk_bsp.o
    0x080044b0   0x00000020   Code   RO         2537    i.nwk_node_cad_check  nwk_node.o
    0x080044d0   0x00000020   Code   RO         2538    i.nwk_node_cad_init  nwk_node.o
    0x080044f0   0x0000001e   Code   RO         2539    i.nwk_node_calcu_air_time  nwk_node.o
    0x0800450e   0x00000002   PAD
    0x08004510   0x00000088   Code   RO         2540    i.nwk_node_main     nwk_node.o
    0x08004598   0x00000174   Code   RO         2541    i.nwk_node_make_send_buff  nwk_node.o
    0x0800470c   0x0000003c   Code   RO         2542    i.nwk_node_recv_check  nwk_node.o
    0x08004748   0x00000018   Code   RO         2543    i.nwk_node_recv_from_check  nwk_node.o
    0x08004760   0x00000020   Code   RO         2544    i.nwk_node_recv_init  nwk_node.o
    0x08004780   0x00000550   Code   RO         2545    i.nwk_node_recv_parse  nwk_node.o
    0x08004cd0   0x0000002c   Code   RO         2546    i.nwk_node_req_join  nwk_node.o
    0x08004cfc   0x000005d0   Code   RO         2547    i.nwk_node_rx_process  nwk_node.o
    0x080052cc   0x0000002c   Code   RO         2548    i.nwk_node_search_gw  nwk_node.o
    0x080052f8   0x00000270   Code   RO         2549    i.nwk_node_search_process  nwk_node.o
    0x08005568   0x00000024   Code   RO         2550    i.nwk_node_select_gw  nwk_node.o
    0x0800558c   0x0000004c   Code   RO         2551    i.nwk_node_send2gateway  nwk_node.o
    0x080055d8   0x00000028   Code   RO         2553    i.nwk_node_send_buff  nwk_node.o
    0x08005600   0x00000020   Code   RO         2554    i.nwk_node_send_check  nwk_node.o
    0x08005620   0x00000084   Code   RO         2555    i.nwk_node_send_sniff  nwk_node.o
    0x080056a4   0x0000000c   Code   RO         2556    i.nwk_node_set_lora_dev  nwk_node.o
    0x080056b0   0x00000034   Code   RO         2557    i.nwk_node_set_lora_param  nwk_node.o
    0x080056e4   0x00000010   Code   RO         2562    i.nwk_node_tx_d2d_process  nwk_node.o
    0x080056f4   0x0000067c   Code   RO         2563    i.nwk_node_tx_gw_process  nwk_node.o
    0x08005d70   0x000002a0   Code   RO         2564    i.nwk_node_work_check  nwk_node.o
    0x08006010   0x0000000c   Code   RO         2729    i.nwk_set_rtc_counter  nwk_bsp.o
    0x0800601c   0x00000014   Code   RO         2730    i.nwk_tea_decrypt   nwk_bsp.o
    0x08006030   0x00000014   Code   RO         2731    i.nwk_tea_encrypt   nwk_bsp.o
    0x08006044   0x00000078   Code   RO         1499    i.plug_holes        mem.o
    0x080060bc   0x00000040   Code   RO          513    i.printf_hex        drv_common.o
    0x080060fc   0x00000030   Code   RO          972    i.rt_application_init  components.o
    0x0800612c   0x0000001c   Code   RO          973    i.rt_components_board_init  components.o
    0x08006148   0x0000001c   Code   RO          974    i.rt_components_init  components.o
    0x08006164   0x00000020   Code   RO         1631    i.rt_enter_critical  scheduler.o
    0x08006184   0x0000003c   Code   RO         1632    i.rt_exit_critical  scheduler.o
    0x080061c0   0x00000078   Code   RO         1501    i.rt_free           mem.o
    0x08006238   0x00000008   Code   RO          722    i.rt_heap_begin_get  board.o
    0x08006240   0x00000008   Code   RO          723    i.rt_heap_end_get   board.o
    0x08006248   0x0000003c   Code   RO          724    i.rt_hw_board_init  board.o
    0x08006284   0x00000024   Code   RO          901    i.rt_hw_hard_fault_exception  cpuport.o
    0x080062a8   0x0000004c   Code   RO          902    i.rt_hw_stack_init  cpuport.o
    0x080062f4   0x00000020   Code   RO         1314    i.rt_interrupt_enter  irq.o
    0x08006314   0x00000020   Code   RO         1316    i.rt_interrupt_leave  irq.o
    0x08006334   0x00000014   Code   RO         1084    i.rt_ipc_list_resume  ipc.o
    0x08006348   0x0000006c   Code   RO         1086    i.rt_ipc_list_suspend  ipc.o
    0x080063b4   0x00000010   Code   RO         1087    i.rt_ipc_object_init  ipc.o
    0x080063c4   0x00000006   Code   RO         1088    i.rt_list_init      ipc.o
    0x080063ca   0x00000006   Code   RO         1633    i.rt_list_init      scheduler.o
    0x080063d0   0x00000006   Code   RO         1829    i.rt_list_init      timer.o
    0x080063d6   0x0000000e   Code   RO         1561    i.rt_list_insert_after  object.o
    0x080063e4   0x0000000e   Code   RO         1713    i.rt_list_insert_after  thread.o
    0x080063f2   0x0000000e   Code   RO         1830    i.rt_list_insert_after  timer.o
    0x08006400   0x0000000e   Code   RO         1089    i.rt_list_insert_before  ipc.o
    0x0800640e   0x00000010   Code   RO         1090    i.rt_list_isempty   ipc.o
    0x0800641e   0x00000010   Code   RO         1831    i.rt_list_isempty   timer.o
    0x0800642e   0x00000012   Code   RO         1562    i.rt_list_remove    object.o
    0x08006440   0x00000012   Code   RO         1714    i.rt_list_remove    thread.o
    0x08006452   0x00000002   PAD
    0x08006454   0x0000016c   Code   RO         1502    i.rt_malloc         mem.o
    0x080065c0   0x00000048   Code   RO         1350    i.rt_memset         kservice.o
    0x08006608   0x0000004a   Code   RO         1563    i.rt_object_allocate  object.o
    0x08006652   0x00000020   Code   RO         1564    i.rt_object_delete  object.o
    0x08006672   0x0000001a   Code   RO         1565    i.rt_object_detach  object.o
    0x0800668c   0x00000028   Code   RO         1567    i.rt_object_get_information  object.o
    0x080066b4   0x0000003c   Code   RO         1568    i.rt_object_init    object.o
    0x080066f0   0x00000012   Code   RO         1569    i.rt_object_is_systemobject  object.o
    0x08006702   0x00000002   PAD
    0x08006704   0x00000090   Code   RO         1634    i.rt_schedule       scheduler.o
    0x08006794   0x00000050   Code   RO         1635    i.rt_schedule_insert_thread  scheduler.o
    0x080067e4   0x00000054   Code   RO         1636    i.rt_schedule_remove_thread  scheduler.o
    0x08006838   0x00000026   Code   RO         1118    i.rt_sem_init       ipc.o
    0x0800685e   0x0000003a   Code   RO         1119    i.rt_sem_release    ipc.o
    0x08006898   0x00000074   Code   RO         1120    i.rt_sem_take       ipc.o
    0x0800690c   0x00000002   Code   RO         1352    i.rt_show_version   kservice.o
    0x0800690e   0x00000034   Code   RO         1360    i.rt_strncpy        kservice.o
    0x08006942   0x00000002   PAD
    0x08006944   0x000000b0   Code   RO         1505    i.rt_system_heap_init  mem.o
    0x080069f4   0x0000004c   Code   RO         1637    i.rt_system_scheduler_init  scheduler.o
    0x08006a40   0x00000030   Code   RO         1638    i.rt_system_scheduler_start  scheduler.o
    0x08006a70   0x0000001c   Code   RO         1832    i.rt_system_timer_init  timer.o
    0x08006a8c   0x00000002   Code   RO         1833    i.rt_system_timer_thread_init  timer.o
    0x08006a8e   0x00000050   Code   RO         1716    i.rt_thread_create  thread.o
    0x08006ade   0x0000000c   Code   RO         1717    i.rt_thread_delay   thread.o
    0x08006aea   0x00000002   PAD
    0x08006aec   0x00000054   Code   RO         1720    i.rt_thread_exit    thread.o
    0x08006b40   0x00000008   Code   RO         1045    i.rt_thread_idle_entry  idle.o
    0x08006b48   0x00000084   Code   RO         1046    i.rt_thread_idle_excute  idle.o
    0x08006bcc   0x0000003c   Code   RO         1048    i.rt_thread_idle_init  idle.o
    0x08006c08   0x00000034   Code   RO         1722    i.rt_thread_init    thread.o
    0x08006c3c   0x0000003c   Code   RO         1723    i.rt_thread_resume  thread.o
    0x08006c78   0x0000000c   Code   RO         1724    i.rt_thread_self    thread.o
    0x08006c84   0x00000044   Code   RO         1725    i.rt_thread_sleep   thread.o
    0x08006cc8   0x0000002c   Code   RO         1726    i.rt_thread_startup  thread.o
    0x08006cf4   0x00000044   Code   RO         1727    i.rt_thread_suspend  thread.o
    0x08006d38   0x00000020   Code   RO         1728    i.rt_thread_timeout  thread.o
    0x08006d58   0x00000064   Code   RO         1729    i.rt_thread_yield   thread.o
    0x08006dbc   0x0000000c   Code   RO          934    i.rt_tick_get       clock.o
    0x08006dc8   0x00000030   Code   RO          935    i.rt_tick_increase  clock.o
    0x08006df8   0x0000007c   Code   RO         1834    i.rt_timer_check    timer.o
    0x08006e74   0x00000038   Code   RO         1835    i.rt_timer_control  timer.o
    0x08006eac   0x00000020   Code   RO         1838    i.rt_timer_detach   timer.o
    0x08006ecc   0x0000002e   Code   RO         1839    i.rt_timer_init     timer.o
    0x08006efa   0x00000002   PAD
    0x08006efc   0x000000f8   Code   RO         1842    i.rt_timer_start    timer.o
    0x08006ff4   0x00000030   Code   RO         1843    i.rt_timer_stop     timer.o
    0x08007024   0x00000004   Code   RO          975    i.rti_board_end     components.o
    0x08007028   0x00000004   Code   RO          976    i.rti_board_start   components.o
    0x0800702c   0x00000004   Code   RO          977    i.rti_end           components.o
    0x08007030   0x00000004   Code   RO          978    i.rti_start         components.o
    0x08007034   0x0000002a   Code   RO          979    i.rtthread_startup  components.o
    0x0800705e   0x00000002   PAD
    0x08007060   0x00000068   Code   RO          854    i.tea_decrypt_buff  drv_encrypt.o
    0x080070c8   0x00000068   Code   RO          855    i.tea_encrypt_buff  drv_encrypt.o
    0x08007130   0x00000200   Data   RO          515    .constdata          drv_common.o
    0x08007330   0x00000122   Data   RO         1366    .constdata          kservice.o
    0x08007452   0x00000010   Data   RO         2732    .constdata          nwk_bsp.o
    0x08007462   0x00000002   PAD
    0x08007464   0x00000014   Data   RO         3081    .constdata          drv_sx1268.o
    0x08007478   0x00000038   Data   RO         4758    .constdata          m_ws.l(log.o)
    0x080074b0   0x00000008   Data   RO         5123    .constdata          m_ws.l(qnan.o)
    0x080074b8   0x00000081   Data   RO         5176    .constdata          mc_w.l(ctype_o.o)
    0x08007539   0x00000003   PAD
    0x0800753c   0x00000004   Data   RO         5177    .constdata          mc_w.l(ctype_o.o)
    0x08007540   0x00000004   Data   RO          980    .rti_fn.0           components.o
    0x08007544   0x00000004   Data   RO          981    .rti_fn.0.end       components.o
    0x08007548   0x00000004   Data   RO          982    .rti_fn.1.end       components.o
    0x0800754c   0x00000004   Data   RO          983    .rti_fn.6.end       components.o
    0x08007550   0x00000020   Data   RO         5207    Region$$Table       anon$$obj.o


    Execution Region RW_IRAM1 (Base: 0x20000000, Size: 0x00002038, Max: 0x00005000, ABSOLUTE)

    Base Addr    Size         Type   Attr      Idx    E Section Name        Object

    0x20000000   0x00000014   Data   RW          169    .data               system_stm32f10x.o
    0x20000014   0x00000004   Data   RW          310    .data               user_app.o
    0x20000018   0x00000009   Data   RW          388    .data               app_node.o
    0x20000021   0x00000003   PAD
    0x20000024   0x0000000d   Data   RW          516    .data               drv_common.o
    0x20000031   0x00000003   PAD
    0x20000034   0x00000004   Data   RW          726    .data               board.o
    0x20000038   0x00000010   Data   RW          903    .data               cpuport.o
    0x20000048   0x00000004   Data   RW          937    .data               clock.o
    0x2000004c   0x00000001   Data   RW         1317    .data               irq.o
    0x2000004d   0x00000003   PAD
    0x20000050   0x00000018   Data   RW         1507    .data               mem.o
    0x20000068   0x00000060   Data   RW         1571    .data               object.o
    0x200000c8   0x00000018   Data   RW         1640    .data               scheduler.o
    0x200000e0   0x0000000c   Data   RW         1844    .data               timer.o
    0x200000ec   0x00000014   Data   RW         2566    .data               nwk_node.o
    0x20000100   0x00000004   Data   RW         2733    .data               nwk_bsp.o
    0x20000104   0x00000014   Data   RW         4120    .data               f103c8t6.lib(stm32f10x_rcc.o)
    0x20000118   0x00000004   Data   RW         4770    .data               mc_w.l(rand.o)
    0x2000011c   0x00000004   Data   RW         5138    .data               mc_w.l(stdout.o)
    0x20000120   0x00000004   Data   RW         5154    .data               mc_w.l(errno.o)
    0x20000124   0x00000038   Zero   RW          387    .bss                app_node.o
    0x2000015c   0x00000400   Zero   RW          514    .bss                drv_common.o
    0x2000055c   0x0000033c   Zero   RW          643    .bss                drv_uart.o
    0x20000898   0x00001000   Zero   RW          725    .bss                board.o
    0x20001898   0x00000178   Zero   RW         1049    .bss                idle.o
    0x20001a10   0x00000020   Zero   RW         1506    .bss                mem.o
    0x20001a30   0x00000100   Zero   RW         1639    .bss                scheduler.o
    0x20001b30   0x00000304   Zero   RW         2565    .bss                nwk_node.o
    0x20001e34   0x00000004   PAD
    0x20001e38   0x00000200   Zero   RW           17    STACK               startup_stm32f10x_md.o


==============================================================================

Image component sizes


      Code (inc. data)   RO Data    RW Data    ZI Data      Debug   Object Name

      1692        330          0          9         56      13860   app_node.o
       184         26          0          4       4096       3513   board.o
        60         12          0          4          0       1237   clock.o
       190         30         16          0          0       5948   components.o
       240         26          0          0          0        812   context_rvds.o
         0          0          0          0          0       4572   core_cm3.o
       112         10          0         16          0       3218   cpuport.o
       844        194        512         13       1024       9036   drv_common.o
       416         62          0          0          0       3544   drv_encrypt.o
      1926        136         20          0          0      21603   drv_sx1268.o
      1032        102          0          0        828       6574   drv_uart.o
       508          0          0          0          0       7514   hal_sx1268.o
       220         30          0          0        376       5134   idle.o
       392          0          0          0          0       7905   ipc.o
        64         12          0          1          0       1646   irq.o
       202          6        290          0          0       5512   kservice.o
       208        138          0          0          0       8076   main.o
       780         92          0         24         32       3972   mem.o
       240         12         16          4          0       6232   nwk_bsp.o
      7006       1756          0         20        772      23020   nwk_node.o
       282          4          0         96          0       7852   object.o
       530         88          0         24        256       8078   scheduler.o
        36          8        236          0        512        836   startup_stm32f10x_md.o
        36          0          0          0          0     246480   stm32f10x_it.o
       340         30          0         20          0       2530   system_stm32f10x.o
       776         36          0          0          0      11479   thread.o
       732         20          0         12          0      10840   timer.o
       368         94          0          4          0       3647   user_app.o

    ----------------------------------------------------------------------
     19448       3254       1124        260       7956     434670   Object Totals
         0          0         32          0          0          0   (incl. Generated)
        32          0          2          9          4          0   (incl. Padding)

    ----------------------------------------------------------------------

      Code (inc. data)   RO Data    RW Data    ZI Data      Debug   Library Member Name

       116         14          0          0          0     253124   misc.o
       486         24          0          0          0       8482   stm32f10x_adc.o
       112         22          0          0          0       3729   stm32f10x_bkp.o
       370         44          0          0          0       5879   stm32f10x_flash.o
       444          6          0          0          0       4442   stm32f10x_gpio.o
        12          6          0          0          0        510   stm32f10x_pwr.o
       736        134          0         20          0      13380   stm32f10x_rcc.o
       192         36          0          0          0       4010   stm32f10x_rtc.o
       112          0          0          0          0       3802   stm32f10x_spi.o
       490          6          0          0          0       7265   stm32f10x_usart.o
        80         18          0          0          0       2280   stm32f10x_wwdg.o
        34          4          0          0          0        204   dunder.o
       860         52         56          0          0        256   log.o
       170          0          0          0          0         96   poly.o
         0          0          8          0          0          0   qnan.o
        28          0          0          0          0         68   _chval.o
       158          0          0          0          0         92   _strtoul.o
        26          0          0          0          0         80   atol.o
         8          4        133          0          0         68   ctype_o.o
         0          0          0          0          0          0   entry.o
         0          0          0          0          0          0   entry10a.o
         0          0          0          0          0          0   entry11a.o
         8          4          0          0          0          0   entry2.o
         4          0          0          0          0          0   entry5.o
         0          0          0          0          0          0   entry7b.o
         0          0          0          0          0          0   entry8b.o
         8          4          0          0          0          0   entry9a.o
        20         10          0          4          0        136   errno.o
        30          0          0          0          0          0   handlers.o
        36          8          0          0          0         68   init.o
         0          0          0          0          0          0   iusefp.o
        30          0          0          0          0         68   llshl.o
        36          0          0          0          0         68   llsshr.o
        32          0          0          0          0         68   llushr.o
        26          0          0          0          0         80   memcmp.o
        36          0          0          0          0         68   memcpya.o
        36          0          0          0          0        108   memseta.o
      2258         90          0          0          0        452   printfa.o
        36         10          0          4          0        136   rand.o
         0          0          0          4          0          0   stdout.o
        14          0          0          0          0         68   strlen.o
        36          0          0          0          0         80   strstr.o
       112          0          0          0          0         88   strtol.o
        44          0          0          0          0         80   uidiv.o
        98          0          0          0          0         92   uldiv.o
        48          0          0          0          0         68   cdcmple.o
        48          0          0          0          0         68   cdrcmple.o
        56          0          0          0          0         88   d2f.o
       334          0          0          0          0        148   dadd.o
       222          0          0          0          0        100   ddiv.o
       186          0          0          0          0        176   depilogue.o
        50          0          0          0          0         76   dfixui.o
        48          0          0          0          0         68   dfixul.o
        34          0          0          0          0         76   dflti.o
        26          0          0          0          0         76   dfltui.o
       228          0          0          0          0         96   dmul.o
        46          0          0          0          0         80   dscalb.o
        38          0          0          0          0         68   f2d.o
       176          0          0          0          0        140   fadd.o
       124          0          0          0          0         88   fdiv.o
       110          0          0          0          0        168   fepilogue.o
        40          0          0          0          0         68   ffixui.o
        18          0          0          0          0         68   fflti.o
        10          0          0          0          0         68   ffltui.o
       100          0          0          0          0         76   fmul.o

    ----------------------------------------------------------------------
      9292        496        200         32          0     311291   Library Totals
        16          0          3          0          0          0   (incl. Padding)

    ----------------------------------------------------------------------

      Code (inc. data)   RO Data    RW Data    ZI Data      Debug   Library Name

      3150        310          0         20          0     306903   f103c8t6.lib
      1064         56         64          0          0        556   m_ws.l
      3120        130        133         12          0       1968   mc_w.l
      1942          0          0          0          0       1864   mf_w.l

    ----------------------------------------------------------------------
      9292        496        200         32          0     311291   Library Totals

    ----------------------------------------------------------------------

==============================================================================


      Code (inc. data)   RO Data    RW Data    ZI Data      Debug   

     28740       3750       1324        292       7956     728901   Grand Totals
     28740       3750       1324        292       7956     728901   ELF Image Totals
     28740       3750       1324        292          0          0   ROM Totals

==============================================================================

    Total RO  Size (Code + RO Data)                30064 (  29.36kB)
    Total RW  Size (RW Data + ZI Data)              8248 (   8.05kB)
    Total ROM Size (Code + RO Data + RW Data)      30356 (  29.64kB)

==============================================================================

