Component: ARM Compiler 5.06 update 4 (build 422) Tool: armlink [4d35d2]

==============================================================================

Section Cross References

    startup_stm32f10x_md.o(RESET) refers to startup_stm32f10x_md.o(STACK) for __initial_sp
    startup_stm32f10x_md.o(RESET) refers to startup_stm32f10x_md.o(.text) for Reset_Handler
    startup_stm32f10x_md.o(RESET) refers to stm32f10x_it.o(i.NMI_Handler) for NMI_Handler
    startup_stm32f10x_md.o(RESET) refers to context_rvds.o(.text) for HardFault_Handler
    startup_stm32f10x_md.o(RESET) refers to stm32f10x_it.o(i.MemManage_Handler) for MemManage_Handler
    startup_stm32f10x_md.o(RESET) refers to stm32f10x_it.o(i.BusFault_Handler) for BusFault_Handler
    startup_stm32f10x_md.o(RESET) refers to stm32f10x_it.o(i.UsageFault_Handler) for UsageFault_Handler
    startup_stm32f10x_md.o(RESET) refers to stm32f10x_it.o(i.SVC_Handler) for SVC_Handler
    startup_stm32f10x_md.o(RESET) refers to stm32f10x_it.o(i.DebugMon_Handler) for DebugMon_Handler
    startup_stm32f10x_md.o(RESET) refers to board.o(i.SysTick_Handler) for SysTick_Handler
    startup_stm32f10x_md.o(RESET) refers to stm32f10x_it.o(i.RTC_IRQHandler) for RTC_IRQHandler
    startup_stm32f10x_md.o(RESET) refers to drv_uart.o(i.USART1_IRQHandler) for USART1_IRQHandler
    startup_stm32f10x_md.o(RESET) refers to drv_uart.o(i.USART2_IRQHandler) for USART2_IRQHandler
    startup_stm32f10x_md.o(RESET) refers to drv_uart.o(i.USART3_IRQHandler) for USART3_IRQHandler
    startup_stm32f10x_md.o(.text) refers to system_stm32f10x.o(i.SystemInit) for SystemInit
    startup_stm32f10x_md.o(.text) refers to entry.o(.ARM.Collect$$$$00000000) for __main
    stm32f10x_it.o(i.RTC_IRQHandler) refers to stm32f10x_rtc.o(i.RTC_GetITStatus) for RTC_GetITStatus
    stm32f10x_it.o(i.RTC_IRQHandler) refers to stm32f10x_rtc.o(i.RTC_ClearITPendingBit) for RTC_ClearITPendingBit
    system_stm32f10x.o(i.HSI_Config) refers to stm32f10x_rcc.o(i.RCC_DeInit) for RCC_DeInit
    system_stm32f10x.o(i.HSI_Config) refers to stm32f10x_rcc.o(i.RCC_HSICmd) for RCC_HSICmd
    system_stm32f10x.o(i.HSI_Config) refers to stm32f10x_rcc.o(i.RCC_GetFlagStatus) for RCC_GetFlagStatus
    system_stm32f10x.o(i.HSI_Config) refers to stm32f10x_rcc.o(i.RCC_HCLKConfig) for RCC_HCLKConfig
    system_stm32f10x.o(i.HSI_Config) refers to stm32f10x_rcc.o(i.RCC_PCLK2Config) for RCC_PCLK2Config
    system_stm32f10x.o(i.HSI_Config) refers to stm32f10x_rcc.o(i.RCC_PCLK1Config) for RCC_PCLK1Config
    system_stm32f10x.o(i.HSI_Config) refers to stm32f10x_flash.o(i.FLASH_SetLatency) for FLASH_SetLatency
    system_stm32f10x.o(i.HSI_Config) refers to stm32f10x_flash.o(i.FLASH_PrefetchBufferCmd) for FLASH_PrefetchBufferCmd
    system_stm32f10x.o(i.HSI_Config) refers to stm32f10x_rcc.o(i.RCC_PLLConfig) for RCC_PLLConfig
    system_stm32f10x.o(i.HSI_Config) refers to stm32f10x_rcc.o(i.RCC_PLLCmd) for RCC_PLLCmd
    system_stm32f10x.o(i.HSI_Config) refers to stm32f10x_rcc.o(i.RCC_SYSCLKConfig) for RCC_SYSCLKConfig
    system_stm32f10x.o(i.HSI_Config) refers to stm32f10x_rcc.o(i.RCC_GetSYSCLKSource) for RCC_GetSYSCLKSource
    system_stm32f10x.o(i.HSI_Config) refers to stm32f10x_rcc.o(i.RCC_APB2PeriphClockCmd) for RCC_APB2PeriphClockCmd
    system_stm32f10x.o(i.HSI_Config) refers to stm32f10x_gpio.o(i.GPIO_PinRemapConfig) for GPIO_PinRemapConfig
    system_stm32f10x.o(i.HSI_Config) refers to stm32f10x_gpio.o(i.GPIO_Init) for GPIO_Init
    system_stm32f10x.o(i.HSI_Config) refers to stm32f10x_gpio.o(i.GPIO_ResetBits) for GPIO_ResetBits
    system_stm32f10x.o(i.SetSysClock) refers to system_stm32f10x.o(i.SetSysClockTo72) for SetSysClockTo72
    system_stm32f10x.o(i.SystemCoreClockUpdate) refers to system_stm32f10x.o(.data) for SystemCoreClock
    system_stm32f10x.o(i.SystemInit) refers to system_stm32f10x.o(i.SetSysClock) for SetSysClock
    main.o(i.main) refers to printfa.o(i.__0printf) for __2printf
    main.o(i.main) refers to user_app.o(i.APP_Init) for APP_Init
    main.o(i.main) refers to drv_common.o(i.drv_wdog_feed) for drv_wdog_feed
    main.o(i.main) refers to drv_common.o(i.drv_get_sec_counter) for drv_get_sec_counter
    main.o(i.main) refers to drv_common.o(i.delay_os) for delay_os
    user_app.o(i.APP_Init) refers to thread.o(i.rt_thread_create) for rt_thread_create
    user_app.o(i.APP_Init) refers to thread.o(i.rt_thread_startup) for rt_thread_startup
    user_app.o(i.APP_Init) refers to user_app.o(i.app_uart_thread_entry) for app_uart_thread_entry
    user_app.o(i.APP_Init) refers to app_sx1278.o(i.app_sx1278_thread_entry) for app_sx1278_thread_entry
    user_app.o(i.app_uart_send) refers to drv_uart.o(i.UART2_Send) for UART2_Send
    user_app.o(i.app_uart_thread_entry) refers to drv_common.o(i.delay_ms) for delay_ms
    user_app.o(i.app_uart_thread_entry) refers to printfa.o(i.__0printf) for __2printf
    user_app.o(i.app_uart_thread_entry) refers to strstr.o(.text) for strstr
[...]
    i.rt_timer_check                         0x08006d08   Section        0  timer.o(i.rt_timer_check)
    i.rt_timer_control                       0x08006d84   Section        0  timer.o(i.rt_timer_control)
    i.rt_timer_detach                        0x08006dbc   Section        0  timer.o(i.rt_timer_detach)
    i.rt_timer_init                          0x08006ddc   Section        0  timer.o(i.rt_timer_init)
    i.rt_timer_start                         0x08006e0c   Section        0  timer.o(i.rt_timer_start)
    i.rt_timer_stop                          0x08006f04   Section        0  timer.o(i.rt_timer_stop)
    i.rti_board_end                          0x08006f34   Section        0  components.o(i.rti_board_end)
    rti_board_end                            0x08006f35   Thumb Code     4  components.o(i.rti_board_end)
    i.rti_board_start                        0x08006f38   Section        0  components.o(i.rti_board_start)
    rti_board_start                          0x08006f39   Thumb Code     4  components.o(i.rti_board_start)
    i.rti_end                                0x08006f3c   Section        0  components.o(i.rti_end)
    rti_end                                  0x08006f3d   Thumb Code     4  components.o(i.rti_end)
    i.rti_start                              0x08006f40   Section        0  components.o(i.rti_start)
    rti_start                                0x08006f41   Thumb Code     4  components.o(i.rti_start)
    i.rtthread_startup                       0x08006f44   Section        0  components.o(i.rtthread_startup)
    i.tea_decrypt_buff                       0x08006f70   Section        0  drv_encrypt.o(i.tea_decrypt_buff)
    i.tea_encrypt_buff                       0x08006fd8   Section        0  drv_encrypt.o(i.tea_encrypt_buff)
    .constdata                               0x08007040   Section      512  drv_common.o(.constdata)
    auchCRCHi                                0x08007040   Data         256  drv_common.o(.constdata)
    auchCRCLo                                0x08007140   Data         256  drv_common.o(.constdata)
    .constdata                               0x08007240   Section      290  kservice.o(.constdata)
    small_digits                             0x08007340   Data          17  kservice.o(.constdata)
    large_digits                             0x08007351   Data          17  kservice.o(.constdata)
    .constdata                               0x08007362   Section       16  nwk_bsp.o(.constdata)
    rf_table                                 0x08007362   Data          16  nwk_bsp.o(.constdata)
    .rti_fn.0                                0x08007374   Section        4  components.o(.rti_fn.0)
    __tagsym$$used                           0x08007374   Number         0  components.o(.rti_fn.0)
    .rti_fn.0.end                            0x08007378   Section        4  components.o(.rti_fn.0.end)
    __tagsym$$used                           0x08007378   Number         0  components.o(.rti_fn.0.end)
    .rti_fn.1.end                            0x0800737c   Section        4  components.o(.rti_fn.1.end)
    __tagsym$$used                           0x0800737c   Number         0  components.o(.rti_fn.1.end)
    .rti_fn.6.end                            0x08007380   Section        4  components.o(.rti_fn.6.end)
    __tagsym$$used                           0x08007380   Number         0  components.o(.rti_fn.6.end)
    .data                                    0x20000000   Section       20  system_stm32f10x.o(.data)
    .data                                    0x20000014   Section        4  user_app.o(.data)
    pUART                                    0x20000014   Data           4  user_app.o(.data)
    .data                                    0x20000018   Section       13  drv_common.o(.data)
    .data                                    0x20000028   Section        4  board.o(.data)
    tickets                                  0x20000028   Data           4  board.o(.data)
    .data                                    0x2000002c   Section       16  cpuport.o(.data)
    rt_exception_hook                        0x20000038   Data           4  cpuport.o(.data)
    .data                                    0x2000003c   Section        4  clock.o(.data)
    rt_tick                                  0x2000003c   Data           4  clock.o(.data)
    .data                                    0x20000040   Section        1  irq.o(.data)
    .data                                    0x20000044   Section       24  mem.o(.data)
    heap_ptr                                 0x20000044   Data           4  mem.o(.data)
    heap_end                                 0x20000048   Data           4  mem.o(.data)
    lfree                                    0x2000004c   Data           4  mem.o(.data)
    mem_size_aligned                         0x20000050   Data           4  mem.o(.data)
    used_mem                                 0x20000054   Data           4  mem.o(.data)
    max_mem                                  0x20000058   Data           4  mem.o(.data)
    .data                                    0x2000005c   Section       96  object.o(.data)
    rt_object_container                      0x2000005c   Data          96  object.o(.data)
    .data                                    0x200000bc   Section       24  scheduler.o(.data)
    rt_scheduler_lock_nest                   0x200000bc   Data           2  scheduler.o(.data)
    .data                                    0x200000d4   Section       12  timer.o(.data)
    rt_timer_list                            0x200000d4   Data           8  timer.o(.data)
    random_nr                                0x200000dc   Data           4  timer.o(.data)
    .data                                    0x200000e0   Section        4  aes.o(.data)
    aes_init_done                            0x200000e0   Data           4  aes.o(.data)
    .data                                    0x200000e4   Section       20  nwk_node.o(.data)
    ptr                                      0x200000e4   Data           1  nwk_node.o(.data)
    pMakeBuff                                0x200000e8   Data           4  nwk_node.o(.data)
    make_len                                 0x200000ec   Data           1  nwk_node.o(.data)
    wait_time                                0x200000f0   Data           4  nwk_node.o(.data)
    last_wake_time                           0x200000f4   Data           4  nwk_node.o(.data)
    .data                                    0x200000f8   Section        4  nwk_bsp.o(.data)
    srand_num                                0x200000f8   Data           4  nwk_bsp.o(.data)
    .data                                    0x200000fc   Section       20  stm32f10x_rcc.o(.data)
    APBAHBPrescTable                         0x200000fc   Data          16  stm32f10x_rcc.o(.data)
    ADCPrescTable                            0x2000010c   Data           4  stm32f10x_rcc.o(.data)
    .data                                    0x20000110   Section        4  rand.o(.data)
    _rand_state                              0x20000110   Data           4  rand.o(.data)
    .data                                    0x20000114   Section        4  stdout.o(.data)
    .bss                                     0x20000118   Section       16  app_sx1278.o(.bss)
    .bss                                     0x20000128   Section      828  drv_uart.o(.bss)
    .bss                                     0x20000464   Section     4096  board.o(.bss)
    rt_heap                                  0x20000464   Data        4096  board.o(.bss)
    .bss                                     0x20001464   Section      280  drv_encrypt.o(.bss)
    aes_ctx                                  0x20001464   Data         280  drv_encrypt.o(.bss)
    .bss                                     0x2000157c   Section      376  idle.o(.bss)
    idle                                     0x2000157c   Data         120  idle.o(.bss)
    rt_thread_stack                          0x200015f4   Data         256  idle.o(.bss)
    .bss                                     0x200016f4   Section       32  mem.o(.bss)
    heap_sem                                 0x200016f4   Data          32  mem.o(.bss)
    .bss                                     0x20001714   Section      256  scheduler.o(.bss)
    .bss                                     0x20001814   Section    10792  aes.o(.bss)
    FSb                                      0x20001814   Data         256  aes.o(.bss)
    FT0                                      0x20001914   Data        1024  aes.o(.bss)
    FT1                                      0x20001d14   Data        1024  aes.o(.bss)
    FT2                                      0x20002114   Data        1024  aes.o(.bss)
    FT3                                      0x20002514   Data        1024  aes.o(.bss)
    RSb                                      0x20002914   Data         256  aes.o(.bss)
    RT0                                      0x20002a14   Data        1024  aes.o(.bss)
    RT1                                      0x20002e14   Data        1024  aes.o(.bss)
    RT2                                      0x20003214   Data        1024  aes.o(.bss)
    RT3                                      0x20003614   Data        1024  aes.o(.bss)
    RCON                                     0x20003a14   Data          40  aes.o(.bss)
    pow                                      0x20003a3c   Data        1024  aes.o(.bss)
    log                                      0x20003e3c   Data        1024  aes.o(.bss)
    .bss                                     0x2000423c   Section      764  nwk_node.o(.bss)
    STACK                                    0x20004538   Section      512  startup_stm32f10x_md.o(STACK)

    Global Symbols

    Symbol Name                              Value     Ov Type        Size  Object(Section)

    BuildAttributes$$THM_ISAv4$P$D$K$B$S$PE$A:L22UL41UL21$X:L11$S22US41US21$IEEE1$IW$USESV6$~STKCKD$USESV7$~SHL$OTIME$ROPI$EBA8$MICROLIB$REQ8$PRES8$EABIv2 0x00000000   Number         0  anon$$obj.o ABSOLUTE
    __ARM_use_no_argv                        0x00000000   Number         0  main.o ABSOLUTE
    _printf_a                                0x00000000   Number         0  stubs.o ABSOLUTE
    _printf_c                                0x00000000   Number         0  stubs.o ABSOLUTE
    _printf_charcount                        0x00000000   Number         0  stubs.o ABSOLUTE
    _printf_d                                0x00000000   Number         0  stubs.o ABSOLUTE
    _printf_e                                0x00000000   Number         0  stubs.o ABSOLUTE
    _printf_f                                0x00000000   Number         0  stubs.o ABSOLUTE
    _printf_flags                            0x00000000   Number         0  stubs.o ABSOLUTE
    _printf_fp_dec                           0x00000000   Number         0  stubs.o ABSOLUTE
    _printf_fp_hex                           0x00000000   Number         0  stubs.o ABSOLUTE
    _printf_g                                0x00000000   Number         0  stubs.o ABSOLUTE
    _printf_i                                0x00000000   Number         0  stubs.o ABSOLUTE
    _printf_int_dec                          0x00000000   Number         0  stubs.o ABSOLUTE
    _printf_l                                0x00000000   Number         0  stubs.o ABSOLUTE
    _printf_lc                               0x00000000   Number         0  stubs.o ABSOLUTE
    _printf_ll                               0x00000000   Number         0  stubs.o ABSOLUTE
    _printf_lld                              0x00000000   Number         0  stubs.o ABSOLUTE
    _printf_lli                              0x00000000   Number         0  stubs.o ABSOLUTE
    _printf_llo                              0x00000000   Number         0  stubs.o ABSOLUTE
    _printf_llu                              0x00000000   Number         0  stubs.o ABSOLUTE
    _printf_llx                              0x00000000   Number         0  stubs.o ABSOLUTE
    _printf_longlong_dec                     0x00000000   Number         0  stubs.o ABSOLUTE
    _printf_longlong_hex                     0x00000000   Number         0  stubs.o ABSOLUTE
    _printf_longlong_oct                     0x00000000   Number         0  stubs.o ABSOLUTE
    _printf_ls                               0x00000000   Number         0  stubs.o ABSOLUTE
    _printf_mbtowc                           0x00000000   Number         0  stubs.o ABSOLUTE
    _printf_n                                0x00000000   Number         0  stubs.o ABSOLUTE
    _printf_o                                0x00000000   Number         0  stubs.o ABSOLUTE
    _printf_p                                0x00000000   Number         0  stubs.o ABSOLUTE
    _printf_percent                          0x00000000   Number         0  stubs.o ABSOLUTE
    _printf_pre_padding                      0x00000000   Number         0  stubs.o ABSOLUTE
    _printf_return_value                     0x00000000   Number         0  stubs.o ABSOLUTE
    _printf_s                                0x00000000   Number         0  stubs.o ABSOLUTE
    _printf_sizespec                         0x00000000   Number         0  stubs.o ABSOLUTE
    _printf_str                              0x00000000   Number         0  stubs.o ABSOLUTE
    _printf_truncate_signed                  0x00000000   Number         0  stubs.o ABSOLUTE
    _printf_truncate_unsigned                0x00000000   Number         0  stubs.o ABSOLUTE
    _printf_u                                0x00000000   Number         0  stubs.o ABSOLUTE
    _printf_wc                               0x00000000   Number         0  stubs.o ABSOLUTE
    _printf_wctomb                           0x00000000   Number         0  stubs.o ABSOLUTE
    _printf_widthprec                        0x00000000   Number         0  stubs.o ABSOLUTE
    _printf_x                                0x00000000   Number         0  stubs.o ABSOLUTE
    __cpp_initialize__aeabi_                  - Undefined Weak Reference
    __cxa_finalize                            - Undefined Weak Reference
    __decompress                              - Undefined Weak Reference
    _clock_init                               - Undefined Weak Reference
    _microlib_exit                            - Undefined Weak Reference
    __Vectors_Size                           0x000000ec   Number         0  startup_stm32f10x_md.o ABSOLUTE
    __Vectors                                0x08000000   Data           4  startup_stm32f10x_md.o(RESET)
    __Vectors_End                            0x080000ec   Data           0  startup_stm32f10x_md.o(RESET)
    __main                                   0x080000ed   Thumb Code     0  entry.o(.ARM.Collect$$$$00000000)
    _main_stk                                0x080000ed   Thumb Code     0  entry2.o(.ARM.Collect$$$$00000001)
    _main_scatterload                        0x080000f1   Thumb Code     0  entry5.o(.ARM.Collect$$$$00000004)
    __main_after_scatterload                 0x080000f5   Thumb Code     0  entry5.o(.ARM.Collect$$$$00000004)
    _main_clock                              0x080000f5   Thumb Code     0  entry7b.o(.ARM.Collect$$$$00000008)
    _main_cpp_init                           0x080000f5   Thumb Code     0  entry8b.o(.ARM.Collect$$$$0000000A)
    _main_init                               0x080000f5   Thumb Code     0  entry9a.o(.ARM.Collect$$$$0000000B)
    __rt_final_cpp                           0x080000fd   Thumb Code     0  entry10a.o(.ARM.Collect$$$$0000000D)
    __rt_final_exit                          0x080000fd   Thumb Code     0  entry11a.o(.ARM.Collect$$$$0000000F)
    Reset_Handler                            0x08000101   Thumb Code     8  startup_stm32f10x_md.o(.text)
    ADC1_2_IRQHandler                        0x0800011b   Thumb Code     0  startup_stm32f10x_md.o(.text)
    CAN1_RX1_IRQHandler                      0x0800011b   Thumb Code     0  startup_stm32f10x_md.o(.text)
    CAN1_SCE_IRQHandler                      0x0800011b   Thumb Code     0  startup_stm32f10x_md.o(.text)
    DMA1_Channel1_IRQHandler                 0x0800011b   Thumb Code     0  startup_stm32f10x_md.o(.text)
    DMA1_Channel2_IRQHandler                 0x0800011b   Thumb Code     0  startup_stm32f10x_md.o(.text)
    DMA1_Channel3_IRQHandler                 0x0800011b   Thumb Code     0  startup_stm32f10x_md.o(.text)
    DMA1_Channel4_IRQHandler                 0x0800011b   Thumb Code     0  startup_stm32f10x_md.o(.text)
    DMA1_Channel5_IRQHandler                 0x0800011b   Thumb Code     0  startup_stm32f10x_md.o(.text)
    DMA1_Channel6_IRQHandler                 0x0800011b   Thumb Code     0  startup_stm32f10x_md.o(.text)
    DMA1_Channel7_IRQHandler                 0x0800011b   Thumb Code     0  startup_stm32f10x_md.o(.text)
    EXTI0_IRQHandler                         0x0800011b   Thumb Code     0  startup_stm32f10x_md.o(.text)
    EXTI15_10_IRQHandler                     0x0800011b   Thumb Code     0  startup_stm32f10x_md.o(.text)
    EXTI1_IRQHandler                         0x0800011b   Thumb Code     0  startup_stm32f10x_md.o(.text)
    EXTI2_IRQHandler                         0x0800011b   Thumb Code     0  startup_stm32f10x_md.o(.text)
    EXTI3_IRQHandler                         0x0800011b   Thumb Code     0  startup_stm32f10x_md.o(.text)
    EXTI4_IRQHandler                         0x0800011b   Thumb Code     0  startup_stm32f10x_md.o(.text)
    EXTI9_5_IRQHandler                       0x0800011b   Thumb Code     0  startup_stm32f10x_md.o(.text)
    FLASH_IRQHandler                         0x0800011b   Thumb Code     0  startup_stm32f10x_md.o(.text)
    I2C1_ER_IRQHandler                       0x0800011b   Thumb Code     0  startup_stm32f10x_md.o(.text)
    I2C1_EV_IRQHandler                       0x0800011b   Thumb Code     0  startup_stm32f10x_md.o(.text)
    I2C2_ER_IRQHandler                       0x0800011b   Thumb Code     0  startup_stm32f10x_md.o(.text)
    I2C2_EV_IRQHandler                       0x0800011b   Thumb Code     0  startup_stm32f10x_md.o(.text)
    PVD_IRQHandler                           0x0800011b   Thumb Code     0  startup_stm32f10x_md.o(.text)
    RCC_IRQHandler                           0x0800011b   Thumb Code     0  startup_stm32f10x_md.o(.text)
    RTCAlarm_IRQHandler                      0x0800011b   Thumb Code     0  startup_stm32f10x_md.o(.text)
    SPI1_IRQHandler                          0x0800011b   Thumb Code     0  startup_stm32f10x_md.o(.text)
    SPI2_IRQHandler                          0x0800011b   Thumb Code     0  startup_stm32f10x_md.o(.text)
    TAMPER_IRQHandler                        0x0800011b   Thumb Code     0  startup_stm32f10x_md.o(.text)
    TIM1_BRK_IRQHandler                      0x0800011b   Thumb Code     0  startup_stm32f10x_md.o(.text)
    TIM1_CC_IRQHandler                       0x0800011b   Thumb Code     0  startup_stm32f10x_md.o(.text)
    TIM1_TRG_COM_IRQHandler                  0x0800011b   Thumb Code     0  startup_stm32f10x_md.o(.text)
    TIM1_UP_IRQHandler                       0x0800011b   Thumb Code     0  startup_stm32f10x_md.o(.text)
    TIM2_IRQHandler                          0x0800011b   Thumb Code     0  startup_stm32f10x_md.o(.text)
    TIM3_IRQHandler                          0x0800011b   Thumb Code     0  startup_stm32f10x_md.o(.text)
    TIM4_IRQHandler                          0x0800011b   Thumb Code     0  startup_stm32f10x_md.o(.text)
    USBWakeUp_IRQHandler                     0x0800011b   Thumb Code     0  startup_stm32f10x_md.o(.text)
    USB_HP_CAN1_TX_IRQHandler                0x0800011b   Thumb Code     0  startup_stm32f10x_md.o(.text)
    USB_LP_CAN1_RX0_IRQHandler               0x0800011b   Thumb Code     0  startup_stm32f10x_md.o(.text)
    WWDG_IRQHandler                          0x0800011b   Thumb Code     0  startup_stm32f10x_md.o(.text)
    rt_hw_interrupt_disable                  0x08000125   Thumb Code     8  context_rvds.o(.text)
    rt_hw_interrupt_enable                   0x0800012d   Thumb Code     6  context_rvds.o(.text)
    rt_hw_context_switch                     0x08000133   Thumb Code    32  context_rvds.o(.text)
    rt_hw_context_switch_interrupt           0x08000133   Thumb Code     0  context_rvds.o(.text)
    PendSV_Handler                           0x08000153   Thumb Code    60  context_rvds.o(.text)
    rt_hw_context_switch_to                  0x0800018f   Thumb Code    58  context_rvds.o(.text)
    rt_hw_interrupt_thread_switch            0x080001c9   Thumb Code     2  context_rvds.o(.text)
    HardFault_Handler                        0x080001cb   Thumb Code    48  context_rvds.o(.text)
    rand                                     0x08000215   Thumb Code    20  rand.o(.text)
    srand                                    0x08000229   Thumb Code     6  rand.o(.text)
    __aeabi_memcpy                           0x08000239   Thumb Code    36  memcpya.o(.text)
    __aeabi_memcpy4                          0x08000239   Thumb Code     0  memcpya.o(.text)
    __aeabi_memcpy8                          0x08000239   Thumb Code     0  memcpya.o(.text)
    __aeabi_memset                           0x0800025d   Thumb Code    14  memseta.o(.text)
    __aeabi_memset4                          0x0800025d   Thumb Code     0  memseta.o(.text)
    __aeabi_memset8                          0x0800025d   Thumb Code     0  memseta.o(.text)
    __aeabi_memclr                           0x0800026b   Thumb Code     4  memseta.o(.text)
    __aeabi_memclr4                          0x0800026b   Thumb Code     0  memseta.o(.text)
    __aeabi_memclr8                          0x0800026b   Thumb Code     0  memseta.o(.text)
    _memset$wrapper                          0x0800026f   Thumb Code    18  memseta.o(.text)
    strstr                                   0x08000281   Thumb Code    36  strstr.o(.text)
    strlen                                   0x080002a5   Thumb Code    14  strlen.o(.text)
    memcmp                                   0x080002b3   Thumb Code    26  memcmp.o(.text)
    strcpy                                   0x080002cd   Thumb Code    18  strcpy.o(.text)
    __aeabi_fmul                             0x080002df   Thumb Code   100  fmul.o(.text)
    __aeabi_fdiv                             0x08000343   Thumb Code   124  fdiv.o(.text)
    __aeabi_dadd                             0x080003bf   Thumb Code   322  dadd.o(.text)
    __aeabi_dsub                             0x08000501   Thumb Code     6  dadd.o(.text)
    __aeabi_drsub                            0x08000507   Thumb Code     6  dadd.o(.text)
    __aeabi_dmul                             0x0800050d   Thumb Code   228  dmul.o(.text)
    __aeabi_ddiv                             0x080005f1   Thumb Code   222  ddiv.o(.text)
    __aeabi_i2f                              0x080006cf   Thumb Code    18  fflti.o(.text)
    __aeabi_ui2f                             0x080006e1   Thumb Code    10  ffltui.o(.text)
    __aeabi_i2d                              0x080006eb   Thumb Code    34  dflti.o(.text)
    __aeabi_ui2d                             0x0800070d   Thumb Code    26  dfltui.o(.text)
    __aeabi_f2uiz                            0x08000727   Thumb Code    40  ffixui.o(.text)
    __aeabi_d2uiz                            0x0800074f   Thumb Code    50  dfixui.o(.text)
    __aeabi_f2d                              0x08000781   Thumb Code    38  f2d.o(.text)
    __aeabi_uidiv                            0x080007a7   Thumb Code     0  uidiv.o(.text)
    __aeabi_uidivmod                         0x080007a7   Thumb Code    44  uidiv.o(.text)
    __aeabi_uldivmod                         0x080007d3   Thumb Code    98  uldiv.o(.text)
    __aeabi_llsl                             0x08000835   Thumb Code    30  llshl.o(.text)
    _ll_shift_l                              0x08000835   Thumb Code     0  llshl.o(.text)
    __aeabi_llsr                             0x08000853   Thumb Code    32  llushr.o(.text)
    _ll_ushift_r                             0x08000853   Thumb Code     0  llushr.o(.text)
    __aeabi_lasr                             0x08000873   Thumb Code    36  llsshr.o(.text)
    _ll_sshift_r                             0x08000873   Thumb Code     0  llsshr.o(.text)
    __I$use$fp                               0x08000897   Thumb Code     0  iusefp.o(.text)
    _float_round                             0x08000897   Thumb Code    18  fepilogue.o(.text)
    _float_epilogue                          0x080008a9   Thumb Code    92  fepilogue.o(.text)
    _double_round                            0x08000905   Thumb Code    30  depilogue.o(.text)
    _double_epilogue                         0x08000923   Thumb Code   156  depilogue.o(.text)
    __aeabi_d2ulz                            0x080009bf   Thumb Code    48  dfixul.o(.text)
    __aeabi_cdrcmple                         0x080009f1   Thumb Code    48  cdrcmple.o(.text)
    __scatterload                            0x08000a21   Thumb Code    28  init.o(.text)
    __scatterload_rt2                        0x08000a21   Thumb Code     0  init.o(.text)
    main                                     0x08000a45   Thumb Code    14  components.o(i.$Sub$$main)
    APP_Init                                 0x08000a55   Thumb Code    68  user_app.o(i.APP_Init)
    BKP_DeInit                               0x08000ab1   Thumb Code    16  stm32f10x_bkp.o(i.BKP_DeInit)
    BKP_RTCOutputConfig                      0x08000ac1   Thumb Code    22  stm32f10x_bkp.o(i.BKP_RTCOutputConfig)
    BKP_ReadBackupRegister                   0x08000add   Thumb Code    24  stm32f10x_bkp.o(i.BKP_ReadBackupRegister)
    BKP_TamperPinCmd                         0x08000af9   Thumb Code     6  stm32f10x_bkp.o(i.BKP_TamperPinCmd)
    BKP_WriteBackupRegister                  0x08000b05   Thumb Code    22  stm32f10x_bkp.o(i.BKP_WriteBackupRegister)
    BusFault_Handler                         0x08000b21   Thumb Code     4  stm32f10x_it.o(i.BusFault_Handler)
    DebugMon_Handler                         0x08000b25   Thumb Code     2  stm32f10x_it.o(i.DebugMon_Handler)
    DecryptTEA                               0x08000b29   Thumb Code   102  drv_encrypt.o(i.DecryptTEA)
    EncryptTEA                               0x08000b95   Thumb Code    96  drv_encrypt.o(i.EncryptTEA)
    GPIO_Init                                0x08000bf9   Thumb Code   274  stm32f10x_gpio.o(i.GPIO_Init)
    GPIO_ResetBits                           0x08000d0b   Thumb Code     4  stm32f10x_gpio.o(i.GPIO_ResetBits)
    GPIO_SetBits                             0x08000d0f   Thumb Code     4  stm32f10x_gpio.o(i.GPIO_SetBits)
    MemManage_Handler                        0x08000d13   Thumb Code     4  stm32f10x_it.o(i.MemManage_Handler)
    NMI_Handler                              0x08000d17   Thumb Code     2  stm32f10x_it.o(i.NMI_Handler)
    NVIC_Init                                0x08000d19   Thumb Code   102  misc.o(i.NVIC_Init)
    PWR_BackupAccessCmd                      0x08000d8d   Thumb Code     6  stm32f10x_pwr.o(i.PWR_BackupAccessCmd)
    RCC_APB1PeriphClockCmd                   0x08000d99   Thumb Code    26  stm32f10x_rcc.o(i.RCC_APB1PeriphClockCmd)
    RCC_APB2PeriphClockCmd                   0x08000db9   Thumb Code    26  stm32f10x_rcc.o(i.RCC_APB2PeriphClockCmd)
    RCC_BackupResetCmd                       0x08000dd9   Thumb Code     6  stm32f10x_rcc.o(i.RCC_BackupResetCmd)
    RCC_GetClocksFreq                        0x08000de5   Thumb Code   192  stm32f10x_rcc.o(i.RCC_GetClocksFreq)
    RCC_GetFlagStatus                        0x08000eb9   Thumb Code    56  stm32f10x_rcc.o(i.RCC_GetFlagStatus)
    RCC_LSEConfig                            0x08000ef5   Thumb Code    44  stm32f10x_rcc.o(i.RCC_LSEConfig)
    RCC_LSICmd                               0x08000f29   Thumb Code     6  stm32f10x_rcc.o(i.RCC_LSICmd)
    RCC_RTCCLKCmd                            0x08000f35   Thumb Code     6  stm32f10x_rcc.o(i.RCC_RTCCLKCmd)
    RCC_RTCCLKConfig                         0x08000f41   Thumb Code    12  stm32f10x_rcc.o(i.RCC_RTCCLKConfig)
    RTC_ClearITPendingBit                    0x08000f51   Thumb Code    12  stm32f10x_rtc.o(i.RTC_ClearITPendingBit)
    RTC_EnterConfigMode                      0x08000f61   Thumb Code    14  stm32f10x_rtc.o(i.RTC_EnterConfigMode)
    RTC_ExitConfigMode                       0x08000f75   Thumb Code    16  stm32f10x_rtc.o(i.RTC_ExitConfigMode)
    RTC_GetITStatus                          0x08000f89   Thumb Code    32  stm32f10x_rtc.o(i.RTC_GetITStatus)
    RTC_IRQHandler                           0x08000fad   Thumb Code    18  stm32f10x_it.o(i.RTC_IRQHandler)
    RTC_SetCounter                           0x08000fc1   Thumb Code    24  stm32f10x_rtc.o(i.RTC_SetCounter)
    RTC_WaitForLastTask                      0x08000fdd   Thumb Code    14  stm32f10x_rtc.o(i.RTC_WaitForLastTask)
    RTC_WaitForSynchro                       0x08000ff1   Thumb Code    28  stm32f10x_rtc.o(i.RTC_WaitForSynchro)
    SPI_Cmd                                  0x08001011   Thumb Code    24  stm32f10x_spi.o(i.SPI_Cmd)
    SPI_I2S_GetFlagStatus                    0x08001029   Thumb Code    18  stm32f10x_spi.o(i.SPI_I2S_GetFlagStatus)
    SPI_I2S_ReceiveData                      0x0800103b   Thumb Code     6  stm32f10x_spi.o(i.SPI_I2S_ReceiveData)
    SPI_I2S_SendData                         0x08001041   Thumb Code     4  stm32f10x_spi.o(i.SPI_I2S_SendData)
    SPI_Init                                 0x08001045   Thumb Code    60  stm32f10x_spi.o(i.SPI_Init)
    SVC_Handler                              0x08001081   Thumb Code     2  stm32f10x_it.o(i.SVC_Handler)
    SysTick_Handler                          0x0800116d   Thumb Code    52  board.o(i.SysTick_Handler)
    SystemCoreClockUpdate                    0x080011a9   Thumb Code   142  system_stm32f10x.o(i.SystemCoreClockUpdate)
    SystemInit                               0x0800124d   Thumb Code    16  system_stm32f10x.o(i.SystemInit)
    UART1_Init                               0x08001261   Thumb Code   182  drv_uart.o(i.UART1_Init)
    UART2_Init                               0x08001329   Thumb Code   178  drv_uart.o(i.UART2_Init)
    UART3_Init                               0x080013ed   Thumb Code   182  drv_uart.o(i.UART3_Init)
    UART_Clear                               0x080014b5   Thumb Code    24  drv_uart.o(i.UART_Clear)
    UART_Init                                0x080014cd   Thumb Code    22  drv_uart.o(i.UART_Init)
    USART1_IRQHandler                        0x080014f5   Thumb Code   100  drv_uart.o(i.USART1_IRQHandler)
    USART2_IRQHandler                        0x08001561   Thumb Code   110  drv_uart.o(i.USART2_IRQHandler)
    USART3_IRQHandler                        0x080015d9   Thumb Code   100  drv_uart.o(i.USART3_IRQHandler)
    USART_ClearFlag                          0x08001645   Thumb Code    18  stm32f10x_usart.o(i.USART_ClearFlag)
    USART_ClearITPendingBit                  0x08001657   Thumb Code    30  stm32f10x_usart.o(i.USART_ClearITPendingBit)
    USART_Cmd                                0x08001675   Thumb Code    24  stm32f10x_usart.o(i.USART_Cmd)
    USART_GetFlagStatus                      0x0800168d   Thumb Code    26  stm32f10x_usart.o(i.USART_GetFlagStatus)
    USART_GetITStatus                        0x080016a7   Thumb Code    84  stm32f10x_usart.o(i.USART_GetITStatus)
    USART_ITConfig                           0x080016fb   Thumb Code    74  stm32f10x_usart.o(i.USART_ITConfig)
    USART_Init                               0x08001745   Thumb Code   210  stm32f10x_usart.o(i.USART_Init)
    USART_ReceiveData                        0x0800181d   Thumb Code    10  stm32f10x_usart.o(i.USART_ReceiveData)
    USART_SendData                           0x08001827   Thumb Code     8  stm32f10x_usart.o(i.USART_SendData)
    UsageFault_Handler                       0x0800182f   Thumb Code     4  stm32f10x_it.o(i.UsageFault_Handler)
    WWDG_Enable                              0x08001835   Thumb Code    10  stm32f10x_wwdg.o(i.WWDG_Enable)
    WWDG_SetPrescaler                        0x08001845   Thumb Code    18  stm32f10x_wwdg.o(i.WWDG_SetPrescaler)
    WWDG_SetWindowValue                      0x0800185d   Thumb Code    34  stm32f10x_wwdg.o(i.WWDG_SetWindowValue)
    __0printf                                0x080018b5   Thumb Code    22  printfa.o(i.__0printf)
    __1printf                                0x080018b5   Thumb Code     0  printfa.o(i.__0printf)
    __2printf                                0x080018b5   Thumb Code     0  printfa.o(i.__0printf)
    __c89printf                              0x080018b5   Thumb Code     0  printfa.o(i.__0printf)
    printf                                   0x080018b5   Thumb Code     0  printfa.o(i.__0printf)
    __rt_ffs                                 0x080018d5   Thumb Code    70  kservice.o(i.__rt_ffs)
    __scatterload_copy                       0x08001921   Thumb Code    14  handlers.o(i.__scatterload_copy)
    __scatterload_null                       0x0800192f   Thumb Code     2  handlers.o(i.__scatterload_null)
    __scatterload_zeroinit                   0x08001931   Thumb Code    14  handlers.o(i.__scatterload_zeroinit)
    aes_decrypt_buff                         0x080022fd   Thumb Code   196  drv_encrypt.o(i.aes_decrypt_buff)
    aes_encrypt_buff                         0x080023c1   Thumb Code   250  drv_encrypt.o(i.aes_encrypt_buff)
    app_sx1278_init                          0x08002895   Thumb Code    18  app_sx1278.o(i.app_sx1278_init)
    app_sx1278_thread_entry                  0x0800290d   Thumb Code    38  app_sx1278.o(i.app_sx1278_thread_entry)
    app_uart_thread_entry                    0x0800293d   Thumb Code   124  user_app.o(i.app_uart_thread_entry)
    bsp_sx1278_set_param                     0x080029e5   Thumb Code    34  app_sx1278.o(i.bsp_sx1278_set_param)
    delay_ms                                 0x08002a0d   Thumb Code    26  drv_common.o(i.delay_ms)
    delay_os                                 0x08002a2d   Thumb Code    24  drv_common.o(i.delay_os)
    drv_common_init                          0x08002a45   Thumb Code    88  drv_common.o(i.drv_common_init)
    drv_crc16                                0x08002add   Thumb Code    48  drv_common.o(i.drv_crc16)
    drv_get_sec_counter                      0x08002b15   Thumb Code     6  drv_common.o(i.drv_get_sec_counter)
    drv_rtc_init                             0x08002b21   Thumb Code   188  drv_common.o(i.drv_rtc_init)
    drv_set_rtc_counter                      0x08002c15   Thumb Code    12  drv_common.o(i.drv_set_rtc_counter)
    drv_sx1278_cad_check                     0x08002c21   Thumb Code    66  drv_sx1278.o(i.drv_sx1278_cad_check)
    drv_sx1278_cad_init                      0x08002c63   Thumb Code    62  drv_sx1278.o(i.drv_sx1278_cad_init)
    drv_sx1278_calcu_air_time                0x08002ca1   Thumb Code   266  drv_sx1278.o(i.drv_sx1278_calcu_air_time)
    drv_sx1278_get_rf_freq                   0x08002dd9   Thumb Code    62  drv_sx1278.o(i.drv_sx1278_get_rf_freq)
    drv_sx1278_get_version                   0x08002e17   Thumb Code    14  drv_sx1278.o(i.drv_sx1278_get_version)
    drv_sx1278_init                          0x08002e25   Thumb Code    40  drv_sx1278.o(i.drv_sx1278_init)
    drv_sx1278_read_rssi                     0x08002e69   Thumb Code    88  drv_sx1278.o(i.drv_sx1278_read_rssi)
    drv_sx1278_recv_check                    0x08002ec5   Thumb Code   102  drv_sx1278.o(i.drv_sx1278_recv_check)
    drv_sx1278_recv_init                     0x08002f2b   Thumb Code    82  drv_sx1278.o(i.drv_sx1278_recv_init)
    drv_sx1278_send                          0x08002f7d   Thumb Code   120  drv_sx1278.o(i.drv_sx1278_send)
    drv_sx1278_send_check                    0x08002ff5   Thumb Code    38  drv_sx1278.o(i.drv_sx1278_send_check)
    drv_sx1278_set_bw                        0x0800301b   Thumb Code    32  drv_sx1278.o(i.drv_sx1278_set_bw)
    drv_sx1278_set_default_param             0x0800303d   Thumb Code   140  drv_sx1278.o(i.drv_sx1278_set_default_param)
    drv_sx1278_set_error_coding              0x080030cd   Thumb Code    36  drv_sx1278.o(i.drv_sx1278_set_error_coding)
    drv_sx1278_set_implicit_header_on        0x080030f1   Thumb Code    34  drv_sx1278.o(i.drv_sx1278_set_implicit_header_on)
    drv_sx1278_set_lowdatarateoptimize       0x08003113   Thumb Code    34  drv_sx1278.o(i.drv_sx1278_set_lowdatarateoptimize)
    drv_sx1278_set_nb_trig_peaks             0x08003135   Thumb Code    34  drv_sx1278.o(i.drv_sx1278_set_nb_trig_peaks)
    drv_sx1278_set_on                        0x08003157   Thumb Code    68  drv_sx1278.o(i.drv_sx1278_set_on)
    drv_sx1278_set_op_mode                   0x0800319b   Thumb Code    34  drv_sx1278.o(i.drv_sx1278_set_op_mode)
    drv_sx1278_set_pa20dBm                   0x080031bd   Thumb Code    60  drv_sx1278.o(i.drv_sx1278_set_pa20dBm)
    drv_sx1278_set_pa_output                 0x080031f9   Thumb Code    34  drv_sx1278.o(i.drv_sx1278_set_pa_output)
    drv_sx1278_set_packet_crc_on             0x0800321b   Thumb Code    34  drv_sx1278.o(i.drv_sx1278_set_packet_crc_on)
    drv_sx1278_set_payload_length            0x0800323d   Thumb Code    18  drv_sx1278.o(i.drv_sx1278_set_payload_length)
    drv_sx1278_set_rf_freq                   0x08003251   Thumb Code    70  drv_sx1278.o(i.drv_sx1278_set_rf_freq)
    drv_sx1278_set_rf_power                  0x0800329d   Thumb Code   144  drv_sx1278.o(i.drv_sx1278_set_rf_power)
    drv_sx1278_set_sf                        0x08003335   Thumb Code    88  drv_sx1278.o(i.drv_sx1278_set_sf)
    drv_sx1278_set_symb_timeout              0x0800338d   Thumb Code    52  drv_sx1278.o(i.drv_sx1278_set_symb_timeout)
    drv_system_reset                         0x080033c1   Thumb Code    44  drv_common.o(i.drv_system_reset)
    drv_wdog_feed                            0x08003401   Thumb Code     2  drv_common.o(i.drv_wdog_feed)
    drv_wdog_init                            0x08003403   Thumb Code     2  drv_common.o(i.drv_wdog_init)
    fputc                                    0x08003405   Thumb Code    32  drv_uart.o(i.fputc)
    hal_sx1278_read_addr                     0x08003429   Thumb Code    28  hal_sx1278.o(i.hal_sx1278_read_addr)
    hal_sx1278_read_buffer                   0x08003445   Thumb Code    58  hal_sx1278.o(i.hal_sx1278_read_buffer)
    hal_sx1278_read_fifo                     0x0800347f   Thumb Code    22  hal_sx1278.o(i.hal_sx1278_read_fifo)
    hal_sx1278_rst                           0x08003495   Thumb Code    10  hal_sx1278.o(i.hal_sx1278_rst)
    hal_sx1278_spi_rw_byte                   0x0800349f   Thumb Code    18  hal_sx1278.o(i.hal_sx1278_spi_rw_byte)
    hal_sx1278_write_addr                    0x080034b1   Thumb Code    20  hal_sx1278.o(i.hal_sx1278_write_addr)
    hal_sx1278_write_buffer                  0x080034c5   Thumb Code    56  hal_sx1278.o(i.hal_sx1278_write_buffer)
    hal_sx1278_write_fifo                    0x080034fd   Thumb Code    22  hal_sx1278.o(i.hal_sx1278_write_fifo)
    $Super$$main                             0x08003515   Thumb Code    56  main.o(i.main)
    main_thread_entry                        0x080035bd   Thumb Code    14  components.o(i.main_thread_entry)
    mbedtls_aes_crypt_cbc                    0x080035cb   Thumb Code   162  aes.o(i.mbedtls_aes_crypt_cbc)
    mbedtls_aes_crypt_ecb                    0x0800366d   Thumb Code    38  aes.o(i.mbedtls_aes_crypt_ecb)
    mbedtls_aes_free                         0x08003693   Thumb Code    22  aes.o(i.mbedtls_aes_free)
    mbedtls_aes_init                         0x080036a9   Thumb Code    16  aes.o(i.mbedtls_aes_init)
    mbedtls_aes_setkey_dec                   0x080036b9   Thumb Code   204  aes.o(i.mbedtls_aes_setkey_dec)
    mbedtls_aes_setkey_enc                   0x08003799   Thumb Code   520  aes.o(i.mbedtls_aes_setkey_enc)
    mbedtls_internal_aes_decrypt             0x080039ad   Thumb Code  1262  aes.o(i.mbedtls_internal_aes_decrypt)
    mbedtls_internal_aes_encrypt             0x08003eb1   Thumb Code  1262  aes.o(i.mbedtls_internal_aes_encrypt)
    nwk_aes_decrypt                          0x080043cb   Thumb Code    36  nwk_bsp.o(i.nwk_aes_decrypt)
    nwk_aes_encrypt                          0x080043ef   Thumb Code    36  nwk_bsp.o(i.nwk_aes_encrypt)
    nwk_crc16                                0x08004413   Thumb Code    16  nwk_bsp.o(i.nwk_crc16)
    nwk_delay_ms                             0x08004423   Thumb Code    12  nwk_bsp.o(i.nwk_delay_ms)
    nwk_find_head                            0x0800442f   Thumb Code    72  nwk_bsp.o(i.nwk_find_head)
    nwk_get_channel                          0x08004479   Thumb Code    30  nwk_bsp.o(i.nwk_get_channel)
    nwk_get_rand                             0x0800449d   Thumb Code    38  nwk_bsp.o(i.nwk_get_rand)
    nwk_get_rtc_counter                      0x080044c9   Thumb Code     8  nwk_bsp.o(i.nwk_get_rtc_counter)
    nwk_node_add_gw                          0x080044d1   Thumb Code    56  nwk_node.o(i.nwk_node_add_gw)
    nwk_node_cad_check                       0x0800450d   Thumb Code    22  nwk_node.o(i.nwk_node_cad_check)
    nwk_node_cad_init                        0x08004529   Thumb Code    22  nwk_node.o(i.nwk_node_cad_init)
    nwk_node_calcu_air_time                  0x08004545   Thumb Code    30  nwk_node.o(i.nwk_node_calcu_air_time)
    nwk_node_main                            0x08004565   Thumb Code   130  nwk_node.o(i.nwk_node_main)
    nwk_node_make_send_buff                  0x080045ed   Thumb Code   398  nwk_node.o(i.nwk_node_make_send_buff)
    nwk_node_recv_check                      0x08004781   Thumb Code    48  nwk_node.o(i.nwk_node_recv_check)
    nwk_node_recv_from_check                 0x080047b5   Thumb Code    20  nwk_node.o(i.nwk_node_recv_from_check)
    nwk_node_recv_init                       0x080047cd   Thumb Code    22  nwk_node.o(i.nwk_node_recv_init)
    nwk_node_recv_parse                      0x080047e9   Thumb Code   762  nwk_node.o(i.nwk_node_recv_parse)
    nwk_node_rx_process                      0x08004c39   Thumb Code  1382  nwk_node.o(i.nwk_node_rx_process)
    nwk_node_search_gw                       0x080051e5   Thumb Code    38  nwk_node.o(i.nwk_node_search_gw)
    nwk_node_search_process                  0x08005211   Thumb Code   414  nwk_node.o(i.nwk_node_search_process)
    nwk_node_select_gw                       0x08005441   Thumb Code    32  nwk_node.o(i.nwk_node_select_gw)
    nwk_node_send2gateway                    0x08005465   Thumb Code    54  nwk_node.o(i.nwk_node_send2gateway)
    nwk_node_send_buff                       0x080054b1   Thumb Code    30  nwk_node.o(i.nwk_node_send_buff)
    nwk_node_send_check                      0x080054d5   Thumb Code    22  nwk_node.o(i.nwk_node_send_check)
    nwk_node_send_sniff                      0x080054f1   Thumb Code   126  nwk_node.o(i.nwk_node_send_sniff)
    nwk_node_set_lora_dev                    0x08005585   Thumb Code     6  nwk_node.o(i.nwk_node_set_lora_dev)
    nwk_node_set_lora_param                  0x08005591   Thumb Code    50  nwk_node.o(i.nwk_node_set_lora_param)
    nwk_node_set_sn                          0x080055c9   Thumb Code     6  nwk_node.o(i.nwk_node_set_sn)
    nwk_node_set_wake_period                 0x080055d5   Thumb Code     8  nwk_node.o(i.nwk_node_set_wake_period)
    nwk_node_sleep_init                      0x080055e1   Thumb Code    24  nwk_node.o(i.nwk_node_sleep_init)
    nwk_node_tx_d2d_process                  0x080055fd   Thumb Code    12  nwk_node.o(i.nwk_node_tx_d2d_process)
    nwk_node_tx_gw_process                   0x0800560d   Thumb Code  1512  nwk_node.o(i.nwk_node_tx_gw_process)
    nwk_node_work_check                      0x08005c85   Thumb Code   582  nwk_node.o(i.nwk_node_work_check)
    nwk_set_rtc_counter                      0x08005f21   Thumb Code    12  nwk_bsp.o(i.nwk_set_rtc_counter)
    nwk_tea_decrypt                          0x08005f2d   Thumb Code    20  nwk_bsp.o(i.nwk_tea_decrypt)
    nwk_tea_encrypt                          0x08005f41   Thumb Code    20  nwk_bsp.o(i.nwk_tea_encrypt)
    printf_hex                               0x08005fcd   Thumb Code    48  drv_common.o(i.printf_hex)
    rt_application_init                      0x0800600d   Thumb Code    34  components.o(i.rt_application_init)
    rt_components_board_init                 0x0800603d   Thumb Code    20  components.o(i.rt_components_board_init)
    rt_components_init                       0x08006059   Thumb Code    20  components.o(i.rt_components_init)
    rt_enter_critical                        0x08006075   Thumb Code    28  scheduler.o(i.rt_enter_critical)
    rt_exit_critical                         0x08006095   Thumb Code    54  scheduler.o(i.rt_exit_critical)
    rt_free                                  0x080060d1   Thumb Code    98  mem.o(i.rt_free)
    rt_heap_begin_get                        0x08006149   Thumb Code     4  board.o(i.rt_heap_begin_get)
    rt_heap_end_get                          0x08006151   Thumb Code     4  board.o(i.rt_heap_end_get)
    rt_hw_board_init                         0x08006159   Thumb Code    54  board.o(i.rt_hw_board_init)
    rt_hw_hard_fault_exception               0x08006195   Thumb Code    32  cpuport.o(i.rt_hw_hard_fault_exception)
    rt_hw_stack_init                         0x080061b9   Thumb Code    70  cpuport.o(i.rt_hw_stack_init)
    rt_interrupt_enter                       0x08006205   Thumb Code    26  irq.o(i.rt_interrupt_enter)
    rt_interrupt_leave                       0x08006225   Thumb Code    26  irq.o(i.rt_interrupt_leave)
    rt_malloc                                0x08006365   Thumb Code   336  mem.o(i.rt_malloc)
    rt_memset                                0x080064d1   Thumb Code    72  kservice.o(i.rt_memset)
    rt_object_allocate                       0x08006519   Thumb Code    74  object.o(i.rt_object_allocate)
    rt_object_delete                         0x08006563   Thumb Code    32  object.o(i.rt_object_delete)
    rt_object_detach                         0x08006583   Thumb Code    26  object.o(i.rt_object_detach)
    rt_object_get_information                0x0800659d   Thumb Code    36  object.o(i.rt_object_get_information)
    rt_object_init                           0x080065c5   Thumb Code    60  object.o(i.rt_object_init)
    rt_object_is_systemobject                0x08006601   Thumb Code    18  object.o(i.rt_object_is_systemobject)
    rt_schedule                              0x08006615   Thumb Code   118  scheduler.o(i.rt_schedule)
    rt_schedule_insert_thread                0x080066a5   Thumb Code    72  scheduler.o(i.rt_schedule_insert_thread)
    rt_schedule_remove_thread                0x080066f5   Thumb Code    76  scheduler.o(i.rt_schedule_remove_thread)
    rt_sem_init                              0x08006749   Thumb Code    38  ipc.o(i.rt_sem_init)
    rt_sem_release                           0x0800676f   Thumb Code    58  ipc.o(i.rt_sem_release)
    rt_sem_take                              0x080067a9   Thumb Code   116  ipc.o(i.rt_sem_take)
    rt_show_version                          0x0800681d   Thumb Code     2  kservice.o(i.rt_show_version)
    rt_strncpy                               0x0800681f   Thumb Code    52  kservice.o(i.rt_strncpy)
    rt_system_heap_init                      0x08006855   Thumb Code   146  mem.o(i.rt_system_heap_init)
    rt_system_scheduler_init                 0x08006905   Thumb Code    52  scheduler.o(i.rt_system_scheduler_init)
    rt_system_scheduler_start                0x08006951   Thumb Code    36  scheduler.o(i.rt_system_scheduler_start)
    rt_system_timer_init                     0x08006981   Thumb Code    24  timer.o(i.rt_system_timer_init)
    rt_system_timer_thread_init              0x0800699d   Thumb Code     2  timer.o(i.rt_system_timer_thread_init)
    rt_thread_create                         0x0800699f   Thumb Code    80  thread.o(i.rt_thread_create)
    rt_thread_delay                          0x080069ef   Thumb Code    12  thread.o(i.rt_thread_delay)
    rt_thread_exit                           0x080069fd   Thumb Code    76  thread.o(i.rt_thread_exit)
    rt_thread_idle_excute                    0x08006a59   Thumb Code   128  idle.o(i.rt_thread_idle_excute)
    rt_thread_idle_init                      0x08006add   Thumb Code    38  idle.o(i.rt_thread_idle_init)
    rt_thread_init                           0x08006b19   Thumb Code    52  thread.o(i.rt_thread_init)
    rt_thread_resume                         0x08006b4d   Thumb Code    60  thread.o(i.rt_thread_resume)
    rt_thread_self                           0x08006b89   Thumb Code     6  thread.o(i.rt_thread_self)
    rt_thread_sleep                          0x08006b95   Thumb Code    62  thread.o(i.rt_thread_sleep)
    rt_thread_startup                        0x08006bd9   Thumb Code    44  thread.o(i.rt_thread_startup)
    rt_thread_suspend                        0x08006c05   Thumb Code    68  thread.o(i.rt_thread_suspend)
    rt_thread_timeout                        0x08006c49   Thumb Code    32  thread.o(i.rt_thread_timeout)
    rt_thread_yield                          0x08006c69   Thumb Code    92  thread.o(i.rt_thread_yield)
    rt_tick_get                              0x08006ccd   Thumb Code     6  clock.o(i.rt_tick_get)
    rt_tick_increase                         0x08006cd9   Thumb Code    42  clock.o(i.rt_tick_increase)
    rt_timer_check                           0x08006d09   Thumb Code   118  timer.o(i.rt_timer_check)
    rt_timer_control                         0x08006d85   Thumb Code    56  timer.o(i.rt_timer_control)
    rt_timer_detach                          0x08006dbd   Thumb Code    32  timer.o(i.rt_timer_detach)
    rt_timer_init                            0x08006ddd   Thumb Code    46  timer.o(i.rt_timer_init)
    rt_timer_start                           0x08006e0d   Thumb Code   238  timer.o(i.rt_timer_start)
    rt_timer_stop                            0x08006f05   Thumb Code    48  timer.o(i.rt_timer_stop)
    rtthread_startup                         0x08006f45   Thumb Code    42  components.o(i.rtthread_startup)
    tea_decrypt_buff                         0x08006f71   Thumb Code    78  drv_encrypt.o(i.tea_decrypt_buff)
    tea_encrypt_buff                         0x08006fd9   Thumb Code    78  drv_encrypt.o(i.tea_encrypt_buff)
    __lowest_bit_bitmap                      0x08007240   Data         256  kservice.o(.constdata)
    __rt_init_rti_start                      0x08007374   Data           4  components.o(.rti_fn.0)
    __rt_init_rti_board_start                0x08007378   Data           4  components.o(.rti_fn.0.end)
    __rt_init_rti_board_end                  0x0800737c   Data           4  components.o(.rti_fn.1.end)
    __rt_init_rti_end                        0x08007380   Data           4  components.o(.rti_fn.6.end)
    Region$$Table$$Base                      0x08007384   Number         0  anon$$obj.o(Region$$Table)
    Region$$Table$$Limit                     0x080073a4   Number         0  anon$$obj.o(Region$$Table)
    SystemCoreClock                          0x20000000   Data           4  system_stm32f10x.o(.data)
    AHBPrescTable                            0x20000004   Data          16  system_stm32f10x.o(.data)
    g_u32SecCounter                          0x20000018   Data           4  drv_common.o(.data)
    tickets_us                               0x2000001c   Data           4  drv_common.o(.data)
    tickets_ms                               0x20000020   Data           4  drv_common.o(.data)
    bWatchDog                                0x20000024   Data           1  drv_common.o(.data)
    rt_interrupt_from_thread                 0x2000002c   Data           4  cpuport.o(.data)
    rt_interrupt_to_thread                   0x20000030   Data           4  cpuport.o(.data)
    rt_thread_switch_interrupt_flag          0x20000034   Data           4  cpuport.o(.data)
    rt_interrupt_nest                        0x20000040   Data           1  irq.o(.data)
    rt_current_thread                        0x200000c0   Data           4  scheduler.o(.data)
    rt_current_priority                      0x200000c4   Data           1  scheduler.o(.data)
    rt_thread_ready_priority_group           0x200000c8   Data           4  scheduler.o(.data)
    rt_thread_defunct                        0x200000cc   Data           8  scheduler.o(.data)
    __stdout                                 0x20000114   Data           4  stdout.o(.data)
    g_sDrvSx1278                             0x20000118   Data          16  app_sx1278.o(.bss)
    g_sUART1                                 0x20000128   Data          20  drv_uart.o(.bss)
    g_sUART2                                 0x2000013c   Data          20  drv_uart.o(.bss)
    g_sUART3                                 0x20000150   Data          20  drv_uart.o(.bss)
    g_u8UART1_Buff                           0x20000164   Data         256  drv_uart.o(.bss)
    g_u8UART2_Buff                           0x20000264   Data         256  drv_uart.o(.bss)
    g_u8UART3_Buff                           0x20000364   Data         256  drv_uart.o(.bss)
    rt_thread_priority_table                 0x20001714   Data         256  scheduler.o(.bss)
    g_sNwkNodeWork                           0x2000423c   Data         764  nwk_node.o(.bss)
    __initial_sp                             0x20004738   Data           0  startup_stm32f10x_md.o(STACK)



==============================================================================

Memory Map of the image

  Image Entry point : 0x080000ed

  Load Region LR_IROM1 (Base: 0x08000000, Size: 0x000074bc, Max: 0x00009000, ABSOLUTE)

    Execution Region ER_IROM1 (Base: 0x08000000, Size: 0x000073a4, Max: 0x00009000, ABSOLUTE)

    Base Addr    Size         Type   Attr      Idx    E Section Name        Object

    0x08000000   0x000000ec   Data   RO           19    RESET               startup_stm32f10x_md.o
    0x080000ec   0x00000000   Code   RO         4208  * .ARM.Collect$$$$00000000  mc_w.l(entry.o)
    0x080000ec   0x00000004   Code   RO         4543    .ARM.Collect$$$$00000001  mc_w.l(entry2.o)
    0x080000f0   0x00000004   Code   RO         4546    .ARM.Collect$$$$00000004  mc_w.l(entry5.o)
    0x080000f4   0x00000000   Code   RO         4548    .ARM.Collect$$$$00000008  mc_w.l(entry7b.o)
    0x080000f4   0x00000000   Code   RO         4550    .ARM.Collect$$$$0000000A  mc_w.l(entry8b.o)
    0x080000f4   0x00000008   Code   RO         4551    .ARM.Collect$$$$0000000B  mc_w.l(entry9a.o)
    0x080000fc   0x00000000   Code   RO         4553    .ARM.Collect$$$$0000000D  mc_w.l(entry10a.o)
    0x080000fc   0x00000000   Code   RO         4555    .ARM.Collect$$$$0000000F  mc_w.l(entry11a.o)
    0x080000fc   0x00000004   Code   RO         4544    .ARM.Collect$$$$00002712  mc_w.l(entry2.o)
    0x08000100   0x00000024   Code   RO           20    .text               startup_stm32f10x_md.o
    0x08000124   0x000000f0   Code   RO         1879    .text               context_rvds.o
    0x08000214   0x00000024   Code   RO         4211    .text               mc_w.l(rand.o)
    0x08000238   0x00000024   Code   RO         4214    .text               mc_w.l(memcpya.o)
    0x0800025c   0x00000024   Code   RO         4216    .text               mc_w.l(memseta.o)
    0x08000280   0x00000024   Code   RO         4218    .text               mc_w.l(strstr.o)
    0x080002a4   0x0000000e   Code   RO         4220    .text               mc_w.l(strlen.o)
    0x080002b2   0x0000001a   Code   RO         4222    .text               mc_w.l(memcmp.o)
    0x080002cc   0x00000012   Code   RO         4224    .text               mc_w.l(strcpy.o)
    0x080002de   0x00000064   Code   RO         4519    .text               mf_w.l(fmul.o)
    0x08000342   0x0000007c   Code   RO         4521    .text               mf_w.l(fdiv.o)
    0x080003be   0x0000014e   Code   RO         4523    .text               mf_w.l(dadd.o)
    0x0800050c   0x000000e4   Code   RO         4525    .text               mf_w.l(dmul.o)
    0x080005f0   0x000000de   Code   RO         4527    .text               mf_w.l(ddiv.o)
    0x080006ce   0x00000012   Code   RO         4529    .text               mf_w.l(fflti.o)
    0x080006e0   0x0000000a   Code   RO         4531    .text               mf_w.l(ffltui.o)
    0x080006ea   0x00000022   Code   RO         4533    .text               mf_w.l(dflti.o)
    0x0800070c   0x0000001a   Code   RO         4535    .text               mf_w.l(dfltui.o)
    0x08000726   0x00000028   Code   RO         4537    .text               mf_w.l(ffixui.o)
    0x0800074e   0x00000032   Code   RO         4539    .text               mf_w.l(dfixui.o)
    0x08000780   0x00000026   Code   RO         4541    .text               mf_w.l(f2d.o)
    0x080007a6   0x0000002c   Code   RO         4558    .text               mc_w.l(uidiv.o)
    0x080007d2   0x00000062   Code   RO         4560    .text               mc_w.l(uldiv.o)
    0x08000834   0x0000001e   Code   RO         4562    .text               mc_w.l(llshl.o)
    0x08000852   0x00000020   Code   RO         4564    .text               mc_w.l(llushr.o)
    0x08000872   0x00000024   Code   RO         4566    .text               mc_w.l(llsshr.o)
    0x08000896   0x00000000   Code   RO         4570    .text               mc_w.l(iusefp.o)
    0x08000896   0x0000006e   Code   RO         4571    .text               mf_w.l(fepilogue.o)
    0x08000904   0x000000ba   Code   RO         4573    .text               mf_w.l(depilogue.o)
    0x080009be   0x00000030   Code   RO         4575    .text               mf_w.l(dfixul.o)
    0x080009ee   0x00000002   PAD
    0x080009f0   0x00000030   Code   RO         4577    .text               mf_w.l(cdrcmple.o)
    0x08000a20   0x00000024   Code   RO         4579    .text               mc_w.l(init.o)
    0x08000a44   0x0000000e   Code   RO          915    i.$Sub$$main        components.o
    0x08000a52   0x00000002   PAD
    0x08000a54   0x0000005c   Code   RO          307    i.APP_Init          user_app.o
    0x08000ab0   0x00000010   Code   RO         3116    i.BKP_DeInit        f103c8t6.lib(stm32f10x_bkp.o)
    0x08000ac0   0x0000001c   Code   RO         3120    i.BKP_RTCOutputConfig  f103c8t6.lib(stm32f10x_bkp.o)
    0x08000adc   0x0000001c   Code   RO         3121    i.BKP_ReadBackupRegister  f103c8t6.lib(stm32f10x_bkp.o)
    0x08000af8   0x0000000c   Code   RO         3123    i.BKP_TamperPinCmd  f103c8t6.lib(stm32f10x_bkp.o)
    0x08000b04   0x0000001c   Code   RO         3125    i.BKP_WriteBackupRegister  f103c8t6.lib(stm32f10x_bkp.o)
    0x08000b20   0x00000004   Code   RO           24    i.BusFault_Handler  stm32f10x_it.o
    0x08000b24   0x00000002   Code   RO           25    i.DebugMon_Handler  stm32f10x_it.o
    0x08000b26   0x00000002   PAD
    0x08000b28   0x0000006c   Code   RO          795    i.DecryptTEA        drv_encrypt.o
    0x08000b94   0x00000064   Code   RO          796    i.EncryptTEA        drv_encrypt.o
    0x08000bf8   0x00000112   Code   RO         3372    i.GPIO_Init         f103c8t6.lib(stm32f10x_gpio.o)
    0x08000d0a   0x00000004   Code   RO         3379    i.GPIO_ResetBits    f103c8t6.lib(stm32f10x_gpio.o)
    0x08000d0e   0x00000004   Code   RO         3380    i.GPIO_SetBits      f103c8t6.lib(stm32f10x_gpio.o)
    0x08000d12   0x00000004   Code   RO           26    i.MemManage_Handler  stm32f10x_it.o
    0x08000d16   0x00000002   Code   RO           27    i.NMI_Handler       stm32f10x_it.o
    0x08000d18   0x00000074   Code   RO         2992    i.NVIC_Init         f103c8t6.lib(misc.o)
    0x08000d8c   0x0000000c   Code   RO         3480    i.PWR_BackupAccessCmd  f103c8t6.lib(stm32f10x_pwr.o)
    0x08000d98   0x00000020   Code   RO         3542    i.RCC_APB1PeriphClockCmd  f103c8t6.lib(stm32f10x_rcc.o)
    0x08000db8   0x00000020   Code   RO         3544    i.RCC_APB2PeriphClockCmd  f103c8t6.lib(stm32f10x_rcc.o)
    0x08000dd8   0x0000000c   Code   RO         3547    i.RCC_BackupResetCmd  f103c8t6.lib(stm32f10x_rcc.o)
    0x08000de4   0x000000d4   Code   RO         3552    i.RCC_GetClocksFreq  f103c8t6.lib(stm32f10x_rcc.o)
    0x08000eb8   0x0000003c   Code   RO         3553    i.RCC_GetFlagStatus  f103c8t6.lib(stm32f10x_rcc.o)
    0x08000ef4   0x00000034   Code   RO         3560    i.RCC_LSEConfig     f103c8t6.lib(stm32f10x_rcc.o)
    0x08000f28   0x0000000c   Code   RO         3561    i.RCC_LSICmd        f103c8t6.lib(stm32f10x_rcc.o)
    0x08000f34   0x0000000c   Code   RO         3567    i.RCC_RTCCLKCmd     f103c8t6.lib(stm32f10x_rcc.o)
    0x08000f40   0x00000010   Code   RO         3568    i.RCC_RTCCLKConfig  f103c8t6.lib(stm32f10x_rcc.o)
    0x08000f50   0x00000010   Code   RO         3741    i.RTC_ClearITPendingBit  f103c8t6.lib(stm32f10x_rtc.o)
    0x08000f60   0x00000014   Code   RO         3742    i.RTC_EnterConfigMode  f103c8t6.lib(stm32f10x_rtc.o)
    0x08000f74   0x00000014   Code   RO         3743    i.RTC_ExitConfigMode  f103c8t6.lib(stm32f10x_rtc.o)
    0x08000f88   0x00000024   Code   RO         3747    i.RTC_GetITStatus   f103c8t6.lib(stm32f10x_rtc.o)
    0x08000fac   0x00000012   Code   RO           28    i.RTC_IRQHandler    stm32f10x_it.o
    0x08000fbe   0x00000002   PAD
    0x08000fc0   0x0000001c   Code   RO         3750    i.RTC_SetCounter    f103c8t6.lib(stm32f10x_rtc.o)
    0x08000fdc   0x00000014   Code   RO         3752    i.RTC_WaitForLastTask  f103c8t6.lib(stm32f10x_rtc.o)
    0x08000ff0   0x00000020   Code   RO         3753    i.RTC_WaitForSynchro  f103c8t6.lib(stm32f10x_rtc.o)
    0x08001010   0x00000018   Code   RO         3835    i.SPI_Cmd           f103c8t6.lib(stm32f10x_spi.o)
    0x08001028   0x00000012   Code   RO         3843    i.SPI_I2S_GetFlagStatus  f103c8t6.lib(stm32f10x_spi.o)
    0x0800103a   0x00000006   Code   RO         3846    i.SPI_I2S_ReceiveData  f103c8t6.lib(stm32f10x_spi.o)
    0x08001040   0x00000004   Code   RO         3847    i.SPI_I2S_SendData  f103c8t6.lib(stm32f10x_spi.o)
    0x08001044   0x0000003c   Code   RO         3848    i.SPI_Init          f103c8t6.lib(stm32f10x_spi.o)
    0x08001080   0x00000002   Code   RO           29    i.SVC_Handler       stm32f10x_it.o
    0x08001082   0x00000008   Code   RO          165    i.SetSysClock       system_stm32f10x.o
    0x0800108a   0x00000002   PAD
    0x0800108c   0x000000e0   Code   RO          166    i.SetSysClockTo72   system_stm32f10x.o
    0x0800116c   0x0000003c   Code   RO          665    i.SysTick_Handler   board.o
    0x080011a8   0x000000a4   Code   RO          167    i.SystemCoreClockUpdate  system_stm32f10x.o
    0x0800124c   0x00000014   Code   RO          168    i.SystemInit        system_stm32f10x.o
    0x08001260   0x000000c8   Code   RO          575    i.UART1_Init        drv_uart.o
    0x08001328   0x000000c4   Code   RO          577    i.UART2_Init        drv_uart.o
    0x080013ec   0x000000c8   Code   RO          579    i.UART3_Init        drv_uart.o
    0x080014b4   0x00000018   Code   RO          581    i.UART_Clear        drv_uart.o
    0x080014cc   0x00000028   Code   RO          582    i.UART_Init         drv_uart.o
    0x080014f4   0x0000006c   Code   RO          584    i.USART1_IRQHandler  drv_uart.o
    0x08001560   0x00000078   Code   RO          585    i.USART2_IRQHandler  drv_uart.o
    0x080015d8   0x0000006c   Code   RO          586    i.USART3_IRQHandler  drv_uart.o
    0x08001644   0x00000012   Code   RO         3974    i.USART_ClearFlag   f103c8t6.lib(stm32f10x_usart.o)
    0x08001656   0x0000001e   Code   RO         3975    i.USART_ClearITPendingBit  f103c8t6.lib(stm32f10x_usart.o)
    0x08001674   0x00000018   Code   RO         3978    i.USART_Cmd         f103c8t6.lib(stm32f10x_usart.o)
    0x0800168c   0x0000001a   Code   RO         3981    i.USART_GetFlagStatus  f103c8t6.lib(stm32f10x_usart.o)
    0x080016a6   0x00000054   Code   RO         3982    i.USART_GetITStatus  f103c8t6.lib(stm32f10x_usart.o)
    0x080016fa   0x0000004a   Code   RO         3984    i.USART_ITConfig    f103c8t6.lib(stm32f10x_usart.o)
    0x08001744   0x000000d8   Code   RO         3985    i.USART_Init        f103c8t6.lib(stm32f10x_usart.o)
    0x0800181c   0x0000000a   Code   RO         3992    i.USART_ReceiveData  f103c8t6.lib(stm32f10x_usart.o)
    0x08001826   0x00000008   Code   RO         3995    i.USART_SendData    f103c8t6.lib(stm32f10x_usart.o)
    0x0800182e   0x00000004   Code   RO           31    i.UsageFault_Handler  stm32f10x_it.o
    0x08001832   0x00000002   PAD
    0x08001834   0x00000010   Code   RO         4156    i.WWDG_Enable       f103c8t6.lib(stm32f10x_wwdg.o)
    0x08001844   0x00000018   Code   RO         4160    i.WWDG_SetPrescaler  f103c8t6.lib(stm32f10x_wwdg.o)
    0x0800185c   0x00000028   Code   RO         4161    i.WWDG_SetWindowValue  f103c8t6.lib(stm32f10x_wwdg.o)
    0x08001884   0x00000030   Code   RO          666    i._SysTick_Config   board.o
    0x080018b4   0x00000020   Code   RO         4463    i.__0printf         mc_w.l(printfa.o)
    0x080018d4   0x0000004c   Code   RO         1286    i.__rt_ffs          kservice.o
    0x08001920   0x0000000e   Code   RO         4583    i.__scatterload_copy  mc_w.l(handlers.o)
    0x0800192e   0x00000002   Code   RO         4584    i.__scatterload_null  mc_w.l(handlers.o)
    0x08001930   0x0000000e   Code   RO         4585    i.__scatterload_zeroinit  mc_w.l(handlers.o)
    0x0800193e   0x00000002   PAD
    0x08001940   0x00000184   Code   RO         4470    i._fp_digits        mc_w.l(printfa.o)
    0x08001ac4   0x00000014   Code   RO          989    i._has_defunct_thread  idle.o
    0x08001ad8   0x000006dc   Code   RO         4471    i._printf_core      mc_w.l(printfa.o)
    0x080021b4   0x00000024   Code   RO         4472    i._printf_post_padding  mc_w.l(printfa.o)
    0x080021d8   0x0000002e   Code   RO         4473    i._printf_pre_padding  mc_w.l(printfa.o)
    0x08002206   0x00000002   PAD
    0x08002208   0x00000084   Code   RO         1657    i._rt_thread_init   thread.o
    0x0800228c   0x00000042   Code   RO         1772    i._rt_timer_init    timer.o
    0x080022ce   0x0000002e   Code   RO         1773    i._rt_timer_remove  timer.o
    0x080022fc   0x000000c4   Code   RO          797    i.aes_decrypt_buff  drv_encrypt.o
    0x080023c0   0x00000100   Code   RO          798    i.aes_encrypt_buff  drv_encrypt.o
    0x080024c0   0x00000274   Code   RO         2605    i.aes_gen_tables    aes.o
    0x08002734   0x00000010   Code   RO          374    i.app_sx1278_cs0    app_sx1278.o
    0x08002744   0x00000010   Code   RO          375    i.app_sx1278_cs1    app_sx1278.o
    0x08002754   0x00000140   Code   RO          376    i.app_sx1278_hal_init  app_sx1278.o
    0x08002894   0x00000018   Code   RO          377    i.app_sx1278_init   app_sx1278.o
    0x080028ac   0x00000028   Code   RO          378    i.app_sx1278_reset  app_sx1278.o
    0x080028d4   0x00000038   Code   RO          379    i.app_sx1278_spi_rw_byte  app_sx1278.o
    0x0800290c   0x00000030   Code   RO          380    i.app_sx1278_thread_entry  app_sx1278.o
    0x0800293c   0x000000a8   Code   RO          309    i.app_uart_thread_entry  user_app.o
    0x080029e4   0x00000028   Code   RO          381    i.bsp_sx1278_set_param  app_sx1278.o
    0x08002a0c   0x00000020   Code   RO          440    i.delay_ms          drv_common.o
    0x08002a2c   0x00000018   Code   RO          441    i.delay_os          drv_common.o
    0x08002a44   0x00000098   Code   RO          444    i.drv_common_init   drv_common.o
    0x08002adc   0x00000038   Code   RO          445    i.drv_crc16         drv_common.o
    0x08002b14   0x0000000c   Code   RO          449    i.drv_get_sec_counter  drv_common.o
    0x08002b20   0x000000f4   Code   RO          450    i.drv_rtc_init      drv_common.o
    0x08002c14   0x0000000c   Code   RO          451    i.drv_set_rtc_counter  drv_common.o
    0x08002c20   0x00000042   Code   RO         2425    i.drv_sx1278_cad_check  drv_sx1278.o
    0x08002c62   0x0000003e   Code   RO         2426    i.drv_sx1278_cad_init  drv_sx1278.o
    0x08002ca0   0x00000138   Code   RO         2427    i.drv_sx1278_calcu_air_time  drv_sx1278.o
    0x08002dd8   0x0000003e   Code   RO         2428    i.drv_sx1278_get_rf_freq  drv_sx1278.o
    0x08002e16   0x0000000e   Code   RO         2429    i.drv_sx1278_get_version  drv_sx1278.o
    0x08002e24   0x00000044   Code   RO         2430    i.drv_sx1278_init   drv_sx1278.o
    0x08002e68   0x0000005c   Code   RO         2431    i.drv_sx1278_read_rssi  drv_sx1278.o
    0x08002ec4   0x00000066   Code   RO         2432    i.drv_sx1278_recv_check  drv_sx1278.o
    0x08002f2a   0x00000052   Code   RO         2433    i.drv_sx1278_recv_init  drv_sx1278.o
    0x08002f7c   0x00000078   Code   RO         2434    i.drv_sx1278_send   drv_sx1278.o
    0x08002ff4   0x00000026   Code   RO         2435    i.drv_sx1278_send_check  drv_sx1278.o
    0x0800301a   0x00000020   Code   RO         2436    i.drv_sx1278_set_bw  drv_sx1278.o
    0x0800303a   0x00000002   PAD
    0x0800303c   0x00000090   Code   RO         2437    i.drv_sx1278_set_default_param  drv_sx1278.o
    0x080030cc   0x00000024   Code   RO         2438    i.drv_sx1278_set_error_coding  drv_sx1278.o
    0x080030f0   0x00000022   Code   RO         2440    i.drv_sx1278_set_implicit_header_on  drv_sx1278.o
    0x08003112   0x00000022   Code   RO         2441    i.drv_sx1278_set_lowdatarateoptimize  drv_sx1278.o
    0x08003134   0x00000022   Code   RO         2442    i.drv_sx1278_set_nb_trig_peaks  drv_sx1278.o
    0x08003156   0x00000044   Code   RO         2443    i.drv_sx1278_set_on  drv_sx1278.o
    0x0800319a   0x00000022   Code   RO         2444    i.drv_sx1278_set_op_mode  drv_sx1278.o
    0x080031bc   0x0000003c   Code   RO         2445    i.drv_sx1278_set_pa20dBm  drv_sx1278.o
    0x080031f8   0x00000022   Code   RO         2446    i.drv_sx1278_set_pa_output  drv_sx1278.o
    0x0800321a   0x00000022   Code   RO         2447    i.drv_sx1278_set_packet_crc_on  drv_sx1278.o
    0x0800323c   0x00000012   Code   RO         2448    i.drv_sx1278_set_payload_length  drv_sx1278.o
    0x0800324e   0x00000002   PAD
    0x08003250   0x0000004c   Code   RO         2450    i.drv_sx1278_set_rf_freq  drv_sx1278.o
    0x0800329c   0x00000098   Code   RO         2451    i.drv_sx1278_set_rf_power  drv_sx1278.o
    0x08003334   0x00000058   Code   RO         2452    i.drv_sx1278_set_sf  drv_sx1278.o
    0x0800338c   0x00000034   Code   RO         2453    i.drv_sx1278_set_symb_timeout  drv_sx1278.o
    0x080033c0   0x00000040   Code   RO          453    i.drv_system_reset  drv_common.o
    0x08003400   0x00000002   Code   RO          454    i.drv_wdog_feed     drv_common.o
    0x08003402   0x00000002   Code   RO          455    i.drv_wdog_init     drv_common.o
    0x08003404   0x00000024   Code   RO          587    i.fputc             drv_uart.o
    0x08003428   0x0000001c   Code   RO         2371    i.hal_sx1278_read_addr  hal_sx1278.o
    0x08003444   0x0000003a   Code   RO         2372    i.hal_sx1278_read_buffer  hal_sx1278.o
    0x0800347e   0x00000016   Code   RO         2373    i.hal_sx1278_read_fifo  hal_sx1278.o
    0x08003494   0x0000000a   Code   RO         2374    i.hal_sx1278_rst    hal_sx1278.o
    0x0800349e   0x00000012   Code   RO         2375    i.hal_sx1278_spi_rw_byte  hal_sx1278.o
    0x080034b0   0x00000014   Code   RO         2376    i.hal_sx1278_write_addr  hal_sx1278.o
    0x080034c4   0x00000038   Code   RO         2377    i.hal_sx1278_write_buffer  hal_sx1278.o
    0x080034fc   0x00000016   Code   RO         2378    i.hal_sx1278_write_fifo  hal_sx1278.o
    0x08003512   0x00000002   PAD
    0x08003514   0x000000a8   Code   RO          204    i.main              main.o
    0x080035bc   0x0000000e   Code   RO          916    i.main_thread_entry  components.o
    0x080035ca   0x000000a2   Code   RO         2606    i.mbedtls_aes_crypt_cbc  aes.o
    0x0800366c   0x00000026   Code   RO         2610    i.mbedtls_aes_crypt_ecb  aes.o
    0x08003692   0x00000016   Code   RO         2613    i.mbedtls_aes_free  aes.o
    0x080036a8   0x00000010   Code   RO         2614    i.mbedtls_aes_init  aes.o
    0x080036b8   0x000000e0   Code   RO         2616    i.mbedtls_aes_setkey_dec  aes.o
    0x08003798   0x00000214   Code   RO         2617    i.mbedtls_aes_setkey_enc  aes.o
    0x080039ac   0x00000504   Code   RO         2618    i.mbedtls_internal_aes_decrypt  aes.o
    0x08003eb0   0x00000504   Code   RO         2619    i.mbedtls_internal_aes_encrypt  aes.o
    0x080043b4   0x00000016   Code   RO         2620    i.mbedtls_zeroize   aes.o
    0x080043ca   0x00000024   Code   RO         2899    i.nwk_aes_decrypt   nwk_bsp.o
    0x080043ee   0x00000024   Code   RO         2900    i.nwk_aes_encrypt   nwk_bsp.o
    0x08004412   0x00000010   Code   RO         2901    i.nwk_crc16         nwk_bsp.o
    0x08004422   0x0000000c   Code   RO         2902    i.nwk_delay_ms      nwk_bsp.o
    0x0800442e   0x00000048   Code   RO         2906    i.nwk_find_head     nwk_bsp.o
    0x08004476   0x00000002   PAD
    0x08004478   0x00000024   Code   RO         2907    i.nwk_get_channel   nwk_bsp.o
    0x0800449c   0x0000002c   Code   RO         2908    i.nwk_get_rand      nwk_bsp.o
    0x080044c8   0x00000008   Code   RO         2909    i.nwk_get_rtc_counter  nwk_bsp.o
    0x080044d0   0x0000003c   Code   RO         2715    i.nwk_node_add_gw   nwk_node.o
    0x0800450c   0x0000001c   Code   RO         2716    i.nwk_node_cad_check  nwk_node.o
    0x08004528   0x0000001c   Code   RO         2717    i.nwk_node_cad_init  nwk_node.o
    0x08004544   0x0000001e   Code   RO         2718    i.nwk_node_calcu_air_time  nwk_node.o
    0x08004562   0x00000002   PAD
    0x08004564   0x00000088   Code   RO         2719    i.nwk_node_main     nwk_node.o
    0x080045ec   0x00000194   Code   RO         2720    i.nwk_node_make_send_buff  nwk_node.o
    0x08004780   0x00000034   Code   RO         2721    i.nwk_node_recv_check  nwk_node.o
    0x080047b4   0x00000018   Code   RO         2722    i.nwk_node_recv_from_check  nwk_node.o
    0x080047cc   0x0000001c   Code   RO         2723    i.nwk_node_recv_init  nwk_node.o
    0x080047e8   0x00000450   Code   RO         2724    i.nwk_node_recv_parse  nwk_node.o
    0x08004c38   0x000005ac   Code   RO         2726    i.nwk_node_rx_process  nwk_node.o
    0x080051e4   0x0000002c   Code   RO         2727    i.nwk_node_search_gw  nwk_node.o
    0x08005210   0x00000230   Code   RO         2728    i.nwk_node_search_process  nwk_node.o
    0x08005440   0x00000024   Code   RO         2729    i.nwk_node_select_gw  nwk_node.o
    0x08005464   0x0000004c   Code   RO         2730    i.nwk_node_send2gateway  nwk_node.o
    0x080054b0   0x00000024   Code   RO         2732    i.nwk_node_send_buff  nwk_node.o
    0x080054d4   0x0000001c   Code   RO         2733    i.nwk_node_send_check  nwk_node.o
    0x080054f0   0x00000094   Code   RO         2734    i.nwk_node_send_sniff  nwk_node.o
    0x08005584   0x0000000c   Code   RO         2735    i.nwk_node_set_lora_dev  nwk_node.o
    0x08005590   0x00000038   Code   RO         2736    i.nwk_node_set_lora_param  nwk_node.o
    0x080055c8   0x0000000c   Code   RO         2738    i.nwk_node_set_sn   nwk_node.o
    0x080055d4   0x0000000c   Code   RO         2739    i.nwk_node_set_wake_period  nwk_node.o
    0x080055e0   0x0000001c   Code   RO         2740    i.nwk_node_sleep_init  nwk_node.o
    0x080055fc   0x00000010   Code   RO         2741    i.nwk_node_tx_d2d_process  nwk_node.o
    0x0800560c   0x00000678   Code   RO         2742    i.nwk_node_tx_gw_process  nwk_node.o
    0x08005c84   0x0000029c   Code   RO         2743    i.nwk_node_work_check  nwk_node.o
    0x08005f20   0x0000000c   Code   RO         2910    i.nwk_set_rtc_counter  nwk_bsp.o
    0x08005f2c   0x00000014   Code   RO         2911    i.nwk_tea_decrypt   nwk_bsp.o
    0x08005f40   0x00000014   Code   RO         2912    i.nwk_tea_encrypt   nwk_bsp.o
    0x08005f54   0x00000078   Code   RO         1444    i.plug_holes        mem.o
    0x08005fcc   0x00000040   Code   RO          458    i.printf_hex        drv_common.o
    0x0800600c   0x00000030   Code   RO          917    i.rt_application_init  components.o
    0x0800603c   0x0000001c   Code   RO          918    i.rt_components_board_init  components.o
    0x08006058   0x0000001c   Code   RO          919    i.rt_components_init  components.o
    0x08006074   0x00000020   Code   RO         1576    i.rt_enter_critical  scheduler.o
    0x08006094   0x0000003c   Code   RO         1577    i.rt_exit_critical  scheduler.o
    0x080060d0   0x00000078   Code   RO         1446    i.rt_free           mem.o
    0x08006148   0x00000008   Code   RO          667    i.rt_heap_begin_get  board.o
    0x08006150   0x00000008   Code   RO          668    i.rt_heap_end_get   board.o
    0x08006158   0x0000003c   Code   RO          669    i.rt_hw_board_init  board.o
    0x08006194   0x00000024   Code   RO          846    i.rt_hw_hard_fault_exception  cpuport.o
    0x080061b8   0x0000004c   Code   RO          847    i.rt_hw_stack_init  cpuport.o
    0x08006204   0x00000020   Code   RO         1259    i.rt_interrupt_enter  irq.o
    0x08006224   0x00000020   Code   RO         1261    i.rt_interrupt_leave  irq.o
    0x08006244   0x00000014   Code   RO         1029    i.rt_ipc_list_resume  ipc.o
    0x08006258   0x0000006c   Code   RO         1031    i.rt_ipc_list_suspend  ipc.o
    0x080062c4   0x00000010   Code   RO         1032    i.rt_ipc_object_init  ipc.o
    0x080062d4   0x00000006   Code   RO         1033    i.rt_list_init      ipc.o
    0x080062da   0x00000006   Code   RO         1578    i.rt_list_init      scheduler.o
    0x080062e0   0x00000006   Code   RO         1774    i.rt_list_init      timer.o
    0x080062e6   0x0000000e   Code   RO         1506    i.rt_list_insert_after  object.o
    0x080062f4   0x0000000e   Code   RO         1658    i.rt_list_insert_after  thread.o
    0x08006302   0x0000000e   Code   RO         1775    i.rt_list_insert_after  timer.o
    0x08006310   0x0000000e   Code   RO         1034    i.rt_list_insert_before  ipc.o
    0x0800631e   0x00000010   Code   RO         1035    i.rt_list_isempty   ipc.o
    0x0800632e   0x00000010   Code   RO         1776    i.rt_list_isempty   timer.o
    0x0800633e   0x00000012   Code   RO         1507    i.rt_list_remove    object.o
    0x08006350   0x00000012   Code   RO         1659    i.rt_list_remove    thread.o
    0x08006362   0x00000002   PAD
    0x08006364   0x0000016c   Code   RO         1447    i.rt_malloc         mem.o
    0x080064d0   0x00000048   Code   RO         1295    i.rt_memset         kservice.o
    0x08006518   0x0000004a   Code   RO         1508    i.rt_object_allocate  object.o
    0x08006562   0x00000020   Code   RO         1509    i.rt_object_delete  object.o
    0x08006582   0x0000001a   Code   RO         1510    i.rt_object_detach  object.o
    0x0800659c   0x00000028   Code   RO         1512    i.rt_object_get_information  object.o
    0x080065c4   0x0000003c   Code   RO         1513    i.rt_object_init    object.o
    0x08006600   0x00000012   Code   RO         1514    i.rt_object_is_systemobject  object.o
    0x08006612   0x00000002   PAD
    0x08006614   0x00000090   Code   RO         1579    i.rt_schedule       scheduler.o
    0x080066a4   0x00000050   Code   RO         1580    i.rt_schedule_insert_thread  scheduler.o
    0x080066f4   0x00000054   Code   RO         1581    i.rt_schedule_remove_thread  scheduler.o
    0x08006748   0x00000026   Code   RO         1063    i.rt_sem_init       ipc.o
    0x0800676e   0x0000003a   Code   RO         1064    i.rt_sem_release    ipc.o
    0x080067a8   0x00000074   Code   RO         1065    i.rt_sem_take       ipc.o
    0x0800681c   0x00000002   Code   RO         1297    i.rt_show_version   kservice.o
    0x0800681e   0x00000034   Code   RO         1305    i.rt_strncpy        kservice.o
    0x08006852   0x00000002   PAD
    0x08006854   0x000000b0   Code   RO         1450    i.rt_system_heap_init  mem.o
    0x08006904   0x0000004c   Code   RO         1582    i.rt_system_scheduler_init  scheduler.o
    0x08006950   0x00000030   Code   RO         1583    i.rt_system_scheduler_start  scheduler.o
    0x08006980   0x0000001c   Code   RO         1777    i.rt_system_timer_init  timer.o
    0x0800699c   0x00000002   Code   RO         1778    i.rt_system_timer_thread_init  timer.o
    0x0800699e   0x00000050   Code   RO         1661    i.rt_thread_create  thread.o
    0x080069ee   0x0000000c   Code   RO         1662    i.rt_thread_delay   thread.o
    0x080069fa   0x00000002   PAD
    0x080069fc   0x00000054   Code   RO         1665    i.rt_thread_exit    thread.o
    0x08006a50   0x00000008   Code   RO          990    i.rt_thread_idle_entry  idle.o
    0x08006a58   0x00000084   Code   RO          991    i.rt_thread_idle_excute  idle.o
    0x08006adc   0x0000003c   Code   RO          993    i.rt_thread_idle_init  idle.o
    0x08006b18   0x00000034   Code   RO         1667    i.rt_thread_init    thread.o
    0x08006b4c   0x0000003c   Code   RO         1668    i.rt_thread_resume  thread.o
    0x08006b88   0x0000000c   Code   RO         1669    i.rt_thread_self    thread.o
    0x08006b94   0x00000044   Code   RO         1670    i.rt_thread_sleep   thread.o
    0x08006bd8   0x0000002c   Code   RO         1671    i.rt_thread_startup  thread.o
    0x08006c04   0x00000044   Code   RO         1672    i.rt_thread_suspend  thread.o
    0x08006c48   0x00000020   Code   RO         1673    i.rt_thread_timeout  thread.o
    0x08006c68   0x00000064   Code   RO         1674    i.rt_thread_yield   thread.o
    0x08006ccc   0x0000000c   Code   RO          879    i.rt_tick_get       clock.o
    0x08006cd8   0x00000030   Code   RO          880    i.rt_tick_increase  clock.o
    0x08006d08   0x0000007c   Code   RO         1779    i.rt_timer_check    timer.o
    0x08006d84   0x00000038   Code   RO         1780    i.rt_timer_control  timer.o
    0x08006dbc   0x00000020   Code   RO         1783    i.rt_timer_detach   timer.o
    0x08006ddc   0x0000002e   Code   RO         1784    i.rt_timer_init     timer.o
    0x08006e0a   0x00000002   PAD
    0x08006e0c   0x000000f8   Code   RO         1787    i.rt_timer_start    timer.o
    0x08006f04   0x00000030   Code   RO         1788    i.rt_timer_stop     timer.o
    0x08006f34   0x00000004   Code   RO          920    i.rti_board_end     components.o
    0x08006f38   0x00000004   Code   RO          921    i.rti_board_start   components.o
    0x08006f3c   0x00000004   Code   RO          922    i.rti_end           components.o
    0x08006f40   0x00000004   Code   RO          923    i.rti_start         components.o
    0x08006f44   0x0000002a   Code   RO          924    i.rtthread_startup  components.o
    0x08006f6e   0x00000002   PAD
    0x08006f70   0x00000068   Code   RO          799    i.tea_decrypt_buff  drv_encrypt.o
    0x08006fd8   0x00000068   Code   RO          800    i.tea_encrypt_buff  drv_encrypt.o
    0x08007040   0x00000200   Data   RO          460    .constdata          drv_common.o
    0x08007240   0x00000122   Data   RO         1311    .constdata          kservice.o
    0x08007362   0x00000010   Data   RO         2913    .constdata          nwk_bsp.o
    0x08007372   0x00000002   PAD
    0x08007374   0x00000004   Data   RO          925    .rti_fn.0           components.o
    0x08007378   0x00000004   Data   RO          926    .rti_fn.0.end       components.o
    0x0800737c   0x00000004   Data   RO          927    .rti_fn.1.end       components.o
    0x08007380   0x00000004   Data   RO          928    .rti_fn.6.end       components.o
    0x08007384   0x00000020   Data   RO         4581    Region$$Table       anon$$obj.o


    Execution Region RW_IRAM1 (Base: 0x20000000, Size: 0x00004738, Max: 0x00005000, ABSOLUTE)

    Base Addr    Size         Type   Attr      Idx    E Section Name        Object

    0x20000000   0x00000014   Data   RW          169    .data               system_stm32f10x.o
    0x20000014   0x00000004   Data   RW          310    .data               user_app.o
    0x20000018   0x0000000d   Data   RW          461    .data               drv_common.o
    0x20000025   0x00000003   PAD
    0x20000028   0x00000004   Data   RW          671    .data               board.o
    0x2000002c   0x00000010   Data   RW          848    .data               cpuport.o
    0x2000003c   0x00000004   Data   RW          882    .data               clock.o
    0x20000040   0x00000001   Data   RW         1262    .data               irq.o
    0x20000041   0x00000003   PAD
    0x20000044   0x00000018   Data   RW         1452    .data               mem.o
    0x2000005c   0x00000060   Data   RW         1516    .data               object.o
    0x200000bc   0x00000018   Data   RW         1585    .data               scheduler.o
    0x200000d4   0x0000000c   Data   RW         1789    .data               timer.o
    0x200000e0   0x00000004   Data   RW         2623    .data               aes.o
    0x200000e4   0x00000014   Data   RW         2745    .data               nwk_node.o
    0x200000f8   0x00000004   Data   RW         2914    .data               nwk_bsp.o
    0x200000fc   0x00000014   Data   RW         3572    .data               f103c8t6.lib(stm32f10x_rcc.o)
    0x20000110   0x00000004   Data   RW         4212    .data               mc_w.l(rand.o)
    0x20000114   0x00000004   Data   RW         4557    .data               mc_w.l(stdout.o)
    0x20000118   0x00000010   Zero   RW          382    .bss                app_sx1278.o
    0x20000128   0x0000033c   Zero   RW          588    .bss                drv_uart.o
    0x20000464   0x00001000   Zero   RW          670    .bss                board.o
    0x20001464   0x00000118   Zero   RW          801    .bss                drv_encrypt.o
    0x2000157c   0x00000178   Zero   RW          994    .bss                idle.o
    0x200016f4   0x00000020   Zero   RW         1451    .bss                mem.o
    0x20001714   0x00000100   Zero   RW         1584    .bss                scheduler.o
    0x20001814   0x00002a28   Zero   RW         2621    .bss                aes.o
    0x2000423c   0x000002fc   Zero   RW         2744    .bss                nwk_node.o
    0x20004538   0x00000200   Zero   RW           17    STACK               startup_stm32f10x_md.o


==============================================================================

Image component sizes


      Code (inc. data)   RO Data    RW Data    ZI Data      Debug   Object Name

      4212        130          0          4      10792      12578   aes.o
       560        108          0          0         16       7718   app_sx1278.o
       184         26          0          4       4096       4373   board.o
        60         12          0          4          0       1209   clock.o
       190         30         16          0          0       5848   components.o
       240         26          0          0          0        800   context_rvds.o
         0          0          0          0          0       4580   core_cm3.o
       112         10          0         16          0       3182   cpuport.o
       664        176        512         13          0       6929   drv_common.o
       868         68          0          0        280       5698   drv_encrypt.o
      1948        106          0          0          0      18247   drv_sx1278.o
      1032        102          0          0        828       6474   drv_uart.o
       234          0          0          0          0       5615   hal_sx1278.o
       220         30          0          0        376       5062   idle.o
       392          0          0          0          0       7809   ipc.o
        64         12          0          1          0       1610   irq.o
       202          6        290          0          0       5456   kservice.o
       168        112          0          0          0       8044   main.o
       780         92          0         24         32       3908   mem.o
       312         12         16          4          0       7648   nwk_bsp.o
      6734       1532          0         20        764      24461   nwk_node.o
       282          4          0         96          0       7752   object.o
       530         88          0         24        256       7974   scheduler.o
        36          8        236          0        512        828   startup_stm32f10x_md.o
        36          0          0          0          0     237228   stm32f10x_it.o
       416         36          0         20          0       2957   system_stm32f10x.o
       776         36          0          0          0      11343   thread.o
       732         20          0         12          0      10692   timer.o
       260         68          0          4          0       3471   user_app.o

    ----------------------------------------------------------------------
     22276       2850       1104        252      17952     429494   Object Totals
         0          0         32          0          0          0   (incl. Generated)
        32          0          2          6          0          0   (incl. Padding)

    ----------------------------------------------------------------------

      Code (inc. data)   RO Data    RW Data    ZI Data      Debug   Library Member Name

       116         14          0          0          0     237676   misc.o
       112         22          0          0          0       3729   stm32f10x_bkp.o
       282          0          0          0          0       3016   stm32f10x_gpio.o
        12          6          0          0          0        510   stm32f10x_pwr.o
       440         66          0         20          0       7611   stm32f10x_rcc.o
       172         32          0          0          0       3505   stm32f10x_rtc.o
       112          0          0          0          0       3802   stm32f10x_spi.o
       490          6          0          0          0       7265   stm32f10x_usart.o
        80         18          0          0          0       2280   stm32f10x_wwdg.o
         0          0          0          0          0          0   entry.o
         0          0          0          0          0          0   entry10a.o
         0          0          0          0          0          0   entry11a.o
         8          4          0          0          0          0   entry2.o
         4          0          0          0          0          0   entry5.o
         0          0          0          0          0          0   entry7b.o
         0          0          0          0          0          0   entry8b.o
         8          4          0          0          0          0   entry9a.o
        30          0          0          0          0          0   handlers.o
        36          8          0          0          0         68   init.o
         0          0          0          0          0          0   iusefp.o
        30          0          0          0          0         68   llshl.o
        36          0          0          0          0         68   llsshr.o
        32          0          0          0          0         68   llushr.o
        26          0          0          0          0         80   memcmp.o
        36          0          0          0          0         68   memcpya.o
        36          0          0          0          0        108   memseta.o
      2258         90          0          0          0        452   printfa.o
        36         10          0          4          0        136   rand.o
         0          0          0          4          0          0   stdout.o
        18          0          0          0          0         68   strcpy.o
        14          0          0          0          0         68   strlen.o
        36          0          0          0          0         80   strstr.o
        44          0          0          0          0         80   uidiv.o
        98          0          0          0          0         92   uldiv.o
        48          0          0          0          0         68   cdrcmple.o
       334          0          0          0          0        148   dadd.o
       222          0          0          0          0        100   ddiv.o
       186          0          0          0          0        176   depilogue.o
        50          0          0          0          0         76   dfixui.o
        48          0          0          0          0         68   dfixul.o
        34          0          0          0          0         76   dflti.o
        26          0          0          0          0         76   dfltui.o
       228          0          0          0          0         96   dmul.o
        38          0          0          0          0         68   f2d.o
       124          0          0          0          0         88   fdiv.o
       110          0          0          0          0        168   fepilogue.o
        40          0          0          0          0         68   ffixui.o
        18          0          0          0          0         68   fflti.o
        10          0          0          0          0         68   ffltui.o
       100          0          0          0          0         76   fmul.o

    ----------------------------------------------------------------------
      6224        280          0         28          0     272386   Library Totals
         6          0          0          0          0          0   (incl. Padding)

    ----------------------------------------------------------------------

      Code (inc. data)   RO Data    RW Data    ZI Data      Debug   Library Name

      1816        164          0         20          0     269394   f103c8t6.lib
      2786        116          0          8          0       1504   mc_w.l
      1616          0          0          0          0       1488   mf_w.l

    ----------------------------------------------------------------------
      6224        280          0         28          0     272386   Library Totals

    ----------------------------------------------------------------------

==============================================================================


      Code (inc. data)   RO Data    RW Data    ZI Data      Debug   

     28500       3130       1104        280      17952     687160   Grand Totals
     28500       3130       1104        280      17952     687160   ELF Image Totals
     28500       3130       1104        280          0          0   ROM Totals

==============================================================================

    Total RO  Size (Code + RO Data)                29604 (  28.91kB)
    Total RW  Size (RW Data + ZI Data)             18232 (  17.80kB)
    Total ROM Size (Code + RO Data + RW Data)      29884 (  29.18kB)

==============================================================================

