Component: ARM Compiler 5.06 update 4 (build 422) Tool: armlink [4d35d2]

==============================================================================

Section Cross References

    startup_stm32f10x_md.o(RESET) refers to startup_stm32f10x_md.o(STACK) for __initial_sp
    startup_stm32f10x_md.o(RESET) refers to startup_stm32f10x_md.o(.text) for Reset_Handler
    startup_stm32f10x_md.o(RESET) refers to stm32f10x_it.o(i.NMI_Handler) for NMI_Handler
    startup_stm32f10x_md.o(RESET) refers to context_rvds.o(.text) for HardFault_Handler
    startup_stm32f10x_md.o(RESET) refers to stm32f10x_it.o(i.MemManage_Handler) for MemManage_Handler
    startup_stm32f10x_md.o(RESET) refers to stm32f10x_it.o(i.BusFault_Handler) for BusFault_Handler
    startup_stm32f10x_md.o(RESET) refers to stm32f10x_it.o(i.UsageFault_Handler) for UsageFault_Handler
    startup_stm32f10x_md.o(RESET) refers to stm32f10x_it.o(i.SVC_Handler) for SVC_Handler
    startup_stm32f10x_md.o(RESET) refers to stm32f10x_it.o(i.DebugMon_Handler) for DebugMon_Handler
    startup_stm32f10x_md.o(RESET) refers to board.o(i.SysTick_Handler) for SysTick_Handler
    startup_stm32f10x_md.o(RESET) refers to stm32f10x_it.o(i.RTC_IRQHandler) for RTC_IRQHandler
    startup_stm32f10x_md.o(RESET) refers to drv_uart.o(i.USART1_IRQHandler) for USART1_IRQHandler
    startup_stm32f10x_md.o(RESET) refers to drv_uart.o(i.USART2_IRQHandler) for USART2_IRQHandler
    startup_stm32f10x_md.o(RESET) refers to drv_uart.o(i.USART3_IRQHandler) for USART3_IRQHandler
    startup_stm32f10x_md.o(.text) refers to system_stm32f10x.o(i.SystemInit) for SystemInit
    startup_stm32f10x_md.o(.text) refers to entry.o(.ARM.Collect$$$$00000000) for __main
    stm32f10x_it.o(i.RTC_IRQHandler) refers to stm32f10x_rtc.o(i.RTC_GetITStatus) for RTC_GetITStatus
    stm32f10x_it.o(i.RTC_IRQHandler) refers to stm32f10x_rtc.o(i.RTC_ClearITPendingBit) for RTC_ClearITPendingBit
    system_stm32f10x.o(i.HSI_Config) refers to stm32f10x_rcc.o(i.RCC_DeInit) for RCC_DeInit
    system_stm32f10x.o(i.HSI_Config) refers to stm32f10x_rcc.o(i.RCC_HSICmd) for RCC_HSICmd
    system_stm32f10x.o(i.HSI_Config) refers to stm32f10x_rcc.o(i.RCC_GetFlagStatus) for RCC_GetFlagStatus
    system_stm32f10x.o(i.HSI_Config) refers to stm32f10x_rcc.o(i.RCC_HCLKConfig) for RCC_HCLKConfig
    system_stm32f10x.o(i.HSI_Config) refers to stm32f10x_rcc.o(i.RCC_PCLK2Config) for RCC_PCLK2Config
    system_stm32f10x.o(i.HSI_Config) refers to stm32f10x_rcc.o(i.RCC_PCLK1Config) for RCC_PCLK1Config
    system_stm32f10x.o(i.HSI_Config) refers to stm32f10x_flash.o(i.FLASH_SetLatency) for FLASH_SetLatency
    system_stm32f10x.o(i.HSI_Config) refers to stm32f10x_flash.o(i.FLASH_PrefetchBufferCmd) for FLASH_PrefetchBufferCmd
    system_stm32f10x.o(i.HSI_Config) refers to stm32f10x_rcc.o(i.RCC_PLLConfig) for RCC_PLLConfig
    system_stm32f10x.o(i.HSI_Config) refers to stm32f10x_rcc.o(i.RCC_PLLCmd) for RCC_PLLCmd
    system_stm32f10x.o(i.HSI_Config) refers to stm32f10x_rcc.o(i.RCC_SYSCLKConfig) for RCC_SYSCLKConfig
    system_stm32f10x.o(i.HSI_Config) refers to stm32f10x_rcc.o(i.RCC_GetSYSCLKSource) for RCC_GetSYSCLKSource
    system_stm32f10x.o(i.HSI_Config) refers to stm32f10x_rcc.o(i.RCC_APB2PeriphClockCmd) for RCC_APB2PeriphClockCmd
    system_stm32f10x.o(i.HSI_Config) refers to stm32f10x_gpio.o(i.GPIO_PinRemapConfig) for GPIO_PinRemapConfig
    system_stm32f10x.o(i.HSI_Config) refers to stm32f10x_gpio.o(i.GPIO_Init) for GPIO_Init
    system_stm32f10x.o(i.HSI_Config) refers to stm32f10x_gpio.o(i.GPIO_ResetBits) for GPIO_ResetBits
    system_stm32f10x.o(i.SetSysClock) refers to system_stm32f10x.o(i.SetSysClockTo72) for SetSysClockTo72
    system_stm32f10x.o(i.SystemCoreClockUpdate) refers to system_stm32f10x.o(.data) for SystemCoreClock
    system_stm32f10x.o(i.SystemInit) refers to system_stm32f10x.o(i.HSI_Config) for HSI_Config
    main.o(i.main) refers to printfa.o(i.__0printf) for __2printf
    main.o(i.main) refers to user_app.o(i.APP_Init) for APP_Init
    main.o(i.main) refers to drv_common.o(i.drv_wdog_feed) for drv_wdog_feed
    main.o(i.main) refers to drv_common.o(i.drv_get_sec_counter) for drv_get_sec_counter
    main.o(i.main) refers to drv_common.o(i.drv_get_rtc_counter) for drv_get_rtc_counter
    main.o(i.main) refers to drv_common.o(i.delay_os) for delay_os
    user_app.o(i.APP_Init) refers to thread.o(i.rt_thread_create) for rt_thread_create
    user_app.o(i.APP_Init) refers to thread.o(i.rt_thread_startup) for rt_thread_startup
    user_app.o(i.APP_Init) refers to user_app.o(i.app_uart_thread_entry) for app_uart_thread_entry
    user_app.o(i.APP_Init) refers to app_sx1278.o(i.app_sx1278_thread_entry) for app_sx1278_thread_entry
    user_app.o(i.app_uart_send) refers to drv_uart.o(i.UART2_Send) for UART2_Send
    user_app.o(i.app_uart_thread_entry) refers to drv_common.o(i.delay_ms) for delay_ms
    user_app.o(i.app_uart_thread_entry) refers to printfa.o(i.__0printf) for __2printf
[...]
    _printf_lld                              0x00000000   Number         0  stubs.o ABSOLUTE
    _printf_lli                              0x00000000   Number         0  stubs.o ABSOLUTE
    _printf_llo                              0x00000000   Number         0  stubs.o ABSOLUTE
    _printf_llu                              0x00000000   Number         0  stubs.o ABSOLUTE
    _printf_llx                              0x00000000   Number         0  stubs.o ABSOLUTE
    _printf_longlong_dec                     0x00000000   Number         0  stubs.o ABSOLUTE
    _printf_longlong_hex                     0x00000000   Number         0  stubs.o ABSOLUTE
    _printf_longlong_oct                     0x00000000   Number         0  stubs.o ABSOLUTE
    _printf_ls                               0x00000000   Number         0  stubs.o ABSOLUTE
    _printf_mbtowc                           0x00000000   Number         0  stubs.o ABSOLUTE
    _printf_n                                0x00000000   Number         0  stubs.o ABSOLUTE
    _printf_o                                0x00000000   Number         0  stubs.o ABSOLUTE
    _printf_p                                0x00000000   Number         0  stubs.o ABSOLUTE
    _printf_percent                          0x00000000   Number         0  stubs.o ABSOLUTE
    _printf_pre_padding                      0x00000000   Number         0  stubs.o ABSOLUTE
    _printf_return_value                     0x00000000   Number         0  stubs.o ABSOLUTE
    _printf_s                                0x00000000   Number         0  stubs.o ABSOLUTE
    _printf_sizespec                         0x00000000   Number         0  stubs.o ABSOLUTE
    _printf_str                              0x00000000   Number         0  stubs.o ABSOLUTE
    _printf_truncate_signed                  0x00000000   Number         0  stubs.o ABSOLUTE
    _printf_truncate_unsigned                0x00000000   Number         0  stubs.o ABSOLUTE
    _printf_u                                0x00000000   Number         0  stubs.o ABSOLUTE
    _printf_wc                               0x00000000   Number         0  stubs.o ABSOLUTE
    _printf_wctomb                           0x00000000   Number         0  stubs.o ABSOLUTE
    _printf_widthprec                        0x00000000   Number         0  stubs.o ABSOLUTE
    _printf_x                                0x00000000   Number         0  stubs.o ABSOLUTE
    __cpp_initialize__aeabi_                  - Undefined Weak Reference
    __cxa_finalize                            - Undefined Weak Reference
    __decompress                              - Undefined Weak Reference
    _clock_init                               - Undefined Weak Reference
    _microlib_exit                            - Undefined Weak Reference
    __Vectors_Size                           0x000000ec   Number         0  startup_stm32f10x_md.o ABSOLUTE
    __Vectors                                0x08000000   Data           4  startup_stm32f10x_md.o(RESET)
    __Vectors_End                            0x080000ec   Data           0  startup_stm32f10x_md.o(RESET)
    __main                                   0x080000ed   Thumb Code     0  entry.o(.ARM.Collect$$$$00000000)
    _main_stk                                0x080000ed   Thumb Code     0  entry2.o(.ARM.Collect$$$$00000001)
    _main_scatterload                        0x080000f1   Thumb Code     0  entry5.o(.ARM.Collect$$$$00000004)
    __main_after_scatterload                 0x080000f5   Thumb Code     0  entry5.o(.ARM.Collect$$$$00000004)
    _main_clock                              0x080000f5   Thumb Code     0  entry7b.o(.ARM.Collect$$$$00000008)
    _main_cpp_init                           0x080000f5   Thumb Code     0  entry8b.o(.ARM.Collect$$$$0000000A)
    _main_init                               0x080000f5   Thumb Code     0  entry9a.o(.ARM.Collect$$$$0000000B)
    __rt_final_cpp                           0x080000fd   Thumb Code     0  entry10a.o(.ARM.Collect$$$$0000000D)
    __rt_final_exit                          0x080000fd   Thumb Code     0  entry11a.o(.ARM.Collect$$$$0000000F)
    Reset_Handler                            0x08000101   Thumb Code     8  startup_stm32f10x_md.o(.text)
    ADC1_2_IRQHandler                        0x0800011b   Thumb Code     0  startup_stm32f10x_md.o(.text)
    CAN1_RX1_IRQHandler                      0x0800011b   Thumb Code     0  startup_stm32f10x_md.o(.text)
    CAN1_SCE_IRQHandler                      0x0800011b   Thumb Code     0  startup_stm32f10x_md.o(.text)
    DMA1_Channel1_IRQHandler                 0x0800011b   Thumb Code     0  startup_stm32f10x_md.o(.text)
    DMA1_Channel2_IRQHandler                 0x0800011b   Thumb Code     0  startup_stm32f10x_md.o(.text)
    DMA1_Channel3_IRQHandler                 0x0800011b   Thumb Code     0  startup_stm32f10x_md.o(.text)
    DMA1_Channel4_IRQHandler                 0x0800011b   Thumb Code     0  startup_stm32f10x_md.o(.text)
    DMA1_Channel5_IRQHandler                 0x0800011b   Thumb Code     0  startup_stm32f10x_md.o(.text)
    DMA1_Channel6_IRQHandler                 0x0800011b   Thumb Code     0  startup_stm32f10x_md.o(.text)
    DMA1_Channel7_IRQHandler                 0x0800011b   Thumb Code     0  startup_stm32f10x_md.o(.text)
    EXTI0_IRQHandler                         0x0800011b   Thumb Code     0  startup_stm32f10x_md.o(.text)
    EXTI15_10_IRQHandler                     0x0800011b   Thumb Code     0  startup_stm32f10x_md.o(.text)
    EXTI1_IRQHandler                         0x0800011b   Thumb Code     0  startup_stm32f10x_md.o(.text)
    EXTI2_IRQHandler                         0x0800011b   Thumb Code     0  startup_stm32f10x_md.o(.text)
    EXTI3_IRQHandler                         0x0800011b   Thumb Code     0  startup_stm32f10x_md.o(.text)
    EXTI4_IRQHandler                         0x0800011b   Thumb Code     0  startup_stm32f10x_md.o(.text)
    EXTI9_5_IRQHandler                       0x0800011b   Thumb Code     0  startup_stm32f10x_md.o(.text)
    FLASH_IRQHandler                         0x0800011b   Thumb Code     0  startup_stm32f10x_md.o(.text)
    I2C1_ER_IRQHandler                       0x0800011b   Thumb Code     0  startup_stm32f10x_md.o(.text)
    I2C1_EV_IRQHandler                       0x0800011b   Thumb Code     0  startup_stm32f10x_md.o(.text)
    I2C2_ER_IRQHandler                       0x0800011b   Thumb Code     0  startup_stm32f10x_md.o(.text)
    I2C2_EV_IRQHandler                       0x0800011b   Thumb Code     0  startup_stm32f10x_md.o(.text)
    PVD_IRQHandler                           0x0800011b   Thumb Code     0  startup_stm32f10x_md.o(.text)
    RCC_IRQHandler                           0x0800011b   Thumb Code     0  startup_stm32f10x_md.o(.text)
    RTCAlarm_IRQHandler                      0x0800011b   Thumb Code     0  startup_stm32f10x_md.o(.text)
    SPI1_IRQHandler                          0x0800011b   Thumb Code     0  startup_stm32f10x_md.o(.text)
    SPI2_IRQHandler                          0x0800011b   Thumb Code     0  startup_stm32f10x_md.o(.text)
    TAMPER_IRQHandler                        0x0800011b   Thumb Code     0  startup_stm32f10x_md.o(.text)
    TIM1_BRK_IRQHandler                      0x0800011b   Thumb Code     0  startup_stm32f10x_md.o(.text)
    TIM1_CC_IRQHandler                       0x0800011b   Thumb Code     0  startup_stm32f10x_md.o(.text)
    TIM1_TRG_COM_IRQHandler                  0x0800011b   Thumb Code     0  startup_stm32f10x_md.o(.text)
    TIM1_UP_IRQHandler                       0x0800011b   Thumb Code     0  startup_stm32f10x_md.o(.text)
    TIM2_IRQHandler                          0x0800011b   Thumb Code     0  startup_stm32f10x_md.o(.text)
    TIM3_IRQHandler                          0x0800011b   Thumb Code     0  startup_stm32f10x_md.o(.text)
    TIM4_IRQHandler                          0x0800011b   Thumb Code     0  startup_stm32f10x_md.o(.text)
    USBWakeUp_IRQHandler                     0x0800011b   Thumb Code     0  startup_stm32f10x_md.o(.text)
    USB_HP_CAN1_TX_IRQHandler                0x0800011b   Thumb Code     0  startup_stm32f10x_md.o(.text)
    USB_LP_CAN1_RX0_IRQHandler               0x0800011b   Thumb Code     0  startup_stm32f10x_md.o(.text)
    WWDG_IRQHandler                          0x0800011b   Thumb Code     0  startup_stm32f10x_md.o(.text)
    rt_hw_interrupt_disable                  0x08000125   Thumb Code     8  context_rvds.o(.text)
    rt_hw_interrupt_enable                   0x0800012d   Thumb Code     6  context_rvds.o(.text)
    rt_hw_context_switch                     0x08000133   Thumb Code    32  context_rvds.o(.text)
    rt_hw_context_switch_interrupt           0x08000133   Thumb Code     0  context_rvds.o(.text)
    PendSV_Handler                           0x08000153   Thumb Code    60  context_rvds.o(.text)
    rt_hw_context_switch_to                  0x0800018f   Thumb Code    58  context_rvds.o(.text)
    rt_hw_interrupt_thread_switch            0x080001c9   Thumb Code     2  context_rvds.o(.text)
    HardFault_Handler                        0x080001cb   Thumb Code    48  context_rvds.o(.text)
    rand                                     0x08000215   Thumb Code    20  rand.o(.text)
    srand                                    0x08000229   Thumb Code     6  rand.o(.text)
    __aeabi_memcpy                           0x08000239   Thumb Code    36  memcpya.o(.text)
    __aeabi_memcpy4                          0x08000239   Thumb Code     0  memcpya.o(.text)
    __aeabi_memcpy8                          0x08000239   Thumb Code     0  memcpya.o(.text)
    __aeabi_memset                           0x0800025d   Thumb Code    14  memseta.o(.text)
    __aeabi_memset4                          0x0800025d   Thumb Code     0  memseta.o(.text)
    __aeabi_memset8                          0x0800025d   Thumb Code     0  memseta.o(.text)
    __aeabi_memclr                           0x0800026b   Thumb Code     4  memseta.o(.text)
    __aeabi_memclr4                          0x0800026b   Thumb Code     0  memseta.o(.text)
    __aeabi_memclr8                          0x0800026b   Thumb Code     0  memseta.o(.text)
    _memset$wrapper                          0x0800026f   Thumb Code    18  memseta.o(.text)
    strstr                                   0x08000281   Thumb Code    36  strstr.o(.text)
    strlen                                   0x080002a5   Thumb Code    14  strlen.o(.text)
    memcmp                                   0x080002b3   Thumb Code    26  memcmp.o(.text)
    strcpy                                   0x080002cd   Thumb Code    18  strcpy.o(.text)
    __aeabi_fadd                             0x080002df   Thumb Code   164  fadd.o(.text)
    __aeabi_fsub                             0x08000383   Thumb Code     6  fadd.o(.text)
    __aeabi_frsub                            0x08000389   Thumb Code     6  fadd.o(.text)
    __aeabi_fmul                             0x0800038f   Thumb Code   100  fmul.o(.text)
    __aeabi_fdiv                             0x080003f3   Thumb Code   124  fdiv.o(.text)
    __aeabi_dadd                             0x0800046f   Thumb Code   322  dadd.o(.text)
    __aeabi_dsub                             0x080005b1   Thumb Code     6  dadd.o(.text)
    __aeabi_drsub                            0x080005b7   Thumb Code     6  dadd.o(.text)
    __aeabi_dmul                             0x080005bd   Thumb Code   228  dmul.o(.text)
    __aeabi_ddiv                             0x080006a1   Thumb Code   222  ddiv.o(.text)
    __aeabi_i2f                              0x0800077f   Thumb Code    18  fflti.o(.text)
    __aeabi_ui2f                             0x08000791   Thumb Code    10  ffltui.o(.text)
    __aeabi_i2d                              0x0800079b   Thumb Code    34  dflti.o(.text)
    __aeabi_ui2d                             0x080007bd   Thumb Code    26  dfltui.o(.text)
    __aeabi_f2uiz                            0x080007d7   Thumb Code    40  ffixui.o(.text)
    __aeabi_d2uiz                            0x080007ff   Thumb Code    50  dfixui.o(.text)
    __aeabi_f2d                              0x08000831   Thumb Code    38  f2d.o(.text)
    __aeabi_d2f                              0x08000857   Thumb Code    56  d2f.o(.text)
    __aeabi_uidiv                            0x0800088f   Thumb Code     0  uidiv.o(.text)
    __aeabi_uidivmod                         0x0800088f   Thumb Code    44  uidiv.o(.text)
    __aeabi_uldivmod                         0x080008bb   Thumb Code    98  uldiv.o(.text)
    __aeabi_llsl                             0x0800091d   Thumb Code    30  llshl.o(.text)
    _ll_shift_l                              0x0800091d   Thumb Code     0  llshl.o(.text)
    __aeabi_llsr                             0x0800093b   Thumb Code    32  llushr.o(.text)
    _ll_ushift_r                             0x0800093b   Thumb Code     0  llushr.o(.text)
    __aeabi_lasr                             0x0800095b   Thumb Code    36  llsshr.o(.text)
    _ll_sshift_r                             0x0800095b   Thumb Code     0  llsshr.o(.text)
    __I$use$fp                               0x0800097f   Thumb Code     0  iusefp.o(.text)
    _float_round                             0x0800097f   Thumb Code    18  fepilogue.o(.text)
    _float_epilogue                          0x08000991   Thumb Code    92  fepilogue.o(.text)
    _double_round                            0x080009ed   Thumb Code    30  depilogue.o(.text)
    _double_epilogue                         0x08000a0b   Thumb Code   156  depilogue.o(.text)
    __ARM_scalbn                             0x08000aa7   Thumb Code    46  dscalb.o(.text)
    scalbn                                   0x08000aa7   Thumb Code     0  dscalb.o(.text)
    __aeabi_d2ulz                            0x08000ad5   Thumb Code    48  dfixul.o(.text)
    __aeabi_cdcmpeq                          0x08000b05   Thumb Code     0  cdcmple.o(.text)
    __aeabi_cdcmple                          0x08000b05   Thumb Code    48  cdcmple.o(.text)
    __aeabi_cdrcmple                         0x08000b35   Thumb Code    48  cdrcmple.o(.text)
    __scatterload                            0x08000b65   Thumb Code    28  init.o(.text)
    __scatterload_rt2                        0x08000b65   Thumb Code     0  init.o(.text)
    main                                     0x08000b89   Thumb Code    14  components.o(i.$Sub$$main)
    ADC_Cmd                                  0x08000b97   Thumb Code    22  stm32f10x_adc.o(i.ADC_Cmd)
    ADC_DeInit                               0x08000bad   Thumb Code    78  stm32f10x_adc.o(i.ADC_DeInit)
    ADC_GetCalibrationStatus                 0x08000c09   Thumb Code    20  stm32f10x_adc.o(i.ADC_GetCalibrationStatus)
    ADC_GetConversionValue                   0x08000c1d   Thumb Code     8  stm32f10x_adc.o(i.ADC_GetConversionValue)
    ADC_GetFlagStatus                        0x08000c25   Thumb Code    18  stm32f10x_adc.o(i.ADC_GetFlagStatus)
    ADC_GetResetCalibrationStatus            0x08000c37   Thumb Code    20  stm32f10x_adc.o(i.ADC_GetResetCalibrationStatus)
    ADC_Init                                 0x08000c4d   Thumb Code    70  stm32f10x_adc.o(i.ADC_Init)
    ADC_RegularChannelConfig                 0x08000c9d   Thumb Code   184  stm32f10x_adc.o(i.ADC_RegularChannelConfig)
    ADC_ResetCalibration                     0x08000d55   Thumb Code    10  stm32f10x_adc.o(i.ADC_ResetCalibration)
    ADC_SoftwareStartConvCmd                 0x08000d5f   Thumb Code    22  stm32f10x_adc.o(i.ADC_SoftwareStartConvCmd)
    ADC_StartCalibration                     0x08000d75   Thumb Code    10  stm32f10x_adc.o(i.ADC_StartCalibration)
    APP_Init                                 0x08000d81   Thumb Code    68  user_app.o(i.APP_Init)
    BKP_DeInit                               0x08000ddd   Thumb Code    16  stm32f10x_bkp.o(i.BKP_DeInit)
    BKP_RTCOutputConfig                      0x08000ded   Thumb Code    22  stm32f10x_bkp.o(i.BKP_RTCOutputConfig)
    BKP_ReadBackupRegister                   0x08000e09   Thumb Code    24  stm32f10x_bkp.o(i.BKP_ReadBackupRegister)
    BKP_TamperPinCmd                         0x08000e25   Thumb Code     6  stm32f10x_bkp.o(i.BKP_TamperPinCmd)
    BKP_WriteBackupRegister                  0x08000e31   Thumb Code    22  stm32f10x_bkp.o(i.BKP_WriteBackupRegister)
    BusFault_Handler                         0x08000e4d   Thumb Code     4  stm32f10x_it.o(i.BusFault_Handler)
    DebugMon_Handler                         0x08000e51   Thumb Code     2  stm32f10x_it.o(i.DebugMon_Handler)
    DecryptTEA                               0x08000e55   Thumb Code   102  drv_encrypt.o(i.DecryptTEA)
    EncryptTEA                               0x08000ec1   Thumb Code    96  drv_encrypt.o(i.EncryptTEA)
    FLASH_PrefetchBufferCmd                  0x08000f25   Thumb Code    22  stm32f10x_flash.o(i.FLASH_PrefetchBufferCmd)
    FLASH_SetLatency                         0x08000f41   Thumb Code    18  stm32f10x_flash.o(i.FLASH_SetLatency)
    GPIO_Init                                0x08000f59   Thumb Code   274  stm32f10x_gpio.o(i.GPIO_Init)
    GPIO_PinRemapConfig                      0x0800106d   Thumb Code   138  stm32f10x_gpio.o(i.GPIO_PinRemapConfig)
    GPIO_ReadInputDataBit                    0x080010fd   Thumb Code    18  stm32f10x_gpio.o(i.GPIO_ReadInputDataBit)
    GPIO_ResetBits                           0x0800110f   Thumb Code     4  stm32f10x_gpio.o(i.GPIO_ResetBits)
    GPIO_SetBits                             0x08001113   Thumb Code     4  stm32f10x_gpio.o(i.GPIO_SetBits)
    HSI_Config                               0x08001119   Thumb Code   152  system_stm32f10x.o(i.HSI_Config)
    MemManage_Handler                        0x080011b5   Thumb Code     4  stm32f10x_it.o(i.MemManage_Handler)
    NMI_Handler                              0x080011b9   Thumb Code     2  stm32f10x_it.o(i.NMI_Handler)
    NVIC_Init                                0x080011bd   Thumb Code   102  misc.o(i.NVIC_Init)
    PWR_BackupAccessCmd                      0x08001231   Thumb Code     6  stm32f10x_pwr.o(i.PWR_BackupAccessCmd)
    RCC_ADCCLKConfig                         0x0800123d   Thumb Code    18  stm32f10x_rcc.o(i.RCC_ADCCLKConfig)
    RCC_APB1PeriphClockCmd                   0x08001255   Thumb Code    26  stm32f10x_rcc.o(i.RCC_APB1PeriphClockCmd)
    RCC_APB2PeriphClockCmd                   0x08001275   Thumb Code    26  stm32f10x_rcc.o(i.RCC_APB2PeriphClockCmd)
    RCC_APB2PeriphResetCmd                   0x08001295   Thumb Code    26  stm32f10x_rcc.o(i.RCC_APB2PeriphResetCmd)
    RCC_BackupResetCmd                       0x080012b5   Thumb Code     6  stm32f10x_rcc.o(i.RCC_BackupResetCmd)
    RCC_DeInit                               0x080012c1   Thumb Code    64  stm32f10x_rcc.o(i.RCC_DeInit)
    RCC_GetClocksFreq                        0x0800130d   Thumb Code   192  stm32f10x_rcc.o(i.RCC_GetClocksFreq)
    RCC_GetFlagStatus                        0x080013e1   Thumb Code    56  stm32f10x_rcc.o(i.RCC_GetFlagStatus)
    RCC_GetSYSCLKSource                      0x0800141d   Thumb Code    10  stm32f10x_rcc.o(i.RCC_GetSYSCLKSource)
    RCC_HCLKConfig                           0x0800142d   Thumb Code    18  stm32f10x_rcc.o(i.RCC_HCLKConfig)
    RCC_HSICmd                               0x08001445   Thumb Code     6  stm32f10x_rcc.o(i.RCC_HSICmd)
    RCC_LSEConfig                            0x08001451   Thumb Code    44  stm32f10x_rcc.o(i.RCC_LSEConfig)
    RCC_LSICmd                               0x08001485   Thumb Code     6  stm32f10x_rcc.o(i.RCC_LSICmd)
    RCC_PCLK1Config                          0x08001491   Thumb Code    18  stm32f10x_rcc.o(i.RCC_PCLK1Config)
    RCC_PCLK2Config                          0x080014a9   Thumb Code    20  stm32f10x_rcc.o(i.RCC_PCLK2Config)
    RCC_PLLCmd                               0x080014c1   Thumb Code     6  stm32f10x_rcc.o(i.RCC_PLLCmd)
    RCC_PLLConfig                            0x080014cd   Thumb Code    24  stm32f10x_rcc.o(i.RCC_PLLConfig)
    RCC_RTCCLKCmd                            0x080014e9   Thumb Code     6  stm32f10x_rcc.o(i.RCC_RTCCLKCmd)
    RCC_RTCCLKConfig                         0x080014f5   Thumb Code    12  stm32f10x_rcc.o(i.RCC_RTCCLKConfig)
    RCC_SYSCLKConfig                         0x08001505   Thumb Code    18  stm32f10x_rcc.o(i.RCC_SYSCLKConfig)
    RTC_ClearITPendingBit                    0x0800151d   Thumb Code    12  stm32f10x_rtc.o(i.RTC_ClearITPendingBit)
    RTC_EnterConfigMode                      0x0800152d   Thumb Code    14  stm32f10x_rtc.o(i.RTC_EnterConfigMode)
    RTC_ExitConfigMode                       0x08001541   Thumb Code    16  stm32f10x_rtc.o(i.RTC_ExitConfigMode)
    RTC_GetCounter                           0x08001555   Thumb Code    16  stm32f10x_rtc.o(i.RTC_GetCounter)
    RTC_GetITStatus                          0x08001569   Thumb Code    32  stm32f10x_rtc.o(i.RTC_GetITStatus)
    RTC_IRQHandler                           0x0800158d   Thumb Code    18  stm32f10x_it.o(i.RTC_IRQHandler)
    RTC_SetCounter                           0x080015a1   Thumb Code    24  stm32f10x_rtc.o(i.RTC_SetCounter)
    RTC_WaitForLastTask                      0x080015bd   Thumb Code    14  stm32f10x_rtc.o(i.RTC_WaitForLastTask)
    RTC_WaitForSynchro                       0x080015d1   Thumb Code    28  stm32f10x_rtc.o(i.RTC_WaitForSynchro)
    SPI_Cmd                                  0x080015f1   Thumb Code    24  stm32f10x_spi.o(i.SPI_Cmd)
    SPI_I2S_GetFlagStatus                    0x08001609   Thumb Code    18  stm32f10x_spi.o(i.SPI_I2S_GetFlagStatus)
    SPI_I2S_ReceiveData                      0x0800161b   Thumb Code     6  stm32f10x_spi.o(i.SPI_I2S_ReceiveData)
    SPI_I2S_SendData                         0x08001621   Thumb Code     4  stm32f10x_spi.o(i.SPI_I2S_SendData)
    SPI_Init                                 0x08001625   Thumb Code    60  stm32f10x_spi.o(i.SPI_Init)
    SVC_Handler                              0x08001661   Thumb Code     2  stm32f10x_it.o(i.SVC_Handler)
    SysTick_Handler                          0x08001665   Thumb Code    52  board.o(i.SysTick_Handler)
    SystemCoreClockUpdate                    0x080016a1   Thumb Code   142  system_stm32f10x.o(i.SystemCoreClockUpdate)
    SystemInit                               0x08001745   Thumb Code    16  system_stm32f10x.o(i.SystemInit)
    UART1_Init                               0x08001759   Thumb Code   182  drv_uart.o(i.UART1_Init)
    UART2_Init                               0x08001821   Thumb Code   178  drv_uart.o(i.UART2_Init)
    UART3_Init                               0x080018e5   Thumb Code   182  drv_uart.o(i.UART3_Init)
    UART_Clear                               0x080019ad   Thumb Code    24  drv_uart.o(i.UART_Clear)
    UART_Init                                0x080019c5   Thumb Code    22  drv_uart.o(i.UART_Init)
    USART1_IRQHandler                        0x080019ed   Thumb Code   100  drv_uart.o(i.USART1_IRQHandler)
    USART2_IRQHandler                        0x08001a59   Thumb Code   110  drv_uart.o(i.USART2_IRQHandler)
    USART3_IRQHandler                        0x08001ad1   Thumb Code   100  drv_uart.o(i.USART3_IRQHandler)
    USART_ClearFlag                          0x08001b3d   Thumb Code    18  stm32f10x_usart.o(i.USART_ClearFlag)
    USART_ClearITPendingBit                  0x08001b4f   Thumb Code    30  stm32f10x_usart.o(i.USART_ClearITPendingBit)
    USART_Cmd                                0x08001b6d   Thumb Code    24  stm32f10x_usart.o(i.USART_Cmd)
    USART_GetFlagStatus                      0x08001b85   Thumb Code    26  stm32f10x_usart.o(i.USART_GetFlagStatus)
    USART_GetITStatus                        0x08001b9f   Thumb Code    84  stm32f10x_usart.o(i.USART_GetITStatus)
    USART_ITConfig                           0x08001bf3   Thumb Code    74  stm32f10x_usart.o(i.USART_ITConfig)
    USART_Init                               0x08001c3d   Thumb Code   210  stm32f10x_usart.o(i.USART_Init)
    USART_ReceiveData                        0x08001d15   Thumb Code    10  stm32f10x_usart.o(i.USART_ReceiveData)
    USART_SendData                           0x08001d1f   Thumb Code     8  stm32f10x_usart.o(i.USART_SendData)
    UsageFault_Handler                       0x08001d27   Thumb Code     4  stm32f10x_it.o(i.UsageFault_Handler)
    WWDG_Enable                              0x08001d2d   Thumb Code    10  stm32f10x_wwdg.o(i.WWDG_Enable)
    WWDG_SetPrescaler                        0x08001d3d   Thumb Code    18  stm32f10x_wwdg.o(i.WWDG_SetPrescaler)
    WWDG_SetWindowValue                      0x08001d55   Thumb Code    34  stm32f10x_wwdg.o(i.WWDG_SetWindowValue)
    __0printf                                0x08001dad   Thumb Code    22  printfa.o(i.__0printf)
    __1printf                                0x08001dad   Thumb Code     0  printfa.o(i.__0printf)
    __2printf                                0x08001dad   Thumb Code     0  printfa.o(i.__0printf)
    __c89printf                              0x08001dad   Thumb Code     0  printfa.o(i.__0printf)
    printf                                   0x08001dad   Thumb Code     0  printfa.o(i.__0printf)
    __kernel_poly                            0x08001dcd   Thumb Code   170  poly.o(i.__kernel_poly)
    __mathlib_dbl_divzero                    0x08001e79   Thumb Code    12  dunder.o(i.__mathlib_dbl_divzero)
    __mathlib_dbl_infnan                     0x08001e89   Thumb Code     6  dunder.o(i.__mathlib_dbl_infnan)
    __mathlib_dbl_invalid                    0x08001e8f   Thumb Code    12  dunder.o(i.__mathlib_dbl_invalid)
    __rt_ffs                                 0x08001e9d   Thumb Code    70  kservice.o(i.__rt_ffs)
    __scatterload_copy                       0x08001ee9   Thumb Code    14  handlers.o(i.__scatterload_copy)
    __scatterload_null                       0x08001ef7   Thumb Code     2  handlers.o(i.__scatterload_null)
    __scatterload_zeroinit                   0x08001ef9   Thumb Code    14  handlers.o(i.__scatterload_zeroinit)
    __set_errno                              0x08001f09   Thumb Code     6  errno.o(i.__set_errno)
    aes_decrypt_buff                         0x080028d1   Thumb Code   196  drv_encrypt.o(i.aes_decrypt_buff)
    aes_encrypt_buff                         0x08002995   Thumb Code   250  drv_encrypt.o(i.aes_encrypt_buff)
    app_key_check                            0x08002d09   Thumb Code    50  app_sx1278.o(i.app_key_check)
    app_key_init                             0x08002d55   Thumb Code    40  app_sx1278.o(i.app_key_init)
    app_led_init                             0x08002d81   Thumb Code    66  app_sx1278.o(i.app_led_init)
    app_led_set_blue                         0x08002dcd   Thumb Code    26  app_sx1278.o(i.app_led_set_blue)
    app_led_set_green                        0x08002ded   Thumb Code    30  app_sx1278.o(i.app_led_set_green)
    app_sx1278_init                          0x08002f79   Thumb Code     8  app_sx1278.o(i.app_sx1278_init)
    app_sx1278_thread_entry                  0x08002fe1   Thumb Code   110  app_sx1278.o(i.app_sx1278_thread_entry)
    app_temp_init                            0x08003061   Thumb Code   154  app_sx1278.o(i.app_temp_init)
    app_temp_update                          0x08003105   Thumb Code   286  app_sx1278.o(i.app_temp_update)
    app_uart_thread_entry                    0x08003261   Thumb Code   124  user_app.o(i.app_uart_thread_entry)
    delay_ms                                 0x08003309   Thumb Code    26  drv_common.o(i.delay_ms)
    delay_os                                 0x08003329   Thumb Code    24  drv_common.o(i.delay_os)
    drv_common_init                          0x08003341   Thumb Code    88  drv_common.o(i.drv_common_init)
    drv_crc16                                0x080033d9   Thumb Code    48  drv_common.o(i.drv_crc16)
    drv_get_rtc_counter                      0x08003411   Thumb Code     8  drv_common.o(i.drv_get_rtc_counter)
    drv_get_sec_counter                      0x08003419   Thumb Code     6  drv_common.o(i.drv_get_sec_counter)
    drv_rtc_init                             0x08003425   Thumb Code   188  drv_common.o(i.drv_rtc_init)
    drv_set_rtc_counter                      0x08003519   Thumb Code    12  drv_common.o(i.drv_set_rtc_counter)
    drv_sx1268_cad_check                     0x08003525   Thumb Code    50  drv_sx1268.o(i.drv_sx1268_cad_check)
    drv_sx1268_calcu_air_time                0x08003559   Thumb Code   266  drv_sx1268.o(i.drv_sx1268_calcu_air_time)
    drv_sx1268_calibrate_image               0x08003691   Thumb Code   118  drv_sx1268.o(i.drv_sx1268_calibrate_image)
    drv_sx1268_clr_irq_status                0x0800371d   Thumb Code    36  drv_sx1268.o(i.drv_sx1268_clr_irq_status)
    drv_sx1268_convert_freqinhz2pllstep      0x08003741   Thumb Code    36  drv_sx1268.o(i.drv_sx1268_convert_freqinhz2pllstep)
    drv_sx1268_get_irq_status                0x08003765   Thumb Code    30  drv_sx1268.o(i.drv_sx1268_get_irq_status)
    drv_sx1268_get_rssi_inst                 0x08003783   Thumb Code    34  drv_sx1268.o(i.drv_sx1268_get_rssi_inst)
    drv_sx1268_get_rx_buff_status            0x080037a5   Thumb Code    34  drv_sx1268.o(i.drv_sx1268_get_rx_buff_status)
    drv_sx1268_init                          0x080037c9   Thumb Code   188  drv_sx1268.o(i.drv_sx1268_init)
    drv_sx1268_recv_check                    0x08003899   Thumb Code    96  drv_sx1268.o(i.drv_sx1268_recv_check)
    drv_sx1268_recv_init                     0x08003915   Thumb Code    82  drv_sx1268.o(i.drv_sx1268_recv_init)
    drv_sx1268_send                          0x0800396d   Thumb Code    70  drv_sx1268.o(i.drv_sx1268_send)
    drv_sx1268_send_check                    0x080039b3   Thumb Code    34  drv_sx1268.o(i.drv_sx1268_send_check)
    drv_sx1268_set_buff_base_addr            0x080039d5   Thumb Code    34  drv_sx1268.o(i.drv_sx1268_set_buff_base_addr)
    drv_sx1268_set_dio2_switchctrl           0x080039f7   Thumb Code    26  drv_sx1268.o(i.drv_sx1268_set_dio2_switchctrl)
    drv_sx1268_set_freq                      0x08003a11   Thumb Code    58  drv_sx1268.o(i.drv_sx1268_set_freq)
    drv_sx1268_set_irq_parsms                0x08003a4b   Thumb Code    78  drv_sx1268.o(i.drv_sx1268_set_irq_parsms)
    drv_sx1268_set_mode                      0x08003a99   Thumb Code    18  drv_sx1268.o(i.drv_sx1268_set_mode)
    drv_sx1268_set_pa                        0x08003aad   Thumb Code    44  drv_sx1268.o(i.drv_sx1268_set_pa)
    drv_sx1268_set_pack_params               0x08003add   Thumb Code    88  drv_sx1268.o(i.drv_sx1268_set_pack_params)
    drv_sx1268_set_power                     0x08003b35   Thumb Code    88  drv_sx1268.o(i.drv_sx1268_set_power)
    drv_sx1268_set_regulator_mode            0x08003b8d   Thumb Code    26  drv_sx1268.o(i.drv_sx1268_set_regulator_mode)
    drv_sx1268_set_sf_bw                     0x08003ba7   Thumb Code    48  drv_sx1268.o(i.drv_sx1268_set_sf_bw)
    drv_sx1268_set_standby                   0x08003bd7   Thumb Code    18  drv_sx1268.o(i.drv_sx1268_set_standby)
    drv_sx1268_set_stop_rxtimer_onpreamble_detect 0x08003be9   Thumb Code    18  drv_sx1268.o(i.drv_sx1268_set_stop_rxtimer_onpreamble_detect)
    drv_system_reset                         0x08003bfd   Thumb Code    44  drv_common.o(i.drv_system_reset)
    drv_wdog_feed                            0x08003c3d   Thumb Code     2  drv_common.o(i.drv_wdog_feed)
    drv_wdog_init                            0x08003c3f   Thumb Code     2  drv_common.o(i.drv_wdog_init)
    fputc                                    0x08003c41   Thumb Code    32  drv_uart.o(i.fputc)
    hal_sx1268_read_cmd                      0x08003c65   Thumb Code    72  hal_sx1268.o(i.hal_sx1268_read_cmd)
    hal_sx1268_read_fifo                     0x08003cad   Thumb Code    76  hal_sx1268.o(i.hal_sx1268_read_fifo)
    hal_sx1268_read_reg                      0x08003cf9   Thumb Code    28  hal_sx1268.o(i.hal_sx1268_read_reg)
    hal_sx1268_read_regs                     0x08003d15   Thumb Code    84  hal_sx1268.o(i.hal_sx1268_read_regs)
    hal_sx1268_rst                           0x08003d69   Thumb Code    10  hal_sx1268.o(i.hal_sx1268_rst)
    hal_sx1268_spi_rw_byte                   0x08003d73   Thumb Code    18  hal_sx1268.o(i.hal_sx1268_spi_rw_byte)
    hal_sx1268_write_cmd                     0x08003d85   Thumb Code    58  hal_sx1268.o(i.hal_sx1268_write_cmd)
    hal_sx1268_write_fifo                    0x08003dbf   Thumb Code    68  hal_sx1268.o(i.hal_sx1268_write_fifo)
    hal_sx1268_write_reg                     0x08003e03   Thumb Code    20  hal_sx1268.o(i.hal_sx1268_write_reg)
    hal_sx1268_write_regs                    0x08003e17   Thumb Code    74  hal_sx1268.o(i.hal_sx1268_write_regs)
    log                                      0x08003e61   Thumb Code   808  log.o(i.log)
    $Super$$main                             0x080041bd   Thumb Code    70  main.o(i.main)
    main_thread_entry                        0x0800428d   Thumb Code    14  components.o(i.main_thread_entry)
    mbedtls_aes_crypt_cbc                    0x0800429b   Thumb Code   162  aes.o(i.mbedtls_aes_crypt_cbc)
    mbedtls_aes_crypt_ecb                    0x0800433d   Thumb Code    38  aes.o(i.mbedtls_aes_crypt_ecb)
    mbedtls_aes_free                         0x08004363   Thumb Code    22  aes.o(i.mbedtls_aes_free)
    mbedtls_aes_init                         0x08004379   Thumb Code    16  aes.o(i.mbedtls_aes_init)
    mbedtls_aes_setkey_dec                   0x08004389   Thumb Code   204  aes.o(i.mbedtls_aes_setkey_dec)
    mbedtls_aes_setkey_enc                   0x08004469   Thumb Code   520  aes.o(i.mbedtls_aes_setkey_enc)
    mbedtls_internal_aes_decrypt             0x0800467d   Thumb Code  1262  aes.o(i.mbedtls_internal_aes_decrypt)
    mbedtls_internal_aes_encrypt             0x08004b81   Thumb Code  1262  aes.o(i.mbedtls_internal_aes_encrypt)
    nwk_aes_decrypt                          0x0800509b   Thumb Code    36  nwk_bsp.o(i.nwk_aes_decrypt)
    nwk_aes_encrypt                          0x080050bf   Thumb Code    36  nwk_bsp.o(i.nwk_aes_encrypt)
    nwk_crc16                                0x080050e3   Thumb Code    16  nwk_bsp.o(i.nwk_crc16)
    nwk_delay_ms                             0x080050f3   Thumb Code    12  nwk_bsp.o(i.nwk_delay_ms)
    nwk_find_head                            0x080050ff   Thumb Code    72  nwk_bsp.o(i.nwk_find_head)
    nwk_get_channel                          0x08005149   Thumb Code    30  nwk_bsp.o(i.nwk_get_channel)
    nwk_get_rand                             0x0800516d   Thumb Code    38  nwk_bsp.o(i.nwk_get_rand)
    nwk_get_rtc_counter                      0x08005199   Thumb Code     8  nwk_bsp.o(i.nwk_get_rtc_counter)
    nwk_node_add_gw                          0x080051a1   Thumb Code    56  nwk_node.o(i.nwk_node_add_gw)
    nwk_node_cad_check                       0x080051dd   Thumb Code    22  nwk_node.o(i.nwk_node_cad_check)
    nwk_node_cad_init                        0x080051f9   Thumb Code    12  nwk_node.o(i.nwk_node_cad_init)
    nwk_node_calcu_air_time                  0x08005209   Thumb Code    30  nwk_node.o(i.nwk_node_calcu_air_time)
    nwk_node_main                            0x08005229   Thumb Code   130  nwk_node.o(i.nwk_node_main)
    nwk_node_make_send_buff                  0x080052b1   Thumb Code   398  nwk_node.o(i.nwk_node_make_send_buff)
    nwk_node_recv_check                      0x08005445   Thumb Code    50  nwk_node.o(i.nwk_node_recv_check)
    nwk_node_recv_from_check                 0x0800547d   Thumb Code    20  nwk_node.o(i.nwk_node_recv_from_check)
    nwk_node_recv_init                       0x08005495   Thumb Code    22  nwk_node.o(i.nwk_node_recv_init)
    nwk_node_recv_parse                      0x080054b1   Thumb Code   762  nwk_node.o(i.nwk_node_recv_parse)
    nwk_node_rx_process                      0x08005901   Thumb Code  1382  nwk_node.o(i.nwk_node_rx_process)
    nwk_node_search_gw                       0x08005ead   Thumb Code    38  nwk_node.o(i.nwk_node_search_gw)
    nwk_node_search_process                  0x08005ed9   Thumb Code   414  nwk_node.o(i.nwk_node_search_process)
    nwk_node_select_gw                       0x08006109   Thumb Code    32  nwk_node.o(i.nwk_node_select_gw)
    nwk_node_send2gateway                    0x0800612d   Thumb Code    54  nwk_node.o(i.nwk_node_send2gateway)
    nwk_node_send_buff                       0x08006179   Thumb Code    30  nwk_node.o(i.nwk_node_send_buff)
    nwk_node_send_check                      0x0800619d   Thumb Code    22  nwk_node.o(i.nwk_node_send_check)
    nwk_node_send_sniff                      0x080061b9   Thumb Code   126  nwk_node.o(i.nwk_node_send_sniff)
    nwk_node_set_lora_dev                    0x0800624d   Thumb Code     6  nwk_node.o(i.nwk_node_set_lora_dev)
    nwk_node_set_lora_param                  0x08006259   Thumb Code    12  nwk_node.o(i.nwk_node_set_lora_param)
    nwk_node_set_sn                          0x08006269   Thumb Code     6  nwk_node.o(i.nwk_node_set_sn)
    nwk_node_set_wake_period                 0x08006275   Thumb Code     8  nwk_node.o(i.nwk_node_set_wake_period)
    nwk_node_sleep_init                      0x08006281   Thumb Code    12  nwk_node.o(i.nwk_node_sleep_init)
    nwk_node_tx_d2d_process                  0x08006291   Thumb Code    12  nwk_node.o(i.nwk_node_tx_d2d_process)
    nwk_node_tx_gw_process                   0x080062a1   Thumb Code  1512  nwk_node.o(i.nwk_node_tx_gw_process)
    nwk_node_work_check                      0x08006919   Thumb Code   582  nwk_node.o(i.nwk_node_work_check)
    nwk_set_rtc_counter                      0x08006bb5   Thumb Code    12  nwk_bsp.o(i.nwk_set_rtc_counter)
    nwk_tea_decrypt                          0x08006bc1   Thumb Code    20  nwk_bsp.o(i.nwk_tea_decrypt)
    nwk_tea_encrypt                          0x08006bd5   Thumb Code    20  nwk_bsp.o(i.nwk_tea_encrypt)
    printf_hex                               0x08006c61   Thumb Code    48  drv_common.o(i.printf_hex)
    rt_application_init                      0x08006ca1   Thumb Code    34  components.o(i.rt_application_init)
    rt_components_board_init                 0x08006cd1   Thumb Code    20  components.o(i.rt_components_board_init)
    rt_components_init                       0x08006ced   Thumb Code    20  components.o(i.rt_components_init)
    rt_enter_critical                        0x08006d09   Thumb Code    28  scheduler.o(i.rt_enter_critical)
    rt_exit_critical                         0x08006d29   Thumb Code    54  scheduler.o(i.rt_exit_critical)
    rt_free                                  0x08006d65   Thumb Code    98  mem.o(i.rt_free)
    rt_heap_begin_get                        0x08006ddd   Thumb Code     4  board.o(i.rt_heap_begin_get)
    rt_heap_end_get                          0x08006de5   Thumb Code     4  board.o(i.rt_heap_end_get)
    rt_hw_board_init                         0x08006ded   Thumb Code    54  board.o(i.rt_hw_board_init)
    rt_hw_hard_fault_exception               0x08006e29   Thumb Code    32  cpuport.o(i.rt_hw_hard_fault_exception)
    rt_hw_stack_init                         0x08006e4d   Thumb Code    70  cpuport.o(i.rt_hw_stack_init)
    rt_interrupt_enter                       0x08006e99   Thumb Code    26  irq.o(i.rt_interrupt_enter)
    rt_interrupt_leave                       0x08006eb9   Thumb Code    26  irq.o(i.rt_interrupt_leave)
    rt_malloc                                0x08006ff9   Thumb Code   336  mem.o(i.rt_malloc)
    rt_memset                                0x08007165   Thumb Code    72  kservice.o(i.rt_memset)
    rt_object_allocate                       0x080071ad   Thumb Code    74  object.o(i.rt_object_allocate)
    rt_object_delete                         0x080071f7   Thumb Code    32  object.o(i.rt_object_delete)
    rt_object_detach                         0x08007217   Thumb Code    26  object.o(i.rt_object_detach)
    rt_object_get_information                0x08007231   Thumb Code    36  object.o(i.rt_object_get_information)
    rt_object_init                           0x08007259   Thumb Code    60  object.o(i.rt_object_init)
    rt_object_is_systemobject                0x08007295   Thumb Code    18  object.o(i.rt_object_is_systemobject)
    rt_schedule                              0x080072a9   Thumb Code   118  scheduler.o(i.rt_schedule)
    rt_schedule_insert_thread                0x08007339   Thumb Code    72  scheduler.o(i.rt_schedule_insert_thread)
    rt_schedule_remove_thread                0x08007389   Thumb Code    76  scheduler.o(i.rt_schedule_remove_thread)
    rt_sem_init                              0x080073dd   Thumb Code    38  ipc.o(i.rt_sem_init)
    rt_sem_release                           0x08007403   Thumb Code    58  ipc.o(i.rt_sem_release)
    rt_sem_take                              0x0800743d   Thumb Code   116  ipc.o(i.rt_sem_take)
    rt_show_version                          0x080074b1   Thumb Code     2  kservice.o(i.rt_show_version)
    rt_strncpy                               0x080074b3   Thumb Code    52  kservice.o(i.rt_strncpy)
    rt_system_heap_init                      0x080074e9   Thumb Code   146  mem.o(i.rt_system_heap_init)
    rt_system_scheduler_init                 0x08007599   Thumb Code    52  scheduler.o(i.rt_system_scheduler_init)
    rt_system_scheduler_start                0x080075e5   Thumb Code    36  scheduler.o(i.rt_system_scheduler_start)
    rt_system_timer_init                     0x08007615   Thumb Code    24  timer.o(i.rt_system_timer_init)
    rt_system_timer_thread_init              0x08007631   Thumb Code     2  timer.o(i.rt_system_timer_thread_init)
    rt_thread_create                         0x08007633   Thumb Code    80  thread.o(i.rt_thread_create)
    rt_thread_delay                          0x08007683   Thumb Code    12  thread.o(i.rt_thread_delay)
    rt_thread_exit                           0x08007691   Thumb Code    76  thread.o(i.rt_thread_exit)
    rt_thread_idle_excute                    0x080076ed   Thumb Code   128  idle.o(i.rt_thread_idle_excute)
    rt_thread_idle_init                      0x08007771   Thumb Code    38  idle.o(i.rt_thread_idle_init)
    rt_thread_init                           0x080077ad   Thumb Code    52  thread.o(i.rt_thread_init)
    rt_thread_resume                         0x080077e1   Thumb Code    60  thread.o(i.rt_thread_resume)
    rt_thread_self                           0x0800781d   Thumb Code     6  thread.o(i.rt_thread_self)
    rt_thread_sleep                          0x08007829   Thumb Code    62  thread.o(i.rt_thread_sleep)
    rt_thread_startup                        0x0800786d   Thumb Code    44  thread.o(i.rt_thread_startup)
    rt_thread_suspend                        0x08007899   Thumb Code    68  thread.o(i.rt_thread_suspend)
    rt_thread_timeout                        0x080078dd   Thumb Code    32  thread.o(i.rt_thread_timeout)
    rt_thread_yield                          0x080078fd   Thumb Code    92  thread.o(i.rt_thread_yield)
    rt_tick_get                              0x08007961   Thumb Code     6  clock.o(i.rt_tick_get)
    rt_tick_increase                         0x0800796d   Thumb Code    42  clock.o(i.rt_tick_increase)
    rt_timer_check                           0x0800799d   Thumb Code   118  timer.o(i.rt_timer_check)
    rt_timer_control                         0x08007a19   Thumb Code    56  timer.o(i.rt_timer_control)
    rt_timer_detach                          0x08007a51   Thumb Code    32  timer.o(i.rt_timer_detach)
    rt_timer_init                            0x08007a71   Thumb Code    46  timer.o(i.rt_timer_init)
    rt_timer_start                           0x08007aa1   Thumb Code   238  timer.o(i.rt_timer_start)
    rt_timer_stop                            0x08007b99   Thumb Code    48  timer.o(i.rt_timer_stop)
    rtthread_startup                         0x08007bd9   Thumb Code    42  components.o(i.rtthread_startup)
    tea_decrypt_buff                         0x08007c05   Thumb Code    78  drv_encrypt.o(i.tea_decrypt_buff)
    tea_encrypt_buff                         0x08007c6d   Thumb Code    78  drv_encrypt.o(i.tea_encrypt_buff)
    __lowest_bit_bitmap                      0x08007ed4   Data         256  kservice.o(.constdata)
    __mathlib_zero                           0x08008058   Data           8  qnan.o(.constdata)
    __rt_init_rti_start                      0x08008060   Data           4  components.o(.rti_fn.0)
    __rt_init_rti_board_start                0x08008064   Data           4  components.o(.rti_fn.0.end)
    __rt_init_rti_board_end                  0x08008068   Data           4  components.o(.rti_fn.1.end)
    __rt_init_rti_end                        0x0800806c   Data           4  components.o(.rti_fn.6.end)
    Region$$Table$$Base                      0x08008070   Number         0  anon$$obj.o(Region$$Table)
    Region$$Table$$Limit                     0x08008090   Number         0  anon$$obj.o(Region$$Table)
    SystemCoreClock                          0x20000000   Data           4  system_stm32f10x.o(.data)
    AHBPrescTable                            0x20000004   Data          16  system_stm32f10x.o(.data)
    g_u32SecCounter                          0x20000024   Data           4  drv_common.o(.data)
    tickets_us                               0x20000028   Data           4  drv_common.o(.data)
    tickets_ms                               0x2000002c   Data           4  drv_common.o(.data)
    bWatchDog                                0x20000030   Data           1  drv_common.o(.data)
    rt_interrupt_from_thread                 0x20000038   Data           4  cpuport.o(.data)
    rt_interrupt_to_thread                   0x2000003c   Data           4  cpuport.o(.data)
    rt_thread_switch_interrupt_flag          0x20000040   Data           4  cpuport.o(.data)
    rt_interrupt_nest                        0x2000004c   Data           1  irq.o(.data)
    rt_current_thread                        0x200000cc   Data           4  scheduler.o(.data)
    rt_current_priority                      0x200000d0   Data           1  scheduler.o(.data)
    rt_thread_ready_priority_group           0x200000d4   Data           4  scheduler.o(.data)
    rt_thread_defunct                        0x200000d8   Data           8  scheduler.o(.data)
    __stdout                                 0x20000120   Data           4  stdout.o(.data)
    g_sDrvSx1268                             0x20000128   Data          20  app_sx1278.o(.bss)
    g_sUART1                                 0x2000013c   Data          20  drv_uart.o(.bss)
    g_sUART2                                 0x20000150   Data          20  drv_uart.o(.bss)
    g_sUART3                                 0x20000164   Data          20  drv_uart.o(.bss)
    g_u8UART1_Buff                           0x20000178   Data         256  drv_uart.o(.bss)
    g_u8UART2_Buff                           0x20000278   Data         256  drv_uart.o(.bss)
    g_u8UART3_Buff                           0x20000378   Data         256  drv_uart.o(.bss)
    rt_thread_priority_table                 0x20001728   Data         256  scheduler.o(.bss)
    g_sNwkNodeWork                           0x20004250   Data         764  nwk_node.o(.bss)
    __initial_sp                             0x20004750   Data           0  startup_stm32f10x_md.o(STACK)



==============================================================================

Memory Map of the image

  Image Entry point : 0x080000ed

  Load Region LR_IROM1 (Base: 0x08000000, Size: 0x000081b8, Max: 0x00009000, ABSOLUTE)

    Execution Region ER_IROM1 (Base: 0x08000000, Size: 0x00008090, Max: 0x00009000, ABSOLUTE)

    Base Addr    Size         Type   Attr      Idx    E Section Name        Object

    0x08000000   0x000000ec   Data   RO           19    RESET               startup_stm32f10x_md.o
    0x080000ec   0x00000000   Code   RO         4760  * .ARM.Collect$$$$00000000  mc_w.l(entry.o)
    0x080000ec   0x00000004   Code   RO         5116    .ARM.Collect$$$$00000001  mc_w.l(entry2.o)
    0x080000f0   0x00000004   Code   RO         5119    .ARM.Collect$$$$00000004  mc_w.l(entry5.o)
    0x080000f4   0x00000000   Code   RO         5121    .ARM.Collect$$$$00000008  mc_w.l(entry7b.o)
    0x080000f4   0x00000000   Code   RO         5123    .ARM.Collect$$$$0000000A  mc_w.l(entry8b.o)
    0x080000f4   0x00000008   Code   RO         5124    .ARM.Collect$$$$0000000B  mc_w.l(entry9a.o)
    0x080000fc   0x00000000   Code   RO         5126    .ARM.Collect$$$$0000000D  mc_w.l(entry10a.o)
    0x080000fc   0x00000000   Code   RO         5128    .ARM.Collect$$$$0000000F  mc_w.l(entry11a.o)
    0x080000fc   0x00000004   Code   RO         5117    .ARM.Collect$$$$00002712  mc_w.l(entry2.o)
    0x08000100   0x00000024   Code   RO           20    .text               startup_stm32f10x_md.o
    0x08000124   0x000000f0   Code   RO         1916    .text               context_rvds.o
    0x08000214   0x00000024   Code   RO         4763    .text               mc_w.l(rand.o)
    0x08000238   0x00000024   Code   RO         4766    .text               mc_w.l(memcpya.o)
    0x0800025c   0x00000024   Code   RO         4768    .text               mc_w.l(memseta.o)
    0x08000280   0x00000024   Code   RO         4770    .text               mc_w.l(strstr.o)
    0x080002a4   0x0000000e   Code   RO         4772    .text               mc_w.l(strlen.o)
    0x080002b2   0x0000001a   Code   RO         4774    .text               mc_w.l(memcmp.o)
    0x080002cc   0x00000012   Code   RO         4776    .text               mc_w.l(strcpy.o)
    0x080002de   0x000000b0   Code   RO         5071    .text               mf_w.l(fadd.o)
    0x0800038e   0x00000064   Code   RO         5073    .text               mf_w.l(fmul.o)
    0x080003f2   0x0000007c   Code   RO         5075    .text               mf_w.l(fdiv.o)
    0x0800046e   0x0000014e   Code   RO         5077    .text               mf_w.l(dadd.o)
    0x080005bc   0x000000e4   Code   RO         5079    .text               mf_w.l(dmul.o)
    0x080006a0   0x000000de   Code   RO         5081    .text               mf_w.l(ddiv.o)
    0x0800077e   0x00000012   Code   RO         5083    .text               mf_w.l(fflti.o)
    0x08000790   0x0000000a   Code   RO         5085    .text               mf_w.l(ffltui.o)
    0x0800079a   0x00000022   Code   RO         5087    .text               mf_w.l(dflti.o)
    0x080007bc   0x0000001a   Code   RO         5089    .text               mf_w.l(dfltui.o)
    0x080007d6   0x00000028   Code   RO         5091    .text               mf_w.l(ffixui.o)
    0x080007fe   0x00000032   Code   RO         5093    .text               mf_w.l(dfixui.o)
    0x08000830   0x00000026   Code   RO         5095    .text               mf_w.l(f2d.o)
    0x08000856   0x00000038   Code   RO         5097    .text               mf_w.l(d2f.o)
    0x0800088e   0x0000002c   Code   RO         5131    .text               mc_w.l(uidiv.o)
    0x080008ba   0x00000062   Code   RO         5133    .text               mc_w.l(uldiv.o)
    0x0800091c   0x0000001e   Code   RO         5135    .text               mc_w.l(llshl.o)
    0x0800093a   0x00000020   Code   RO         5137    .text               mc_w.l(llushr.o)
    0x0800095a   0x00000024   Code   RO         5139    .text               mc_w.l(llsshr.o)
    0x0800097e   0x00000000   Code   RO         5150    .text               mc_w.l(iusefp.o)
    0x0800097e   0x0000006e   Code   RO         5151    .text               mf_w.l(fepilogue.o)
    0x080009ec   0x000000ba   Code   RO         5153    .text               mf_w.l(depilogue.o)
    0x08000aa6   0x0000002e   Code   RO         5155    .text               mf_w.l(dscalb.o)
    0x08000ad4   0x00000030   Code   RO         5157    .text               mf_w.l(dfixul.o)
    0x08000b04   0x00000030   Code   RO         5159    .text               mf_w.l(cdcmple.o)
    0x08000b34   0x00000030   Code   RO         5161    .text               mf_w.l(cdrcmple.o)
    0x08000b64   0x00000024   Code   RO         5163    .text               mc_w.l(init.o)
    0x08000b88   0x0000000e   Code   RO          952    i.$Sub$$main        components.o
    0x08000b96   0x00000016   Code   RO         3440    i.ADC_Cmd           f103c8t6.lib(stm32f10x_adc.o)
    0x08000bac   0x0000005c   Code   RO         3442    i.ADC_DeInit        f103c8t6.lib(stm32f10x_adc.o)
    0x08000c08   0x00000014   Code   RO         3448    i.ADC_GetCalibrationStatus  f103c8t6.lib(stm32f10x_adc.o)
    0x08000c1c   0x00000008   Code   RO         3449    i.ADC_GetConversionValue  f103c8t6.lib(stm32f10x_adc.o)
    0x08000c24   0x00000012   Code   RO         3451    i.ADC_GetFlagStatus  f103c8t6.lib(stm32f10x_adc.o)
    0x08000c36   0x00000014   Code   RO         3454    i.ADC_GetResetCalibrationStatus  f103c8t6.lib(stm32f10x_adc.o)
    0x08000c4a   0x00000002   PAD
    0x08000c4c   0x00000050   Code   RO         3458    i.ADC_Init          f103c8t6.lib(stm32f10x_adc.o)
    0x08000c9c   0x000000b8   Code   RO         3462    i.ADC_RegularChannelConfig  f103c8t6.lib(stm32f10x_adc.o)
    0x08000d54   0x0000000a   Code   RO         3463    i.ADC_ResetCalibration  f103c8t6.lib(stm32f10x_adc.o)
    0x08000d5e   0x00000016   Code   RO         3465    i.ADC_SoftwareStartConvCmd  f103c8t6.lib(stm32f10x_adc.o)
    0x08000d74   0x0000000a   Code   RO         3467    i.ADC_StartCalibration  f103c8t6.lib(stm32f10x_adc.o)
    0x08000d7e   0x00000002   PAD
    0x08000d80   0x0000005c   Code   RO          307    i.APP_Init          user_app.o
    0x08000ddc   0x00000010   Code   RO         3658    i.BKP_DeInit        f103c8t6.lib(stm32f10x_bkp.o)
    0x08000dec   0x0000001c   Code   RO         3662    i.BKP_RTCOutputConfig  f103c8t6.lib(stm32f10x_bkp.o)
    0x08000e08   0x0000001c   Code   RO         3663    i.BKP_ReadBackupRegister  f103c8t6.lib(stm32f10x_bkp.o)
    0x08000e24   0x0000000c   Code   RO         3665    i.BKP_TamperPinCmd  f103c8t6.lib(stm32f10x_bkp.o)
    0x08000e30   0x0000001c   Code   RO         3667    i.BKP_WriteBackupRegister  f103c8t6.lib(stm32f10x_bkp.o)
    0x08000e4c   0x00000004   Code   RO           24    i.BusFault_Handler  stm32f10x_it.o
    0x08000e50   0x00000002   Code   RO           25    i.DebugMon_Handler  stm32f10x_it.o
    0x08000e52   0x00000002   PAD
    0x08000e54   0x0000006c   Code   RO          832    i.DecryptTEA        drv_encrypt.o
    0x08000ec0   0x00000064   Code   RO          833    i.EncryptTEA        drv_encrypt.o
    0x08000f24   0x0000001c   Code   RO         3751    i.FLASH_PrefetchBufferCmd  f103c8t6.lib(stm32f10x_flash.o)
    0x08000f40   0x00000018   Code   RO         3756    i.FLASH_SetLatency  f103c8t6.lib(stm32f10x_flash.o)
    0x08000f58   0x00000112   Code   RO         3914    i.GPIO_Init         f103c8t6.lib(stm32f10x_gpio.o)
    0x0800106a   0x00000002   PAD
    0x0800106c   0x00000090   Code   RO         3916    i.GPIO_PinRemapConfig  f103c8t6.lib(stm32f10x_gpio.o)
    0x080010fc   0x00000012   Code   RO         3918    i.GPIO_ReadInputDataBit  f103c8t6.lib(stm32f10x_gpio.o)
    0x0800110e   0x00000004   Code   RO         3921    i.GPIO_ResetBits    f103c8t6.lib(stm32f10x_gpio.o)
    0x08001112   0x00000004   Code   RO         3922    i.GPIO_SetBits      f103c8t6.lib(stm32f10x_gpio.o)
    0x08001116   0x00000002   PAD
    0x08001118   0x0000009c   Code   RO          164    i.HSI_Config        system_stm32f10x.o
    0x080011b4   0x00000004   Code   RO           26    i.MemManage_Handler  stm32f10x_it.o
    0x080011b8   0x00000002   Code   RO           27    i.NMI_Handler       stm32f10x_it.o
    0x080011ba   0x00000002   PAD
    0x080011bc   0x00000074   Code   RO         3312    i.NVIC_Init         f103c8t6.lib(misc.o)
    0x08001230   0x0000000c   Code   RO         4022    i.PWR_BackupAccessCmd  f103c8t6.lib(stm32f10x_pwr.o)
    0x0800123c   0x00000018   Code   RO         4082    i.RCC_ADCCLKConfig  f103c8t6.lib(stm32f10x_rcc.o)
    0x08001254   0x00000020   Code   RO         4084    i.RCC_APB1PeriphClockCmd  f103c8t6.lib(stm32f10x_rcc.o)
    0x08001274   0x00000020   Code   RO         4086    i.RCC_APB2PeriphClockCmd  f103c8t6.lib(stm32f10x_rcc.o)
    0x08001294   0x00000020   Code   RO         4087    i.RCC_APB2PeriphResetCmd  f103c8t6.lib(stm32f10x_rcc.o)
    0x080012b4   0x0000000c   Code   RO         4089    i.RCC_BackupResetCmd  f103c8t6.lib(stm32f10x_rcc.o)
    0x080012c0   0x0000004c   Code   RO         4093    i.RCC_DeInit        f103c8t6.lib(stm32f10x_rcc.o)
    0x0800130c   0x000000d4   Code   RO         4094    i.RCC_GetClocksFreq  f103c8t6.lib(stm32f10x_rcc.o)
    0x080013e0   0x0000003c   Code   RO         4095    i.RCC_GetFlagStatus  f103c8t6.lib(stm32f10x_rcc.o)
    0x0800141c   0x00000010   Code   RO         4097    i.RCC_GetSYSCLKSource  f103c8t6.lib(stm32f10x_rcc.o)
    0x0800142c   0x00000018   Code   RO         4098    i.RCC_HCLKConfig    f103c8t6.lib(stm32f10x_rcc.o)
    0x08001444   0x0000000c   Code   RO         4100    i.RCC_HSICmd        f103c8t6.lib(stm32f10x_rcc.o)
    0x08001450   0x00000034   Code   RO         4102    i.RCC_LSEConfig     f103c8t6.lib(stm32f10x_rcc.o)
    0x08001484   0x0000000c   Code   RO         4103    i.RCC_LSICmd        f103c8t6.lib(stm32f10x_rcc.o)
    0x08001490   0x00000018   Code   RO         4105    i.RCC_PCLK1Config   f103c8t6.lib(stm32f10x_rcc.o)
    0x080014a8   0x00000018   Code   RO         4106    i.RCC_PCLK2Config   f103c8t6.lib(stm32f10x_rcc.o)
    0x080014c0   0x0000000c   Code   RO         4107    i.RCC_PLLCmd        f103c8t6.lib(stm32f10x_rcc.o)
    0x080014cc   0x0000001c   Code   RO         4108    i.RCC_PLLConfig     f103c8t6.lib(stm32f10x_rcc.o)
    0x080014e8   0x0000000c   Code   RO         4109    i.RCC_RTCCLKCmd     f103c8t6.lib(stm32f10x_rcc.o)
    0x080014f4   0x00000010   Code   RO         4110    i.RCC_RTCCLKConfig  f103c8t6.lib(stm32f10x_rcc.o)
    0x08001504   0x00000018   Code   RO         4111    i.RCC_SYSCLKConfig  f103c8t6.lib(stm32f10x_rcc.o)
    0x0800151c   0x00000010   Code   RO         4283    i.RTC_ClearITPendingBit  f103c8t6.lib(stm32f10x_rtc.o)
    0x0800152c   0x00000014   Code   RO         4284    i.RTC_EnterConfigMode  f103c8t6.lib(stm32f10x_rtc.o)
    0x08001540   0x00000014   Code   RO         4285    i.RTC_ExitConfigMode  f103c8t6.lib(stm32f10x_rtc.o)
    0x08001554   0x00000014   Code   RO         4286    i.RTC_GetCounter    f103c8t6.lib(stm32f10x_rtc.o)
    0x08001568   0x00000024   Code   RO         4289    i.RTC_GetITStatus   f103c8t6.lib(stm32f10x_rtc.o)
    0x0800158c   0x00000012   Code   RO           28    i.RTC_IRQHandler    stm32f10x_it.o
    0x0800159e   0x00000002   PAD
    0x080015a0   0x0000001c   Code   RO         4292    i.RTC_SetCounter    f103c8t6.lib(stm32f10x_rtc.o)
    0x080015bc   0x00000014   Code   RO         4294    i.RTC_WaitForLastTask  f103c8t6.lib(stm32f10x_rtc.o)
    0x080015d0   0x00000020   Code   RO         4295    i.RTC_WaitForSynchro  f103c8t6.lib(stm32f10x_rtc.o)
    0x080015f0   0x00000018   Code   RO         4377    i.SPI_Cmd           f103c8t6.lib(stm32f10x_spi.o)
    0x08001608   0x00000012   Code   RO         4385    i.SPI_I2S_GetFlagStatus  f103c8t6.lib(stm32f10x_spi.o)
    0x0800161a   0x00000006   Code   RO         4388    i.SPI_I2S_ReceiveData  f103c8t6.lib(stm32f10x_spi.o)
    0x08001620   0x00000004   Code   RO         4389    i.SPI_I2S_SendData  f103c8t6.lib(stm32f10x_spi.o)
    0x08001624   0x0000003c   Code   RO         4390    i.SPI_Init          f103c8t6.lib(stm32f10x_spi.o)
    0x08001660   0x00000002   Code   RO           29    i.SVC_Handler       stm32f10x_it.o
    0x08001662   0x00000002   PAD
    0x08001664   0x0000003c   Code   RO          702    i.SysTick_Handler   board.o
    0x080016a0   0x000000a4   Code   RO          167    i.SystemCoreClockUpdate  system_stm32f10x.o
    0x08001744   0x00000014   Code   RO          168    i.SystemInit        system_stm32f10x.o
    0x08001758   0x000000c8   Code   RO          612    i.UART1_Init        drv_uart.o
    0x08001820   0x000000c4   Code   RO          614    i.UART2_Init        drv_uart.o
    0x080018e4   0x000000c8   Code   RO          616    i.UART3_Init        drv_uart.o
    0x080019ac   0x00000018   Code   RO          618    i.UART_Clear        drv_uart.o
    0x080019c4   0x00000028   Code   RO          619    i.UART_Init         drv_uart.o
    0x080019ec   0x0000006c   Code   RO          621    i.USART1_IRQHandler  drv_uart.o
    0x08001a58   0x00000078   Code   RO          622    i.USART2_IRQHandler  drv_uart.o
    0x08001ad0   0x0000006c   Code   RO          623    i.USART3_IRQHandler  drv_uart.o
    0x08001b3c   0x00000012   Code   RO         4516    i.USART_ClearFlag   f103c8t6.lib(stm32f10x_usart.o)
    0x08001b4e   0x0000001e   Code   RO         4517    i.USART_ClearITPendingBit  f103c8t6.lib(stm32f10x_usart.o)
    0x08001b6c   0x00000018   Code   RO         4520    i.USART_Cmd         f103c8t6.lib(stm32f10x_usart.o)
    0x08001b84   0x0000001a   Code   RO         4523    i.USART_GetFlagStatus  f103c8t6.lib(stm32f10x_usart.o)
    0x08001b9e   0x00000054   Code   RO         4524    i.USART_GetITStatus  f103c8t6.lib(stm32f10x_usart.o)
    0x08001bf2   0x0000004a   Code   RO         4526    i.USART_ITConfig    f103c8t6.lib(stm32f10x_usart.o)
    0x08001c3c   0x000000d8   Code   RO         4527    i.USART_Init        f103c8t6.lib(stm32f10x_usart.o)
    0x08001d14   0x0000000a   Code   RO         4534    i.USART_ReceiveData  f103c8t6.lib(stm32f10x_usart.o)
    0x08001d1e   0x00000008   Code   RO         4537    i.USART_SendData    f103c8t6.lib(stm32f10x_usart.o)
    0x08001d26   0x00000004   Code   RO           31    i.UsageFault_Handler  stm32f10x_it.o
    0x08001d2a   0x00000002   PAD
    0x08001d2c   0x00000010   Code   RO         4698    i.WWDG_Enable       f103c8t6.lib(stm32f10x_wwdg.o)
    0x08001d3c   0x00000018   Code   RO         4702    i.WWDG_SetPrescaler  f103c8t6.lib(stm32f10x_wwdg.o)
    0x08001d54   0x00000028   Code   RO         4703    i.WWDG_SetWindowValue  f103c8t6.lib(stm32f10x_wwdg.o)
    0x08001d7c   0x00000030   Code   RO          703    i._SysTick_Config   board.o
    0x08001dac   0x00000020   Code   RO         5015    i.__0printf         mc_w.l(printfa.o)
    0x08001dcc   0x000000aa   Code   RO         5113    i.__kernel_poly     m_ws.l(poly.o)
    0x08001e76   0x00000002   PAD
    0x08001e78   0x00000010   Code   RO         5099    i.__mathlib_dbl_divzero  m_ws.l(dunder.o)
    0x08001e88   0x00000006   Code   RO         5100    i.__mathlib_dbl_infnan  m_ws.l(dunder.o)
    0x08001e8e   0x0000000c   Code   RO         5102    i.__mathlib_dbl_invalid  m_ws.l(dunder.o)
    0x08001e9a   0x00000002   PAD
    0x08001e9c   0x0000004c   Code   RO         1323    i.__rt_ffs          kservice.o
    0x08001ee8   0x0000000e   Code   RO         5167    i.__scatterload_copy  mc_w.l(handlers.o)
    0x08001ef6   0x00000002   Code   RO         5168    i.__scatterload_null  mc_w.l(handlers.o)
    0x08001ef8   0x0000000e   Code   RO         5169    i.__scatterload_zeroinit  mc_w.l(handlers.o)
    0x08001f06   0x00000002   PAD
    0x08001f08   0x0000000c   Code   RO         5145    i.__set_errno       mc_w.l(errno.o)
    0x08001f14   0x00000184   Code   RO         5022    i._fp_digits        mc_w.l(printfa.o)
    0x08002098   0x00000014   Code   RO         1026    i._has_defunct_thread  idle.o
    0x080020ac   0x000006dc   Code   RO         5023    i._printf_core      mc_w.l(printfa.o)
    0x08002788   0x00000024   Code   RO         5024    i._printf_post_padding  mc_w.l(printfa.o)
    0x080027ac   0x0000002e   Code   RO         5025    i._printf_pre_padding  mc_w.l(printfa.o)
    0x080027da   0x00000002   PAD
    0x080027dc   0x00000084   Code   RO         1694    i._rt_thread_init   thread.o
    0x08002860   0x00000042   Code   RO         1809    i._rt_timer_init    timer.o
    0x080028a2   0x0000002e   Code   RO         1810    i._rt_timer_remove  timer.o
    0x080028d0   0x000000c4   Code   RO          834    i.aes_decrypt_buff  drv_encrypt.o
    0x08002994   0x00000100   Code   RO          835    i.aes_encrypt_buff  drv_encrypt.o
    0x08002a94   0x00000274   Code   RO         2408    i.aes_gen_tables    aes.o
    0x08002d08   0x0000004c   Code   RO          374    i.app_key_check     app_sx1278.o
    0x08002d54   0x0000002c   Code   RO          375    i.app_key_init      app_sx1278.o
    0x08002d80   0x0000004c   Code   RO          376    i.app_led_init      app_sx1278.o
    0x08002dcc   0x00000020   Code   RO          377    i.app_led_set_blue  app_sx1278.o
    0x08002dec   0x00000024   Code   RO          378    i.app_led_set_green  app_sx1278.o
    0x08002e10   0x00000010   Code   RO          379    i.app_sx1278_cs0    app_sx1278.o
    0x08002e20   0x00000010   Code   RO          380    i.app_sx1278_cs1    app_sx1278.o
    0x08002e30   0x00000148   Code   RO          381    i.app_sx1278_hal_init  app_sx1278.o
    0x08002f78   0x00000008   Code   RO          382    i.app_sx1278_init   app_sx1278.o
    0x08002f80   0x00000028   Code   RO          383    i.app_sx1278_reset  app_sx1278.o
    0x08002fa8   0x00000038   Code   RO          384    i.app_sx1278_spi_rw_byte  app_sx1278.o
    0x08002fe0   0x00000080   Code   RO          385    i.app_sx1278_thread_entry  app_sx1278.o
    0x08003060   0x000000a4   Code   RO          386    i.app_temp_init     app_sx1278.o
    0x08003104   0x0000015c   Code   RO          387    i.app_temp_update   app_sx1278.o
    0x08003260   0x000000a8   Code   RO          309    i.app_uart_thread_entry  user_app.o
    0x08003308   0x00000020   Code   RO          477    i.delay_ms          drv_common.o
    0x08003328   0x00000018   Code   RO          478    i.delay_os          drv_common.o
    0x08003340   0x00000098   Code   RO          481    i.drv_common_init   drv_common.o
    0x080033d8   0x00000038   Code   RO          482    i.drv_crc16         drv_common.o
    0x08003410   0x00000008   Code   RO          485    i.drv_get_rtc_counter  drv_common.o
    0x08003418   0x0000000c   Code   RO          486    i.drv_get_sec_counter  drv_common.o
    0x08003424   0x000000f4   Code   RO          487    i.drv_rtc_init      drv_common.o
    0x08003518   0x0000000c   Code   RO          488    i.drv_set_rtc_counter  drv_common.o
    0x08003524   0x00000032   Code   RO         3044    i.drv_sx1268_cad_check  drv_sx1268.o
    0x08003556   0x00000002   PAD
    0x08003558   0x00000138   Code   RO         3046    i.drv_sx1268_calcu_air_time  drv_sx1268.o
    0x08003690   0x0000008c   Code   RO         3047    i.drv_sx1268_calibrate_image  drv_sx1268.o
    0x0800371c   0x00000024   Code   RO         3048    i.drv_sx1268_clr_irq_status  drv_sx1268.o
    0x08003740   0x00000024   Code   RO         3049    i.drv_sx1268_convert_freqinhz2pllstep  drv_sx1268.o
    0x08003764   0x0000001e   Code   RO         3050    i.drv_sx1268_get_irq_status  drv_sx1268.o
    0x08003782   0x00000022   Code   RO         3052    i.drv_sx1268_get_rssi_inst  drv_sx1268.o
    0x080037a4   0x00000022   Code   RO         3053    i.drv_sx1268_get_rx_buff_status  drv_sx1268.o
    0x080037c6   0x00000002   PAD
    0x080037c8   0x000000d0   Code   RO         3054    i.drv_sx1268_init   drv_sx1268.o
    0x08003898   0x0000007c   Code   RO         3055    i.drv_sx1268_recv_check  drv_sx1268.o
    0x08003914   0x00000058   Code   RO         3056    i.drv_sx1268_recv_init  drv_sx1268.o
    0x0800396c   0x00000046   Code   RO         3057    i.drv_sx1268_send   drv_sx1268.o
    0x080039b2   0x00000022   Code   RO         3058    i.drv_sx1268_send_check  drv_sx1268.o
    0x080039d4   0x00000022   Code   RO         3059    i.drv_sx1268_set_buff_base_addr  drv_sx1268.o
    0x080039f6   0x0000001a   Code   RO         3061    i.drv_sx1268_set_dio2_switchctrl  drv_sx1268.o
    0x08003a10   0x0000003a   Code   RO         3062    i.drv_sx1268_set_freq  drv_sx1268.o
    0x08003a4a   0x0000004e   Code   RO         3063    i.drv_sx1268_set_irq_parsms  drv_sx1268.o
    0x08003a98   0x00000012   Code   RO         3064    i.drv_sx1268_set_mode  drv_sx1268.o
    0x08003aaa   0x00000002   PAD
    0x08003aac   0x00000030   Code   RO         3065    i.drv_sx1268_set_pa  drv_sx1268.o
    0x08003adc   0x00000058   Code   RO         3066    i.drv_sx1268_set_pack_params  drv_sx1268.o
    0x08003b34   0x00000058   Code   RO         3067    i.drv_sx1268_set_power  drv_sx1268.o
    0x08003b8c   0x0000001a   Code   RO         3068    i.drv_sx1268_set_regulator_mode  drv_sx1268.o
    0x08003ba6   0x00000030   Code   RO         3069    i.drv_sx1268_set_sf_bw  drv_sx1268.o
    0x08003bd6   0x00000012   Code   RO         3071    i.drv_sx1268_set_standby  drv_sx1268.o
    0x08003be8   0x00000012   Code   RO         3072    i.drv_sx1268_set_stop_rxtimer_onpreamble_detect  drv_sx1268.o
    0x08003bfa   0x00000002   PAD
    0x08003bfc   0x00000040   Code   RO          490    i.drv_system_reset  drv_common.o
    0x08003c3c   0x00000002   Code   RO          491    i.drv_wdog_feed     drv_common.o
    0x08003c3e   0x00000002   Code   RO          492    i.drv_wdog_init     drv_common.o
    0x08003c40   0x00000024   Code   RO          624    i.fputc             drv_uart.o
    0x08003c64   0x00000048   Code   RO         3246    i.hal_sx1268_read_cmd  hal_sx1268.o
    0x08003cac   0x0000004c   Code   RO         3247    i.hal_sx1268_read_fifo  hal_sx1268.o
    0x08003cf8   0x0000001c   Code   RO         3248    i.hal_sx1268_read_reg  hal_sx1268.o
    0x08003d14   0x00000054   Code   RO         3249    i.hal_sx1268_read_regs  hal_sx1268.o
    0x08003d68   0x0000000a   Code   RO         3250    i.hal_sx1268_rst    hal_sx1268.o
    0x08003d72   0x00000012   Code   RO         3251    i.hal_sx1268_spi_rw_byte  hal_sx1268.o
    0x08003d84   0x0000003a   Code   RO         3252    i.hal_sx1268_write_cmd  hal_sx1268.o
    0x08003dbe   0x00000044   Code   RO         3253    i.hal_sx1268_write_fifo  hal_sx1268.o
    0x08003e02   0x00000014   Code   RO         3254    i.hal_sx1268_write_reg  hal_sx1268.o
    0x08003e16   0x0000004a   Code   RO         3255    i.hal_sx1268_write_regs  hal_sx1268.o
    0x08003e60   0x0000035c   Code   RO         4751    i.log               m_ws.l(log.o)
    0x080041bc   0x000000d0   Code   RO          204    i.main              main.o
    0x0800428c   0x0000000e   Code   RO          953    i.main_thread_entry  components.o
    0x0800429a   0x000000a2   Code   RO         2409    i.mbedtls_aes_crypt_cbc  aes.o
    0x0800433c   0x00000026   Code   RO         2413    i.mbedtls_aes_crypt_ecb  aes.o
    0x08004362   0x00000016   Code   RO         2416    i.mbedtls_aes_free  aes.o
    0x08004378   0x00000010   Code   RO         2417    i.mbedtls_aes_init  aes.o
    0x08004388   0x000000e0   Code   RO         2419    i.mbedtls_aes_setkey_dec  aes.o
    0x08004468   0x00000214   Code   RO         2420    i.mbedtls_aes_setkey_enc  aes.o
    0x0800467c   0x00000504   Code   RO         2421    i.mbedtls_internal_aes_decrypt  aes.o
    0x08004b80   0x00000504   Code   RO         2422    i.mbedtls_internal_aes_encrypt  aes.o
    0x08005084   0x00000016   Code   RO         2423    i.mbedtls_zeroize   aes.o
    0x0800509a   0x00000024   Code   RO         2702    i.nwk_aes_decrypt   nwk_bsp.o
    0x080050be   0x00000024   Code   RO         2703    i.nwk_aes_encrypt   nwk_bsp.o
    0x080050e2   0x00000010   Code   RO         2704    i.nwk_crc16         nwk_bsp.o
    0x080050f2   0x0000000c   Code   RO         2705    i.nwk_delay_ms      nwk_bsp.o
    0x080050fe   0x00000048   Code   RO         2709    i.nwk_find_head     nwk_bsp.o
    0x08005146   0x00000002   PAD
    0x08005148   0x00000024   Code   RO         2710    i.nwk_get_channel   nwk_bsp.o
    0x0800516c   0x0000002c   Code   RO         2711    i.nwk_get_rand      nwk_bsp.o
    0x08005198   0x00000008   Code   RO         2712    i.nwk_get_rtc_counter  nwk_bsp.o
    0x080051a0   0x0000003c   Code   RO         2518    i.nwk_node_add_gw   nwk_node.o
    0x080051dc   0x0000001c   Code   RO         2519    i.nwk_node_cad_check  nwk_node.o
    0x080051f8   0x00000010   Code   RO         2520    i.nwk_node_cad_init  nwk_node.o
    0x08005208   0x0000001e   Code   RO         2521    i.nwk_node_calcu_air_time  nwk_node.o
    0x08005226   0x00000002   PAD
    0x08005228   0x00000088   Code   RO         2522    i.nwk_node_main     nwk_node.o
    0x080052b0   0x00000194   Code   RO         2523    i.nwk_node_make_send_buff  nwk_node.o
    0x08005444   0x00000038   Code   RO         2524    i.nwk_node_recv_check  nwk_node.o
    0x0800547c   0x00000018   Code   RO         2525    i.nwk_node_recv_from_check  nwk_node.o
    0x08005494   0x0000001c   Code   RO         2526    i.nwk_node_recv_init  nwk_node.o
    0x080054b0   0x00000450   Code   RO         2527    i.nwk_node_recv_parse  nwk_node.o
    0x08005900   0x000005ac   Code   RO         2529    i.nwk_node_rx_process  nwk_node.o
    0x08005eac   0x0000002c   Code   RO         2530    i.nwk_node_search_gw  nwk_node.o
    0x08005ed8   0x00000230   Code   RO         2531    i.nwk_node_search_process  nwk_node.o
    0x08006108   0x00000024   Code   RO         2532    i.nwk_node_select_gw  nwk_node.o
    0x0800612c   0x0000004c   Code   RO         2533    i.nwk_node_send2gateway  nwk_node.o
    0x08006178   0x00000024   Code   RO         2535    i.nwk_node_send_buff  nwk_node.o
    0x0800619c   0x0000001c   Code   RO         2536    i.nwk_node_send_check  nwk_node.o
    0x080061b8   0x00000094   Code   RO         2537    i.nwk_node_send_sniff  nwk_node.o
    0x0800624c   0x0000000c   Code   RO         2538    i.nwk_node_set_lora_dev  nwk_node.o
    0x08006258   0x00000010   Code   RO         2539    i.nwk_node_set_lora_param  nwk_node.o
    0x08006268   0x0000000c   Code   RO         2541    i.nwk_node_set_sn   nwk_node.o
    0x08006274   0x0000000c   Code   RO         2542    i.nwk_node_set_wake_period  nwk_node.o
    0x08006280   0x00000010   Code   RO         2543    i.nwk_node_sleep_init  nwk_node.o
    0x08006290   0x00000010   Code   RO         2544    i.nwk_node_tx_d2d_process  nwk_node.o
    0x080062a0   0x00000678   Code   RO         2545    i.nwk_node_tx_gw_process  nwk_node.o
    0x08006918   0x0000029c   Code   RO         2546    i.nwk_node_work_check  nwk_node.o
    0x08006bb4   0x0000000c   Code   RO         2713    i.nwk_set_rtc_counter  nwk_bsp.o
    0x08006bc0   0x00000014   Code   RO         2714    i.nwk_tea_decrypt   nwk_bsp.o
    0x08006bd4   0x00000014   Code   RO         2715    i.nwk_tea_encrypt   nwk_bsp.o
    0x08006be8   0x00000078   Code   RO         1481    i.plug_holes        mem.o
    0x08006c60   0x00000040   Code   RO          495    i.printf_hex        drv_common.o
    0x08006ca0   0x00000030   Code   RO          954    i.rt_application_init  components.o
    0x08006cd0   0x0000001c   Code   RO          955    i.rt_components_board_init  components.o
    0x08006cec   0x0000001c   Code   RO          956    i.rt_components_init  components.o
    0x08006d08   0x00000020   Code   RO         1613    i.rt_enter_critical  scheduler.o
    0x08006d28   0x0000003c   Code   RO         1614    i.rt_exit_critical  scheduler.o
    0x08006d64   0x00000078   Code   RO         1483    i.rt_free           mem.o
    0x08006ddc   0x00000008   Code   RO          704    i.rt_heap_begin_get  board.o
    0x08006de4   0x00000008   Code   RO          705    i.rt_heap_end_get   board.o
    0x08006dec   0x0000003c   Code   RO          706    i.rt_hw_board_init  board.o
    0x08006e28   0x00000024   Code   RO          883    i.rt_hw_hard_fault_exception  cpuport.o
    0x08006e4c   0x0000004c   Code   RO          884    i.rt_hw_stack_init  cpuport.o
    0x08006e98   0x00000020   Code   RO         1296    i.rt_interrupt_enter  irq.o
    0x08006eb8   0x00000020   Code   RO         1298    i.rt_interrupt_leave  irq.o
    0x08006ed8   0x00000014   Code   RO         1066    i.rt_ipc_list_resume  ipc.o
    0x08006eec   0x0000006c   Code   RO         1068    i.rt_ipc_list_suspend  ipc.o
    0x08006f58   0x00000010   Code   RO         1069    i.rt_ipc_object_init  ipc.o
    0x08006f68   0x00000006   Code   RO         1070    i.rt_list_init      ipc.o
    0x08006f6e   0x00000006   Code   RO         1615    i.rt_list_init      scheduler.o
    0x08006f74   0x00000006   Code   RO         1811    i.rt_list_init      timer.o
    0x08006f7a   0x0000000e   Code   RO         1543    i.rt_list_insert_after  object.o
    0x08006f88   0x0000000e   Code   RO         1695    i.rt_list_insert_after  thread.o
    0x08006f96   0x0000000e   Code   RO         1812    i.rt_list_insert_after  timer.o
    0x08006fa4   0x0000000e   Code   RO         1071    i.rt_list_insert_before  ipc.o
    0x08006fb2   0x00000010   Code   RO         1072    i.rt_list_isempty   ipc.o
    0x08006fc2   0x00000010   Code   RO         1813    i.rt_list_isempty   timer.o
    0x08006fd2   0x00000012   Code   RO         1544    i.rt_list_remove    object.o
    0x08006fe4   0x00000012   Code   RO         1696    i.rt_list_remove    thread.o
    0x08006ff6   0x00000002   PAD
    0x08006ff8   0x0000016c   Code   RO         1484    i.rt_malloc         mem.o
    0x08007164   0x00000048   Code   RO         1332    i.rt_memset         kservice.o
    0x080071ac   0x0000004a   Code   RO         1545    i.rt_object_allocate  object.o
    0x080071f6   0x00000020   Code   RO         1546    i.rt_object_delete  object.o
    0x08007216   0x0000001a   Code   RO         1547    i.rt_object_detach  object.o
    0x08007230   0x00000028   Code   RO         1549    i.rt_object_get_information  object.o
    0x08007258   0x0000003c   Code   RO         1550    i.rt_object_init    object.o
    0x08007294   0x00000012   Code   RO         1551    i.rt_object_is_systemobject  object.o
    0x080072a6   0x00000002   PAD
    0x080072a8   0x00000090   Code   RO         1616    i.rt_schedule       scheduler.o
    0x08007338   0x00000050   Code   RO         1617    i.rt_schedule_insert_thread  scheduler.o
    0x08007388   0x00000054   Code   RO         1618    i.rt_schedule_remove_thread  scheduler.o
    0x080073dc   0x00000026   Code   RO         1100    i.rt_sem_init       ipc.o
    0x08007402   0x0000003a   Code   RO         1101    i.rt_sem_release    ipc.o
    0x0800743c   0x00000074   Code   RO         1102    i.rt_sem_take       ipc.o
    0x080074b0   0x00000002   Code   RO         1334    i.rt_show_version   kservice.o
    0x080074b2   0x00000034   Code   RO         1342    i.rt_strncpy        kservice.o
    0x080074e6   0x00000002   PAD
    0x080074e8   0x000000b0   Code   RO         1487    i.rt_system_heap_init  mem.o
    0x08007598   0x0000004c   Code   RO         1619    i.rt_system_scheduler_init  scheduler.o
    0x080075e4   0x00000030   Code   RO         1620    i.rt_system_scheduler_start  scheduler.o
    0x08007614   0x0000001c   Code   RO         1814    i.rt_system_timer_init  timer.o
    0x08007630   0x00000002   Code   RO         1815    i.rt_system_timer_thread_init  timer.o
    0x08007632   0x00000050   Code   RO         1698    i.rt_thread_create  thread.o
    0x08007682   0x0000000c   Code   RO         1699    i.rt_thread_delay   thread.o
    0x0800768e   0x00000002   PAD
    0x08007690   0x00000054   Code   RO         1702    i.rt_thread_exit    thread.o
    0x080076e4   0x00000008   Code   RO         1027    i.rt_thread_idle_entry  idle.o
    0x080076ec   0x00000084   Code   RO         1028    i.rt_thread_idle_excute  idle.o
    0x08007770   0x0000003c   Code   RO         1030    i.rt_thread_idle_init  idle.o
    0x080077ac   0x00000034   Code   RO         1704    i.rt_thread_init    thread.o
    0x080077e0   0x0000003c   Code   RO         1705    i.rt_thread_resume  thread.o
    0x0800781c   0x0000000c   Code   RO         1706    i.rt_thread_self    thread.o
    0x08007828   0x00000044   Code   RO         1707    i.rt_thread_sleep   thread.o
    0x0800786c   0x0000002c   Code   RO         1708    i.rt_thread_startup  thread.o
    0x08007898   0x00000044   Code   RO         1709    i.rt_thread_suspend  thread.o
    0x080078dc   0x00000020   Code   RO         1710    i.rt_thread_timeout  thread.o
    0x080078fc   0x00000064   Code   RO         1711    i.rt_thread_yield   thread.o
    0x08007960   0x0000000c   Code   RO          916    i.rt_tick_get       clock.o
    0x0800796c   0x00000030   Code   RO          917    i.rt_tick_increase  clock.o
    0x0800799c   0x0000007c   Code   RO         1816    i.rt_timer_check    timer.o
    0x08007a18   0x00000038   Code   RO         1817    i.rt_timer_control  timer.o
    0x08007a50   0x00000020   Code   RO         1820    i.rt_timer_detach   timer.o
    0x08007a70   0x0000002e   Code   RO         1821    i.rt_timer_init     timer.o
    0x08007a9e   0x00000002   PAD
    0x08007aa0   0x000000f8   Code   RO         1824    i.rt_timer_start    timer.o
    0x08007b98   0x00000030   Code   RO         1825    i.rt_timer_stop     timer.o
    0x08007bc8   0x00000004   Code   RO          957    i.rti_board_end     components.o
    0x08007bcc   0x00000004   Code   RO          958    i.rti_board_start   components.o
    0x08007bd0   0x00000004   Code   RO          959    i.rti_end           components.o
    0x08007bd4   0x00000004   Code   RO          960    i.rti_start         components.o
    0x08007bd8   0x0000002a   Code   RO          961    i.rtthread_startup  components.o
    0x08007c02   0x00000002   PAD
    0x08007c04   0x00000068   Code   RO          836    i.tea_decrypt_buff  drv_encrypt.o
    0x08007c6c   0x00000068   Code   RO          837    i.tea_encrypt_buff  drv_encrypt.o
    0x08007cd4   0x00000200   Data   RO          497    .constdata          drv_common.o
    0x08007ed4   0x00000122   Data   RO         1348    .constdata          kservice.o
    0x08007ff6   0x00000010   Data   RO         2716    .constdata          nwk_bsp.o
    0x08008006   0x00000002   PAD
    0x08008008   0x00000014   Data   RO         3075    .constdata          drv_sx1268.o
    0x0800801c   0x00000004   PAD
    0x08008020   0x00000038   Data   RO         4752    .constdata          m_ws.l(log.o)
    0x08008058   0x00000008   Data   RO         5115    .constdata          m_ws.l(qnan.o)
    0x08008060   0x00000004   Data   RO          962    .rti_fn.0           components.o
    0x08008064   0x00000004   Data   RO          963    .rti_fn.0.end       components.o
    0x08008068   0x00000004   Data   RO          964    .rti_fn.1.end       components.o
    0x0800806c   0x00000004   Data   RO          965    .rti_fn.6.end       components.o
    0x08008070   0x00000020   Data   RO         5165    Region$$Table       anon$$obj.o


    Execution Region RW_IRAM1 (Base: 0x20000000, Size: 0x00004750, Max: 0x00005000, ABSOLUTE)

    Base Addr    Size         Type   Attr      Idx    E Section Name        Object

    0x20000000   0x00000014   Data   RW          169    .data               system_stm32f10x.o
    0x20000014   0x00000004   Data   RW          310    .data               user_app.o
    0x20000018   0x00000009   Data   RW          389    .data               app_sx1278.o
    0x20000021   0x00000003   PAD
    0x20000024   0x0000000d   Data   RW          498    .data               drv_common.o
    0x20000031   0x00000003   PAD
    0x20000034   0x00000004   Data   RW          708    .data               board.o
    0x20000038   0x00000010   Data   RW          885    .data               cpuport.o
    0x20000048   0x00000004   Data   RW          919    .data               clock.o
    0x2000004c   0x00000001   Data   RW         1299    .data               irq.o
    0x2000004d   0x00000003   PAD
    0x20000050   0x00000018   Data   RW         1489    .data               mem.o
    0x20000068   0x00000060   Data   RW         1553    .data               object.o
    0x200000c8   0x00000018   Data   RW         1622    .data               scheduler.o
    0x200000e0   0x0000000c   Data   RW         1826    .data               timer.o
    0x200000ec   0x00000004   Data   RW         2426    .data               aes.o
    0x200000f0   0x00000014   Data   RW         2548    .data               nwk_node.o
    0x20000104   0x00000004   Data   RW         2717    .data               nwk_bsp.o
    0x20000108   0x00000014   Data   RW         4114    .data               f103c8t6.lib(stm32f10x_rcc.o)
    0x2000011c   0x00000004   Data   RW         4764    .data               mc_w.l(rand.o)
    0x20000120   0x00000004   Data   RW         5130    .data               mc_w.l(stdout.o)
    0x20000124   0x00000004   Data   RW         5146    .data               mc_w.l(errno.o)
    0x20000128   0x00000014   Zero   RW          388    .bss                app_sx1278.o
    0x2000013c   0x0000033c   Zero   RW          625    .bss                drv_uart.o
    0x20000478   0x00001000   Zero   RW          707    .bss                board.o
    0x20001478   0x00000118   Zero   RW          838    .bss                drv_encrypt.o
    0x20001590   0x00000178   Zero   RW         1031    .bss                idle.o
    0x20001708   0x00000020   Zero   RW         1488    .bss                mem.o
    0x20001728   0x00000100   Zero   RW         1621    .bss                scheduler.o
    0x20001828   0x00002a28   Zero   RW         2424    .bss                aes.o
    0x20004250   0x000002fc   Zero   RW         2547    .bss                nwk_node.o
    0x2000454c   0x00000004   PAD
    0x20004550   0x00000200   Zero   RW           17    STACK               startup_stm32f10x_md.o


==============================================================================

Image component sizes


      Code (inc. data)   RO Data    RW Data    ZI Data      Debug   Object Name

      4212        130          0          4      10792      12682   aes.o
      1368        232          0          9         20      11418   app_sx1278.o
       184         26          0          4       4096       4429   board.o
        60         12          0          4          0       1237   clock.o
       190         30         16          0          0       5948   components.o
       240         26          0          0          0        812   context_rvds.o
         0          0          0          0          0       4572   core_cm3.o
       112         10          0         16          0       3218   cpuport.o
       672        176        512         13          0       7563   drv_common.o
       868         68          0          0        280       5758   drv_encrypt.o
      1744        136         20          0          0      19525   drv_sx1268.o
      1032        102          0          0        828       6574   drv_uart.o
       508          0          0          0          0       7514   hal_sx1268.o
       220         30          0          0        376       5134   idle.o
       392          0          0          0          0       7905   ipc.o
        64         12          0          1          0       1646   irq.o
       202          6        290          0          0       5512   kservice.o
       208        138          0          0          0       8076   main.o
       780         92          0         24         32       3972   mem.o
       312         12         16          4          0       7772   nwk_bsp.o
      6674       1530          0         20        764      24557   nwk_node.o
       282          4          0         96          0       7852   object.o
       530         88          0         24        256       8078   scheduler.o
        36          8        236          0        512        836   startup_stm32f10x_md.o
        36          0          0          0          0     246480   stm32f10x_it.o
       340         30          0         20          0       2530   system_stm32f10x.o
       776         36          0          0          0      11479   thread.o
       732         20          0         12          0      10840   timer.o
       260         68          0          4          0       3619   user_app.o

    ----------------------------------------------------------------------
     23068       3022       1128        264      17960     447538   Object Totals
         0          0         32          0          0          0   (incl. Generated)
        34          0          6          9          4          0   (incl. Padding)

    ----------------------------------------------------------------------

      Code (inc. data)   RO Data    RW Data    ZI Data      Debug   Library Member Name

       116         14          0          0          0     246752   misc.o
       486         24          0          0          0       8482   stm32f10x_adc.o
       112         22          0          0          0       3729   stm32f10x_bkp.o
        52         12          0          0          0       1077   stm32f10x_flash.o
       444          6          0          0          0       4442   stm32f10x_gpio.o
        12          6          0          0          0        510   stm32f10x_pwr.o
       736        134          0         20          0      13380   stm32f10x_rcc.o
       192         36          0          0          0       4010   stm32f10x_rtc.o
       112          0          0          0          0       3802   stm32f10x_spi.o
       490          6          0          0          0       7265   stm32f10x_usart.o
        80         18          0          0          0       2280   stm32f10x_wwdg.o
        34          4          0          0          0        204   dunder.o
       860         52         56          0          0        256   log.o
       170          0          0          0          0         96   poly.o
         0          0          8          0          0          0   qnan.o
         0          0          0          0          0          0   entry.o
         0          0          0          0          0          0   entry10a.o
         0          0          0          0          0          0   entry11a.o
         8          4          0          0          0          0   entry2.o
         4          0          0          0          0          0   entry5.o
         0          0          0          0          0          0   entry7b.o
         0          0          0          0          0          0   entry8b.o
         8          4          0          0          0          0   entry9a.o
        12          6          0          4          0         68   errno.o
        30          0          0          0          0          0   handlers.o
        36          8          0          0          0         68   init.o
         0          0          0          0          0          0   iusefp.o
        30          0          0          0          0         68   llshl.o
        36          0          0          0          0         68   llsshr.o
        32          0          0          0          0         68   llushr.o
        26          0          0          0          0         80   memcmp.o
        36          0          0          0          0         68   memcpya.o
        36          0          0          0          0        108   memseta.o
      2258         90          0          0          0        452   printfa.o
        36         10          0          4          0        136   rand.o
         0          0          0          4          0          0   stdout.o
        18          0          0          0          0         68   strcpy.o
        14          0          0          0          0         68   strlen.o
        36          0          0          0          0         80   strstr.o
        44          0          0          0          0         80   uidiv.o
        98          0          0          0          0         92   uldiv.o
        48          0          0          0          0         68   cdcmple.o
        48          0          0          0          0         68   cdrcmple.o
        56          0          0          0          0         88   d2f.o
       334          0          0          0          0        148   dadd.o
       222          0          0          0          0        100   ddiv.o
       186          0          0          0          0        176   depilogue.o
        50          0          0          0          0         76   dfixui.o
        48          0          0          0          0         68   dfixul.o
        34          0          0          0          0         76   dflti.o
        26          0          0          0          0         76   dfltui.o
       228          0          0          0          0         96   dmul.o
        46          0          0          0          0         80   dscalb.o
        38          0          0          0          0         68   f2d.o
       176          0          0          0          0        140   fadd.o
       124          0          0          0          0         88   fdiv.o
       110          0          0          0          0        168   fepilogue.o
        40          0          0          0          0         68   ffixui.o
        18          0          0          0          0         68   fflti.o
        10          0          0          0          0         68   ffltui.o
       100          0          0          0          0         76   fmul.o

    ----------------------------------------------------------------------
      8652        456         64         32          0     299721   Library Totals
        16          0          0          0          0          0   (incl. Padding)

    ----------------------------------------------------------------------

      Code (inc. data)   RO Data    RW Data    ZI Data      Debug   Library Name

      2832        278          0         20          0     295729   f103c8t6.lib
      1064         56         64          0          0        556   m_ws.l
      2798        122          0         12          0       1572   mc_w.l
      1942          0          0          0          0       1864   mf_w.l

    ----------------------------------------------------------------------
      8652        456         64         32          0     299721   Library Totals

    ----------------------------------------------------------------------

==============================================================================


      Code (inc. data)   RO Data    RW Data    ZI Data      Debug   

     31720       3478       1192        296      17960     730303   Grand Totals
     31720       3478       1192        296      17960     730303   ELF Image Totals
     31720       3478       1192        296          0          0   ROM Totals

==============================================================================

    Total RO  Size (Code + RO Data)                32912 (  32.14kB)
    Total RW  Size (RW Data + ZI Data)             18256 (  17.83kB)
    Total ROM Size (Code + RO Data + RW Data)      33208 (  32.43kB)

==============================================================================

