Component: ARM Compiler 5.06 update 4 (build 422) Tool: armlink [4d35d2]

==============================================================================

Section Cross References

    startup_stm32f10x_md.o(RESET) refers to startup_stm32f10x_md.o(STACK) for __initial_sp
    startup_stm32f10x_md.o(RESET) refers to startup_stm32f10x_md.o(.text) for Reset_Handler
    startup_stm32f10x_md.o(RESET) refers to stm32f10x_it.o(i.NMI_Handler) for NMI_Handler
    startup_stm32f10x_md.o(RESET) refers to context_rvds.o(.text) for HardFault_Handler
    startup_stm32f10x_md.o(RESET) refers to stm32f10x_it.o(i.MemManage_Handler) for MemManage_Handler
    startup_stm32f10x_md.o(RESET) refers to stm32f10x_it.o(i.BusFault_Handler) for BusFault_Handler
    startup_stm32f10x_md.o(RESET) refers to stm32f10x_it.o(i.UsageFault_Handler) for UsageFault_Handler
    startup_stm32f10x_md.o(RESET) refers to stm32f10x_it.o(i.SVC_Handler) for SVC_Handler
    startup_stm32f10x_md.o(RESET) refers to stm32f10x_it.o(i.DebugMon_Handler) for DebugMon_Handler
    startup_stm32f10x_md.o(RESET) refers to board.o(i.SysTick_Handler) for SysTick_Handler
    startup_stm32f10x_md.o(RESET) refers to stm32f10x_it.o(i.RTC_IRQHandler) for RTC_IRQHandler
    startup_stm32f10x_md.o(RESET) refers to drv_uart.o(i.USART1_IRQHandler) for USART1_IRQHandler
    startup_stm32f10x_md.o(RESET) refers to drv_uart.o(i.USART2_IRQHandler) for USART2_IRQHandler
    startup_stm32f10x_md.o(RESET) refers to drv_uart.o(i.USART3_IRQHandler) for USART3_IRQHandler
    startup_stm32f10x_md.o(.text) refers to system_stm32f10x.o(i.SystemInit) for SystemInit
    startup_stm32f10x_md.o(.text) refers to entry.o(.ARM.Collect$$$$00000000) for __main
    stm32f10x_it.o(i.RTC_IRQHandler) refers to stm32f10x_rtc.o(i.RTC_GetITStatus) for RTC_GetITStatus
    stm32f10x_it.o(i.RTC_IRQHandler) refers to stm32f10x_rtc.o(i.RTC_ClearITPendingBit) for RTC_ClearITPendingBit
    system_stm32f10x.o(i.HSI_Config) refers to stm32f10x_rcc.o(i.RCC_DeInit) for RCC_DeInit
    system_stm32f10x.o(i.HSI_Config) refers to stm32f10x_rcc.o(i.RCC_HSICmd) for RCC_HSICmd
    system_stm32f10x.o(i.HSI_Config) refers to stm32f10x_rcc.o(i.RCC_GetFlagStatus) for RCC_GetFlagStatus
    system_stm32f10x.o(i.HSI_Config) refers to stm32f10x_rcc.o(i.RCC_HCLKConfig) for RCC_HCLKConfig
    system_stm32f10x.o(i.HSI_Config) refers to stm32f10x_rcc.o(i.RCC_PCLK2Config) for RCC_PCLK2Config
    system_stm32f10x.o(i.HSI_Config) refers to stm32f10x_rcc.o(i.RCC_PCLK1Config) for RCC_PCLK1Config
    system_stm32f10x.o(i.HSI_Config) refers to stm32f10x_flash.o(i.FLASH_SetLatency) for FLASH_SetLatency
    system_stm32f10x.o(i.HSI_Config) refers to stm32f10x_flash.o(i.FLASH_PrefetchBufferCmd) for FLASH_PrefetchBufferCmd
    system_stm32f10x.o(i.HSI_Config) refers to stm32f10x_rcc.o(i.RCC_PLLConfig) for RCC_PLLConfig
    system_stm32f10x.o(i.HSI_Config) refers to stm32f10x_rcc.o(i.RCC_PLLCmd) for RCC_PLLCmd
    system_stm32f10x.o(i.HSI_Config) refers to stm32f10x_rcc.o(i.RCC_SYSCLKConfig) for RCC_SYSCLKConfig
    system_stm32f10x.o(i.HSI_Config) refers to stm32f10x_rcc.o(i.RCC_GetSYSCLKSource) for RCC_GetSYSCLKSource
    system_stm32f10x.o(i.HSI_Config) refers to stm32f10x_rcc.o(i.RCC_APB2PeriphClockCmd) for RCC_APB2PeriphClockCmd
    system_stm32f10x.o(i.HSI_Config) refers to stm32f10x_gpio.o(i.GPIO_PinRemapConfig) for GPIO_PinRemapConfig
    system_stm32f10x.o(i.HSI_Config) refers to stm32f10x_gpio.o(i.GPIO_Init) for GPIO_Init
    system_stm32f10x.o(i.HSI_Config) refers to stm32f10x_gpio.o(i.GPIO_ResetBits) for GPIO_ResetBits
    system_stm32f10x.o(i.SetSysClock) refers to system_stm32f10x.o(i.SetSysClockTo72) for SetSysClockTo72
    system_stm32f10x.o(i.SystemCoreClockUpdate) refers to system_stm32f10x.o(.data) for SystemCoreClock
    system_stm32f10x.o(i.SystemInit) refers to system_stm32f10x.o(i.HSI_Config) for HSI_Config
    main.o(i.main) refers to printfa.o(i.__0printf) for __2printf
    main.o(i.main) refers to user_app.o(i.APP_Init) for APP_Init
    main.o(i.main) refers to drv_common.o(i.drv_wdog_feed) for drv_wdog_feed
    main.o(i.main) refers to drv_common.o(i.drv_get_sec_counter) for drv_get_sec_counter
    main.o(i.main) refers to drv_common.o(i.drv_get_rtc_counter) for drv_get_rtc_counter
    main.o(i.main) refers to drv_common.o(i.delay_os) for delay_os
    user_app.o(i.APP_Init) refers to thread.o(i.rt_thread_create) for rt_thread_create
    user_app.o(i.APP_Init) refers to thread.o(i.rt_thread_startup) for rt_thread_startup
    user_app.o(i.APP_Init) refers to user_app.o(i.app_uart_thread_entry) for app_uart_thread_entry
    user_app.o(i.APP_Init) refers to app_node.o(i.app_node_thread_entry) for app_node_thread_entry
    user_app.o(i.APP_Init) refers to app_oled96.o(i.app_oled96_thread_entry) for app_oled96_thread_entry
    user_app.o(i.app_uart_send) refers to drv_uart.o(i.UART2_Send) for UART2_Send
    user_app.o(i.app_uart_thread_entry) refers to _scanf_int.o(.text) for _scanf_int
[...]
    HSI_Config                               0x080019a9   Thumb Code   152  system_stm32f10x.o(i.HSI_Config)
    I2C_CheckEvent                           0x08001a45   Thumb Code    42  stm32f10x_i2c.o(i.I2C_CheckEvent)
    I2C_Cmd                                  0x08001a6f   Thumb Code    24  stm32f10x_i2c.o(i.I2C_Cmd)
    I2C_DeInit                               0x08001a89   Thumb Code    50  stm32f10x_i2c.o(i.I2C_DeInit)
    I2C_GenerateSTART                        0x08001ac1   Thumb Code    24  stm32f10x_i2c.o(i.I2C_GenerateSTART)
    I2C_GenerateSTOP                         0x08001ad9   Thumb Code    24  stm32f10x_i2c.o(i.I2C_GenerateSTOP)
    I2C_GetFlagStatus                        0x08001af1   Thumb Code    58  stm32f10x_i2c.o(i.I2C_GetFlagStatus)
    I2C_Init                                 0x08001b2d   Thumb Code   222  stm32f10x_i2c.o(i.I2C_Init)
    I2C_Send7bitAddress                      0x08001c19   Thumb Code    18  stm32f10x_i2c.o(i.I2C_Send7bitAddress)
    I2C_SendData                             0x08001c2b   Thumb Code     4  stm32f10x_i2c.o(i.I2C_SendData)
    MemManage_Handler                        0x08001c2f   Thumb Code     4  stm32f10x_it.o(i.MemManage_Handler)
    NMI_Handler                              0x08001c33   Thumb Code     2  stm32f10x_it.o(i.NMI_Handler)
    NVIC_Init                                0x08001c35   Thumb Code   102  misc.o(i.NVIC_Init)
    PWR_BackupAccessCmd                      0x08001ca9   Thumb Code     6  stm32f10x_pwr.o(i.PWR_BackupAccessCmd)
    RCC_ADCCLKConfig                         0x08001cb5   Thumb Code    18  stm32f10x_rcc.o(i.RCC_ADCCLKConfig)
    RCC_APB1PeriphClockCmd                   0x08001ccd   Thumb Code    26  stm32f10x_rcc.o(i.RCC_APB1PeriphClockCmd)
    RCC_APB1PeriphResetCmd                   0x08001ced   Thumb Code    26  stm32f10x_rcc.o(i.RCC_APB1PeriphResetCmd)
    RCC_APB2PeriphClockCmd                   0x08001d0d   Thumb Code    26  stm32f10x_rcc.o(i.RCC_APB2PeriphClockCmd)
    RCC_APB2PeriphResetCmd                   0x08001d2d   Thumb Code    26  stm32f10x_rcc.o(i.RCC_APB2PeriphResetCmd)
    RCC_BackupResetCmd                       0x08001d4d   Thumb Code     6  stm32f10x_rcc.o(i.RCC_BackupResetCmd)
    RCC_DeInit                               0x08001d59   Thumb Code    64  stm32f10x_rcc.o(i.RCC_DeInit)
    RCC_GetClocksFreq                        0x08001da5   Thumb Code   192  stm32f10x_rcc.o(i.RCC_GetClocksFreq)
    RCC_GetFlagStatus                        0x08001e79   Thumb Code    56  stm32f10x_rcc.o(i.RCC_GetFlagStatus)
    RCC_GetSYSCLKSource                      0x08001eb5   Thumb Code    10  stm32f10x_rcc.o(i.RCC_GetSYSCLKSource)
    RCC_HCLKConfig                           0x08001ec5   Thumb Code    18  stm32f10x_rcc.o(i.RCC_HCLKConfig)
    RCC_HSICmd                               0x08001edd   Thumb Code     6  stm32f10x_rcc.o(i.RCC_HSICmd)
    RCC_LSEConfig                            0x08001ee9   Thumb Code    44  stm32f10x_rcc.o(i.RCC_LSEConfig)
    RCC_LSICmd                               0x08001f1d   Thumb Code     6  stm32f10x_rcc.o(i.RCC_LSICmd)
    RCC_PCLK1Config                          0x08001f29   Thumb Code    18  stm32f10x_rcc.o(i.RCC_PCLK1Config)
    RCC_PCLK2Config                          0x08001f41   Thumb Code    20  stm32f10x_rcc.o(i.RCC_PCLK2Config)
    RCC_PLLCmd                               0x08001f59   Thumb Code     6  stm32f10x_rcc.o(i.RCC_PLLCmd)
    RCC_PLLConfig                            0x08001f65   Thumb Code    24  stm32f10x_rcc.o(i.RCC_PLLConfig)
    RCC_RTCCLKCmd                            0x08001f81   Thumb Code     6  stm32f10x_rcc.o(i.RCC_RTCCLKCmd)
    RCC_RTCCLKConfig                         0x08001f8d   Thumb Code    12  stm32f10x_rcc.o(i.RCC_RTCCLKConfig)
    RCC_SYSCLKConfig                         0x08001f9d   Thumb Code    18  stm32f10x_rcc.o(i.RCC_SYSCLKConfig)
    RTC_ClearITPendingBit                    0x08001fb5   Thumb Code    12  stm32f10x_rtc.o(i.RTC_ClearITPendingBit)
    RTC_EnterConfigMode                      0x08001fc5   Thumb Code    14  stm32f10x_rtc.o(i.RTC_EnterConfigMode)
    RTC_ExitConfigMode                       0x08001fd9   Thumb Code    16  stm32f10x_rtc.o(i.RTC_ExitConfigMode)
    RTC_GetCounter                           0x08001fed   Thumb Code    16  stm32f10x_rtc.o(i.RTC_GetCounter)
    RTC_GetITStatus                          0x08002001   Thumb Code    32  stm32f10x_rtc.o(i.RTC_GetITStatus)
    RTC_IRQHandler                           0x08002025   Thumb Code    18  stm32f10x_it.o(i.RTC_IRQHandler)
    RTC_SetCounter                           0x08002039   Thumb Code    24  stm32f10x_rtc.o(i.RTC_SetCounter)
    RTC_WaitForLastTask                      0x08002055   Thumb Code    14  stm32f10x_rtc.o(i.RTC_WaitForLastTask)
    RTC_WaitForSynchro                       0x08002069   Thumb Code    28  stm32f10x_rtc.o(i.RTC_WaitForSynchro)
    SPI_Cmd                                  0x08002089   Thumb Code    24  stm32f10x_spi.o(i.SPI_Cmd)
    SPI_I2S_GetFlagStatus                    0x080020a1   Thumb Code    18  stm32f10x_spi.o(i.SPI_I2S_GetFlagStatus)
    SPI_I2S_ReceiveData                      0x080020b3   Thumb Code     6  stm32f10x_spi.o(i.SPI_I2S_ReceiveData)
    SPI_I2S_SendData                         0x080020b9   Thumb Code     4  stm32f10x_spi.o(i.SPI_I2S_SendData)
    SPI_Init                                 0x080020bd   Thumb Code    60  stm32f10x_spi.o(i.SPI_Init)
    SVC_Handler                              0x080020f9   Thumb Code     2  stm32f10x_it.o(i.SVC_Handler)
    SysTick_Handler                          0x080020fd   Thumb Code    52  board.o(i.SysTick_Handler)
    SystemCoreClockUpdate                    0x08002139   Thumb Code   142  system_stm32f10x.o(i.SystemCoreClockUpdate)
    SystemInit                               0x080021dd   Thumb Code    16  system_stm32f10x.o(i.SystemInit)
    UART1_Init                               0x080021f1   Thumb Code   182  drv_uart.o(i.UART1_Init)
    UART2_Init                               0x080022b9   Thumb Code   178  drv_uart.o(i.UART2_Init)
    UART3_Init                               0x0800237d   Thumb Code   182  drv_uart.o(i.UART3_Init)
    UART_Clear                               0x08002445   Thumb Code    24  drv_uart.o(i.UART_Clear)
    UART_Init                                0x0800245d   Thumb Code    22  drv_uart.o(i.UART_Init)
    USART1_IRQHandler                        0x08002485   Thumb Code   100  drv_uart.o(i.USART1_IRQHandler)
    USART2_IRQHandler                        0x080024f1   Thumb Code   110  drv_uart.o(i.USART2_IRQHandler)
    USART3_IRQHandler                        0x08002569   Thumb Code   100  drv_uart.o(i.USART3_IRQHandler)
    USART_ClearFlag                          0x080025d5   Thumb Code    18  stm32f10x_usart.o(i.USART_ClearFlag)
    USART_ClearITPendingBit                  0x080025e7   Thumb Code    30  stm32f10x_usart.o(i.USART_ClearITPendingBit)
    USART_Cmd                                0x08002605   Thumb Code    24  stm32f10x_usart.o(i.USART_Cmd)
    USART_GetFlagStatus                      0x0800261d   Thumb Code    26  stm32f10x_usart.o(i.USART_GetFlagStatus)
    USART_GetITStatus                        0x08002637   Thumb Code    84  stm32f10x_usart.o(i.USART_GetITStatus)
    USART_ITConfig                           0x0800268b   Thumb Code    74  stm32f10x_usart.o(i.USART_ITConfig)
    USART_Init                               0x080026d5   Thumb Code   210  stm32f10x_usart.o(i.USART_Init)
    USART_ReceiveData                        0x080027ad   Thumb Code    10  stm32f10x_usart.o(i.USART_ReceiveData)
    USART_SendData                           0x080027b7   Thumb Code     8  stm32f10x_usart.o(i.USART_SendData)
    UsageFault_Handler                       0x080027bf   Thumb Code     4  stm32f10x_it.o(i.UsageFault_Handler)
    WWDG_Enable                              0x080027c5   Thumb Code    10  stm32f10x_wwdg.o(i.WWDG_Enable)
    WWDG_SetPrescaler                        0x080027d5   Thumb Code    18  stm32f10x_wwdg.o(i.WWDG_SetPrescaler)
    WWDG_SetWindowValue                      0x080027ed   Thumb Code    34  stm32f10x_wwdg.o(i.WWDG_SetWindowValue)
    __0printf                                0x08002845   Thumb Code    22  printfa.o(i.__0printf)
    __1printf                                0x08002845   Thumb Code     0  printfa.o(i.__0printf)
    __2printf                                0x08002845   Thumb Code     0  printfa.o(i.__0printf)
    __c89printf                              0x08002845   Thumb Code     0  printfa.o(i.__0printf)
    printf                                   0x08002845   Thumb Code     0  printfa.o(i.__0printf)
    __0sprintf                               0x08002865   Thumb Code    34  printfa.o(i.__0sprintf)
    __1sprintf                               0x08002865   Thumb Code     0  printfa.o(i.__0sprintf)
    __2sprintf                               0x08002865   Thumb Code     0  printfa.o(i.__0sprintf)
    __c89sprintf                             0x08002865   Thumb Code     0  printfa.o(i.__0sprintf)
    sprintf                                  0x08002865   Thumb Code     0  printfa.o(i.__0sprintf)
    __0vsnprintf                             0x0800288d   Thumb Code    40  printfa.o(i.__0vsnprintf)
    __1vsnprintf                             0x0800288d   Thumb Code     0  printfa.o(i.__0vsnprintf)
    __2vsnprintf                             0x0800288d   Thumb Code     0  printfa.o(i.__0vsnprintf)
    __c89vsnprintf                           0x0800288d   Thumb Code     0  printfa.o(i.__0vsnprintf)
    vsnprintf                                0x0800288d   Thumb Code     0  printfa.o(i.__0vsnprintf)
    __aeabi_errno_addr                       0x080028b9   Thumb Code     4  errno.o(i.__aeabi_errno_addr)
    __rt_errno_addr                          0x080028b9   Thumb Code     0  errno.o(i.__aeabi_errno_addr)
    __kernel_poly                            0x080028c1   Thumb Code   170  poly.o(i.__kernel_poly)
    __mathlib_dbl_divzero                    0x0800296d   Thumb Code    12  dunder.o(i.__mathlib_dbl_divzero)
    __mathlib_dbl_infnan                     0x0800297d   Thumb Code     6  dunder.o(i.__mathlib_dbl_infnan)
    __mathlib_dbl_invalid                    0x08002983   Thumb Code    12  dunder.o(i.__mathlib_dbl_invalid)
    __rt_ffs                                 0x08002991   Thumb Code    70  kservice.o(i.__rt_ffs)
    __scatterload_copy                       0x080029dd   Thumb Code    14  handlers.o(i.__scatterload_copy)
    __scatterload_null                       0x080029eb   Thumb Code     2  handlers.o(i.__scatterload_null)
    __scatterload_zeroinit                   0x080029ed   Thumb Code    14  handlers.o(i.__scatterload_zeroinit)
    __set_errno                              0x080029fd   Thumb Code     6  errno.o(i.__set_errno)
    aes_cbc_decrypt                          0x080033f5   Thumb Code    80  nwk_aes.o(i.aes_cbc_decrypt)
    aes_cbc_encrypt                          0x08003445   Thumb Code    68  nwk_aes.o(i.aes_cbc_encrypt)
    aes_decrypt                              0x08003489   Thumb Code    92  nwk_aes.o(i.aes_decrypt)
    aes_encrypt                              0x080034e5   Thumb Code    90  nwk_aes.o(i.aes_encrypt)
    aes_set_key                              0x08003541   Thumb Code   312  nwk_aes.o(i.aes_set_key)
    app_node_key_check                       0x0800367d   Thumb Code    54  app_node.o(i.app_node_key_check)
    app_node_key_init                        0x080036cd   Thumb Code    40  app_node.o(i.app_node_key_init)
    app_node_led_init                        0x080036f9   Thumb Code    66  app_node.o(i.app_node_led_init)
    app_node_led_set_blue                    0x08003745   Thumb Code    26  app_node.o(i.app_node_led_set_blue)
    app_node_led_set_green                   0x08003765   Thumb Code    30  app_node.o(i.app_node_led_set_green)
    app_node_read_config                     0x08003969   Thumb Code   134  app_node.o(i.app_node_read_config)
    app_node_send_status                     0x08003a51   Thumb Code   158  app_node.o(i.app_node_send_status)
    app_node_set_sn                          0x08003b11   Thumb Code    30  app_node.o(i.app_node_set_sn)
    app_node_set_wake_period                 0x08003b4d   Thumb Code    36  app_node.o(i.app_node_set_wake_period)
    app_node_sleep_check                     0x08003b91   Thumb Code    42  app_node.o(i.app_node_sleep_check)
    app_node_temp_init                       0x08003bd9   Thumb Code   154  app_node.o(i.app_node_temp_init)
    app_node_temp_update                     0x08003c7d   Thumb Code   266  app_node.o(i.app_node_temp_update)
    app_node_thread_entry                    0x08003db1   Thumb Code   398  app_node.o(i.app_node_thread_entry)
    app_node_wait_on_busy                    0x08003fe1   Thumb Code    48  app_node.o(i.app_node_wait_on_busy)
    app_node_write_config                    0x08004031   Thumb Code    24  app_node.o(i.app_node_write_config)
    app_oled96_iic_init                      0x0800404d   Thumb Code   110  app_oled96.o(i.app_oled96_iic_init)
    app_oled96_init                          0x080040c9   Thumb Code    52  app_oled96.o(i.app_oled96_init)
    app_oled96_show_debug                    0x08004101   Thumb Code    28  app_oled96.o(i.app_oled96_show_debug)
    app_oled96_show_gw_info                  0x0800411d   Thumb Code    52  app_oled96.o(i.app_oled96_show_gw_info)
    app_oled96_show_node                     0x08004161   Thumb Code    48  app_oled96.o(i.app_oled96_show_node)
    app_oled96_show_signal                   0x080041a1   Thumb Code    48  app_oled96.o(i.app_oled96_show_signal)
    app_oled96_show_start                    0x080041e5   Thumb Code    42  app_oled96.o(i.app_oled96_show_start)
    app_oled96_show_time                     0x0800421d   Thumb Code    42  app_oled96.o(i.app_oled96_show_time)
    app_oled96_show_tx_total                 0x08004255   Thumb Code    94  app_oled96.o(i.app_oled96_show_tx_total)
    app_oled96_show_version                  0x080042c9   Thumb Code    48  app_oled96.o(i.app_oled96_show_version)
    app_oled96_thread_entry                  0x08004311   Thumb Code   116  app_oled96.o(i.app_oled96_thread_entry)
    app_oled96_write_byte                    0x080043ad   Thumb Code   138  app_oled96.o(i.app_oled96_write_byte)
    app_uart_thread_entry                    0x08004445   Thumb Code   444  user_app.o(i.app_uart_thread_entry)
    delay_ms                                 0x08004779   Thumb Code    26  drv_common.o(i.delay_ms)
    delay_os                                 0x08004799   Thumb Code    24  drv_common.o(i.delay_os)
    drv_common_init                          0x080047b1   Thumb Code    88  drv_common.o(i.drv_common_init)
    drv_crc16                                0x08004849   Thumb Code    48  drv_common.o(i.drv_crc16)
    drv_get_rtc_counter                      0x08004881   Thumb Code     8  drv_common.o(i.drv_get_rtc_counter)
    drv_get_sec_counter                      0x08004889   Thumb Code     6  drv_common.o(i.drv_get_sec_counter)
    drv_oled96_clear                         0x08004895   Thumb Code    64  drv_oled96.o(i.drv_oled96_clear)
    drv_oled96_clear_line                    0x080048d5   Thumb Code    54  drv_oled96.o(i.drv_oled96_clear_line)
    drv_oled96_init                          0x0800490b   Thumb Code   232  drv_oled96.o(i.drv_oled96_init)
    drv_oled96_set_pos                       0x080049f3   Thumb Code    46  drv_oled96.o(i.drv_oled96_set_pos)
    drv_oled96_show_char                     0x08004a21   Thumb Code   164  drv_oled96.o(i.drv_oled96_show_char)
    drv_oled96_show_chinese                  0x08004acd   Thumb Code    96  drv_oled96.o(i.drv_oled96_show_chinese)
    drv_oled96_show_str_f6x8                 0x08004b31   Thumb Code    52  drv_oled96.o(i.drv_oled96_show_str_f6x8)
    drv_oled96_show_str_f8x16                0x08004b65   Thumb Code    54  drv_oled96.o(i.drv_oled96_show_str_f8x16)
    drv_oled96_write_byte                    0x08004b9d   Thumb Code    24  drv_oled96.o(i.drv_oled96_write_byte)
    drv_oled96_write_byte_register           0x08004bb9   Thumb Code     6  drv_oled96.o(i.drv_oled96_write_byte_register)
    drv_rtc_init                             0x08004bc5   Thumb Code   188  drv_common.o(i.drv_rtc_init)
    drv_set_rtc_counter                      0x08004cb9   Thumb Code    12  drv_common.o(i.drv_set_rtc_counter)
    drv_sx1268_cad_check                     0x08004cc5   Thumb Code    50  drv_sx1268.o(i.drv_sx1268_cad_check)
    drv_sx1268_cad_init                      0x08004cf7   Thumb Code    44  drv_sx1268.o(i.drv_sx1268_cad_init)
    drv_sx1268_calcu_air_time                0x08004d25   Thumb Code   266  drv_sx1268.o(i.drv_sx1268_calcu_air_time)
    drv_sx1268_clr_irq_status                0x08004e5d   Thumb Code    36  drv_sx1268.o(i.drv_sx1268_clr_irq_status)
    drv_sx1268_convert_freqinhz2pllstep      0x08004e81   Thumb Code    36  drv_sx1268.o(i.drv_sx1268_convert_freqinhz2pllstep)
    drv_sx1268_get_irq_status                0x08004ea5   Thumb Code    30  drv_sx1268.o(i.drv_sx1268_get_irq_status)
    drv_sx1268_get_pack_status               0x08004ec3   Thumb Code    56  drv_sx1268.o(i.drv_sx1268_get_pack_status)
    drv_sx1268_get_rssi_inst                 0x08004efb   Thumb Code    34  drv_sx1268.o(i.drv_sx1268_get_rssi_inst)
    drv_sx1268_get_rx_buff_status            0x08004f1d   Thumb Code    34  drv_sx1268.o(i.drv_sx1268_get_rx_buff_status)
    drv_sx1268_init                          0x08004f41   Thumb Code   152  drv_sx1268.o(i.drv_sx1268_init)
    drv_sx1268_recv_check                    0x08004fe9   Thumb Code    96  drv_sx1268.o(i.drv_sx1268_recv_check)
    drv_sx1268_recv_init                     0x08005065   Thumb Code    82  drv_sx1268.o(i.drv_sx1268_recv_init)
    drv_sx1268_send                          0x080050bd   Thumb Code    70  drv_sx1268.o(i.drv_sx1268_send)
    drv_sx1268_send_check                    0x08005103   Thumb Code    34  drv_sx1268.o(i.drv_sx1268_send_check)
    drv_sx1268_set_buff_base_addr            0x08005125   Thumb Code    34  drv_sx1268.o(i.drv_sx1268_set_buff_base_addr)
    drv_sx1268_set_cad_params                0x08005147   Thumb Code    74  drv_sx1268.o(i.drv_sx1268_set_cad_params)
    drv_sx1268_set_dio2_switchctrl           0x08005191   Thumb Code    26  drv_sx1268.o(i.drv_sx1268_set_dio2_switchctrl)
    drv_sx1268_set_freq                      0x080051ab   Thumb Code    58  drv_sx1268.o(i.drv_sx1268_set_freq)
    drv_sx1268_set_irq_parsms                0x080051e5   Thumb Code    78  drv_sx1268.o(i.drv_sx1268_set_irq_parsms)
    drv_sx1268_set_mode                      0x08005233   Thumb Code    18  drv_sx1268.o(i.drv_sx1268_set_mode)
    drv_sx1268_set_pa                        0x08005245   Thumb Code    44  drv_sx1268.o(i.drv_sx1268_set_pa)
    drv_sx1268_set_pack_params               0x08005275   Thumb Code    88  drv_sx1268.o(i.drv_sx1268_set_pack_params)
    drv_sx1268_set_power                     0x080052cd   Thumb Code    88  drv_sx1268.o(i.drv_sx1268_set_power)
    drv_sx1268_set_regulator_mode            0x08005325   Thumb Code    26  drv_sx1268.o(i.drv_sx1268_set_regulator_mode)
    drv_sx1268_set_sf_bw                     0x0800533f   Thumb Code    48  drv_sx1268.o(i.drv_sx1268_set_sf_bw)
    drv_sx1268_set_sleep                     0x0800536f   Thumb Code    22  drv_sx1268.o(i.drv_sx1268_set_sleep)
    drv_sx1268_set_standby                   0x08005385   Thumb Code    18  drv_sx1268.o(i.drv_sx1268_set_standby)
    drv_sx1268_set_stop_rxtimer_onpreamble_detect 0x08005397   Thumb Code    18  drv_sx1268.o(i.drv_sx1268_set_stop_rxtimer_onpreamble_detect)
    drv_sx1268_wakeup                        0x080053a9   Thumb Code    40  drv_sx1268.o(i.drv_sx1268_wakeup)
    drv_system_reset                         0x080053d1   Thumb Code    44  drv_common.o(i.drv_system_reset)
    drv_wdog_feed                            0x08005411   Thumb Code     2  drv_common.o(i.drv_wdog_feed)
    drv_wdog_init                            0x08005413   Thumb Code     2  drv_common.o(i.drv_wdog_init)
    fputc                                    0x08005415   Thumb Code    32  drv_uart.o(i.fputc)
    hal_sx1268_read_cmd                      0x08005439   Thumb Code    72  hal_sx1268.o(i.hal_sx1268_read_cmd)
    hal_sx1268_read_fifo                     0x08005481   Thumb Code    76  hal_sx1268.o(i.hal_sx1268_read_fifo)
    hal_sx1268_read_reg                      0x080054cd   Thumb Code    28  hal_sx1268.o(i.hal_sx1268_read_reg)
    hal_sx1268_read_regs                     0x080054e9   Thumb Code    84  hal_sx1268.o(i.hal_sx1268_read_regs)
    hal_sx1268_rst                           0x0800553d   Thumb Code    10  hal_sx1268.o(i.hal_sx1268_rst)
    hal_sx1268_set_led                       0x08005547   Thumb Code    18  hal_sx1268.o(i.hal_sx1268_set_led)
    hal_sx1268_spi_rw_byte                   0x08005559   Thumb Code    18  hal_sx1268.o(i.hal_sx1268_spi_rw_byte)
    hal_sx1268_write_cmd                     0x0800556b   Thumb Code    58  hal_sx1268.o(i.hal_sx1268_write_cmd)
    hal_sx1268_write_fifo                    0x080055a5   Thumb Code    68  hal_sx1268.o(i.hal_sx1268_write_fifo)
    hal_sx1268_write_reg                     0x080055e9   Thumb Code    20  hal_sx1268.o(i.hal_sx1268_write_reg)
    hal_sx1268_write_regs                    0x080055fd   Thumb Code    74  hal_sx1268.o(i.hal_sx1268_write_regs)
    log                                      0x0800599d   Thumb Code   808  log.o(i.log)
    $Super$$main                             0x08005cf9   Thumb Code    70  main.o(i.main)
    main_thread_entry                        0x08005dcd   Thumb Code    14  components.o(i.main_thread_entry)
    nwk_aes_decrypt                          0x08006061   Thumb Code   106  nwk_bsp.o(i.nwk_aes_decrypt)
    nwk_aes_encrypt                          0x080060d1   Thumb Code   106  nwk_bsp.o(i.nwk_aes_encrypt)
    nwk_crc16                                0x08006141   Thumb Code    16  nwk_bsp.o(i.nwk_crc16)
    nwk_delay_ms                             0x08006151   Thumb Code    12  nwk_bsp.o(i.nwk_delay_ms)
    nwk_find_head                            0x0800615d   Thumb Code    72  nwk_bsp.o(i.nwk_find_head)
    nwk_get_down_channel                     0x080061a5   Thumb Code    30  nwk_bsp.o(i.nwk_get_down_channel)
    nwk_get_rand                             0x080061c9   Thumb Code    18  nwk_bsp.o(i.nwk_get_rand)
    nwk_get_rtc_counter                      0x080061db   Thumb Code     8  nwk_bsp.o(i.nwk_get_rtc_counter)
    nwk_get_sec_counter                      0x080061e3   Thumb Code     8  nwk_bsp.o(i.nwk_get_sec_counter)
    nwk_get_sn_freq                          0x080061ed   Thumb Code    36  nwk_bsp.o(i.nwk_get_sn_freq)
    nwk_get_static_channel4                  0x08006215   Thumb Code    30  nwk_bsp.o(i.nwk_get_static_channel4)
    nwk_get_up_channel                       0x08006239   Thumb Code    30  nwk_bsp.o(i.nwk_get_up_channel)
    nwk_node_cacul_alarm_time                0x0800625d   Thumb Code    88  nwk_node.o(i.nwk_node_cacul_alarm_time)
    nwk_node_cad_check                       0x080062b9   Thumb Code    26  nwk_node.o(i.nwk_node_cad_check)
    nwk_node_cad_init                        0x080062d9   Thumb Code    26  nwk_node.o(i.nwk_node_cad_init)
    nwk_node_calcu_air_time                  0x080062f9   Thumb Code    30  nwk_node.o(i.nwk_node_calcu_air_time)
    nwk_node_clear_d2d                       0x08006319   Thumb Code    30  nwk_node.o(i.nwk_node_clear_d2d)
    nwk_node_clear_tx                        0x08006351   Thumb Code    30  nwk_node.o(i.nwk_node_clear_tx)
    nwk_node_device_init                     0x08006385   Thumb Code    38  nwk_node.o(i.nwk_node_device_init)
    nwk_node_main_process                    0x080063cd   Thumb Code     8  nwk_node.o(i.nwk_node_main_process)
    nwk_node_make_send_buff                  0x080063d5   Thumb Code   368  nwk_node.o(i.nwk_node_make_send_buff)
    nwk_node_recv_check                      0x08006549   Thumb Code    76  nwk_node.o(i.nwk_node_recv_check)
    nwk_node_recv_from_check                 0x08006599   Thumb Code    24  nwk_node.o(i.nwk_node_recv_from_check)
    nwk_node_recv_init                       0x080065b5   Thumb Code    26  nwk_node.o(i.nwk_node_recv_init)
    nwk_node_recv_parse                      0x080065d5   Thumb Code   932  nwk_node.o(i.nwk_node_recv_parse)
    nwk_node_req_join                        0x08006b59   Thumb Code    58  nwk_node.o(i.nwk_node_req_join)
    nwk_node_rx_process                      0x08006bb9   Thumb Code  1420  nwk_node.o(i.nwk_node_rx_process)
    nwk_node_search_gw                       0x0800715d   Thumb Code    38  nwk_node.o(i.nwk_node_search_gw)
    nwk_node_search_process                  0x08007189   Thumb Code   430  nwk_node.o(i.nwk_node_search_process)
    nwk_node_select_gw                       0x080074a1   Thumb Code    32  nwk_node.o(i.nwk_node_select_gw)
    nwk_node_send2device                     0x080074c5   Thumb Code   150  nwk_node.o(i.nwk_node_send2device)
    nwk_node_send2gateway                    0x080075e5   Thumb Code    78  nwk_node.o(i.nwk_node_send2gateway)
    nwk_node_send_buff                       0x0800765d   Thumb Code    34  nwk_node.o(i.nwk_node_send_buff)
    nwk_node_send_check                      0x08007685   Thumb Code    26  nwk_node.o(i.nwk_node_send_check)
    nwk_node_send_sniff                      0x080076a5   Thumb Code    46  nwk_node.o(i.nwk_node_send_sniff)
    nwk_node_set_led                         0x080076dd   Thumb Code    30  nwk_node.o(i.nwk_node_set_led)
    nwk_node_set_lora_dev                    0x08007701   Thumb Code     8  nwk_node.o(i.nwk_node_set_lora_dev)
    nwk_node_set_lora_param                  0x0800770d   Thumb Code    48  nwk_node.o(i.nwk_node_set_lora_param)
    nwk_node_set_root_key                    0x08007741   Thumb Code    16  nwk_node.o(i.nwk_node_set_root_key)
    nwk_node_set_sn                          0x08007755   Thumb Code     6  nwk_node.o(i.nwk_node_set_sn)
    nwk_node_set_wake_period                 0x08007761   Thumb Code     8  nwk_node.o(i.nwk_node_set_wake_period)
    nwk_node_sleep_init                      0x0800776d   Thumb Code    32  nwk_node.o(i.nwk_node_sleep_init)
    nwk_node_take_rf_param                   0x080077ad   Thumb Code     4  nwk_node.o(i.nwk_node_take_rf_param)
    nwk_node_take_tx_cnts                    0x080077b5   Thumb Code    18  nwk_node.o(i.nwk_node_take_tx_cnts)
    nwk_node_tx_d2d_process                  0x080077cd   Thumb Code  1550  nwk_node.o(i.nwk_node_tx_d2d_process)
    nwk_node_tx_gw_process                   0x08007e79   Thumb Code  4680  nwk_node.o(i.nwk_node_tx_gw_process)
    nwk_node_work_check                      0x08009185   Thumb Code   560  nwk_node.o(i.nwk_node_work_check)
    nwk_set_rtc_counter                      0x08009431   Thumb Code    12  nwk_bsp.o(i.nwk_set_rtc_counter)
    nwk_tea_decrypt                          0x0800943d   Thumb Code    20  nwk_bsp.o(i.nwk_tea_decrypt)
    nwk_tea_encrypt                          0x08009451   Thumb Code    20  nwk_bsp.o(i.nwk_tea_encrypt)
    printf_hex                               0x080094dd   Thumb Code    48  drv_common.o(i.printf_hex)
    printf_oled                              0x0800951d   Thumb Code    46  app_oled96.o(i.printf_oled)
    rt_application_init                      0x08009555   Thumb Code    34  components.o(i.rt_application_init)
    rt_components_board_init                 0x08009585   Thumb Code    20  components.o(i.rt_components_board_init)
    rt_components_init                       0x080095a1   Thumb Code    20  components.o(i.rt_components_init)
    rt_enter_critical                        0x080095bd   Thumb Code    28  scheduler.o(i.rt_enter_critical)
    rt_exit_critical                         0x080095dd   Thumb Code    54  scheduler.o(i.rt_exit_critical)
    rt_free                                  0x08009619   Thumb Code    98  mem.o(i.rt_free)
    rt_heap_begin_get                        0x08009691   Thumb Code     4  board.o(i.rt_heap_begin_get)
    rt_heap_end_get                          0x08009699   Thumb Code     4  board.o(i.rt_heap_end_get)
    rt_hw_board_init                         0x080096a1   Thumb Code    54  board.o(i.rt_hw_board_init)
    rt_hw_hard_fault_exception               0x080096dd   Thumb Code    32  cpuport.o(i.rt_hw_hard_fault_exception)
    rt_hw_stack_init                         0x08009701   Thumb Code    70  cpuport.o(i.rt_hw_stack_init)
    rt_interrupt_enter                       0x0800974d   Thumb Code    26  irq.o(i.rt_interrupt_enter)
    rt_interrupt_leave                       0x0800976d   Thumb Code    26  irq.o(i.rt_interrupt_leave)
    rt_malloc                                0x080098ad   Thumb Code   336  mem.o(i.rt_malloc)
    rt_memset                                0x08009a19   Thumb Code    72  kservice.o(i.rt_memset)
    rt_object_allocate                       0x08009a61   Thumb Code    74  object.o(i.rt_object_allocate)
    rt_object_delete                         0x08009aab   Thumb Code    32  object.o(i.rt_object_delete)
    rt_object_detach                         0x08009acb   Thumb Code    26  object.o(i.rt_object_detach)
    rt_object_get_information                0x08009ae5   Thumb Code    36  object.o(i.rt_object_get_information)
    rt_object_init                           0x08009b0d   Thumb Code    60  object.o(i.rt_object_init)
    rt_object_is_systemobject                0x08009b49   Thumb Code    18  object.o(i.rt_object_is_systemobject)
    rt_schedule                              0x08009b5d   Thumb Code   118  scheduler.o(i.rt_schedule)
    rt_schedule_insert_thread                0x08009bed   Thumb Code    72  scheduler.o(i.rt_schedule_insert_thread)
    rt_schedule_remove_thread                0x08009c3d   Thumb Code    76  scheduler.o(i.rt_schedule_remove_thread)
    rt_sem_init                              0x08009c91   Thumb Code    38  ipc.o(i.rt_sem_init)
    rt_sem_release                           0x08009cb7   Thumb Code    58  ipc.o(i.rt_sem_release)
    rt_sem_take                              0x08009cf1   Thumb Code   116  ipc.o(i.rt_sem_take)
    rt_show_version                          0x08009d65   Thumb Code     2  kservice.o(i.rt_show_version)
    rt_strncpy                               0x08009d67   Thumb Code    52  kservice.o(i.rt_strncpy)
    rt_system_heap_init                      0x08009d9d   Thumb Code   146  mem.o(i.rt_system_heap_init)
    rt_system_scheduler_init                 0x08009e4d   Thumb Code    52  scheduler.o(i.rt_system_scheduler_init)
    rt_system_scheduler_start                0x08009e99   Thumb Code    36  scheduler.o(i.rt_system_scheduler_start)
    rt_system_timer_init                     0x08009ec9   Thumb Code    24  timer.o(i.rt_system_timer_init)
    rt_system_timer_thread_init              0x08009ee5   Thumb Code     2  timer.o(i.rt_system_timer_thread_init)
    rt_thread_create                         0x08009ee7   Thumb Code    80  thread.o(i.rt_thread_create)
    rt_thread_delay                          0x08009f37   Thumb Code    12  thread.o(i.rt_thread_delay)
    rt_thread_exit                           0x08009f45   Thumb Code    76  thread.o(i.rt_thread_exit)
    rt_thread_idle_excute                    0x08009fa1   Thumb Code   128  idle.o(i.rt_thread_idle_excute)
    rt_thread_idle_init                      0x0800a025   Thumb Code    38  idle.o(i.rt_thread_idle_init)
    rt_thread_init                           0x0800a061   Thumb Code    52  thread.o(i.rt_thread_init)
    rt_thread_resume                         0x0800a095   Thumb Code    60  thread.o(i.rt_thread_resume)
    rt_thread_self                           0x0800a0d1   Thumb Code     6  thread.o(i.rt_thread_self)
    rt_thread_sleep                          0x0800a0dd   Thumb Code    62  thread.o(i.rt_thread_sleep)
    rt_thread_startup                        0x0800a121   Thumb Code    44  thread.o(i.rt_thread_startup)
    rt_thread_suspend                        0x0800a14d   Thumb Code    68  thread.o(i.rt_thread_suspend)
    rt_thread_timeout                        0x0800a191   Thumb Code    32  thread.o(i.rt_thread_timeout)
    rt_thread_yield                          0x0800a1b1   Thumb Code    92  thread.o(i.rt_thread_yield)
    rt_tick_get                              0x0800a215   Thumb Code     6  clock.o(i.rt_tick_get)
    rt_tick_increase                         0x0800a221   Thumb Code    42  clock.o(i.rt_tick_increase)
    rt_timer_check                           0x0800a251   Thumb Code   118  timer.o(i.rt_timer_check)
    rt_timer_control                         0x0800a2cd   Thumb Code    56  timer.o(i.rt_timer_control)
    rt_timer_detach                          0x0800a305   Thumb Code    32  timer.o(i.rt_timer_detach)
    rt_timer_init                            0x0800a325   Thumb Code    46  timer.o(i.rt_timer_init)
    rt_timer_start                           0x0800a355   Thumb Code   238  timer.o(i.rt_timer_start)
    rt_timer_stop                            0x0800a44d   Thumb Code    48  timer.o(i.rt_timer_stop)
    rtthread_startup                         0x0800a48d   Thumb Code    42  components.o(i.rtthread_startup)
    tea_decrypt_buff                         0x0800a529   Thumb Code    78  drv_encrypt.o(i.tea_decrypt_buff)
    tea_encrypt_buff                         0x0800a591   Thumb Code    78  drv_encrypt.o(i.tea_encrypt_buff)
    F6x8                                     0x0800a87a   Data         552  drv_oled96.o(.constdata)
    F8X16                                    0x0800aaa2   Data        1520  drv_oled96.o(.constdata)
    Hzk                                      0x0800b092   Data         256  drv_oled96.o(.constdata)
    __lowest_bit_bitmap                      0x0800b192   Data         256  kservice.o(.constdata)
    __mathlib_zero                           0x0800bb18   Data           8  qnan.o(.constdata)
    __ctype_table                            0x0800bb20   Data         129  ctype_o.o(.constdata)
    __rt_init_rti_start                      0x0800bba8   Data           4  components.o(.rti_fn.0)
    __rt_init_rti_board_start                0x0800bbac   Data           4  components.o(.rti_fn.0.end)
    __rt_init_rti_board_end                  0x0800bbb0   Data           4  components.o(.rti_fn.1.end)
    __rt_init_rti_end                        0x0800bbb4   Data           4  components.o(.rti_fn.6.end)
    Region$$Table$$Base                      0x0800bbb8   Number         0  anon$$obj.o(Region$$Table)
    Region$$Table$$Limit                     0x0800bbd8   Number         0  anon$$obj.o(Region$$Table)
    SystemCoreClock                          0x20000000   Data           4  system_stm32f10x.o(.data)
    AHBPrescTable                            0x20000004   Data          16  system_stm32f10x.o(.data)
    g_sAppNodeWork                           0x20000018   Data           1  app_node.o(.data)
    g_u32SecCounter                          0x2000002c   Data           4  drv_common.o(.data)
    tickets_us                               0x20000030   Data           4  drv_common.o(.data)
    tickets_ms                               0x20000034   Data           4  drv_common.o(.data)
    bWatchDog                                0x20000038   Data           1  drv_common.o(.data)
    g_sDrvOLED96Work                         0x20000040   Data           4  drv_oled96.o(.data)
    rt_interrupt_from_thread                 0x20000044   Data           4  cpuport.o(.data)
    rt_interrupt_to_thread                   0x20000048   Data           4  cpuport.o(.data)
    rt_thread_switch_interrupt_flag          0x2000004c   Data           4  cpuport.o(.data)
    rt_interrupt_nest                        0x20000058   Data           1  irq.o(.data)
    rt_current_thread                        0x200000d8   Data           4  scheduler.o(.data)
    rt_current_priority                      0x200000dc   Data           1  scheduler.o(.data)
    rt_thread_ready_priority_group           0x200000e0   Data           4  scheduler.o(.data)
    rt_thread_defunct                        0x200000e4   Data           8  scheduler.o(.data)
    __stdout                                 0x2000011c   Data           4  stdout.o(.data)
    g_sDrvSx1268                             0x20000124   Data          28  app_node.o(.bss)
    g_sAppNodeSave                           0x20000140   Data          32  app_node.o(.bss)
    g_sOLEDShowNode                          0x20000160   Data         224  app_oled96.o(.bss)
    g_sI2cDrv                                0x20000240   Data          16  app_oled96.o(.bss)
    g_sUART1                                 0x20000718   Data          20  drv_uart.o(.bss)
    g_sUART2                                 0x2000072c   Data          20  drv_uart.o(.bss)
    g_sUART3                                 0x20000740   Data          20  drv_uart.o(.bss)
    g_u8UART1_Buff                           0x20000754   Data         256  drv_uart.o(.bss)
    g_u8UART2_Buff                           0x20000854   Data         256  drv_uart.o(.bss)
    g_u8UART3_Buff                           0x20000954   Data         256  drv_uart.o(.bss)
    rt_thread_priority_table                 0x20001bec   Data         256  scheduler.o(.bss)
    g_sNwkNodeWork                           0x20001cec   Data        1352  nwk_node.o(.bss)
    __initial_sp                             0x20002e18   Data           0  startup_stm32f10x_md.o(STACK)



==============================================================================

Memory Map of the image

  Image Entry point : 0x080000ed

  Load Region LR_IROM1 (Base: 0x08000000, Size: 0x0000bcfc, Max: 0x00010000, ABSOLUTE)

    Execution Region ER_IROM1 (Base: 0x08000000, Size: 0x0000bbd8, Max: 0x00010000, ABSOLUTE)

    Base Addr    Size         Type   Attr      Idx    E Section Name        Object

    0x08000000   0x000000ec   Data   RO           19    RESET               startup_stm32f10x_md.o
    0x080000ec   0x00000000   Code   RO         5337  * .ARM.Collect$$$$00000000  mc_w.l(entry.o)
    0x080000ec   0x00000004   Code   RO         5699    .ARM.Collect$$$$00000001  mc_w.l(entry2.o)
    0x080000f0   0x00000004   Code   RO         5702    .ARM.Collect$$$$00000004  mc_w.l(entry5.o)
    0x080000f4   0x00000000   Code   RO         5704    .ARM.Collect$$$$00000008  mc_w.l(entry7b.o)
    0x080000f4   0x00000000   Code   RO         5706    .ARM.Collect$$$$0000000A  mc_w.l(entry8b.o)
    0x080000f4   0x00000008   Code   RO         5707    .ARM.Collect$$$$0000000B  mc_w.l(entry9a.o)
    0x080000fc   0x00000000   Code   RO         5709    .ARM.Collect$$$$0000000D  mc_w.l(entry10a.o)
    0x080000fc   0x00000000   Code   RO         5711    .ARM.Collect$$$$0000000F  mc_w.l(entry11a.o)
    0x080000fc   0x00000004   Code   RO         5700    .ARM.Collect$$$$00002712  mc_w.l(entry2.o)
    0x08000100   0x00000024   Code   RO           20    .text               startup_stm32f10x_md.o
    0x08000124   0x000000f0   Code   RO         2131    .text               context_rvds.o
    0x08000214   0x00000024   Code   RO         5340    .text               mc_w.l(rand.o)
    0x08000238   0x00000024   Code   RO         5343    .text               mc_w.l(memcpya.o)
    0x0800025c   0x00000024   Code   RO         5345    .text               mc_w.l(memseta.o)
    0x08000280   0x00000024   Code   RO         5347    .text               mc_w.l(strstr.o)
    0x080002a4   0x0000000e   Code   RO         5349    .text               mc_w.l(strlen.o)
    0x080002b2   0x0000001a   Code   RO         5351    .text               mc_w.l(memcmp.o)
    0x080002cc   0x00000012   Code   RO         5353    .text               mc_w.l(strcpy.o)
    0x080002de   0x00000002   PAD
    0x080002e0   0x00000038   Code   RO         5648    .text               mc_w.l(__0sscanf.o)
    0x08000318   0x0000014c   Code   RO         5650    .text               mc_w.l(_scanf_int.o)
    0x08000464   0x0000001a   Code   RO         5652    .text               mc_w.l(atol.o)
    0x0800047e   0x000000b0   Code   RO         5654    .text               mf_w.l(fadd.o)
    0x0800052e   0x00000064   Code   RO         5656    .text               mf_w.l(fmul.o)
    0x08000592   0x0000007c   Code   RO         5658    .text               mf_w.l(fdiv.o)
    0x0800060e   0x0000014e   Code   RO         5660    .text               mf_w.l(dadd.o)
    0x0800075c   0x000000e4   Code   RO         5662    .text               mf_w.l(dmul.o)
    0x08000840   0x000000de   Code   RO         5664    .text               mf_w.l(ddiv.o)
    0x0800091e   0x00000012   Code   RO         5666    .text               mf_w.l(fflti.o)
    0x08000930   0x0000000a   Code   RO         5668    .text               mf_w.l(ffltui.o)
    0x0800093a   0x00000022   Code   RO         5670    .text               mf_w.l(dflti.o)
    0x0800095c   0x0000001a   Code   RO         5672    .text               mf_w.l(dfltui.o)
    0x08000976   0x00000028   Code   RO         5674    .text               mf_w.l(ffixui.o)
    0x0800099e   0x00000032   Code   RO         5676    .text               mf_w.l(dfixui.o)
    0x080009d0   0x00000026   Code   RO         5678    .text               mf_w.l(f2d.o)
    0x080009f6   0x00000038   Code   RO         5680    .text               mf_w.l(d2f.o)
    0x08000a2e   0x0000002c   Code   RO         5714    .text               mc_w.l(uidiv.o)
    0x08000a5a   0x00000062   Code   RO         5716    .text               mc_w.l(uldiv.o)
    0x08000abc   0x0000001e   Code   RO         5718    .text               mc_w.l(llshl.o)
    0x08000ada   0x00000020   Code   RO         5720    .text               mc_w.l(llushr.o)
    0x08000afa   0x00000024   Code   RO         5722    .text               mc_w.l(llsshr.o)
    0x08000b1e   0x0000001c   Code   RO         5733    .text               mc_w.l(_chval.o)
    0x08000b3a   0x00000002   PAD
    0x08000b3c   0x00000028   Code   RO         5735    .text               mc_w.l(scanf_char.o)
    0x08000b64   0x00000040   Code   RO         5737    .text               mc_w.l(_sgetc.o)
    0x08000ba4   0x00000070   Code   RO         5739    .text               mc_w.l(strtol.o)
    0x08000c14   0x00000000   Code   RO         5741    .text               mc_w.l(iusefp.o)
    0x08000c14   0x0000006e   Code   RO         5742    .text               mf_w.l(fepilogue.o)
    0x08000c82   0x000000ba   Code   RO         5744    .text               mf_w.l(depilogue.o)
    0x08000d3c   0x0000002e   Code   RO         5746    .text               mf_w.l(dscalb.o)
    0x08000d6a   0x00000030   Code   RO         5748    .text               mf_w.l(dfixul.o)
    0x08000d9a   0x00000002   PAD
    0x08000d9c   0x00000030   Code   RO         5750    .text               mf_w.l(cdcmple.o)
    0x08000dcc   0x00000030   Code   RO         5752    .text               mf_w.l(cdrcmple.o)
    0x08000dfc   0x00000024   Code   RO         5754    .text               mc_w.l(init.o)
    0x08000e20   0x00000008   Code   RO         5758    .text               mc_w.l(ctype_o.o)
    0x08000e28   0x00000012   Code   RO         5780    .text               mc_w.l(isspace_o.o)
    0x08000e3a   0x00000002   PAD
    0x08000e3c   0x0000032c   Code   RO         5786    .text               mc_w.l(_scanf.o)
    0x08001168   0x0000009e   Code   RO         5788    .text               mc_w.l(_strtoul.o)
    0x08001206   0x0000000e   Code   RO         1167    i.$Sub$$main        components.o
    0x08001214   0x00000016   Code   RO         3813    i.ADC_Cmd           f103c8t6.lib(stm32f10x_adc.o)
    0x0800122a   0x00000002   PAD
    0x0800122c   0x0000005c   Code   RO         3815    i.ADC_DeInit        f103c8t6.lib(stm32f10x_adc.o)
    0x08001288   0x00000014   Code   RO         3821    i.ADC_GetCalibrationStatus  f103c8t6.lib(stm32f10x_adc.o)
    0x0800129c   0x00000008   Code   RO         3822    i.ADC_GetConversionValue  f103c8t6.lib(stm32f10x_adc.o)
    0x080012a4   0x00000012   Code   RO         3824    i.ADC_GetFlagStatus  f103c8t6.lib(stm32f10x_adc.o)
    0x080012b6   0x00000014   Code   RO         3827    i.ADC_GetResetCalibrationStatus  f103c8t6.lib(stm32f10x_adc.o)
    0x080012ca   0x00000002   PAD
    0x080012cc   0x00000050   Code   RO         3831    i.ADC_Init          f103c8t6.lib(stm32f10x_adc.o)
    0x0800131c   0x000000b8   Code   RO         3835    i.ADC_RegularChannelConfig  f103c8t6.lib(stm32f10x_adc.o)
    0x080013d4   0x0000000a   Code   RO         3836    i.ADC_ResetCalibration  f103c8t6.lib(stm32f10x_adc.o)
    0x080013de   0x00000016   Code   RO         3838    i.ADC_SoftwareStartConvCmd  f103c8t6.lib(stm32f10x_adc.o)
    0x080013f4   0x0000000a   Code   RO         3840    i.ADC_StartCalibration  f103c8t6.lib(stm32f10x_adc.o)
    0x080013fe   0x00000002   PAD
    0x08001400   0x00000084   Code   RO          307    i.APP_Init          user_app.o
    0x08001484   0x00000010   Code   RO         4031    i.BKP_DeInit        f103c8t6.lib(stm32f10x_bkp.o)
    0x08001494   0x0000001c   Code   RO         4035    i.BKP_RTCOutputConfig  f103c8t6.lib(stm32f10x_bkp.o)
    0x080014b0   0x0000001c   Code   RO         4036    i.BKP_ReadBackupRegister  f103c8t6.lib(stm32f10x_bkp.o)
    0x080014cc   0x0000000c   Code   RO         4038    i.BKP_TamperPinCmd  f103c8t6.lib(stm32f10x_bkp.o)
    0x080014d8   0x0000001c   Code   RO         4040    i.BKP_WriteBackupRegister  f103c8t6.lib(stm32f10x_bkp.o)
    0x080014f4   0x00000004   Code   RO           24    i.BusFault_Handler  stm32f10x_it.o
    0x080014f8   0x00000002   Code   RO           25    i.DebugMon_Handler  stm32f10x_it.o
    0x080014fa   0x00000002   PAD
    0x080014fc   0x0000006c   Code   RO          950    i.DecryptTEA        drv_encrypt.o
    0x08001568   0x0000004c   Code   RO          596    i.EEPROM_Read       drv_common.o
    0x080015b4   0x00000060   Code   RO          597    i.EEPROM_Write      drv_common.o
    0x08001614   0x00000064   Code   RO          951    i.EncryptTEA        drv_encrypt.o
    0x08001678   0x0000004c   Code   RO         4112    i.FLASH_ErasePage   f103c8t6.lib(stm32f10x_flash.o)
    0x080016c4   0x00000034   Code   RO         4113    i.FLASH_GetBank1Status  f103c8t6.lib(stm32f10x_flash.o)
    0x080016f8   0x00000014   Code   RO         4122    i.FLASH_Lock        f103c8t6.lib(stm32f10x_flash.o)
    0x0800170c   0x0000001c   Code   RO         4124    i.FLASH_PrefetchBufferCmd  f103c8t6.lib(stm32f10x_flash.o)
    0x08001728   0x0000006c   Code   RO         4127    i.FLASH_ProgramWord  f103c8t6.lib(stm32f10x_flash.o)
    0x08001794   0x00000018   Code   RO         4129    i.FLASH_SetLatency  f103c8t6.lib(stm32f10x_flash.o)
    0x080017ac   0x00000018   Code   RO         4130    i.FLASH_Unlock      f103c8t6.lib(stm32f10x_flash.o)
    0x080017c4   0x00000026   Code   RO         4134    i.FLASH_WaitForLastOperation  f103c8t6.lib(stm32f10x_flash.o)
    0x080017ea   0x00000112   Code   RO         4287    i.GPIO_Init         f103c8t6.lib(stm32f10x_gpio.o)
    0x080018fc   0x00000090   Code   RO         4289    i.GPIO_PinRemapConfig  f103c8t6.lib(stm32f10x_gpio.o)
    0x0800198c   0x00000012   Code   RO         4291    i.GPIO_ReadInputDataBit  f103c8t6.lib(stm32f10x_gpio.o)
    0x0800199e   0x00000004   Code   RO         4294    i.GPIO_ResetBits    f103c8t6.lib(stm32f10x_gpio.o)
    0x080019a2   0x00000004   Code   RO         4295    i.GPIO_SetBits      f103c8t6.lib(stm32f10x_gpio.o)
    0x080019a6   0x00000002   PAD
    0x080019a8   0x0000009c   Code   RO          164    i.HSI_Config        system_stm32f10x.o
    0x08001a44   0x0000002a   Code   RO         4398    i.I2C_CheckEvent    f103c8t6.lib(stm32f10x_i2c.o)
    0x08001a6e   0x00000018   Code   RO         4401    i.I2C_Cmd           f103c8t6.lib(stm32f10x_i2c.o)
    0x08001a86   0x00000002   PAD
    0x08001a88   0x00000038   Code   RO         4404    i.I2C_DeInit        f103c8t6.lib(stm32f10x_i2c.o)
    0x08001ac0   0x00000018   Code   RO         4408    i.I2C_GenerateSTART  f103c8t6.lib(stm32f10x_i2c.o)
    0x08001ad8   0x00000018   Code   RO         4409    i.I2C_GenerateSTOP  f103c8t6.lib(stm32f10x_i2c.o)
    0x08001af0   0x0000003a   Code   RO         4410    i.I2C_GetFlagStatus  f103c8t6.lib(stm32f10x_i2c.o)
    0x08001b2a   0x00000002   PAD
    0x08001b2c   0x000000ec   Code   RO         4415    i.I2C_Init          f103c8t6.lib(stm32f10x_i2c.o)
    0x08001c18   0x00000012   Code   RO         4422    i.I2C_Send7bitAddress  f103c8t6.lib(stm32f10x_i2c.o)
    0x08001c2a   0x00000004   Code   RO         4423    i.I2C_SendData      f103c8t6.lib(stm32f10x_i2c.o)
    0x08001c2e   0x00000004   Code   RO           26    i.MemManage_Handler  stm32f10x_it.o
    0x08001c32   0x00000002   Code   RO           27    i.NMI_Handler       stm32f10x_it.o
    0x08001c34   0x00000074   Code   RO         3685    i.NVIC_Init         f103c8t6.lib(misc.o)
    0x08001ca8   0x0000000c   Code   RO         4599    i.PWR_BackupAccessCmd  f103c8t6.lib(stm32f10x_pwr.o)
    0x08001cb4   0x00000018   Code   RO         4659    i.RCC_ADCCLKConfig  f103c8t6.lib(stm32f10x_rcc.o)
    0x08001ccc   0x00000020   Code   RO         4661    i.RCC_APB1PeriphClockCmd  f103c8t6.lib(stm32f10x_rcc.o)
    0x08001cec   0x00000020   Code   RO         4662    i.RCC_APB1PeriphResetCmd  f103c8t6.lib(stm32f10x_rcc.o)
    0x08001d0c   0x00000020   Code   RO         4663    i.RCC_APB2PeriphClockCmd  f103c8t6.lib(stm32f10x_rcc.o)
    0x08001d2c   0x00000020   Code   RO         4664    i.RCC_APB2PeriphResetCmd  f103c8t6.lib(stm32f10x_rcc.o)
    0x08001d4c   0x0000000c   Code   RO         4666    i.RCC_BackupResetCmd  f103c8t6.lib(stm32f10x_rcc.o)
    0x08001d58   0x0000004c   Code   RO         4670    i.RCC_DeInit        f103c8t6.lib(stm32f10x_rcc.o)
    0x08001da4   0x000000d4   Code   RO         4671    i.RCC_GetClocksFreq  f103c8t6.lib(stm32f10x_rcc.o)
    0x08001e78   0x0000003c   Code   RO         4672    i.RCC_GetFlagStatus  f103c8t6.lib(stm32f10x_rcc.o)
    0x08001eb4   0x00000010   Code   RO         4674    i.RCC_GetSYSCLKSource  f103c8t6.lib(stm32f10x_rcc.o)
    0x08001ec4   0x00000018   Code   RO         4675    i.RCC_HCLKConfig    f103c8t6.lib(stm32f10x_rcc.o)
    0x08001edc   0x0000000c   Code   RO         4677    i.RCC_HSICmd        f103c8t6.lib(stm32f10x_rcc.o)
    0x08001ee8   0x00000034   Code   RO         4679    i.RCC_LSEConfig     f103c8t6.lib(stm32f10x_rcc.o)
    0x08001f1c   0x0000000c   Code   RO         4680    i.RCC_LSICmd        f103c8t6.lib(stm32f10x_rcc.o)
    0x08001f28   0x00000018   Code   RO         4682    i.RCC_PCLK1Config   f103c8t6.lib(stm32f10x_rcc.o)
    0x08001f40   0x00000018   Code   RO         4683    i.RCC_PCLK2Config   f103c8t6.lib(stm32f10x_rcc.o)
    0x08001f58   0x0000000c   Code   RO         4684    i.RCC_PLLCmd        f103c8t6.lib(stm32f10x_rcc.o)
    0x08001f64   0x0000001c   Code   RO         4685    i.RCC_PLLConfig     f103c8t6.lib(stm32f10x_rcc.o)
    0x08001f80   0x0000000c   Code   RO         4686    i.RCC_RTCCLKCmd     f103c8t6.lib(stm32f10x_rcc.o)
    0x08001f8c   0x00000010   Code   RO         4687    i.RCC_RTCCLKConfig  f103c8t6.lib(stm32f10x_rcc.o)
    0x08001f9c   0x00000018   Code   RO         4688    i.RCC_SYSCLKConfig  f103c8t6.lib(stm32f10x_rcc.o)
    0x08001fb4   0x00000010   Code   RO         4860    i.RTC_ClearITPendingBit  f103c8t6.lib(stm32f10x_rtc.o)
    0x08001fc4   0x00000014   Code   RO         4861    i.RTC_EnterConfigMode  f103c8t6.lib(stm32f10x_rtc.o)
    0x08001fd8   0x00000014   Code   RO         4862    i.RTC_ExitConfigMode  f103c8t6.lib(stm32f10x_rtc.o)
    0x08001fec   0x00000014   Code   RO         4863    i.RTC_GetCounter    f103c8t6.lib(stm32f10x_rtc.o)
    0x08002000   0x00000024   Code   RO         4866    i.RTC_GetITStatus   f103c8t6.lib(stm32f10x_rtc.o)
    0x08002024   0x00000012   Code   RO           28    i.RTC_IRQHandler    stm32f10x_it.o
    0x08002036   0x00000002   PAD
    0x08002038   0x0000001c   Code   RO         4869    i.RTC_SetCounter    f103c8t6.lib(stm32f10x_rtc.o)
    0x08002054   0x00000014   Code   RO         4871    i.RTC_WaitForLastTask  f103c8t6.lib(stm32f10x_rtc.o)
    0x08002068   0x00000020   Code   RO         4872    i.RTC_WaitForSynchro  f103c8t6.lib(stm32f10x_rtc.o)
    0x08002088   0x00000018   Code   RO         4954    i.SPI_Cmd           f103c8t6.lib(stm32f10x_spi.o)
    0x080020a0   0x00000012   Code   RO         4962    i.SPI_I2S_GetFlagStatus  f103c8t6.lib(stm32f10x_spi.o)
    0x080020b2   0x00000006   Code   RO         4965    i.SPI_I2S_ReceiveData  f103c8t6.lib(stm32f10x_spi.o)
    0x080020b8   0x00000004   Code   RO         4966    i.SPI_I2S_SendData  f103c8t6.lib(stm32f10x_spi.o)
    0x080020bc   0x0000003c   Code   RO         4967    i.SPI_Init          f103c8t6.lib(stm32f10x_spi.o)
    0x080020f8   0x00000002   Code   RO           29    i.SVC_Handler       stm32f10x_it.o
    0x080020fa   0x00000002   PAD
    0x080020fc   0x0000003c   Code   RO          823    i.SysTick_Handler   board.o
    0x08002138   0x000000a4   Code   RO          167    i.SystemCoreClockUpdate  system_stm32f10x.o
    0x080021dc   0x00000014   Code   RO          168    i.SystemInit        system_stm32f10x.o
    0x080021f0   0x000000c8   Code   RO          733    i.UART1_Init        drv_uart.o
    0x080022b8   0x000000c4   Code   RO          735    i.UART2_Init        drv_uart.o
    0x0800237c   0x000000c8   Code   RO          737    i.UART3_Init        drv_uart.o
    0x08002444   0x00000018   Code   RO          739    i.UART_Clear        drv_uart.o
    0x0800245c   0x00000028   Code   RO          740    i.UART_Init         drv_uart.o
    0x08002484   0x0000006c   Code   RO          742    i.USART1_IRQHandler  drv_uart.o
    0x080024f0   0x00000078   Code   RO          743    i.USART2_IRQHandler  drv_uart.o
    0x08002568   0x0000006c   Code   RO          744    i.USART3_IRQHandler  drv_uart.o
    0x080025d4   0x00000012   Code   RO         5093    i.USART_ClearFlag   f103c8t6.lib(stm32f10x_usart.o)
    0x080025e6   0x0000001e   Code   RO         5094    i.USART_ClearITPendingBit  f103c8t6.lib(stm32f10x_usart.o)
    0x08002604   0x00000018   Code   RO         5097    i.USART_Cmd         f103c8t6.lib(stm32f10x_usart.o)
    0x0800261c   0x0000001a   Code   RO         5100    i.USART_GetFlagStatus  f103c8t6.lib(stm32f10x_usart.o)
    0x08002636   0x00000054   Code   RO         5101    i.USART_GetITStatus  f103c8t6.lib(stm32f10x_usart.o)
    0x0800268a   0x0000004a   Code   RO         5103    i.USART_ITConfig    f103c8t6.lib(stm32f10x_usart.o)
    0x080026d4   0x000000d8   Code   RO         5104    i.USART_Init        f103c8t6.lib(stm32f10x_usart.o)
    0x080027ac   0x0000000a   Code   RO         5111    i.USART_ReceiveData  f103c8t6.lib(stm32f10x_usart.o)
    0x080027b6   0x00000008   Code   RO         5114    i.USART_SendData    f103c8t6.lib(stm32f10x_usart.o)
    0x080027be   0x00000004   Code   RO           31    i.UsageFault_Handler  stm32f10x_it.o
    0x080027c2   0x00000002   PAD
    0x080027c4   0x00000010   Code   RO         5275    i.WWDG_Enable       f103c8t6.lib(stm32f10x_wwdg.o)
    0x080027d4   0x00000018   Code   RO         5279    i.WWDG_SetPrescaler  f103c8t6.lib(stm32f10x_wwdg.o)
    0x080027ec   0x00000028   Code   RO         5280    i.WWDG_SetWindowValue  f103c8t6.lib(stm32f10x_wwdg.o)
    0x08002814   0x00000030   Code   RO          824    i._SysTick_Config   board.o
    0x08002844   0x00000020   Code   RO         5592    i.__0printf         mc_w.l(printfa.o)
    0x08002864   0x00000028   Code   RO         5594    i.__0sprintf        mc_w.l(printfa.o)
    0x0800288c   0x0000002c   Code   RO         5597    i.__0vsnprintf      mc_w.l(printfa.o)
    0x080028b8   0x00000008   Code   RO         5726    i.__aeabi_errno_addr  mc_w.l(errno.o)
    0x080028c0   0x000000aa   Code   RO         5696    i.__kernel_poly     m_ws.l(poly.o)
    0x0800296a   0x00000002   PAD
    0x0800296c   0x00000010   Code   RO         5682    i.__mathlib_dbl_divzero  m_ws.l(dunder.o)
    0x0800297c   0x00000006   Code   RO         5683    i.__mathlib_dbl_infnan  m_ws.l(dunder.o)
    0x08002982   0x0000000c   Code   RO         5685    i.__mathlib_dbl_invalid  m_ws.l(dunder.o)
    0x0800298e   0x00000002   PAD
    0x08002990   0x0000004c   Code   RO         1538    i.__rt_ffs          kservice.o
    0x080029dc   0x0000000e   Code   RO         5795    i.__scatterload_copy  mc_w.l(handlers.o)
    0x080029ea   0x00000002   Code   RO         5796    i.__scatterload_null  mc_w.l(handlers.o)
    0x080029ec   0x0000000e   Code   RO         5797    i.__scatterload_zeroinit  mc_w.l(handlers.o)
    0x080029fa   0x00000002   PAD
    0x080029fc   0x0000000c   Code   RO         5728    i.__set_errno       mc_w.l(errno.o)
    0x08002a08   0x00000184   Code   RO         5599    i._fp_digits        mc_w.l(printfa.o)
    0x08002b8c   0x00000014   Code   RO         1241    i._has_defunct_thread  idle.o
    0x08002ba0   0x000006dc   Code   RO         5600    i._printf_core      mc_w.l(printfa.o)
    0x0800327c   0x00000024   Code   RO         5601    i._printf_post_padding  mc_w.l(printfa.o)
    0x080032a0   0x0000002e   Code   RO         5602    i._printf_pre_padding  mc_w.l(printfa.o)
    0x080032ce   0x00000002   PAD
    0x080032d0   0x00000084   Code   RO         1909    i._rt_thread_init   thread.o
    0x08003354   0x00000042   Code   RO         2024    i._rt_timer_init    timer.o
    0x08003396   0x0000002e   Code   RO         2025    i._rt_timer_remove  timer.o
    0x080033c4   0x00000016   Code   RO         5603    i._snputc           mc_w.l(printfa.o)
    0x080033da   0x0000000a   Code   RO         5604    i._sputc            mc_w.l(printfa.o)
    0x080033e4   0x00000010   Code   RO         3067    i.add_round_key     nwk_aes.o
    0x080033f4   0x00000050   Code   RO         3068    i.aes_cbc_decrypt   nwk_aes.o
    0x08003444   0x00000044   Code   RO         3069    i.aes_cbc_encrypt   nwk_aes.o
    0x08003488   0x0000005c   Code   RO         3070    i.aes_decrypt       nwk_aes.o
    0x080034e4   0x0000005a   Code   RO         3071    i.aes_encrypt       nwk_aes.o
    0x0800353e   0x00000002   PAD
    0x08003540   0x0000013c   Code   RO         3072    i.aes_set_key       nwk_aes.o
    0x0800367c   0x00000050   Code   RO          377    i.app_node_key_check  app_node.o
    0x080036cc   0x0000002c   Code   RO          378    i.app_node_key_init  app_node.o
    0x080036f8   0x0000004c   Code   RO          379    i.app_node_led_init  app_node.o
    0x08003744   0x00000020   Code   RO          380    i.app_node_led_set_blue  app_node.o
    0x08003764   0x00000024   Code   RO          381    i.app_node_led_set_green  app_node.o
    0x08003788   0x00000018   Code   RO          382    i.app_node_lora_cs0  app_node.o
    0x080037a0   0x00000010   Code   RO          383    i.app_node_lora_cs1  app_node.o
    0x080037b0   0x00000158   Code   RO          384    i.app_node_lora_init  app_node.o
    0x08003908   0x00000028   Code   RO          385    i.app_node_lora_reset  app_node.o
    0x08003930   0x00000038   Code   RO          386    i.app_node_lora_spi_rw_byte  app_node.o
    0x08003968   0x000000e8   Code   RO          387    i.app_node_read_config  app_node.o
    0x08003a50   0x000000c0   Code   RO          388    i.app_node_send_status  app_node.o
    0x08003b10   0x0000003c   Code   RO          389    i.app_node_set_sn   app_node.o
    0x08003b4c   0x00000044   Code   RO          390    i.app_node_set_wake_period  app_node.o
    0x08003b90   0x00000048   Code   RO          391    i.app_node_sleep_check  app_node.o
    0x08003bd8   0x000000a4   Code   RO          392    i.app_node_temp_init  app_node.o
    0x08003c7c   0x00000134   Code   RO          393    i.app_node_temp_update  app_node.o
    0x08003db0   0x00000230   Code   RO          394    i.app_node_thread_entry  app_node.o
    0x08003fe0   0x00000050   Code   RO          395    i.app_node_wait_on_busy  app_node.o
    0x08004030   0x0000001c   Code   RO          396    i.app_node_write_config  app_node.o
    0x0800404c   0x0000007c   Code   RO          509    i.app_oled96_iic_init  app_oled96.o
    0x080040c8   0x00000038   Code   RO          510    i.app_oled96_init   app_oled96.o
    0x08004100   0x0000001c   Code   RO          511    i.app_oled96_show_debug  app_oled96.o
    0x0800411c   0x00000044   Code   RO          512    i.app_oled96_show_gw_info  app_oled96.o
    0x08004160   0x00000040   Code   RO          513    i.app_oled96_show_node  app_oled96.o
    0x080041a0   0x00000044   Code   RO          514    i.app_oled96_show_signal  app_oled96.o
    0x080041e4   0x00000038   Code   RO          515    i.app_oled96_show_start  app_oled96.o
    0x0800421c   0x00000038   Code   RO          516    i.app_oled96_show_time  app_oled96.o
    0x08004254   0x00000074   Code   RO          517    i.app_oled96_show_tx_total  app_oled96.o
    0x080042c8   0x00000048   Code   RO          518    i.app_oled96_show_version  app_oled96.o
    0x08004310   0x0000009c   Code   RO          519    i.app_oled96_thread_entry  app_oled96.o
    0x080043ac   0x00000098   Code   RO          520    i.app_oled96_write_byte  app_oled96.o
    0x08004444   0x00000254   Code   RO          309    i.app_uart_thread_entry  user_app.o
    0x08004698   0x00000084   Code   RO         3073    i.copy_and_key      nwk_aes.o
    0x0800471c   0x00000042   Code   RO         3074    i.copy_block        nwk_aes.o
    0x0800475e   0x00000018   Code   RO         3075    i.copy_block_nn     nwk_aes.o
    0x08004776   0x00000002   PAD
    0x08004778   0x00000020   Code   RO          598    i.delay_ms          drv_common.o
    0x08004798   0x00000018   Code   RO          599    i.delay_os          drv_common.o
    0x080047b0   0x00000098   Code   RO          602    i.drv_common_init   drv_common.o
    0x08004848   0x00000038   Code   RO          603    i.drv_crc16         drv_common.o
    0x08004880   0x00000008   Code   RO          606    i.drv_get_rtc_counter  drv_common.o
    0x08004888   0x0000000c   Code   RO          607    i.drv_get_sec_counter  drv_common.o
    0x08004894   0x00000040   Code   RO          999    i.drv_oled96_clear  drv_oled96.o
    0x080048d4   0x00000036   Code   RO         1000    i.drv_oled96_clear_line  drv_oled96.o
    0x0800490a   0x000000e8   Code   RO         1005    i.drv_oled96_init   drv_oled96.o
    0x080049f2   0x0000002e   Code   RO         1006    i.drv_oled96_set_pos  drv_oled96.o
    0x08004a20   0x000000ac   Code   RO         1007    i.drv_oled96_show_char  drv_oled96.o
    0x08004acc   0x00000064   Code   RO         1008    i.drv_oled96_show_chinese  drv_oled96.o
    0x08004b30   0x00000034   Code   RO         1009    i.drv_oled96_show_str_f6x8  drv_oled96.o
    0x08004b64   0x00000036   Code   RO         1010    i.drv_oled96_show_str_f8x16  drv_oled96.o
    0x08004b9a   0x00000002   PAD
    0x08004b9c   0x0000001c   Code   RO         1011    i.drv_oled96_write_byte  drv_oled96.o
    0x08004bb8   0x0000000c   Code   RO         1012    i.drv_oled96_write_byte_register  drv_oled96.o
    0x08004bc4   0x000000f4   Code   RO          608    i.drv_rtc_init      drv_common.o
    0x08004cb8   0x0000000c   Code   RO          609    i.drv_set_rtc_counter  drv_common.o
    0x08004cc4   0x00000032   Code   RO         3411    i.drv_sx1268_cad_check  drv_sx1268.o
    0x08004cf6   0x0000002c   Code   RO         3412    i.drv_sx1268_cad_init  drv_sx1268.o
    0x08004d22   0x00000002   PAD
    0x08004d24   0x00000138   Code   RO         3413    i.drv_sx1268_calcu_air_time  drv_sx1268.o
    0x08004e5c   0x00000024   Code   RO         3415    i.drv_sx1268_clr_irq_status  drv_sx1268.o
    0x08004e80   0x00000024   Code   RO         3416    i.drv_sx1268_convert_freqinhz2pllstep  drv_sx1268.o
    0x08004ea4   0x0000001e   Code   RO         3417    i.drv_sx1268_get_irq_status  drv_sx1268.o
    0x08004ec2   0x00000038   Code   RO         3418    i.drv_sx1268_get_pack_status  drv_sx1268.o
    0x08004efa   0x00000022   Code   RO         3419    i.drv_sx1268_get_rssi_inst  drv_sx1268.o
    0x08004f1c   0x00000022   Code   RO         3420    i.drv_sx1268_get_rx_buff_status  drv_sx1268.o
    0x08004f3e   0x00000002   PAD
    0x08004f40   0x000000a8   Code   RO         3421    i.drv_sx1268_init   drv_sx1268.o
    0x08004fe8   0x0000007c   Code   RO         3422    i.drv_sx1268_recv_check  drv_sx1268.o
    0x08005064   0x00000058   Code   RO         3423    i.drv_sx1268_recv_init  drv_sx1268.o
    0x080050bc   0x00000046   Code   RO         3424    i.drv_sx1268_send   drv_sx1268.o
    0x08005102   0x00000022   Code   RO         3425    i.drv_sx1268_send_check  drv_sx1268.o
    0x08005124   0x00000022   Code   RO         3426    i.drv_sx1268_set_buff_base_addr  drv_sx1268.o
    0x08005146   0x0000004a   Code   RO         3427    i.drv_sx1268_set_cad_params  drv_sx1268.o
    0x08005190   0x0000001a   Code   RO         3428    i.drv_sx1268_set_dio2_switchctrl  drv_sx1268.o
    0x080051aa   0x0000003a   Code   RO         3429    i.drv_sx1268_set_freq  drv_sx1268.o
    0x080051e4   0x0000004e   Code   RO         3430    i.drv_sx1268_set_irq_parsms  drv_sx1268.o
    0x08005232   0x00000012   Code   RO         3431    i.drv_sx1268_set_mode  drv_sx1268.o
    0x08005244   0x00000030   Code   RO         3432    i.drv_sx1268_set_pa  drv_sx1268.o
    0x08005274   0x00000058   Code   RO         3433    i.drv_sx1268_set_pack_params  drv_sx1268.o
    0x080052cc   0x00000058   Code   RO         3434    i.drv_sx1268_set_power  drv_sx1268.o
    0x08005324   0x0000001a   Code   RO         3435    i.drv_sx1268_set_regulator_mode  drv_sx1268.o
    0x0800533e   0x00000030   Code   RO         3436    i.drv_sx1268_set_sf_bw  drv_sx1268.o
    0x0800536e   0x00000016   Code   RO         3437    i.drv_sx1268_set_sleep  drv_sx1268.o
    0x08005384   0x00000012   Code   RO         3438    i.drv_sx1268_set_standby  drv_sx1268.o
    0x08005396   0x00000012   Code   RO         3439    i.drv_sx1268_set_stop_rxtimer_onpreamble_detect  drv_sx1268.o
    0x080053a8   0x00000028   Code   RO         3441    i.drv_sx1268_wakeup  drv_sx1268.o
    0x080053d0   0x00000040   Code   RO          611    i.drv_system_reset  drv_common.o
    0x08005410   0x00000002   Code   RO          612    i.drv_wdog_feed     drv_common.o
    0x08005412   0x00000002   Code   RO          613    i.drv_wdog_init     drv_common.o
    0x08005414   0x00000024   Code   RO          745    i.fputc             drv_uart.o
    0x08005438   0x00000048   Code   RO         3613    i.hal_sx1268_read_cmd  hal_sx1268.o
    0x08005480   0x0000004c   Code   RO         3614    i.hal_sx1268_read_fifo  hal_sx1268.o
    0x080054cc   0x0000001c   Code   RO         3615    i.hal_sx1268_read_reg  hal_sx1268.o
    0x080054e8   0x00000054   Code   RO         3616    i.hal_sx1268_read_regs  hal_sx1268.o
    0x0800553c   0x0000000a   Code   RO         3617    i.hal_sx1268_rst    hal_sx1268.o
    0x08005546   0x00000012   Code   RO         3618    i.hal_sx1268_set_led  hal_sx1268.o
    0x08005558   0x00000012   Code   RO         3619    i.hal_sx1268_spi_rw_byte  hal_sx1268.o
    0x0800556a   0x0000003a   Code   RO         3620    i.hal_sx1268_write_cmd  hal_sx1268.o
    0x080055a4   0x00000044   Code   RO         3621    i.hal_sx1268_write_fifo  hal_sx1268.o
    0x080055e8   0x00000014   Code   RO         3622    i.hal_sx1268_write_reg  hal_sx1268.o
    0x080055fc   0x0000004a   Code   RO         3623    i.hal_sx1268_write_regs  hal_sx1268.o
    0x08005646   0x00000002   PAD
    0x08005648   0x000002e4   Code   RO         3076    i.inv_mix_sub_columns  nwk_aes.o
    0x0800592c   0x00000070   Code   RO         3077    i.inv_shift_sub_rows  nwk_aes.o
    0x0800599c   0x0000035c   Code   RO         5328    i.log               m_ws.l(log.o)
    0x08005cf8   0x000000d4   Code   RO          204    i.main              main.o
    0x08005dcc   0x0000000e   Code   RO         1168    i.main_thread_entry  components.o
    0x08005dda   0x00000002   PAD
    0x08005ddc   0x00000284   Code   RO         3078    i.mix_sub_columns   nwk_aes.o
    0x08006060   0x00000070   Code   RO         2965    i.nwk_aes_decrypt   nwk_bsp.o
    0x080060d0   0x00000070   Code   RO         2966    i.nwk_aes_encrypt   nwk_bsp.o
    0x08006140   0x00000010   Code   RO         2967    i.nwk_crc16         nwk_bsp.o
    0x08006150   0x0000000c   Code   RO         2968    i.nwk_delay_ms      nwk_bsp.o
    0x0800615c   0x00000048   Code   RO         2969    i.nwk_find_head     nwk_bsp.o
    0x080061a4   0x00000024   Code   RO         2970    i.nwk_get_down_channel  nwk_bsp.o
    0x080061c8   0x00000012   Code   RO         2971    i.nwk_get_rand      nwk_bsp.o
    0x080061da   0x00000008   Code   RO         2972    i.nwk_get_rtc_counter  nwk_bsp.o
    0x080061e2   0x00000008   Code   RO         2973    i.nwk_get_sec_counter  nwk_bsp.o
    0x080061ea   0x00000002   PAD
    0x080061ec   0x00000028   Code   RO         2974    i.nwk_get_sn_freq   nwk_bsp.o
    0x08006214   0x00000024   Code   RO         2975    i.nwk_get_static_channel4  nwk_bsp.o
    0x08006238   0x00000024   Code   RO         2976    i.nwk_get_up_channel  nwk_bsp.o
    0x0800625c   0x0000005c   Code   RO         2734    i.nwk_node_cacul_alarm_time  nwk_node.o
    0x080062b8   0x00000020   Code   RO         2735    i.nwk_node_cad_check  nwk_node.o
    0x080062d8   0x00000020   Code   RO         2736    i.nwk_node_cad_init  nwk_node.o
    0x080062f8   0x0000001e   Code   RO         2737    i.nwk_node_calcu_air_time  nwk_node.o
    0x08006316   0x00000002   PAD
    0x08006318   0x00000038   Code   RO         2738    i.nwk_node_clear_d2d  nwk_node.o
    0x08006350   0x00000034   Code   RO         2739    i.nwk_node_clear_tx  nwk_node.o
    0x08006384   0x00000048   Code   RO         2741    i.nwk_node_device_init  nwk_node.o
    0x080063cc   0x00000008   Code   RO         2742    i.nwk_node_main_process  nwk_node.o
    0x080063d4   0x00000174   Code   RO         2743    i.nwk_node_make_send_buff  nwk_node.o
    0x08006548   0x00000050   Code   RO         2744    i.nwk_node_recv_check  nwk_node.o
    0x08006598   0x0000001c   Code   RO         2745    i.nwk_node_recv_from_check  nwk_node.o
    0x080065b4   0x00000020   Code   RO         2746    i.nwk_node_recv_init  nwk_node.o
    0x080065d4   0x00000584   Code   RO         2747    i.nwk_node_recv_parse  nwk_node.o
    0x08006b58   0x00000060   Code   RO         2748    i.nwk_node_req_join  nwk_node.o
    0x08006bb8   0x000005a4   Code   RO         2749    i.nwk_node_rx_process  nwk_node.o
    0x0800715c   0x0000002c   Code   RO         2750    i.nwk_node_search_gw  nwk_node.o
    0x08007188   0x00000318   Code   RO         2751    i.nwk_node_search_process  nwk_node.o
    0x080074a0   0x00000024   Code   RO         2752    i.nwk_node_select_gw  nwk_node.o
    0x080074c4   0x00000120   Code   RO         2753    i.nwk_node_send2device  nwk_node.o
    0x080075e4   0x00000078   Code   RO         2754    i.nwk_node_send2gateway  nwk_node.o
    0x0800765c   0x00000028   Code   RO         2755    i.nwk_node_send_buff  nwk_node.o
    0x08007684   0x00000020   Code   RO         2756    i.nwk_node_send_check  nwk_node.o
    0x080076a4   0x00000038   Code   RO         2757    i.nwk_node_send_sniff  nwk_node.o
    0x080076dc   0x00000024   Code   RO         2758    i.nwk_node_set_led  nwk_node.o
    0x08007700   0x0000000c   Code   RO         2759    i.nwk_node_set_lora_dev  nwk_node.o
    0x0800770c   0x00000034   Code   RO         2760    i.nwk_node_set_lora_param  nwk_node.o
    0x08007740   0x00000014   Code   RO         2761    i.nwk_node_set_root_key  nwk_node.o
    0x08007754   0x0000000c   Code   RO         2762    i.nwk_node_set_sn   nwk_node.o
    0x08007760   0x0000000c   Code   RO         2763    i.nwk_node_set_wake_period  nwk_node.o
    0x0800776c   0x00000040   Code   RO         2764    i.nwk_node_sleep_init  nwk_node.o
    0x080077ac   0x00000008   Code   RO         2765    i.nwk_node_take_rf_param  nwk_node.o
    0x080077b4   0x00000018   Code   RO         2766    i.nwk_node_take_tx_cnts  nwk_node.o
    0x080077cc   0x000006ac   Code   RO         2767    i.nwk_node_tx_d2d_process  nwk_node.o
    0x08007e78   0x0000130c   Code   RO         2768    i.nwk_node_tx_gw_process  nwk_node.o
    0x08009184   0x000002ac   Code   RO         2769    i.nwk_node_work_check  nwk_node.o
    0x08009430   0x0000000c   Code   RO         2977    i.nwk_set_rtc_counter  nwk_bsp.o
    0x0800943c   0x00000014   Code   RO         2978    i.nwk_tea_decrypt   nwk_bsp.o
    0x08009450   0x00000014   Code   RO         2979    i.nwk_tea_encrypt   nwk_bsp.o
    0x08009464   0x00000078   Code   RO         1696    i.plug_holes        mem.o
    0x080094dc   0x00000040   Code   RO          616    i.printf_hex        drv_common.o
    0x0800951c   0x00000038   Code   RO          521    i.printf_oled       app_oled96.o
    0x08009554   0x00000030   Code   RO         1169    i.rt_application_init  components.o
    0x08009584   0x0000001c   Code   RO         1170    i.rt_components_board_init  components.o
    0x080095a0   0x0000001c   Code   RO         1171    i.rt_components_init  components.o
    0x080095bc   0x00000020   Code   RO         1828    i.rt_enter_critical  scheduler.o
    0x080095dc   0x0000003c   Code   RO         1829    i.rt_exit_critical  scheduler.o
    0x08009618   0x00000078   Code   RO         1698    i.rt_free           mem.o
    0x08009690   0x00000008   Code   RO          825    i.rt_heap_begin_get  board.o
    0x08009698   0x00000008   Code   RO          826    i.rt_heap_end_get   board.o
    0x080096a0   0x0000003c   Code   RO          827    i.rt_hw_board_init  board.o
    0x080096dc   0x00000024   Code   RO         1098    i.rt_hw_hard_fault_exception  cpuport.o
    0x08009700   0x0000004c   Code   RO         1099    i.rt_hw_stack_init  cpuport.o
    0x0800974c   0x00000020   Code   RO         1511    i.rt_interrupt_enter  irq.o
    0x0800976c   0x00000020   Code   RO         1513    i.rt_interrupt_leave  irq.o
    0x0800978c   0x00000014   Code   RO         1281    i.rt_ipc_list_resume  ipc.o
    0x080097a0   0x0000006c   Code   RO         1283    i.rt_ipc_list_suspend  ipc.o
    0x0800980c   0x00000010   Code   RO         1284    i.rt_ipc_object_init  ipc.o
    0x0800981c   0x00000006   Code   RO         1285    i.rt_list_init      ipc.o
    0x08009822   0x00000006   Code   RO         1830    i.rt_list_init      scheduler.o
    0x08009828   0x00000006   Code   RO         2026    i.rt_list_init      timer.o
    0x0800982e   0x0000000e   Code   RO         1758    i.rt_list_insert_after  object.o
    0x0800983c   0x0000000e   Code   RO         1910    i.rt_list_insert_after  thread.o
    0x0800984a   0x0000000e   Code   RO         2027    i.rt_list_insert_after  timer.o
    0x08009858   0x0000000e   Code   RO         1286    i.rt_list_insert_before  ipc.o
    0x08009866   0x00000010   Code   RO         1287    i.rt_list_isempty   ipc.o
    0x08009876   0x00000010   Code   RO         2028    i.rt_list_isempty   timer.o
    0x08009886   0x00000012   Code   RO         1759    i.rt_list_remove    object.o
    0x08009898   0x00000012   Code   RO         1911    i.rt_list_remove    thread.o
    0x080098aa   0x00000002   PAD
    0x080098ac   0x0000016c   Code   RO         1699    i.rt_malloc         mem.o
    0x08009a18   0x00000048   Code   RO         1547    i.rt_memset         kservice.o
    0x08009a60   0x0000004a   Code   RO         1760    i.rt_object_allocate  object.o
    0x08009aaa   0x00000020   Code   RO         1761    i.rt_object_delete  object.o
    0x08009aca   0x0000001a   Code   RO         1762    i.rt_object_detach  object.o
    0x08009ae4   0x00000028   Code   RO         1764    i.rt_object_get_information  object.o
    0x08009b0c   0x0000003c   Code   RO         1765    i.rt_object_init    object.o
    0x08009b48   0x00000012   Code   RO         1766    i.rt_object_is_systemobject  object.o
    0x08009b5a   0x00000002   PAD
    0x08009b5c   0x00000090   Code   RO         1831    i.rt_schedule       scheduler.o
    0x08009bec   0x00000050   Code   RO         1832    i.rt_schedule_insert_thread  scheduler.o
    0x08009c3c   0x00000054   Code   RO         1833    i.rt_schedule_remove_thread  scheduler.o
    0x08009c90   0x00000026   Code   RO         1315    i.rt_sem_init       ipc.o
    0x08009cb6   0x0000003a   Code   RO         1316    i.rt_sem_release    ipc.o
    0x08009cf0   0x00000074   Code   RO         1317    i.rt_sem_take       ipc.o
    0x08009d64   0x00000002   Code   RO         1549    i.rt_show_version   kservice.o
    0x08009d66   0x00000034   Code   RO         1557    i.rt_strncpy        kservice.o
    0x08009d9a   0x00000002   PAD
    0x08009d9c   0x000000b0   Code   RO         1702    i.rt_system_heap_init  mem.o
    0x08009e4c   0x0000004c   Code   RO         1834    i.rt_system_scheduler_init  scheduler.o
    0x08009e98   0x00000030   Code   RO         1835    i.rt_system_scheduler_start  scheduler.o
    0x08009ec8   0x0000001c   Code   RO         2029    i.rt_system_timer_init  timer.o
    0x08009ee4   0x00000002   Code   RO         2030    i.rt_system_timer_thread_init  timer.o
    0x08009ee6   0x00000050   Code   RO         1913    i.rt_thread_create  thread.o
    0x08009f36   0x0000000c   Code   RO         1914    i.rt_thread_delay   thread.o
    0x08009f42   0x00000002   PAD
    0x08009f44   0x00000054   Code   RO         1917    i.rt_thread_exit    thread.o
    0x08009f98   0x00000008   Code   RO         1242    i.rt_thread_idle_entry  idle.o
    0x08009fa0   0x00000084   Code   RO         1243    i.rt_thread_idle_excute  idle.o
    0x0800a024   0x0000003c   Code   RO         1245    i.rt_thread_idle_init  idle.o
    0x0800a060   0x00000034   Code   RO         1919    i.rt_thread_init    thread.o
    0x0800a094   0x0000003c   Code   RO         1920    i.rt_thread_resume  thread.o
    0x0800a0d0   0x0000000c   Code   RO         1921    i.rt_thread_self    thread.o
    0x0800a0dc   0x00000044   Code   RO         1922    i.rt_thread_sleep   thread.o
    0x0800a120   0x0000002c   Code   RO         1923    i.rt_thread_startup  thread.o
    0x0800a14c   0x00000044   Code   RO         1924    i.rt_thread_suspend  thread.o
    0x0800a190   0x00000020   Code   RO         1925    i.rt_thread_timeout  thread.o
    0x0800a1b0   0x00000064   Code   RO         1926    i.rt_thread_yield   thread.o
    0x0800a214   0x0000000c   Code   RO         1131    i.rt_tick_get       clock.o
    0x0800a220   0x00000030   Code   RO         1132    i.rt_tick_increase  clock.o
    0x0800a250   0x0000007c   Code   RO         2031    i.rt_timer_check    timer.o
    0x0800a2cc   0x00000038   Code   RO         2032    i.rt_timer_control  timer.o
    0x0800a304   0x00000020   Code   RO         2035    i.rt_timer_detach   timer.o
    0x0800a324   0x0000002e   Code   RO         2036    i.rt_timer_init     timer.o
    0x0800a352   0x00000002   PAD
    0x0800a354   0x000000f8   Code   RO         2039    i.rt_timer_start    timer.o
    0x0800a44c   0x00000030   Code   RO         2040    i.rt_timer_stop     timer.o
    0x0800a47c   0x00000004   Code   RO         1172    i.rti_board_end     components.o
    0x0800a480   0x00000004   Code   RO         1173    i.rti_board_start   components.o
    0x0800a484   0x00000004   Code   RO         1174    i.rti_end           components.o
    0x0800a488   0x00000004   Code   RO         1175    i.rti_start         components.o
    0x0800a48c   0x0000002a   Code   RO         1176    i.rtthread_startup  components.o
    0x0800a4b6   0x00000002   PAD
    0x0800a4b8   0x00000070   Code   RO         3079    i.shift_sub_rows    nwk_aes.o
    0x0800a528   0x00000068   Code   RO          954    i.tea_decrypt_buff  drv_encrypt.o
    0x0800a590   0x00000068   Code   RO          955    i.tea_encrypt_buff  drv_encrypt.o
    0x0800a5f8   0x00000082   Code   RO         3080    i.xor_block         nwk_aes.o
    0x0800a67a   0x00000200   Data   RO          618    .constdata          drv_common.o
    0x0800a87a   0x00000918   Data   RO         1013    .constdata          drv_oled96.o
    0x0800b192   0x00000122   Data   RO         1563    .constdata          kservice.o
    0x0800b2b4   0x00000018   Data   RO         2981    .constdata          nwk_bsp.o
    0x0800b2cc   0x00000800   Data   RO         3081    .constdata          nwk_aes.o
    0x0800bacc   0x00000014   Data   RO         3442    .constdata          drv_sx1268.o
    0x0800bae0   0x00000038   Data   RO         5329    .constdata          m_ws.l(log.o)
    0x0800bb18   0x00000008   Data   RO         5698    .constdata          m_ws.l(qnan.o)
    0x0800bb20   0x00000081   Data   RO         5759    .constdata          mc_w.l(ctype_o.o)
    0x0800bba1   0x00000003   PAD
    0x0800bba4   0x00000004   Data   RO         5760    .constdata          mc_w.l(ctype_o.o)
    0x0800bba8   0x00000004   Data   RO         1177    .rti_fn.0           components.o
    0x0800bbac   0x00000004   Data   RO         1178    .rti_fn.0.end       components.o
    0x0800bbb0   0x00000004   Data   RO         1179    .rti_fn.1.end       components.o
    0x0800bbb4   0x00000004   Data   RO         1180    .rti_fn.6.end       components.o
    0x0800bbb8   0x00000020   Data   RO         5793    Region$$Table       anon$$obj.o


    Execution Region RW_IRAM1 (Base: 0x20000000, Size: 0x00002e18, Max: 0x00005000, ABSOLUTE)

    Base Addr    Size         Type   Attr      Idx    E Section Name        Object

    0x20000000   0x00000014   Data   RW          169    .data               system_stm32f10x.o
    0x20000014   0x00000004   Data   RW          310    .data               user_app.o
    0x20000018   0x00000014   Data   RW          398    .data               app_node.o
    0x2000002c   0x0000000d   Data   RW          619    .data               drv_common.o
    0x20000039   0x00000003   PAD
    0x2000003c   0x00000004   Data   RW          829    .data               board.o
    0x20000040   0x00000004   Data   RW         1014    .data               drv_oled96.o
    0x20000044   0x00000010   Data   RW         1100    .data               cpuport.o
    0x20000054   0x00000004   Data   RW         1134    .data               clock.o
    0x20000058   0x00000001   Data   RW         1514    .data               irq.o
    0x20000059   0x00000003   PAD
    0x2000005c   0x00000018   Data   RW         1704    .data               mem.o
    0x20000074   0x00000060   Data   RW         1768    .data               object.o
    0x200000d4   0x00000018   Data   RW         1837    .data               scheduler.o
    0x200000ec   0x0000000c   Data   RW         2041    .data               timer.o
    0x200000f8   0x0000000c   Data   RW         2771    .data               nwk_node.o
    0x20000104   0x00000014   Data   RW         4691    .data               f103c8t6.lib(stm32f10x_rcc.o)
    0x20000118   0x00000004   Data   RW         5341    .data               mc_w.l(rand.o)
    0x2000011c   0x00000004   Data   RW         5713    .data               mc_w.l(stdout.o)
    0x20000120   0x00000004   Data   RW         5729    .data               mc_w.l(errno.o)
    0x20000124   0x0000003c   Zero   RW          397    .bss                app_node.o
    0x20000160   0x000001b8   Zero   RW          522    .bss                app_oled96.o
    0x20000318   0x00000400   Zero   RW          617    .bss                drv_common.o
    0x20000718   0x0000033c   Zero   RW          746    .bss                drv_uart.o
    0x20000a54   0x00001000   Zero   RW          828    .bss                board.o
    0x20001a54   0x00000178   Zero   RW         1246    .bss                idle.o
    0x20001bcc   0x00000020   Zero   RW         1703    .bss                mem.o
    0x20001bec   0x00000100   Zero   RW         1836    .bss                scheduler.o
    0x20001cec   0x00000746   Zero   RW         2770    .bss                nwk_node.o
    0x20002432   0x000001e2   Zero   RW         2980    .bss                nwk_bsp.o
    0x20002614   0x00000004   PAD
    0x20002618   0x00000800   Zero   RW           17    STACK               startup_stm32f10x_md.o


==============================================================================

Image component sizes


      Code (inc. data)   RO Data    RW Data    ZI Data      Debug   Object Name

      2512        620          0         20         60      18123   app_node.o
      1072        208          0          0        440       8418   app_oled96.o
       184         26          0          4       4096       3513   board.o
        60         12          0          4          0       1237   clock.o
       190         30         16          0          0       5948   components.o
       240         26          0          0          0        812   context_rvds.o
         0          0          0          0          0       4572   core_cm3.o
       112         10          0         16          0       3218   cpuport.o
       844        194        512         13       1024       9036   drv_common.o
       416         62          0          0          0       3544   drv_encrypt.o
       814         22       2328          4          0       7725   drv_oled96.o
      1800        110         20          0          0      22074   drv_sx1268.o
      1032        102          0          0        828       6578   drv_uart.o
       526          0          0          0          0       8143   hal_sx1268.o
       220         30          0          0        376       5134   idle.o
       392          0          0          0          0       7905   ipc.o
        64         12          0          1          0       1646   irq.o
       202          6        290          0          0       5512   kservice.o
       212        142          0          0          0       8076   main.o
       780         92          0         24         32       3972   mem.o
      2622         48       2048          0          0      18898   nwk_aes.o
       558         34         24          0        482      11176   nwk_bsp.o
     12754       3498          0         12       1862      33482   nwk_node.o
       282          4          0         96          0       7852   object.o
       530         88          0         24        256       8078   scheduler.o
        36          8        236          0       2048        836   startup_stm32f10x_md.o
        36          0          0          0          0     254524   stm32f10x_it.o
       340         30          0         20          0       2530   system_stm32f10x.o
       776         36          0          0          0      11479   thread.o
       732         20          0         12          0      10840   timer.o
       728        188          0          4          0       6099   user_app.o

    ----------------------------------------------------------------------
     31104       5658       5506        260      11508     500980   Object Totals
         0          0         32          0          0          0   (incl. Generated)
        38          0          0          6          4          0   (incl. Padding)

    ----------------------------------------------------------------------

      Code (inc. data)   RO Data    RW Data    ZI Data      Debug   Library Member Name

       116         14          0          0          0     261112   misc.o
       486         24          0          0          0       8482   stm32f10x_adc.o
       112         22          0          0          0       3729   stm32f10x_bkp.o
       370         44          0          0          0       5879   stm32f10x_flash.o
       444          6          0          0          0       4442   stm32f10x_gpio.o
       486         20          0          0          0       7075   stm32f10x_i2c.o
        12          6          0          0          0        510   stm32f10x_pwr.o
       768        140          0         20          0      13949   stm32f10x_rcc.o
       192         36          0          0          0       4010   stm32f10x_rtc.o
       112          0          0          0          0       3802   stm32f10x_spi.o
       490          6          0          0          0       7265   stm32f10x_usart.o
        80         18          0          0          0       2280   stm32f10x_wwdg.o
        34          4          0          0          0        204   dunder.o
       860         52         56          0          0        256   log.o
       170          0          0          0          0         96   poly.o
         0          0          8          0          0          0   qnan.o
        56          8          0          0          0         84   __0sscanf.o
        28          0          0          0          0         68   _chval.o
       812          4          0          0          0        112   _scanf.o
       332          0          0          0          0         96   _scanf_int.o
        64          0          0          0          0         84   _sgetc.o
       158          0          0          0          0         92   _strtoul.o
        26          0          0          0          0         80   atol.o
         8          4        133          0          0         68   ctype_o.o
         0          0          0          0          0          0   entry.o
         0          0          0          0          0          0   entry10a.o
         0          0          0          0          0          0   entry11a.o
         8          4          0          0          0          0   entry2.o
         4          0          0          0          0          0   entry5.o
         0          0          0          0          0          0   entry7b.o
         0          0          0          0          0          0   entry8b.o
         8          4          0          0          0          0   entry9a.o
        20         10          0          4          0        136   errno.o
        30          0          0          0          0          0   handlers.o
        36          8          0          0          0         68   init.o
        18          0          0          0          0         76   isspace_o.o
         0          0          0          0          0          0   iusefp.o
        30          0          0          0          0         68   llshl.o
        36          0          0          0          0         68   llsshr.o
        32          0          0          0          0         68   llushr.o
        26          0          0          0          0         80   memcmp.o
        36          0          0          0          0         68   memcpya.o
        36          0          0          0          0        108   memseta.o
      2374        100          0          0          0        752   printfa.o
        36         10          0          4          0        136   rand.o
        40          8          0          0          0         84   scanf_char.o
         0          0          0          4          0          0   stdout.o
        18          0          0          0          0         68   strcpy.o
        14          0          0          0          0         68   strlen.o
        36          0          0          0          0         80   strstr.o
       112          0          0          0          0         88   strtol.o
        44          0          0          0          0         80   uidiv.o
        98          0          0          0          0         92   uldiv.o
        48          0          0          0          0         68   cdcmple.o
        48          0          0          0          0         68   cdrcmple.o
        56          0          0          0          0         88   d2f.o
       334          0          0          0          0        148   dadd.o
       222          0          0          0          0        100   ddiv.o
       186          0          0          0          0        176   depilogue.o
        50          0          0          0          0         76   dfixui.o
        48          0          0          0          0         68   dfixul.o
        34          0          0          0          0         76   dflti.o
        26          0          0          0          0         76   dfltui.o
       228          0          0          0          0         96   dmul.o
        46          0          0          0          0         80   dscalb.o
        38          0          0          0          0         68   f2d.o
       176          0          0          0          0        140   fadd.o
       124          0          0          0          0         88   fdiv.o
       110          0          0          0          0        168   fepilogue.o
        40          0          0          0          0         68   ffixui.o
        18          0          0          0          0         68   fflti.o
        10          0          0          0          0         68   ffltui.o
       100          0          0          0          0         76   fmul.o

    ----------------------------------------------------------------------
     11278        552        200         32          0     327827   Library Totals
        28          0          3          0          0          0   (incl. Padding)

    ----------------------------------------------------------------------

      Code (inc. data)   RO Data    RW Data    ZI Data      Debug   Library Name

      3668        336          0         20          0     322535   f103c8t6.lib
      1064         56         64          0          0        556   m_ws.l
      4576        160        133         12          0       2872   mc_w.l
      1942          0          0          0          0       1864   mf_w.l

    ----------------------------------------------------------------------
     11278        552        200         32          0     327827   Library Totals

    ----------------------------------------------------------------------

==============================================================================


      Code (inc. data)   RO Data    RW Data    ZI Data      Debug   

     42382       6210       5706        292      11508     807587   Grand Totals
     42382       6210       5706        292      11508     807587   ELF Image Totals
     42382       6210       5706        292          0          0   ROM Totals

==============================================================================

    Total RO  Size (Code + RO Data)                48088 (  46.96kB)
    Total RW  Size (RW Data + ZI Data)             11800 (  11.52kB)
    Total ROM Size (Code + RO Data + RW Data)      48380 (  47.25kB)

==============================================================================

