Component: ARM Compiler 5.06 update 4 (build 422) Tool: armlink [4d35d2]

==============================================================================

Section Cross References

    startup_stm32f10x_md.o(RESET) refers to startup_stm32f10x_md.o(STACK) for __initial_sp
    startup_stm32f10x_md.o(RESET) refers to startup_stm32f10x_md.o(.text) for Reset_Handler
    startup_stm32f10x_md.o(RESET) refers to stm32f10x_it.o(i.NMI_Handler) for NMI_Handler
    startup_stm32f10x_md.o(RESET) refers to context_rvds.o(.text) for HardFault_Handler
    startup_stm32f10x_md.o(RESET) refers to stm32f10x_it.o(i.MemManage_Handler) for MemManage_Handler
    startup_stm32f10x_md.o(RESET) refers to stm32f10x_it.o(i.BusFault_Handler) for BusFault_Handler
    startup_stm32f10x_md.o(RESET) refers to stm32f10x_it.o(i.UsageFault_Handler) for UsageFault_Handler
    startup_stm32f10x_md.o(RESET) refers to stm32f10x_it.o(i.SVC_Handler) for SVC_Handler
    startup_stm32f10x_md.o(RESET) refers to stm32f10x_it.o(i.DebugMon_Handler) for DebugMon_Handler
    startup_stm32f10x_md.o(RESET) refers to board.o(i.SysTick_Handler) for SysTick_Handler
    startup_stm32f10x_md.o(RESET) refers to stm32f10x_it.o(i.RTC_IRQHandler) for RTC_IRQHandler
    startup_stm32f10x_md.o(RESET) refers to drv_uart.o(i.USART1_IRQHandler) for USART1_IRQHandler
    startup_stm32f10x_md.o(RESET) refers to drv_uart.o(i.USART2_IRQHandler) for USART2_IRQHandler
    startup_stm32f10x_md.o(RESET) refers to drv_uart.o(i.USART3_IRQHandler) for USART3_IRQHandler
    startup_stm32f10x_md.o(.text) refers to system_stm32f10x.o(i.SystemInit) for SystemInit
    startup_stm32f10x_md.o(.text) refers to entry.o(.ARM.Collect$$$$00000000) for __main
    stm32f10x_it.o(i.RTC_IRQHandler) refers to stm32f10x_rtc.o(i.RTC_GetITStatus) for RTC_GetITStatus
    stm32f10x_it.o(i.RTC_IRQHandler) refers to stm32f10x_rtc.o(i.RTC_ClearITPendingBit) for RTC_ClearITPendingBit
    system_stm32f10x.o(i.HSI_Config) refers to stm32f10x_rcc.o(i.RCC_DeInit) for RCC_DeInit
    system_stm32f10x.o(i.HSI_Config) refers to stm32f10x_rcc.o(i.RCC_HSICmd) for RCC_HSICmd
    system_stm32f10x.o(i.HSI_Config) refers to stm32f10x_rcc.o(i.RCC_GetFlagStatus) for RCC_GetFlagStatus
    system_stm32f10x.o(i.HSI_Config) refers to stm32f10x_rcc.o(i.RCC_HCLKConfig) for RCC_HCLKConfig
    system_stm32f10x.o(i.HSI_Config) refers to stm32f10x_rcc.o(i.RCC_PCLK2Config) for RCC_PCLK2Config
    system_stm32f10x.o(i.HSI_Config) refers to stm32f10x_rcc.o(i.RCC_PCLK1Config) for RCC_PCLK1Config
    system_stm32f10x.o(i.HSI_Config) refers to stm32f10x_flash.o(i.FLASH_SetLatency) for FLASH_SetLatency
    system_stm32f10x.o(i.HSI_Config) refers to stm32f10x_flash.o(i.FLASH_PrefetchBufferCmd) for FLASH_PrefetchBufferCmd
    system_stm32f10x.o(i.HSI_Config) refers to stm32f10x_rcc.o(i.RCC_PLLConfig) for RCC_PLLConfig
    system_stm32f10x.o(i.HSI_Config) refers to stm32f10x_rcc.o(i.RCC_PLLCmd) for RCC_PLLCmd
    system_stm32f10x.o(i.HSI_Config) refers to stm32f10x_rcc.o(i.RCC_SYSCLKConfig) for RCC_SYSCLKConfig
    system_stm32f10x.o(i.HSI_Config) refers to stm32f10x_rcc.o(i.RCC_GetSYSCLKSource) for RCC_GetSYSCLKSource
    system_stm32f10x.o(i.HSI_Config) refers to stm32f10x_rcc.o(i.RCC_APB2PeriphClockCmd) for RCC_APB2PeriphClockCmd
    system_stm32f10x.o(i.HSI_Config) refers to stm32f10x_gpio.o(i.GPIO_PinRemapConfig) for GPIO_PinRemapConfig
    system_stm32f10x.o(i.HSI_Config) refers to stm32f10x_gpio.o(i.GPIO_Init) for GPIO_Init
    system_stm32f10x.o(i.HSI_Config) refers to stm32f10x_gpio.o(i.GPIO_ResetBits) for GPIO_ResetBits
    system_stm32f10x.o(i.SetSysClock) refers to system_stm32f10x.o(i.SetSysClockTo72) for SetSysClockTo72
    system_stm32f10x.o(i.SystemCoreClockUpdate) refers to system_stm32f10x.o(.data) for SystemCoreClock
    system_stm32f10x.o(i.SystemInit) refers to system_stm32f10x.o(i.HSI_Config) for HSI_Config
    main.o(i.main) refers to printfa.o(i.__0printf) for __2printf
    main.o(i.main) refers to user_app.o(i.APP_Init) for APP_Init
    main.o(i.main) refers to drv_common.o(i.drv_wdog_feed) for drv_wdog_feed
    main.o(i.main) refers to drv_common.o(i.drv_get_sec_counter) for drv_get_sec_counter
    main.o(i.main) refers to drv_common.o(i.drv_get_rtc_counter) for drv_get_rtc_counter
    main.o(i.main) refers to drv_common.o(i.delay_os) for delay_os
    user_app.o(i.APP_Init) refers to thread.o(i.rt_thread_create) for rt_thread_create
    user_app.o(i.APP_Init) refers to thread.o(i.rt_thread_startup) for rt_thread_startup
    user_app.o(i.APP_Init) refers to user_app.o(i.app_uart_thread_entry) for app_uart_thread_entry
    user_app.o(i.APP_Init) refers to app_node.o(i.app_node_thread_entry) for app_node_thread_entry
    user_app.o(i.app_uart_send) refers to drv_uart.o(i.UART2_Send) for UART2_Send
    user_app.o(i.app_uart_thread_entry) refers to drv_common.o(i.delay_ms) for delay_ms
    user_app.o(i.app_uart_thread_entry) refers to printfa.o(i.__0printf) for __2printf
[...]
    __aeabi_ui2f                             0x08000799   Thumb Code    10  ffltui.o(.text)
    __aeabi_i2d                              0x080007a3   Thumb Code    34  dflti.o(.text)
    __aeabi_ui2d                             0x080007c5   Thumb Code    26  dfltui.o(.text)
    __aeabi_f2uiz                            0x080007df   Thumb Code    40  ffixui.o(.text)
    __aeabi_d2uiz                            0x08000807   Thumb Code    50  dfixui.o(.text)
    __aeabi_f2d                              0x08000839   Thumb Code    38  f2d.o(.text)
    __aeabi_d2f                              0x0800085f   Thumb Code    56  d2f.o(.text)
    __aeabi_uidiv                            0x08000897   Thumb Code     0  uidiv.o(.text)
    __aeabi_uidivmod                         0x08000897   Thumb Code    44  uidiv.o(.text)
    __aeabi_uldivmod                         0x080008c3   Thumb Code    98  uldiv.o(.text)
    __aeabi_llsl                             0x08000925   Thumb Code    30  llshl.o(.text)
    _ll_shift_l                              0x08000925   Thumb Code     0  llshl.o(.text)
    __aeabi_llsr                             0x08000943   Thumb Code    32  llushr.o(.text)
    _ll_ushift_r                             0x08000943   Thumb Code     0  llushr.o(.text)
    __aeabi_lasr                             0x08000963   Thumb Code    36  llsshr.o(.text)
    _ll_sshift_r                             0x08000963   Thumb Code     0  llsshr.o(.text)
    strtol                                   0x08000987   Thumb Code   112  strtol.o(.text)
    __I$use$fp                               0x080009f7   Thumb Code     0  iusefp.o(.text)
    _float_round                             0x080009f7   Thumb Code    18  fepilogue.o(.text)
    _float_epilogue                          0x08000a09   Thumb Code    92  fepilogue.o(.text)
    _double_round                            0x08000a65   Thumb Code    30  depilogue.o(.text)
    _double_epilogue                         0x08000a83   Thumb Code   156  depilogue.o(.text)
    __ARM_scalbn                             0x08000b1f   Thumb Code    46  dscalb.o(.text)
    scalbn                                   0x08000b1f   Thumb Code     0  dscalb.o(.text)
    __aeabi_d2ulz                            0x08000b4d   Thumb Code    48  dfixul.o(.text)
    __aeabi_cdcmpeq                          0x08000b7d   Thumb Code     0  cdcmple.o(.text)
    __aeabi_cdcmple                          0x08000b7d   Thumb Code    48  cdcmple.o(.text)
    __aeabi_cdrcmple                         0x08000bad   Thumb Code    48  cdrcmple.o(.text)
    __scatterload                            0x08000bdd   Thumb Code    28  init.o(.text)
    __scatterload_rt2                        0x08000bdd   Thumb Code     0  init.o(.text)
    __rt_ctype_table                         0x08000c01   Thumb Code     4  ctype_o.o(.text)
    _strtoul                                 0x08000c09   Thumb Code   158  _strtoul.o(.text)
    _chval                                   0x08000ca7   Thumb Code    28  _chval.o(.text)
    main                                     0x08000cc3   Thumb Code    14  components.o(i.$Sub$$main)
    ADC_Cmd                                  0x08000cd1   Thumb Code    22  stm32f10x_adc.o(i.ADC_Cmd)
    ADC_DeInit                               0x08000ce9   Thumb Code    78  stm32f10x_adc.o(i.ADC_DeInit)
    ADC_GetCalibrationStatus                 0x08000d45   Thumb Code    20  stm32f10x_adc.o(i.ADC_GetCalibrationStatus)
    ADC_GetConversionValue                   0x08000d59   Thumb Code     8  stm32f10x_adc.o(i.ADC_GetConversionValue)
    ADC_GetFlagStatus                        0x08000d61   Thumb Code    18  stm32f10x_adc.o(i.ADC_GetFlagStatus)
    ADC_GetResetCalibrationStatus            0x08000d73   Thumb Code    20  stm32f10x_adc.o(i.ADC_GetResetCalibrationStatus)
    ADC_Init                                 0x08000d89   Thumb Code    70  stm32f10x_adc.o(i.ADC_Init)
    ADC_RegularChannelConfig                 0x08000dd9   Thumb Code   184  stm32f10x_adc.o(i.ADC_RegularChannelConfig)
    ADC_ResetCalibration                     0x08000e91   Thumb Code    10  stm32f10x_adc.o(i.ADC_ResetCalibration)
    ADC_SoftwareStartConvCmd                 0x08000e9b   Thumb Code    22  stm32f10x_adc.o(i.ADC_SoftwareStartConvCmd)
    ADC_StartCalibration                     0x08000eb1   Thumb Code    10  stm32f10x_adc.o(i.ADC_StartCalibration)
    APP_Init                                 0x08000ebd   Thumb Code    68  user_app.o(i.APP_Init)
    BKP_DeInit                               0x08000f19   Thumb Code    16  stm32f10x_bkp.o(i.BKP_DeInit)
    BKP_RTCOutputConfig                      0x08000f29   Thumb Code    22  stm32f10x_bkp.o(i.BKP_RTCOutputConfig)
    BKP_ReadBackupRegister                   0x08000f45   Thumb Code    24  stm32f10x_bkp.o(i.BKP_ReadBackupRegister)
    BKP_TamperPinCmd                         0x08000f61   Thumb Code     6  stm32f10x_bkp.o(i.BKP_TamperPinCmd)
    BKP_WriteBackupRegister                  0x08000f6d   Thumb Code    22  stm32f10x_bkp.o(i.BKP_WriteBackupRegister)
    BusFault_Handler                         0x08000f89   Thumb Code     4  stm32f10x_it.o(i.BusFault_Handler)
    DebugMon_Handler                         0x08000f8d   Thumb Code     2  stm32f10x_it.o(i.DebugMon_Handler)
    DecryptTEA                               0x08000f91   Thumb Code   102  drv_encrypt.o(i.DecryptTEA)
    EEPROM_Read                              0x08000ffd   Thumb Code    66  drv_common.o(i.EEPROM_Read)
    EEPROM_Write                             0x08001049   Thumb Code    88  drv_common.o(i.EEPROM_Write)
    EncryptTEA                               0x080010a9   Thumb Code    96  drv_encrypt.o(i.EncryptTEA)
    FLASH_ErasePage                          0x0800110d   Thumb Code    72  stm32f10x_flash.o(i.FLASH_ErasePage)
    FLASH_GetBank1Status                     0x08001159   Thumb Code    48  stm32f10x_flash.o(i.FLASH_GetBank1Status)
    FLASH_Lock                               0x0800118d   Thumb Code    14  stm32f10x_flash.o(i.FLASH_Lock)
    FLASH_PrefetchBufferCmd                  0x080011a1   Thumb Code    22  stm32f10x_flash.o(i.FLASH_PrefetchBufferCmd)
    FLASH_ProgramWord                        0x080011bd   Thumb Code   102  stm32f10x_flash.o(i.FLASH_ProgramWord)
    FLASH_SetLatency                         0x08001229   Thumb Code    18  stm32f10x_flash.o(i.FLASH_SetLatency)
    FLASH_Unlock                             0x08001241   Thumb Code    12  stm32f10x_flash.o(i.FLASH_Unlock)
    FLASH_WaitForLastOperation               0x08001259   Thumb Code    38  stm32f10x_flash.o(i.FLASH_WaitForLastOperation)
    GPIO_Init                                0x0800127f   Thumb Code   274  stm32f10x_gpio.o(i.GPIO_Init)
    GPIO_PinRemapConfig                      0x08001391   Thumb Code   138  stm32f10x_gpio.o(i.GPIO_PinRemapConfig)
    GPIO_ReadInputDataBit                    0x08001421   Thumb Code    18  stm32f10x_gpio.o(i.GPIO_ReadInputDataBit)
    GPIO_ResetBits                           0x08001433   Thumb Code     4  stm32f10x_gpio.o(i.GPIO_ResetBits)
    GPIO_SetBits                             0x08001437   Thumb Code     4  stm32f10x_gpio.o(i.GPIO_SetBits)
    HSI_Config                               0x0800143d   Thumb Code   152  system_stm32f10x.o(i.HSI_Config)
    IIC_GPIOInit                             0x080014d9   Thumb Code    62  drv_iic.o(i.IIC_GPIOInit)
    IIC_SdaInMode                            0x08001517   Thumb Code    26  drv_iic.o(i.IIC_SdaInMode)
    IIC_SdaOutMode                           0x08001531   Thumb Code    32  drv_iic.o(i.IIC_SdaOutMode)
    IIC_Start                                0x08001551   Thumb Code    56  drv_iic.o(i.IIC_Start)
    IIC_Stop                                 0x08001589   Thumb Code    50  drv_iic.o(i.IIC_Stop)
    IIC_WaitAck                              0x080015bb   Thumb Code   112  drv_iic.o(i.IIC_WaitAck)
    IIC_WriteByte                            0x0800162b   Thumb Code    76  drv_iic.o(i.IIC_WriteByte)
    MemManage_Handler                        0x08001677   Thumb Code     4  stm32f10x_it.o(i.MemManage_Handler)
    NMI_Handler                              0x0800167b   Thumb Code     2  stm32f10x_it.o(i.NMI_Handler)
    NVIC_Init                                0x0800167d   Thumb Code   102  misc.o(i.NVIC_Init)
    PWR_BackupAccessCmd                      0x080016f1   Thumb Code     6  stm32f10x_pwr.o(i.PWR_BackupAccessCmd)
    RCC_ADCCLKConfig                         0x080016fd   Thumb Code    18  stm32f10x_rcc.o(i.RCC_ADCCLKConfig)
    RCC_APB1PeriphClockCmd                   0x08001715   Thumb Code    26  stm32f10x_rcc.o(i.RCC_APB1PeriphClockCmd)
    RCC_APB2PeriphClockCmd                   0x08001735   Thumb Code    26  stm32f10x_rcc.o(i.RCC_APB2PeriphClockCmd)
    RCC_APB2PeriphResetCmd                   0x08001755   Thumb Code    26  stm32f10x_rcc.o(i.RCC_APB2PeriphResetCmd)
    RCC_BackupResetCmd                       0x08001775   Thumb Code     6  stm32f10x_rcc.o(i.RCC_BackupResetCmd)
    RCC_DeInit                               0x08001781   Thumb Code    64  stm32f10x_rcc.o(i.RCC_DeInit)
    RCC_GetClocksFreq                        0x080017cd   Thumb Code   192  stm32f10x_rcc.o(i.RCC_GetClocksFreq)
    RCC_GetFlagStatus                        0x080018a1   Thumb Code    56  stm32f10x_rcc.o(i.RCC_GetFlagStatus)
    RCC_GetSYSCLKSource                      0x080018dd   Thumb Code    10  stm32f10x_rcc.o(i.RCC_GetSYSCLKSource)
    RCC_HCLKConfig                           0x080018ed   Thumb Code    18  stm32f10x_rcc.o(i.RCC_HCLKConfig)
    RCC_HSICmd                               0x08001905   Thumb Code     6  stm32f10x_rcc.o(i.RCC_HSICmd)
    RCC_LSEConfig                            0x08001911   Thumb Code    44  stm32f10x_rcc.o(i.RCC_LSEConfig)
    RCC_LSICmd                               0x08001945   Thumb Code     6  stm32f10x_rcc.o(i.RCC_LSICmd)
    RCC_PCLK1Config                          0x08001951   Thumb Code    18  stm32f10x_rcc.o(i.RCC_PCLK1Config)
    RCC_PCLK2Config                          0x08001969   Thumb Code    20  stm32f10x_rcc.o(i.RCC_PCLK2Config)
    RCC_PLLCmd                               0x08001981   Thumb Code     6  stm32f10x_rcc.o(i.RCC_PLLCmd)
    RCC_PLLConfig                            0x0800198d   Thumb Code    24  stm32f10x_rcc.o(i.RCC_PLLConfig)
    RCC_RTCCLKCmd                            0x080019a9   Thumb Code     6  stm32f10x_rcc.o(i.RCC_RTCCLKCmd)
    RCC_RTCCLKConfig                         0x080019b5   Thumb Code    12  stm32f10x_rcc.o(i.RCC_RTCCLKConfig)
    RCC_SYSCLKConfig                         0x080019c5   Thumb Code    18  stm32f10x_rcc.o(i.RCC_SYSCLKConfig)
    RTC_ClearITPendingBit                    0x080019dd   Thumb Code    12  stm32f10x_rtc.o(i.RTC_ClearITPendingBit)
    RTC_EnterConfigMode                      0x080019ed   Thumb Code    14  stm32f10x_rtc.o(i.RTC_EnterConfigMode)
    RTC_ExitConfigMode                       0x08001a01   Thumb Code    16  stm32f10x_rtc.o(i.RTC_ExitConfigMode)
    RTC_GetCounter                           0x08001a15   Thumb Code    16  stm32f10x_rtc.o(i.RTC_GetCounter)
    RTC_GetITStatus                          0x08001a29   Thumb Code    32  stm32f10x_rtc.o(i.RTC_GetITStatus)
    RTC_IRQHandler                           0x08001a4d   Thumb Code    18  stm32f10x_it.o(i.RTC_IRQHandler)
    RTC_SetCounter                           0x08001a61   Thumb Code    24  stm32f10x_rtc.o(i.RTC_SetCounter)
    RTC_WaitForLastTask                      0x08001a7d   Thumb Code    14  stm32f10x_rtc.o(i.RTC_WaitForLastTask)
    RTC_WaitForSynchro                       0x08001a91   Thumb Code    28  stm32f10x_rtc.o(i.RTC_WaitForSynchro)
    SPI_Cmd                                  0x08001ab1   Thumb Code    24  stm32f10x_spi.o(i.SPI_Cmd)
    SPI_I2S_GetFlagStatus                    0x08001ac9   Thumb Code    18  stm32f10x_spi.o(i.SPI_I2S_GetFlagStatus)
    SPI_I2S_ReceiveData                      0x08001adb   Thumb Code     6  stm32f10x_spi.o(i.SPI_I2S_ReceiveData)
    SPI_I2S_SendData                         0x08001ae1   Thumb Code     4  stm32f10x_spi.o(i.SPI_I2S_SendData)
    SPI_Init                                 0x08001ae5   Thumb Code    60  stm32f10x_spi.o(i.SPI_Init)
    SVC_Handler                              0x08001b21   Thumb Code     2  stm32f10x_it.o(i.SVC_Handler)
    SysTick_Handler                          0x08001b25   Thumb Code    52  board.o(i.SysTick_Handler)
    SystemCoreClockUpdate                    0x08001b61   Thumb Code   142  system_stm32f10x.o(i.SystemCoreClockUpdate)
    SystemInit                               0x08001c05   Thumb Code    16  system_stm32f10x.o(i.SystemInit)
    UART1_Init                               0x08001c19   Thumb Code   182  drv_uart.o(i.UART1_Init)
    UART2_Init                               0x08001ce1   Thumb Code   178  drv_uart.o(i.UART2_Init)
    UART3_Init                               0x08001da5   Thumb Code   182  drv_uart.o(i.UART3_Init)
    UART_Clear                               0x08001e6d   Thumb Code    24  drv_uart.o(i.UART_Clear)
    UART_Init                                0x08001e85   Thumb Code    22  drv_uart.o(i.UART_Init)
    USART1_IRQHandler                        0x08001ead   Thumb Code   100  drv_uart.o(i.USART1_IRQHandler)
    USART2_IRQHandler                        0x08001f19   Thumb Code   110  drv_uart.o(i.USART2_IRQHandler)
    USART3_IRQHandler                        0x08001f91   Thumb Code   100  drv_uart.o(i.USART3_IRQHandler)
    USART_ClearFlag                          0x08001ffd   Thumb Code    18  stm32f10x_usart.o(i.USART_ClearFlag)
    USART_ClearITPendingBit                  0x0800200f   Thumb Code    30  stm32f10x_usart.o(i.USART_ClearITPendingBit)
    USART_Cmd                                0x0800202d   Thumb Code    24  stm32f10x_usart.o(i.USART_Cmd)
    USART_GetFlagStatus                      0x08002045   Thumb Code    26  stm32f10x_usart.o(i.USART_GetFlagStatus)
    USART_GetITStatus                        0x0800205f   Thumb Code    84  stm32f10x_usart.o(i.USART_GetITStatus)
    USART_ITConfig                           0x080020b3   Thumb Code    74  stm32f10x_usart.o(i.USART_ITConfig)
    USART_Init                               0x080020fd   Thumb Code   210  stm32f10x_usart.o(i.USART_Init)
    USART_ReceiveData                        0x080021d5   Thumb Code    10  stm32f10x_usart.o(i.USART_ReceiveData)
    USART_SendData                           0x080021df   Thumb Code     8  stm32f10x_usart.o(i.USART_SendData)
    UsageFault_Handler                       0x080021e7   Thumb Code     4  stm32f10x_it.o(i.UsageFault_Handler)
    WWDG_Enable                              0x080021ed   Thumb Code    10  stm32f10x_wwdg.o(i.WWDG_Enable)
    WWDG_SetPrescaler                        0x080021fd   Thumb Code    18  stm32f10x_wwdg.o(i.WWDG_SetPrescaler)
    WWDG_SetWindowValue                      0x08002215   Thumb Code    34  stm32f10x_wwdg.o(i.WWDG_SetWindowValue)
    __0printf                                0x0800226d   Thumb Code    22  printfa.o(i.__0printf)
    __1printf                                0x0800226d   Thumb Code     0  printfa.o(i.__0printf)
    __2printf                                0x0800226d   Thumb Code     0  printfa.o(i.__0printf)
    __c89printf                              0x0800226d   Thumb Code     0  printfa.o(i.__0printf)
    printf                                   0x0800226d   Thumb Code     0  printfa.o(i.__0printf)
    __0sprintf                               0x0800228d   Thumb Code    34  printfa.o(i.__0sprintf)
    __1sprintf                               0x0800228d   Thumb Code     0  printfa.o(i.__0sprintf)
    __2sprintf                               0x0800228d   Thumb Code     0  printfa.o(i.__0sprintf)
    __c89sprintf                             0x0800228d   Thumb Code     0  printfa.o(i.__0sprintf)
    sprintf                                  0x0800228d   Thumb Code     0  printfa.o(i.__0sprintf)
    __0vsnprintf                             0x080022b5   Thumb Code    40  printfa.o(i.__0vsnprintf)
    __1vsnprintf                             0x080022b5   Thumb Code     0  printfa.o(i.__0vsnprintf)
    __2vsnprintf                             0x080022b5   Thumb Code     0  printfa.o(i.__0vsnprintf)
    __c89vsnprintf                           0x080022b5   Thumb Code     0  printfa.o(i.__0vsnprintf)
    vsnprintf                                0x080022b5   Thumb Code     0  printfa.o(i.__0vsnprintf)
    __aeabi_errno_addr                       0x080022e1   Thumb Code     4  errno.o(i.__aeabi_errno_addr)
    __rt_errno_addr                          0x080022e1   Thumb Code     0  errno.o(i.__aeabi_errno_addr)
    __kernel_poly                            0x080022e9   Thumb Code   170  poly.o(i.__kernel_poly)
    __mathlib_dbl_divzero                    0x08002395   Thumb Code    12  dunder.o(i.__mathlib_dbl_divzero)
    __mathlib_dbl_infnan                     0x080023a5   Thumb Code     6  dunder.o(i.__mathlib_dbl_infnan)
    __mathlib_dbl_invalid                    0x080023ab   Thumb Code    12  dunder.o(i.__mathlib_dbl_invalid)
    __rt_ffs                                 0x080023b9   Thumb Code    70  kservice.o(i.__rt_ffs)
    __scatterload_copy                       0x08002405   Thumb Code    14  handlers.o(i.__scatterload_copy)
    __scatterload_null                       0x08002413   Thumb Code     2  handlers.o(i.__scatterload_null)
    __scatterload_zeroinit                   0x08002415   Thumb Code    14  handlers.o(i.__scatterload_zeroinit)
    __set_errno                              0x08002425   Thumb Code     6  errno.o(i.__set_errno)
    app_node_key_check                       0x08002e0d   Thumb Code    54  app_node.o(i.app_node_key_check)
    app_node_key_init                        0x08002e5d   Thumb Code    40  app_node.o(i.app_node_key_init)
    app_node_led_init                        0x08002e89   Thumb Code    66  app_node.o(i.app_node_led_init)
    app_node_led_set_blue                    0x08002ed5   Thumb Code    26  app_node.o(i.app_node_led_set_blue)
    app_node_led_set_green                   0x08002ef5   Thumb Code    30  app_node.o(i.app_node_led_set_green)
    app_node_read_config                     0x080030f9   Thumb Code    96  app_node.o(i.app_node_read_config)
    app_node_send_status                     0x080031a5   Thumb Code   158  app_node.o(i.app_node_send_status)
    app_node_set_sn                          0x08003265   Thumb Code    22  app_node.o(i.app_node_set_sn)
    app_node_set_wake_period                 0x08003295   Thumb Code    22  app_node.o(i.app_node_set_wake_period)
    app_node_temp_init                       0x080032c9   Thumb Code   154  app_node.o(i.app_node_temp_init)
    app_node_temp_update                     0x0800336d   Thumb Code   266  app_node.o(i.app_node_temp_update)
    app_node_thread_entry                    0x080034a1   Thumb Code   258  app_node.o(i.app_node_thread_entry)
    app_node_wait_on_busy                    0x080035c5   Thumb Code    48  app_node.o(i.app_node_wait_on_busy)
    app_node_write_config                    0x08003615   Thumb Code    24  app_node.o(i.app_node_write_config)
    app_oled96_init                          0x08003631   Thumb Code    70  app_oled96.o(i.app_oled96_init)
    app_oled96_main_process                  0x08003681   Thumb Code    26  app_oled96.o(i.app_oled96_main_process)
    app_oled96_show_debug                    0x080036a1   Thumb Code    52  app_oled96.o(i.app_oled96_show_debug)
    app_oled96_show_main                     0x080036d9   Thumb Code    48  app_oled96.o(i.app_oled96_show_main)
    app_oled96_show_node                     0x08003719   Thumb Code    54  app_oled96.o(i.app_oled96_show_node)
    app_oled96_show_signal                   0x08003765   Thumb Code    54  app_oled96.o(i.app_oled96_show_signal)
    app_oled96_show_time                     0x080037b5   Thumb Code    46  app_oled96.o(i.app_oled96_show_time)
    app_oled96_show_tx_total                 0x080037f5   Thumb Code   100  app_oled96.o(i.app_oled96_show_tx_total)
    app_uart_thread_entry                    0x08003871   Thumb Code   346  user_app.o(i.app_uart_thread_entry)
    delay_ms                                 0x08003a51   Thumb Code    26  drv_common.o(i.delay_ms)
    delay_os                                 0x08003a71   Thumb Code    24  drv_common.o(i.delay_os)
    delay_us                                 0x08003a89   Thumb Code    26  drv_common.o(i.delay_us)
    drv_common_init                          0x08003aa9   Thumb Code    88  drv_common.o(i.drv_common_init)
    drv_crc16                                0x08003b41   Thumb Code    48  drv_common.o(i.drv_crc16)
    drv_get_rtc_counter                      0x08003b79   Thumb Code     8  drv_common.o(i.drv_get_rtc_counter)
    drv_get_sec_counter                      0x08003b81   Thumb Code     6  drv_common.o(i.drv_get_sec_counter)
    drv_oled96_clear                         0x08003b8d   Thumb Code    74  drv_oled96.o(i.drv_oled96_clear)
    drv_oled96_clear_line                    0x08003bd7   Thumb Code    64  drv_oled96.o(i.drv_oled96_clear_line)
    drv_oled96_init                          0x08003c17   Thumb Code   326  drv_oled96.o(i.drv_oled96_init)
    drv_oled96_set_pos                       0x08003d5d   Thumb Code    54  drv_oled96.o(i.drv_oled96_set_pos)
    drv_oled96_show_char                     0x08003d95   Thumb Code   180  drv_oled96.o(i.drv_oled96_show_char)
    drv_oled96_show_chinese                  0x08003e51   Thumb Code   106  drv_oled96.o(i.drv_oled96_show_chinese)
    drv_oled96_show_str_f6x8                 0x08003ec1   Thumb Code    58  drv_oled96.o(i.drv_oled96_show_str_f6x8)
    drv_oled96_show_str_f8x16                0x08003efb   Thumb Code    60  drv_oled96.o(i.drv_oled96_show_str_f8x16)
    drv_oled96_write_byte                    0x08003f37   Thumb Code    82  drv_oled96.o(i.drv_oled96_write_byte)
    drv_rtc_init                             0x08003f89   Thumb Code   188  drv_common.o(i.drv_rtc_init)
    drv_set_rtc_counter                      0x0800407d   Thumb Code    12  drv_common.o(i.drv_set_rtc_counter)
    drv_sx1268_cad_check                     0x08004089   Thumb Code    50  drv_sx1268.o(i.drv_sx1268_cad_check)
    drv_sx1268_cad_init                      0x080040bb   Thumb Code    44  drv_sx1268.o(i.drv_sx1268_cad_init)
    drv_sx1268_calcu_air_time                0x080040e9   Thumb Code   266  drv_sx1268.o(i.drv_sx1268_calcu_air_time)
    drv_sx1268_clr_irq_status                0x08004221   Thumb Code    36  drv_sx1268.o(i.drv_sx1268_clr_irq_status)
    drv_sx1268_convert_freqinhz2pllstep      0x08004245   Thumb Code    36  drv_sx1268.o(i.drv_sx1268_convert_freqinhz2pllstep)
    drv_sx1268_get_irq_status                0x08004269   Thumb Code    30  drv_sx1268.o(i.drv_sx1268_get_irq_status)
    drv_sx1268_get_pack_status               0x08004287   Thumb Code    56  drv_sx1268.o(i.drv_sx1268_get_pack_status)
    drv_sx1268_get_rssi_inst                 0x080042bf   Thumb Code    34  drv_sx1268.o(i.drv_sx1268_get_rssi_inst)
    drv_sx1268_get_rx_buff_status            0x080042e1   Thumb Code    34  drv_sx1268.o(i.drv_sx1268_get_rx_buff_status)
    drv_sx1268_init                          0x08004305   Thumb Code   152  drv_sx1268.o(i.drv_sx1268_init)
    drv_sx1268_recv_check                    0x080043ad   Thumb Code    96  drv_sx1268.o(i.drv_sx1268_recv_check)
    drv_sx1268_recv_init                     0x08004429   Thumb Code    82  drv_sx1268.o(i.drv_sx1268_recv_init)
    drv_sx1268_send                          0x08004481   Thumb Code    70  drv_sx1268.o(i.drv_sx1268_send)
    drv_sx1268_send_check                    0x080044c7   Thumb Code    34  drv_sx1268.o(i.drv_sx1268_send_check)
    drv_sx1268_set_buff_base_addr            0x080044e9   Thumb Code    34  drv_sx1268.o(i.drv_sx1268_set_buff_base_addr)
    drv_sx1268_set_cad_params                0x0800450b   Thumb Code    74  drv_sx1268.o(i.drv_sx1268_set_cad_params)
    drv_sx1268_set_dio2_switchctrl           0x08004555   Thumb Code    26  drv_sx1268.o(i.drv_sx1268_set_dio2_switchctrl)
    drv_sx1268_set_freq                      0x0800456f   Thumb Code    58  drv_sx1268.o(i.drv_sx1268_set_freq)
    drv_sx1268_set_irq_parsms                0x080045a9   Thumb Code    78  drv_sx1268.o(i.drv_sx1268_set_irq_parsms)
    drv_sx1268_set_mode                      0x080045f7   Thumb Code    18  drv_sx1268.o(i.drv_sx1268_set_mode)
    drv_sx1268_set_pa                        0x08004609   Thumb Code    44  drv_sx1268.o(i.drv_sx1268_set_pa)
    drv_sx1268_set_pack_params               0x08004639   Thumb Code    88  drv_sx1268.o(i.drv_sx1268_set_pack_params)
    drv_sx1268_set_power                     0x08004691   Thumb Code    88  drv_sx1268.o(i.drv_sx1268_set_power)
    drv_sx1268_set_regulator_mode            0x080046e9   Thumb Code    26  drv_sx1268.o(i.drv_sx1268_set_regulator_mode)
    drv_sx1268_set_sf_bw                     0x08004703   Thumb Code    48  drv_sx1268.o(i.drv_sx1268_set_sf_bw)
    drv_sx1268_set_standby                   0x08004733   Thumb Code    18  drv_sx1268.o(i.drv_sx1268_set_standby)
    drv_sx1268_set_stop_rxtimer_onpreamble_detect 0x08004745   Thumb Code    18  drv_sx1268.o(i.drv_sx1268_set_stop_rxtimer_onpreamble_detect)
    drv_sx1268_wakeup                        0x08004757   Thumb Code    40  drv_sx1268.o(i.drv_sx1268_wakeup)
    drv_system_reset                         0x08004781   Thumb Code    44  drv_common.o(i.drv_system_reset)
    drv_wdog_feed                            0x080047c1   Thumb Code     2  drv_common.o(i.drv_wdog_feed)
    drv_wdog_init                            0x080047c3   Thumb Code     2  drv_common.o(i.drv_wdog_init)
    fputc                                    0x080047c5   Thumb Code    32  drv_uart.o(i.fputc)
    hal_sx1268_read_cmd                      0x080047e9   Thumb Code    72  hal_sx1268.o(i.hal_sx1268_read_cmd)
    hal_sx1268_read_fifo                     0x08004831   Thumb Code    76  hal_sx1268.o(i.hal_sx1268_read_fifo)
    hal_sx1268_read_reg                      0x0800487d   Thumb Code    28  hal_sx1268.o(i.hal_sx1268_read_reg)
    hal_sx1268_read_regs                     0x08004899   Thumb Code    84  hal_sx1268.o(i.hal_sx1268_read_regs)
    hal_sx1268_rst                           0x080048ed   Thumb Code    10  hal_sx1268.o(i.hal_sx1268_rst)
    hal_sx1268_set_led                       0x080048f7   Thumb Code    18  hal_sx1268.o(i.hal_sx1268_set_led)
    hal_sx1268_spi_rw_byte                   0x08004909   Thumb Code    18  hal_sx1268.o(i.hal_sx1268_spi_rw_byte)
    hal_sx1268_write_cmd                     0x0800491b   Thumb Code    58  hal_sx1268.o(i.hal_sx1268_write_cmd)
    hal_sx1268_write_fifo                    0x08004955   Thumb Code    68  hal_sx1268.o(i.hal_sx1268_write_fifo)
    hal_sx1268_write_reg                     0x08004999   Thumb Code    20  hal_sx1268.o(i.hal_sx1268_write_reg)
    hal_sx1268_write_regs                    0x080049ad   Thumb Code    74  hal_sx1268.o(i.hal_sx1268_write_regs)
    log                                      0x080049f9   Thumb Code   808  log.o(i.log)
    $Super$$main                             0x08004d55   Thumb Code    70  main.o(i.main)
    main_thread_entry                        0x08004e25   Thumb Code    14  components.o(i.main_thread_entry)
    nwk_cacul_sniff_time                     0x08004e35   Thumb Code   144  nwk_bsp.o(i.nwk_cacul_sniff_time)
    nwk_crc16                                0x08004eed   Thumb Code    16  nwk_bsp.o(i.nwk_crc16)
    nwk_delay_ms                             0x08004efd   Thumb Code    12  nwk_bsp.o(i.nwk_delay_ms)
    nwk_find_head                            0x08004f09   Thumb Code    72  nwk_bsp.o(i.nwk_find_head)
    nwk_get_down_channel                     0x08004f51   Thumb Code    30  nwk_bsp.o(i.nwk_get_down_channel)
    nwk_get_rand                             0x08004f75   Thumb Code    34  nwk_bsp.o(i.nwk_get_rand)
    nwk_get_rtc_counter                      0x08004f9d   Thumb Code     8  nwk_bsp.o(i.nwk_get_rtc_counter)
    nwk_get_up_channel                       0x08004fa5   Thumb Code    30  nwk_bsp.o(i.nwk_get_up_channel)
    nwk_node_add_gw                          0x08004fc9   Thumb Code    64  nwk_node.o(i.nwk_node_add_gw)
    nwk_node_cad_check                       0x0800500d   Thumb Code    26  nwk_node.o(i.nwk_node_cad_check)
    nwk_node_cad_init                        0x0800502d   Thumb Code    26  nwk_node.o(i.nwk_node_cad_init)
    nwk_node_calcu_air_time                  0x0800504d   Thumb Code    30  nwk_node.o(i.nwk_node_calcu_air_time)
    nwk_node_clear_tx                        0x0800506d   Thumb Code    30  nwk_node.o(i.nwk_node_clear_tx)
    nwk_node_device_init                     0x080050a1   Thumb Code    38  nwk_node.o(i.nwk_node_device_init)
    nwk_node_main                            0x080050e9   Thumb Code   114  nwk_node.o(i.nwk_node_main)
    nwk_node_make_send_buff                  0x08005165   Thumb Code   368  nwk_node.o(i.nwk_node_make_send_buff)
    nwk_node_recv_check                      0x080052d9   Thumb Code    76  nwk_node.o(i.nwk_node_recv_check)
    nwk_node_recv_from_check                 0x08005329   Thumb Code    24  nwk_node.o(i.nwk_node_recv_from_check)
    nwk_node_recv_init                       0x08005345   Thumb Code    26  nwk_node.o(i.nwk_node_recv_init)
    nwk_node_recv_parse                      0x08005365   Thumb Code   870  nwk_node.o(i.nwk_node_recv_parse)
    nwk_node_req_join                        0x0800589d   Thumb Code    68  nwk_node.o(i.nwk_node_req_join)
    nwk_node_rx_process                      0x08005901   Thumb Code  1436  nwk_node.o(i.nwk_node_rx_process)
    nwk_node_search_gw                       0x08005eb5   Thumb Code    42  nwk_node.o(i.nwk_node_search_gw)
    nwk_node_search_process                  0x08005ee5   Thumb Code   476  nwk_node.o(i.nwk_node_search_process)
    nwk_node_select_gw                       0x080061c1   Thumb Code    36  nwk_node.o(i.nwk_node_select_gw)
    nwk_node_send2gateway                    0x080061e9   Thumb Code   108  nwk_node.o(i.nwk_node_send2gateway)
    nwk_node_send_buff                       0x080062a1   Thumb Code    34  nwk_node.o(i.nwk_node_send_buff)
    nwk_node_send_check                      0x080062c9   Thumb Code    26  nwk_node.o(i.nwk_node_send_check)
    nwk_node_send_sniff                      0x080062e9   Thumb Code   108  nwk_node.o(i.nwk_node_send_sniff)
    nwk_node_set_led                         0x08006369   Thumb Code    30  nwk_node.o(i.nwk_node_set_led)
    nwk_node_set_lora_dev                    0x0800638d   Thumb Code     8  nwk_node.o(i.nwk_node_set_lora_dev)
    nwk_node_set_lora_param                  0x08006399   Thumb Code    48  nwk_node.o(i.nwk_node_set_lora_param)
    nwk_node_set_sn                          0x080063cd   Thumb Code     6  nwk_node.o(i.nwk_node_set_sn)
    nwk_node_set_wake_period                 0x080063d9   Thumb Code     8  nwk_node.o(i.nwk_node_set_wake_period)
    nwk_node_take_rf_param                   0x080063e5   Thumb Code     4  nwk_node.o(i.nwk_node_take_rf_param)
    nwk_node_tx_cnts                         0x080063ed   Thumb Code    18  nwk_node.o(i.nwk_node_tx_cnts)
    nwk_node_tx_d2d_process                  0x08006405   Thumb Code    12  nwk_node.o(i.nwk_node_tx_d2d_process)
    nwk_node_tx_gw_process                   0x08006415   Thumb Code  1754  nwk_node.o(i.nwk_node_tx_gw_process)
    nwk_node_work_check                      0x08006bc1   Thumb Code   718  nwk_node.o(i.nwk_node_work_check)
    nwk_set_rtc_counter                      0x08006f19   Thumb Code    12  nwk_bsp.o(i.nwk_set_rtc_counter)
    nwk_tea_decrypt                          0x08006f25   Thumb Code    20  nwk_bsp.o(i.nwk_tea_decrypt)
    nwk_tea_encrypt                          0x08006f39   Thumb Code    20  nwk_bsp.o(i.nwk_tea_encrypt)
    printf_hex                               0x08006fc5   Thumb Code    48  drv_common.o(i.printf_hex)
    printf_oled                              0x08007005   Thumb Code    44  app_oled96.o(i.printf_oled)
    rt_application_init                      0x08007035   Thumb Code    34  components.o(i.rt_application_init)
    rt_components_board_init                 0x08007065   Thumb Code    20  components.o(i.rt_components_board_init)
    rt_components_init                       0x08007081   Thumb Code    20  components.o(i.rt_components_init)
    rt_enter_critical                        0x0800709d   Thumb Code    28  scheduler.o(i.rt_enter_critical)
    rt_exit_critical                         0x080070bd   Thumb Code    54  scheduler.o(i.rt_exit_critical)
    rt_free                                  0x080070f9   Thumb Code    98  mem.o(i.rt_free)
    rt_heap_begin_get                        0x08007171   Thumb Code     4  board.o(i.rt_heap_begin_get)
    rt_heap_end_get                          0x08007179   Thumb Code     4  board.o(i.rt_heap_end_get)
    rt_hw_board_init                         0x08007181   Thumb Code    54  board.o(i.rt_hw_board_init)
    rt_hw_hard_fault_exception               0x080071bd   Thumb Code    32  cpuport.o(i.rt_hw_hard_fault_exception)
    rt_hw_stack_init                         0x080071e1   Thumb Code    70  cpuport.o(i.rt_hw_stack_init)
    rt_interrupt_enter                       0x0800722d   Thumb Code    26  irq.o(i.rt_interrupt_enter)
    rt_interrupt_leave                       0x0800724d   Thumb Code    26  irq.o(i.rt_interrupt_leave)
    rt_malloc                                0x0800738d   Thumb Code   336  mem.o(i.rt_malloc)
    rt_memset                                0x080074f9   Thumb Code    72  kservice.o(i.rt_memset)
    rt_object_allocate                       0x08007541   Thumb Code    74  object.o(i.rt_object_allocate)
    rt_object_delete                         0x0800758b   Thumb Code    32  object.o(i.rt_object_delete)
    rt_object_detach                         0x080075ab   Thumb Code    26  object.o(i.rt_object_detach)
    rt_object_get_information                0x080075c5   Thumb Code    36  object.o(i.rt_object_get_information)
    rt_object_init                           0x080075ed   Thumb Code    60  object.o(i.rt_object_init)
    rt_object_is_systemobject                0x08007629   Thumb Code    18  object.o(i.rt_object_is_systemobject)
    rt_schedule                              0x0800763d   Thumb Code   118  scheduler.o(i.rt_schedule)
    rt_schedule_insert_thread                0x080076cd   Thumb Code    72  scheduler.o(i.rt_schedule_insert_thread)
    rt_schedule_remove_thread                0x0800771d   Thumb Code    76  scheduler.o(i.rt_schedule_remove_thread)
    rt_sem_init                              0x08007771   Thumb Code    38  ipc.o(i.rt_sem_init)
    rt_sem_release                           0x08007797   Thumb Code    58  ipc.o(i.rt_sem_release)
    rt_sem_take                              0x080077d1   Thumb Code   116  ipc.o(i.rt_sem_take)
    rt_show_version                          0x08007845   Thumb Code     2  kservice.o(i.rt_show_version)
    rt_strncpy                               0x08007847   Thumb Code    52  kservice.o(i.rt_strncpy)
    rt_system_heap_init                      0x0800787d   Thumb Code   146  mem.o(i.rt_system_heap_init)
    rt_system_scheduler_init                 0x0800792d   Thumb Code    52  scheduler.o(i.rt_system_scheduler_init)
    rt_system_scheduler_start                0x08007979   Thumb Code    36  scheduler.o(i.rt_system_scheduler_start)
    rt_system_timer_init                     0x080079a9   Thumb Code    24  timer.o(i.rt_system_timer_init)
    rt_system_timer_thread_init              0x080079c5   Thumb Code     2  timer.o(i.rt_system_timer_thread_init)
    rt_thread_create                         0x080079c7   Thumb Code    80  thread.o(i.rt_thread_create)
    rt_thread_delay                          0x08007a17   Thumb Code    12  thread.o(i.rt_thread_delay)
    rt_thread_exit                           0x08007a25   Thumb Code    76  thread.o(i.rt_thread_exit)
    rt_thread_idle_excute                    0x08007a81   Thumb Code   128  idle.o(i.rt_thread_idle_excute)
    rt_thread_idle_init                      0x08007b05   Thumb Code    38  idle.o(i.rt_thread_idle_init)
    rt_thread_init                           0x08007b41   Thumb Code    52  thread.o(i.rt_thread_init)
    rt_thread_resume                         0x08007b75   Thumb Code    60  thread.o(i.rt_thread_resume)
    rt_thread_self                           0x08007bb1   Thumb Code     6  thread.o(i.rt_thread_self)
    rt_thread_sleep                          0x08007bbd   Thumb Code    62  thread.o(i.rt_thread_sleep)
    rt_thread_startup                        0x08007c01   Thumb Code    44  thread.o(i.rt_thread_startup)
    rt_thread_suspend                        0x08007c2d   Thumb Code    68  thread.o(i.rt_thread_suspend)
    rt_thread_timeout                        0x08007c71   Thumb Code    32  thread.o(i.rt_thread_timeout)
    rt_thread_yield                          0x08007c91   Thumb Code    92  thread.o(i.rt_thread_yield)
    rt_tick_get                              0x08007cf5   Thumb Code     6  clock.o(i.rt_tick_get)
    rt_tick_increase                         0x08007d01   Thumb Code    42  clock.o(i.rt_tick_increase)
    rt_timer_check                           0x08007d31   Thumb Code   118  timer.o(i.rt_timer_check)
    rt_timer_control                         0x08007dad   Thumb Code    56  timer.o(i.rt_timer_control)
    rt_timer_detach                          0x08007de5   Thumb Code    32  timer.o(i.rt_timer_detach)
    rt_timer_init                            0x08007e05   Thumb Code    46  timer.o(i.rt_timer_init)
    rt_timer_start                           0x08007e35   Thumb Code   238  timer.o(i.rt_timer_start)
    rt_timer_stop                            0x08007f2d   Thumb Code    48  timer.o(i.rt_timer_stop)
    rtthread_startup                         0x08007f6d   Thumb Code    42  components.o(i.rtthread_startup)
    tea_decrypt_buff                         0x08007f99   Thumb Code    78  drv_encrypt.o(i.tea_decrypt_buff)
    tea_encrypt_buff                         0x08008001   Thumb Code    78  drv_encrypt.o(i.tea_encrypt_buff)
    F6x8                                     0x08008268   Data         552  drv_oled96.o(.constdata)
    F8X16                                    0x08008490   Data        1520  drv_oled96.o(.constdata)
    Hzk                                      0x08008a80   Data         256  drv_oled96.o(.constdata)
    __lowest_bit_bitmap                      0x08008b80   Data         256  kservice.o(.constdata)
    __mathlib_zero                           0x08008d18   Data           8  qnan.o(.constdata)
    __ctype_table                            0x08008d20   Data         129  ctype_o.o(.constdata)
    __rt_init_rti_start                      0x08008da8   Data           4  components.o(.rti_fn.0)
    __rt_init_rti_board_start                0x08008dac   Data           4  components.o(.rti_fn.0.end)
    __rt_init_rti_board_end                  0x08008db0   Data           4  components.o(.rti_fn.1.end)
    __rt_init_rti_end                        0x08008db4   Data           4  components.o(.rti_fn.6.end)
    Region$$Table$$Base                      0x08008db8   Number         0  anon$$obj.o(Region$$Table)
    Region$$Table$$Limit                     0x08008dd8   Number         0  anon$$obj.o(Region$$Table)
    SystemCoreClock                          0x20000000   Data           4  system_stm32f10x.o(.data)
    AHBPrescTable                            0x20000004   Data          16  system_stm32f10x.o(.data)
    g_sAppNodeWork                           0x20000018   Data           1  app_node.o(.data)
    g_u32SecCounter                          0x20000028   Data           4  drv_common.o(.data)
    tickets_us                               0x2000002c   Data           4  drv_common.o(.data)
    tickets_ms                               0x20000030   Data           4  drv_common.o(.data)
    bWatchDog                                0x20000034   Data           1  drv_common.o(.data)
    rt_interrupt_from_thread                 0x2000003c   Data           4  cpuport.o(.data)
    rt_interrupt_to_thread                   0x20000040   Data           4  cpuport.o(.data)
    rt_thread_switch_interrupt_flag          0x20000044   Data           4  cpuport.o(.data)
    rt_interrupt_nest                        0x20000050   Data           1  irq.o(.data)
    rt_current_thread                        0x200000d0   Data           4  scheduler.o(.data)
    rt_current_priority                      0x200000d4   Data           1  scheduler.o(.data)
    rt_thread_ready_priority_group           0x200000d8   Data           4  scheduler.o(.data)
    rt_thread_defunct                        0x200000dc   Data           8  scheduler.o(.data)
    __stdout                                 0x20000120   Data           4  stdout.o(.data)
    g_sDrvSx1268                             0x20000128   Data          28  app_node.o(.bss)
    g_sAppNodeSave                           0x20000144   Data          32  app_node.o(.bss)
    g_sAppOLEDWork                           0x20000164   Data          16  app_oled96.o(.bss)
    g_sUART1                                 0x20000704   Data          20  drv_uart.o(.bss)
    g_sUART2                                 0x20000718   Data          20  drv_uart.o(.bss)
    g_sUART3                                 0x2000072c   Data          20  drv_uart.o(.bss)
    g_u8UART1_Buff                           0x20000740   Data         256  drv_uart.o(.bss)
    g_u8UART2_Buff                           0x20000840   Data         256  drv_uart.o(.bss)
    g_u8UART3_Buff                           0x20000940   Data         256  drv_uart.o(.bss)
    rt_thread_priority_table                 0x20001bd8   Data         256  scheduler.o(.bss)
    g_sNwkNodeWork                           0x20001cd8   Data        1252  nwk_node.o(.bss)
    __initial_sp                             0x200023c0   Data           0  startup_stm32f10x_md.o(STACK)



==============================================================================

Memory Map of the image

  Image Entry point : 0x080000ed

  Load Region LR_IROM1 (Base: 0x08000000, Size: 0x00008f00, Max: 0x00009000, ABSOLUTE)

    Execution Region ER_IROM1 (Base: 0x08000000, Size: 0x00008dd8, Max: 0x00009000, ABSOLUTE)

    Base Addr    Size         Type   Attr      Idx    E Section Name        Object

    0x08000000   0x000000ec   Data   RO           19    RESET               startup_stm32f10x_md.o
    0x080000ec   0x00000000   Code   RO         4992  * .ARM.Collect$$$$00000000  mc_w.l(entry.o)
    0x080000ec   0x00000004   Code   RO         5352    .ARM.Collect$$$$00000001  mc_w.l(entry2.o)
    0x080000f0   0x00000004   Code   RO         5355    .ARM.Collect$$$$00000004  mc_w.l(entry5.o)
    0x080000f4   0x00000000   Code   RO         5357    .ARM.Collect$$$$00000008  mc_w.l(entry7b.o)
    0x080000f4   0x00000000   Code   RO         5359    .ARM.Collect$$$$0000000A  mc_w.l(entry8b.o)
    0x080000f4   0x00000008   Code   RO         5360    .ARM.Collect$$$$0000000B  mc_w.l(entry9a.o)
    0x080000fc   0x00000000   Code   RO         5362    .ARM.Collect$$$$0000000D  mc_w.l(entry10a.o)
    0x080000fc   0x00000000   Code   RO         5364    .ARM.Collect$$$$0000000F  mc_w.l(entry11a.o)
    0x080000fc   0x00000004   Code   RO         5353    .ARM.Collect$$$$00002712  mc_w.l(entry2.o)
    0x08000100   0x00000024   Code   RO           20    .text               startup_stm32f10x_md.o
    0x08000124   0x000000f0   Code   RO         2100    .text               context_rvds.o
    0x08000214   0x00000024   Code   RO         4995    .text               mc_w.l(rand.o)
    0x08000238   0x00000024   Code   RO         4998    .text               mc_w.l(memcpya.o)
    0x0800025c   0x00000024   Code   RO         5000    .text               mc_w.l(memseta.o)
    0x08000280   0x00000024   Code   RO         5004    .text               mc_w.l(strstr.o)
    0x080002a4   0x0000000e   Code   RO         5006    .text               mc_w.l(strlen.o)
    0x080002b2   0x0000001a   Code   RO         5008    .text               mc_w.l(memcmp.o)
    0x080002cc   0x0000001a   Code   RO         5305    .text               mc_w.l(atol.o)
    0x080002e6   0x000000b0   Code   RO         5307    .text               mf_w.l(fadd.o)
    0x08000396   0x00000064   Code   RO         5309    .text               mf_w.l(fmul.o)
    0x080003fa   0x0000007c   Code   RO         5311    .text               mf_w.l(fdiv.o)
    0x08000476   0x0000014e   Code   RO         5313    .text               mf_w.l(dadd.o)
    0x080005c4   0x000000e4   Code   RO         5315    .text               mf_w.l(dmul.o)
    0x080006a8   0x000000de   Code   RO         5317    .text               mf_w.l(ddiv.o)
    0x08000786   0x00000012   Code   RO         5319    .text               mf_w.l(fflti.o)
    0x08000798   0x0000000a   Code   RO         5321    .text               mf_w.l(ffltui.o)
    0x080007a2   0x00000022   Code   RO         5323    .text               mf_w.l(dflti.o)
    0x080007c4   0x0000001a   Code   RO         5325    .text               mf_w.l(dfltui.o)
    0x080007de   0x00000028   Code   RO         5327    .text               mf_w.l(ffixui.o)
    0x08000806   0x00000032   Code   RO         5329    .text               mf_w.l(dfixui.o)
    0x08000838   0x00000026   Code   RO         5331    .text               mf_w.l(f2d.o)
    0x0800085e   0x00000038   Code   RO         5333    .text               mf_w.l(d2f.o)
    0x08000896   0x0000002c   Code   RO         5367    .text               mc_w.l(uidiv.o)
    0x080008c2   0x00000062   Code   RO         5369    .text               mc_w.l(uldiv.o)
    0x08000924   0x0000001e   Code   RO         5371    .text               mc_w.l(llshl.o)
    0x08000942   0x00000020   Code   RO         5373    .text               mc_w.l(llushr.o)
    0x08000962   0x00000024   Code   RO         5375    .text               mc_w.l(llsshr.o)
    0x08000986   0x00000070   Code   RO         5386    .text               mc_w.l(strtol.o)
    0x080009f6   0x00000000   Code   RO         5388    .text               mc_w.l(iusefp.o)
    0x080009f6   0x0000006e   Code   RO         5389    .text               mf_w.l(fepilogue.o)
    0x08000a64   0x000000ba   Code   RO         5391    .text               mf_w.l(depilogue.o)
    0x08000b1e   0x0000002e   Code   RO         5393    .text               mf_w.l(dscalb.o)
    0x08000b4c   0x00000030   Code   RO         5395    .text               mf_w.l(dfixul.o)
    0x08000b7c   0x00000030   Code   RO         5397    .text               mf_w.l(cdcmple.o)
    0x08000bac   0x00000030   Code   RO         5399    .text               mf_w.l(cdrcmple.o)
    0x08000bdc   0x00000024   Code   RO         5401    .text               mc_w.l(init.o)
    0x08000c00   0x00000008   Code   RO         5403    .text               mc_w.l(ctype_o.o)
    0x08000c08   0x0000009e   Code   RO         5431    .text               mc_w.l(_strtoul.o)
    0x08000ca6   0x0000001c   Code   RO         5433    .text               mc_w.l(_chval.o)
    0x08000cc2   0x0000000e   Code   RO         1136    i.$Sub$$main        components.o
    0x08000cd0   0x00000016   Code   RO         3672    i.ADC_Cmd           f103c8t6.lib(stm32f10x_adc.o)
    0x08000ce6   0x00000002   PAD
    0x08000ce8   0x0000005c   Code   RO         3674    i.ADC_DeInit        f103c8t6.lib(stm32f10x_adc.o)
    0x08000d44   0x00000014   Code   RO         3680    i.ADC_GetCalibrationStatus  f103c8t6.lib(stm32f10x_adc.o)
    0x08000d58   0x00000008   Code   RO         3681    i.ADC_GetConversionValue  f103c8t6.lib(stm32f10x_adc.o)
    0x08000d60   0x00000012   Code   RO         3683    i.ADC_GetFlagStatus  f103c8t6.lib(stm32f10x_adc.o)
    0x08000d72   0x00000014   Code   RO         3686    i.ADC_GetResetCalibrationStatus  f103c8t6.lib(stm32f10x_adc.o)
    0x08000d86   0x00000002   PAD
    0x08000d88   0x00000050   Code   RO         3690    i.ADC_Init          f103c8t6.lib(stm32f10x_adc.o)
    0x08000dd8   0x000000b8   Code   RO         3694    i.ADC_RegularChannelConfig  f103c8t6.lib(stm32f10x_adc.o)
    0x08000e90   0x0000000a   Code   RO         3695    i.ADC_ResetCalibration  f103c8t6.lib(stm32f10x_adc.o)
    0x08000e9a   0x00000016   Code   RO         3697    i.ADC_SoftwareStartConvCmd  f103c8t6.lib(stm32f10x_adc.o)
    0x08000eb0   0x0000000a   Code   RO         3699    i.ADC_StartCalibration  f103c8t6.lib(stm32f10x_adc.o)
    0x08000eba   0x00000002   PAD
    0x08000ebc   0x0000005c   Code   RO          307    i.APP_Init          user_app.o
    0x08000f18   0x00000010   Code   RO         3890    i.BKP_DeInit        f103c8t6.lib(stm32f10x_bkp.o)
    0x08000f28   0x0000001c   Code   RO         3894    i.BKP_RTCOutputConfig  f103c8t6.lib(stm32f10x_bkp.o)
    0x08000f44   0x0000001c   Code   RO         3895    i.BKP_ReadBackupRegister  f103c8t6.lib(stm32f10x_bkp.o)
    0x08000f60   0x0000000c   Code   RO         3897    i.BKP_TamperPinCmd  f103c8t6.lib(stm32f10x_bkp.o)
    0x08000f6c   0x0000001c   Code   RO         3899    i.BKP_WriteBackupRegister  f103c8t6.lib(stm32f10x_bkp.o)
    0x08000f88   0x00000004   Code   RO           24    i.BusFault_Handler  stm32f10x_it.o
    0x08000f8c   0x00000002   Code   RO           25    i.DebugMon_Handler  stm32f10x_it.o
    0x08000f8e   0x00000002   PAD
    0x08000f90   0x0000006c   Code   RO          926    i.DecryptTEA        drv_encrypt.o
    0x08000ffc   0x0000004c   Code   RO          572    i.EEPROM_Read       drv_common.o
    0x08001048   0x00000060   Code   RO          573    i.EEPROM_Write      drv_common.o
    0x080010a8   0x00000064   Code   RO          927    i.EncryptTEA        drv_encrypt.o
    0x0800110c   0x0000004c   Code   RO         3971    i.FLASH_ErasePage   f103c8t6.lib(stm32f10x_flash.o)
    0x08001158   0x00000034   Code   RO         3972    i.FLASH_GetBank1Status  f103c8t6.lib(stm32f10x_flash.o)
    0x0800118c   0x00000014   Code   RO         3981    i.FLASH_Lock        f103c8t6.lib(stm32f10x_flash.o)
    0x080011a0   0x0000001c   Code   RO         3983    i.FLASH_PrefetchBufferCmd  f103c8t6.lib(stm32f10x_flash.o)
    0x080011bc   0x0000006c   Code   RO         3986    i.FLASH_ProgramWord  f103c8t6.lib(stm32f10x_flash.o)
    0x08001228   0x00000018   Code   RO         3988    i.FLASH_SetLatency  f103c8t6.lib(stm32f10x_flash.o)
    0x08001240   0x00000018   Code   RO         3989    i.FLASH_Unlock      f103c8t6.lib(stm32f10x_flash.o)
    0x08001258   0x00000026   Code   RO         3993    i.FLASH_WaitForLastOperation  f103c8t6.lib(stm32f10x_flash.o)
    0x0800127e   0x00000112   Code   RO         4146    i.GPIO_Init         f103c8t6.lib(stm32f10x_gpio.o)
    0x08001390   0x00000090   Code   RO         4148    i.GPIO_PinRemapConfig  f103c8t6.lib(stm32f10x_gpio.o)
    0x08001420   0x00000012   Code   RO         4150    i.GPIO_ReadInputDataBit  f103c8t6.lib(stm32f10x_gpio.o)
    0x08001432   0x00000004   Code   RO         4153    i.GPIO_ResetBits    f103c8t6.lib(stm32f10x_gpio.o)
    0x08001436   0x00000004   Code   RO         4154    i.GPIO_SetBits      f103c8t6.lib(stm32f10x_gpio.o)
    0x0800143a   0x00000002   PAD
    0x0800143c   0x0000009c   Code   RO          164    i.HSI_Config        system_stm32f10x.o
    0x080014d8   0x0000003e   Code   RO          855    i.IIC_GPIOInit      drv_iic.o
    0x08001516   0x0000001a   Code   RO          858    i.IIC_SdaInMode     drv_iic.o
    0x08001530   0x00000020   Code   RO          859    i.IIC_SdaOutMode    drv_iic.o
    0x08001550   0x00000038   Code   RO          861    i.IIC_Start         drv_iic.o
    0x08001588   0x00000032   Code   RO          862    i.IIC_Stop          drv_iic.o
    0x080015ba   0x00000070   Code   RO          863    i.IIC_WaitAck       drv_iic.o
    0x0800162a   0x0000004c   Code   RO          864    i.IIC_WriteByte     drv_iic.o
    0x08001676   0x00000004   Code   RO           26    i.MemManage_Handler  stm32f10x_it.o
    0x0800167a   0x00000002   Code   RO           27    i.NMI_Handler       stm32f10x_it.o
    0x0800167c   0x00000074   Code   RO         3544    i.NVIC_Init         f103c8t6.lib(misc.o)
    0x080016f0   0x0000000c   Code   RO         4254    i.PWR_BackupAccessCmd  f103c8t6.lib(stm32f10x_pwr.o)
    0x080016fc   0x00000018   Code   RO         4314    i.RCC_ADCCLKConfig  f103c8t6.lib(stm32f10x_rcc.o)
    0x08001714   0x00000020   Code   RO         4316    i.RCC_APB1PeriphClockCmd  f103c8t6.lib(stm32f10x_rcc.o)
    0x08001734   0x00000020   Code   RO         4318    i.RCC_APB2PeriphClockCmd  f103c8t6.lib(stm32f10x_rcc.o)
    0x08001754   0x00000020   Code   RO         4319    i.RCC_APB2PeriphResetCmd  f103c8t6.lib(stm32f10x_rcc.o)
    0x08001774   0x0000000c   Code   RO         4321    i.RCC_BackupResetCmd  f103c8t6.lib(stm32f10x_rcc.o)
    0x08001780   0x0000004c   Code   RO         4325    i.RCC_DeInit        f103c8t6.lib(stm32f10x_rcc.o)
    0x080017cc   0x000000d4   Code   RO         4326    i.RCC_GetClocksFreq  f103c8t6.lib(stm32f10x_rcc.o)
    0x080018a0   0x0000003c   Code   RO         4327    i.RCC_GetFlagStatus  f103c8t6.lib(stm32f10x_rcc.o)
    0x080018dc   0x00000010   Code   RO         4329    i.RCC_GetSYSCLKSource  f103c8t6.lib(stm32f10x_rcc.o)
    0x080018ec   0x00000018   Code   RO         4330    i.RCC_HCLKConfig    f103c8t6.lib(stm32f10x_rcc.o)
    0x08001904   0x0000000c   Code   RO         4332    i.RCC_HSICmd        f103c8t6.lib(stm32f10x_rcc.o)
    0x08001910   0x00000034   Code   RO         4334    i.RCC_LSEConfig     f103c8t6.lib(stm32f10x_rcc.o)
    0x08001944   0x0000000c   Code   RO         4335    i.RCC_LSICmd        f103c8t6.lib(stm32f10x_rcc.o)
    0x08001950   0x00000018   Code   RO         4337    i.RCC_PCLK1Config   f103c8t6.lib(stm32f10x_rcc.o)
    0x08001968   0x00000018   Code   RO         4338    i.RCC_PCLK2Config   f103c8t6.lib(stm32f10x_rcc.o)
    0x08001980   0x0000000c   Code   RO         4339    i.RCC_PLLCmd        f103c8t6.lib(stm32f10x_rcc.o)
    0x0800198c   0x0000001c   Code   RO         4340    i.RCC_PLLConfig     f103c8t6.lib(stm32f10x_rcc.o)
    0x080019a8   0x0000000c   Code   RO         4341    i.RCC_RTCCLKCmd     f103c8t6.lib(stm32f10x_rcc.o)
    0x080019b4   0x00000010   Code   RO         4342    i.RCC_RTCCLKConfig  f103c8t6.lib(stm32f10x_rcc.o)
    0x080019c4   0x00000018   Code   RO         4343    i.RCC_SYSCLKConfig  f103c8t6.lib(stm32f10x_rcc.o)
    0x080019dc   0x00000010   Code   RO         4515    i.RTC_ClearITPendingBit  f103c8t6.lib(stm32f10x_rtc.o)
    0x080019ec   0x00000014   Code   RO         4516    i.RTC_EnterConfigMode  f103c8t6.lib(stm32f10x_rtc.o)
    0x08001a00   0x00000014   Code   RO         4517    i.RTC_ExitConfigMode  f103c8t6.lib(stm32f10x_rtc.o)
    0x08001a14   0x00000014   Code   RO         4518    i.RTC_GetCounter    f103c8t6.lib(stm32f10x_rtc.o)
    0x08001a28   0x00000024   Code   RO         4521    i.RTC_GetITStatus   f103c8t6.lib(stm32f10x_rtc.o)
    0x08001a4c   0x00000012   Code   RO           28    i.RTC_IRQHandler    stm32f10x_it.o
    0x08001a5e   0x00000002   PAD
    0x08001a60   0x0000001c   Code   RO         4524    i.RTC_SetCounter    f103c8t6.lib(stm32f10x_rtc.o)
    0x08001a7c   0x00000014   Code   RO         4526    i.RTC_WaitForLastTask  f103c8t6.lib(stm32f10x_rtc.o)
    0x08001a90   0x00000020   Code   RO         4527    i.RTC_WaitForSynchro  f103c8t6.lib(stm32f10x_rtc.o)
    0x08001ab0   0x00000018   Code   RO         4609    i.SPI_Cmd           f103c8t6.lib(stm32f10x_spi.o)
    0x08001ac8   0x00000012   Code   RO         4617    i.SPI_I2S_GetFlagStatus  f103c8t6.lib(stm32f10x_spi.o)
    0x08001ada   0x00000006   Code   RO         4620    i.SPI_I2S_ReceiveData  f103c8t6.lib(stm32f10x_spi.o)
    0x08001ae0   0x00000004   Code   RO         4621    i.SPI_I2S_SendData  f103c8t6.lib(stm32f10x_spi.o)
    0x08001ae4   0x0000003c   Code   RO         4622    i.SPI_Init          f103c8t6.lib(stm32f10x_spi.o)
    0x08001b20   0x00000002   Code   RO           29    i.SVC_Handler       stm32f10x_it.o
    0x08001b22   0x00000002   PAD
    0x08001b24   0x0000003c   Code   RO          799    i.SysTick_Handler   board.o
    0x08001b60   0x000000a4   Code   RO          167    i.SystemCoreClockUpdate  system_stm32f10x.o
    0x08001c04   0x00000014   Code   RO          168    i.SystemInit        system_stm32f10x.o
    0x08001c18   0x000000c8   Code   RO          709    i.UART1_Init        drv_uart.o
    0x08001ce0   0x000000c4   Code   RO          711    i.UART2_Init        drv_uart.o
    0x08001da4   0x000000c8   Code   RO          713    i.UART3_Init        drv_uart.o
    0x08001e6c   0x00000018   Code   RO          715    i.UART_Clear        drv_uart.o
    0x08001e84   0x00000028   Code   RO          716    i.UART_Init         drv_uart.o
    0x08001eac   0x0000006c   Code   RO          718    i.USART1_IRQHandler  drv_uart.o
    0x08001f18   0x00000078   Code   RO          719    i.USART2_IRQHandler  drv_uart.o
    0x08001f90   0x0000006c   Code   RO          720    i.USART3_IRQHandler  drv_uart.o
    0x08001ffc   0x00000012   Code   RO         4748    i.USART_ClearFlag   f103c8t6.lib(stm32f10x_usart.o)
    0x0800200e   0x0000001e   Code   RO         4749    i.USART_ClearITPendingBit  f103c8t6.lib(stm32f10x_usart.o)
    0x0800202c   0x00000018   Code   RO         4752    i.USART_Cmd         f103c8t6.lib(stm32f10x_usart.o)
    0x08002044   0x0000001a   Code   RO         4755    i.USART_GetFlagStatus  f103c8t6.lib(stm32f10x_usart.o)
    0x0800205e   0x00000054   Code   RO         4756    i.USART_GetITStatus  f103c8t6.lib(stm32f10x_usart.o)
    0x080020b2   0x0000004a   Code   RO         4758    i.USART_ITConfig    f103c8t6.lib(stm32f10x_usart.o)
    0x080020fc   0x000000d8   Code   RO         4759    i.USART_Init        f103c8t6.lib(stm32f10x_usart.o)
    0x080021d4   0x0000000a   Code   RO         4766    i.USART_ReceiveData  f103c8t6.lib(stm32f10x_usart.o)
    0x080021de   0x00000008   Code   RO         4769    i.USART_SendData    f103c8t6.lib(stm32f10x_usart.o)
    0x080021e6   0x00000004   Code   RO           31    i.UsageFault_Handler  stm32f10x_it.o
    0x080021ea   0x00000002   PAD
    0x080021ec   0x00000010   Code   RO         4930    i.WWDG_Enable       f103c8t6.lib(stm32f10x_wwdg.o)
    0x080021fc   0x00000018   Code   RO         4934    i.WWDG_SetPrescaler  f103c8t6.lib(stm32f10x_wwdg.o)
    0x08002214   0x00000028   Code   RO         4935    i.WWDG_SetWindowValue  f103c8t6.lib(stm32f10x_wwdg.o)
    0x0800223c   0x00000030   Code   RO          800    i._SysTick_Config   board.o
    0x0800226c   0x00000020   Code   RO         5249    i.__0printf         mc_w.l(printfa.o)
    0x0800228c   0x00000028   Code   RO         5251    i.__0sprintf        mc_w.l(printfa.o)
    0x080022b4   0x0000002c   Code   RO         5254    i.__0vsnprintf      mc_w.l(printfa.o)
    0x080022e0   0x00000008   Code   RO         5379    i.__aeabi_errno_addr  mc_w.l(errno.o)
    0x080022e8   0x000000aa   Code   RO         5349    i.__kernel_poly     m_ws.l(poly.o)
    0x08002392   0x00000002   PAD
    0x08002394   0x00000010   Code   RO         5335    i.__mathlib_dbl_divzero  m_ws.l(dunder.o)
    0x080023a4   0x00000006   Code   RO         5336    i.__mathlib_dbl_infnan  m_ws.l(dunder.o)
    0x080023aa   0x0000000c   Code   RO         5338    i.__mathlib_dbl_invalid  m_ws.l(dunder.o)
    0x080023b6   0x00000002   PAD
    0x080023b8   0x0000004c   Code   RO         1507    i.__rt_ffs          kservice.o
    0x08002404   0x0000000e   Code   RO         5437    i.__scatterload_copy  mc_w.l(handlers.o)
    0x08002412   0x00000002   Code   RO         5438    i.__scatterload_null  mc_w.l(handlers.o)
    0x08002414   0x0000000e   Code   RO         5439    i.__scatterload_zeroinit  mc_w.l(handlers.o)
    0x08002422   0x00000002   PAD
    0x08002424   0x0000000c   Code   RO         5381    i.__set_errno       mc_w.l(errno.o)
    0x08002430   0x00000184   Code   RO         5256    i._fp_digits        mc_w.l(printfa.o)
    0x080025b4   0x00000014   Code   RO         1210    i._has_defunct_thread  idle.o
    0x080025c8   0x000006dc   Code   RO         5257    i._printf_core      mc_w.l(printfa.o)
    0x08002ca4   0x00000024   Code   RO         5258    i._printf_post_padding  mc_w.l(printfa.o)
    0x08002cc8   0x0000002e   Code   RO         5259    i._printf_pre_padding  mc_w.l(printfa.o)
    0x08002cf6   0x00000002   PAD
    0x08002cf8   0x00000084   Code   RO         1878    i._rt_thread_init   thread.o
    0x08002d7c   0x00000042   Code   RO         1993    i._rt_timer_init    timer.o
    0x08002dbe   0x0000002e   Code   RO         1994    i._rt_timer_remove  timer.o
    0x08002dec   0x00000016   Code   RO         5260    i._snputc           mc_w.l(printfa.o)
    0x08002e02   0x0000000a   Code   RO         5261    i._sputc            mc_w.l(printfa.o)
    0x08002e0c   0x00000050   Code   RO          377    i.app_node_key_check  app_node.o
    0x08002e5c   0x0000002c   Code   RO          378    i.app_node_key_init  app_node.o
    0x08002e88   0x0000004c   Code   RO          379    i.app_node_led_init  app_node.o
    0x08002ed4   0x00000020   Code   RO          380    i.app_node_led_set_blue  app_node.o
    0x08002ef4   0x00000024   Code   RO          381    i.app_node_led_set_green  app_node.o
    0x08002f18   0x00000018   Code   RO          382    i.app_node_lora_cs0  app_node.o
    0x08002f30   0x00000010   Code   RO          383    i.app_node_lora_cs1  app_node.o
    0x08002f40   0x00000158   Code   RO          384    i.app_node_lora_init  app_node.o
    0x08003098   0x00000028   Code   RO          385    i.app_node_lora_reset  app_node.o
    0x080030c0   0x00000038   Code   RO          386    i.app_node_lora_spi_rw_byte  app_node.o
    0x080030f8   0x000000ac   Code   RO          387    i.app_node_read_config  app_node.o
    0x080031a4   0x000000c0   Code   RO          388    i.app_node_send_status  app_node.o
    0x08003264   0x00000030   Code   RO          389    i.app_node_set_sn   app_node.o
    0x08003294   0x00000034   Code   RO          390    i.app_node_set_wake_period  app_node.o
    0x080032c8   0x000000a4   Code   RO          391    i.app_node_temp_init  app_node.o
    0x0800336c   0x00000134   Code   RO          392    i.app_node_temp_update  app_node.o
    0x080034a0   0x00000124   Code   RO          393    i.app_node_thread_entry  app_node.o
    0x080035c4   0x00000050   Code   RO          394    i.app_node_wait_on_busy  app_node.o
    0x08003614   0x0000001c   Code   RO          395    i.app_node_write_config  app_node.o
    0x08003630   0x00000050   Code   RO          502    i.app_oled96_init   app_oled96.o
    0x08003680   0x00000020   Code   RO          503    i.app_oled96_main_process  app_oled96.o
    0x080036a0   0x00000038   Code   RO          504    i.app_oled96_show_debug  app_oled96.o
    0x080036d8   0x00000040   Code   RO          505    i.app_oled96_show_main  app_oled96.o
    0x08003718   0x0000004c   Code   RO          506    i.app_oled96_show_node  app_oled96.o
    0x08003764   0x00000050   Code   RO          508    i.app_oled96_show_signal  app_oled96.o
    0x080037b4   0x00000040   Code   RO          509    i.app_oled96_show_time  app_oled96.o
    0x080037f4   0x0000007c   Code   RO          510    i.app_oled96_show_tx_total  app_oled96.o
    0x08003870   0x000001e0   Code   RO          309    i.app_uart_thread_entry  user_app.o
    0x08003a50   0x00000020   Code   RO          574    i.delay_ms          drv_common.o
    0x08003a70   0x00000018   Code   RO          575    i.delay_os          drv_common.o
    0x08003a88   0x00000020   Code   RO          576    i.delay_us          drv_common.o
    0x08003aa8   0x00000098   Code   RO          578    i.drv_common_init   drv_common.o
    0x08003b40   0x00000038   Code   RO          579    i.drv_crc16         drv_common.o
    0x08003b78   0x00000008   Code   RO          582    i.drv_get_rtc_counter  drv_common.o
    0x08003b80   0x0000000c   Code   RO          583    i.drv_get_sec_counter  drv_common.o
    0x08003b8c   0x0000004a   Code   RO          975    i.drv_oled96_clear  drv_oled96.o
    0x08003bd6   0x00000040   Code   RO          976    i.drv_oled96_clear_line  drv_oled96.o
    0x08003c16   0x00000146   Code   RO          981    i.drv_oled96_init   drv_oled96.o
    0x08003d5c   0x00000036   Code   RO          982    i.drv_oled96_set_pos  drv_oled96.o
    0x08003d92   0x00000002   PAD
    0x08003d94   0x000000bc   Code   RO          983    i.drv_oled96_show_char  drv_oled96.o
    0x08003e50   0x00000070   Code   RO          984    i.drv_oled96_show_chinese  drv_oled96.o
    0x08003ec0   0x0000003a   Code   RO          985    i.drv_oled96_show_str_f6x8  drv_oled96.o
    0x08003efa   0x0000003c   Code   RO          986    i.drv_oled96_show_str_f8x16  drv_oled96.o
    0x08003f36   0x00000052   Code   RO          987    i.drv_oled96_write_byte  drv_oled96.o
    0x08003f88   0x000000f4   Code   RO          584    i.drv_rtc_init      drv_common.o
    0x0800407c   0x0000000c   Code   RO          585    i.drv_set_rtc_counter  drv_common.o
    0x08004088   0x00000032   Code   RO         3270    i.drv_sx1268_cad_check  drv_sx1268.o
    0x080040ba   0x0000002c   Code   RO         3271    i.drv_sx1268_cad_init  drv_sx1268.o
    0x080040e6   0x00000002   PAD
    0x080040e8   0x00000138   Code   RO         3272    i.drv_sx1268_calcu_air_time  drv_sx1268.o
    0x08004220   0x00000024   Code   RO         3274    i.drv_sx1268_clr_irq_status  drv_sx1268.o
    0x08004244   0x00000024   Code   RO         3275    i.drv_sx1268_convert_freqinhz2pllstep  drv_sx1268.o
    0x08004268   0x0000001e   Code   RO         3276    i.drv_sx1268_get_irq_status  drv_sx1268.o
    0x08004286   0x00000038   Code   RO         3277    i.drv_sx1268_get_pack_status  drv_sx1268.o
    0x080042be   0x00000022   Code   RO         3278    i.drv_sx1268_get_rssi_inst  drv_sx1268.o
    0x080042e0   0x00000022   Code   RO         3279    i.drv_sx1268_get_rx_buff_status  drv_sx1268.o
    0x08004302   0x00000002   PAD
    0x08004304   0x000000a8   Code   RO         3280    i.drv_sx1268_init   drv_sx1268.o
    0x080043ac   0x0000007c   Code   RO         3281    i.drv_sx1268_recv_check  drv_sx1268.o
    0x08004428   0x00000058   Code   RO         3282    i.drv_sx1268_recv_init  drv_sx1268.o
    0x08004480   0x00000046   Code   RO         3283    i.drv_sx1268_send   drv_sx1268.o
    0x080044c6   0x00000022   Code   RO         3284    i.drv_sx1268_send_check  drv_sx1268.o
    0x080044e8   0x00000022   Code   RO         3285    i.drv_sx1268_set_buff_base_addr  drv_sx1268.o
    0x0800450a   0x0000004a   Code   RO         3286    i.drv_sx1268_set_cad_params  drv_sx1268.o
    0x08004554   0x0000001a   Code   RO         3287    i.drv_sx1268_set_dio2_switchctrl  drv_sx1268.o
    0x0800456e   0x0000003a   Code   RO         3288    i.drv_sx1268_set_freq  drv_sx1268.o
    0x080045a8   0x0000004e   Code   RO         3289    i.drv_sx1268_set_irq_parsms  drv_sx1268.o
    0x080045f6   0x00000012   Code   RO         3290    i.drv_sx1268_set_mode  drv_sx1268.o
    0x08004608   0x00000030   Code   RO         3291    i.drv_sx1268_set_pa  drv_sx1268.o
    0x08004638   0x00000058   Code   RO         3292    i.drv_sx1268_set_pack_params  drv_sx1268.o
    0x08004690   0x00000058   Code   RO         3293    i.drv_sx1268_set_power  drv_sx1268.o
    0x080046e8   0x0000001a   Code   RO         3294    i.drv_sx1268_set_regulator_mode  drv_sx1268.o
    0x08004702   0x00000030   Code   RO         3295    i.drv_sx1268_set_sf_bw  drv_sx1268.o
    0x08004732   0x00000012   Code   RO         3297    i.drv_sx1268_set_standby  drv_sx1268.o
    0x08004744   0x00000012   Code   RO         3298    i.drv_sx1268_set_stop_rxtimer_onpreamble_detect  drv_sx1268.o
    0x08004756   0x00000028   Code   RO         3300    i.drv_sx1268_wakeup  drv_sx1268.o
    0x0800477e   0x00000002   PAD
    0x08004780   0x00000040   Code   RO          587    i.drv_system_reset  drv_common.o
    0x080047c0   0x00000002   Code   RO          588    i.drv_wdog_feed     drv_common.o
    0x080047c2   0x00000002   Code   RO          589    i.drv_wdog_init     drv_common.o
    0x080047c4   0x00000024   Code   RO          721    i.fputc             drv_uart.o
    0x080047e8   0x00000048   Code   RO         3472    i.hal_sx1268_read_cmd  hal_sx1268.o
    0x08004830   0x0000004c   Code   RO         3473    i.hal_sx1268_read_fifo  hal_sx1268.o
    0x0800487c   0x0000001c   Code   RO         3474    i.hal_sx1268_read_reg  hal_sx1268.o
    0x08004898   0x00000054   Code   RO         3475    i.hal_sx1268_read_regs  hal_sx1268.o
    0x080048ec   0x0000000a   Code   RO         3476    i.hal_sx1268_rst    hal_sx1268.o
    0x080048f6   0x00000012   Code   RO         3477    i.hal_sx1268_set_led  hal_sx1268.o
    0x08004908   0x00000012   Code   RO         3478    i.hal_sx1268_spi_rw_byte  hal_sx1268.o
    0x0800491a   0x0000003a   Code   RO         3479    i.hal_sx1268_write_cmd  hal_sx1268.o
    0x08004954   0x00000044   Code   RO         3480    i.hal_sx1268_write_fifo  hal_sx1268.o
    0x08004998   0x00000014   Code   RO         3481    i.hal_sx1268_write_reg  hal_sx1268.o
    0x080049ac   0x0000004a   Code   RO         3482    i.hal_sx1268_write_regs  hal_sx1268.o
    0x080049f6   0x00000002   PAD
    0x080049f8   0x0000035c   Code   RO         4983    i.log               m_ws.l(log.o)
    0x08004d54   0x000000d0   Code   RO          204    i.main              main.o
    0x08004e24   0x0000000e   Code   RO         1137    i.main_thread_entry  components.o
    0x08004e32   0x00000002   PAD
    0x08004e34   0x000000b8   Code   RO         2924    i.nwk_cacul_sniff_time  nwk_bsp.o
    0x08004eec   0x00000010   Code   RO         2925    i.nwk_crc16         nwk_bsp.o
    0x08004efc   0x0000000c   Code   RO         2926    i.nwk_delay_ms      nwk_bsp.o
    0x08004f08   0x00000048   Code   RO         2927    i.nwk_find_head     nwk_bsp.o
    0x08004f50   0x00000024   Code   RO         2928    i.nwk_get_down_channel  nwk_bsp.o
    0x08004f74   0x00000028   Code   RO         2929    i.nwk_get_rand      nwk_bsp.o
    0x08004f9c   0x00000008   Code   RO         2930    i.nwk_get_rtc_counter  nwk_bsp.o
    0x08004fa4   0x00000024   Code   RO         2932    i.nwk_get_up_channel  nwk_bsp.o
    0x08004fc8   0x00000044   Code   RO         2702    i.nwk_node_add_gw   nwk_node.o
    0x0800500c   0x00000020   Code   RO         2703    i.nwk_node_cad_check  nwk_node.o
    0x0800502c   0x00000020   Code   RO         2704    i.nwk_node_cad_init  nwk_node.o
    0x0800504c   0x0000001e   Code   RO         2705    i.nwk_node_calcu_air_time  nwk_node.o
    0x0800506a   0x00000002   PAD
    0x0800506c   0x00000034   Code   RO         2706    i.nwk_node_clear_tx  nwk_node.o
    0x080050a0   0x00000048   Code   RO         2708    i.nwk_node_device_init  nwk_node.o
    0x080050e8   0x0000007c   Code   RO         2709    i.nwk_node_main     nwk_node.o
    0x08005164   0x00000174   Code   RO         2710    i.nwk_node_make_send_buff  nwk_node.o
    0x080052d8   0x00000050   Code   RO         2711    i.nwk_node_recv_check  nwk_node.o
    0x08005328   0x0000001c   Code   RO         2712    i.nwk_node_recv_from_check  nwk_node.o
    0x08005344   0x00000020   Code   RO         2713    i.nwk_node_recv_init  nwk_node.o
    0x08005364   0x00000538   Code   RO         2714    i.nwk_node_recv_parse  nwk_node.o
    0x0800589c   0x00000064   Code   RO         2715    i.nwk_node_req_join  nwk_node.o
    0x08005900   0x000005b4   Code   RO         2716    i.nwk_node_rx_process  nwk_node.o
    0x08005eb4   0x00000030   Code   RO         2717    i.nwk_node_search_gw  nwk_node.o
    0x08005ee4   0x000002dc   Code   RO         2718    i.nwk_node_search_process  nwk_node.o
    0x080061c0   0x00000028   Code   RO         2719    i.nwk_node_select_gw  nwk_node.o
    0x080061e8   0x000000b8   Code   RO         2720    i.nwk_node_send2gateway  nwk_node.o
    0x080062a0   0x00000028   Code   RO         2722    i.nwk_node_send_buff  nwk_node.o
    0x080062c8   0x00000020   Code   RO         2723    i.nwk_node_send_check  nwk_node.o
    0x080062e8   0x00000080   Code   RO         2724    i.nwk_node_send_sniff  nwk_node.o
    0x08006368   0x00000024   Code   RO         2725    i.nwk_node_set_led  nwk_node.o
    0x0800638c   0x0000000c   Code   RO         2726    i.nwk_node_set_lora_dev  nwk_node.o
    0x08006398   0x00000034   Code   RO         2727    i.nwk_node_set_lora_param  nwk_node.o
    0x080063cc   0x0000000c   Code   RO         2729    i.nwk_node_set_sn   nwk_node.o
    0x080063d8   0x0000000c   Code   RO         2730    i.nwk_node_set_wake_period  nwk_node.o
    0x080063e4   0x00000008   Code   RO         2732    i.nwk_node_take_rf_param  nwk_node.o
    0x080063ec   0x00000018   Code   RO         2733    i.nwk_node_tx_cnts  nwk_node.o
    0x08006404   0x00000010   Code   RO         2734    i.nwk_node_tx_d2d_process  nwk_node.o
    0x08006414   0x000007ac   Code   RO         2735    i.nwk_node_tx_gw_process  nwk_node.o
    0x08006bc0   0x00000358   Code   RO         2736    i.nwk_node_work_check  nwk_node.o
    0x08006f18   0x0000000c   Code   RO         2933    i.nwk_set_rtc_counter  nwk_bsp.o
    0x08006f24   0x00000014   Code   RO         2934    i.nwk_tea_decrypt   nwk_bsp.o
    0x08006f38   0x00000014   Code   RO         2935    i.nwk_tea_encrypt   nwk_bsp.o
    0x08006f4c   0x00000078   Code   RO         1665    i.plug_holes        mem.o
    0x08006fc4   0x00000040   Code   RO          592    i.printf_hex        drv_common.o
    0x08007004   0x00000030   Code   RO          511    i.printf_oled       app_oled96.o
    0x08007034   0x00000030   Code   RO         1138    i.rt_application_init  components.o
    0x08007064   0x0000001c   Code   RO         1139    i.rt_components_board_init  components.o
    0x08007080   0x0000001c   Code   RO         1140    i.rt_components_init  components.o
    0x0800709c   0x00000020   Code   RO         1797    i.rt_enter_critical  scheduler.o
    0x080070bc   0x0000003c   Code   RO         1798    i.rt_exit_critical  scheduler.o
    0x080070f8   0x00000078   Code   RO         1667    i.rt_free           mem.o
    0x08007170   0x00000008   Code   RO          801    i.rt_heap_begin_get  board.o
    0x08007178   0x00000008   Code   RO          802    i.rt_heap_end_get   board.o
    0x08007180   0x0000003c   Code   RO          803    i.rt_hw_board_init  board.o
    0x080071bc   0x00000024   Code   RO         1067    i.rt_hw_hard_fault_exception  cpuport.o
    0x080071e0   0x0000004c   Code   RO         1068    i.rt_hw_stack_init  cpuport.o
    0x0800722c   0x00000020   Code   RO         1480    i.rt_interrupt_enter  irq.o
    0x0800724c   0x00000020   Code   RO         1482    i.rt_interrupt_leave  irq.o
    0x0800726c   0x00000014   Code   RO         1250    i.rt_ipc_list_resume  ipc.o
    0x08007280   0x0000006c   Code   RO         1252    i.rt_ipc_list_suspend  ipc.o
    0x080072ec   0x00000010   Code   RO         1253    i.rt_ipc_object_init  ipc.o
    0x080072fc   0x00000006   Code   RO         1254    i.rt_list_init      ipc.o
    0x08007302   0x00000006   Code   RO         1799    i.rt_list_init      scheduler.o
    0x08007308   0x00000006   Code   RO         1995    i.rt_list_init      timer.o
    0x0800730e   0x0000000e   Code   RO         1727    i.rt_list_insert_after  object.o
    0x0800731c   0x0000000e   Code   RO         1879    i.rt_list_insert_after  thread.o
    0x0800732a   0x0000000e   Code   RO         1996    i.rt_list_insert_after  timer.o
    0x08007338   0x0000000e   Code   RO         1255    i.rt_list_insert_before  ipc.o
    0x08007346   0x00000010   Code   RO         1256    i.rt_list_isempty   ipc.o
    0x08007356   0x00000010   Code   RO         1997    i.rt_list_isempty   timer.o
    0x08007366   0x00000012   Code   RO         1728    i.rt_list_remove    object.o
    0x08007378   0x00000012   Code   RO         1880    i.rt_list_remove    thread.o
    0x0800738a   0x00000002   PAD
    0x0800738c   0x0000016c   Code   RO         1668    i.rt_malloc         mem.o
    0x080074f8   0x00000048   Code   RO         1516    i.rt_memset         kservice.o
    0x08007540   0x0000004a   Code   RO         1729    i.rt_object_allocate  object.o
    0x0800758a   0x00000020   Code   RO         1730    i.rt_object_delete  object.o
    0x080075aa   0x0000001a   Code   RO         1731    i.rt_object_detach  object.o
    0x080075c4   0x00000028   Code   RO         1733    i.rt_object_get_information  object.o
    0x080075ec   0x0000003c   Code   RO         1734    i.rt_object_init    object.o
    0x08007628   0x00000012   Code   RO         1735    i.rt_object_is_systemobject  object.o
    0x0800763a   0x00000002   PAD
    0x0800763c   0x00000090   Code   RO         1800    i.rt_schedule       scheduler.o
    0x080076cc   0x00000050   Code   RO         1801    i.rt_schedule_insert_thread  scheduler.o
    0x0800771c   0x00000054   Code   RO         1802    i.rt_schedule_remove_thread  scheduler.o
    0x08007770   0x00000026   Code   RO         1284    i.rt_sem_init       ipc.o
    0x08007796   0x0000003a   Code   RO         1285    i.rt_sem_release    ipc.o
    0x080077d0   0x00000074   Code   RO         1286    i.rt_sem_take       ipc.o
    0x08007844   0x00000002   Code   RO         1518    i.rt_show_version   kservice.o
    0x08007846   0x00000034   Code   RO         1526    i.rt_strncpy        kservice.o
    0x0800787a   0x00000002   PAD
    0x0800787c   0x000000b0   Code   RO         1671    i.rt_system_heap_init  mem.o
    0x0800792c   0x0000004c   Code   RO         1803    i.rt_system_scheduler_init  scheduler.o
    0x08007978   0x00000030   Code   RO         1804    i.rt_system_scheduler_start  scheduler.o
    0x080079a8   0x0000001c   Code   RO         1998    i.rt_system_timer_init  timer.o
    0x080079c4   0x00000002   Code   RO         1999    i.rt_system_timer_thread_init  timer.o
    0x080079c6   0x00000050   Code   RO         1882    i.rt_thread_create  thread.o
    0x08007a16   0x0000000c   Code   RO         1883    i.rt_thread_delay   thread.o
    0x08007a22   0x00000002   PAD
    0x08007a24   0x00000054   Code   RO         1886    i.rt_thread_exit    thread.o
    0x08007a78   0x00000008   Code   RO         1211    i.rt_thread_idle_entry  idle.o
    0x08007a80   0x00000084   Code   RO         1212    i.rt_thread_idle_excute  idle.o
    0x08007b04   0x0000003c   Code   RO         1214    i.rt_thread_idle_init  idle.o
    0x08007b40   0x00000034   Code   RO         1888    i.rt_thread_init    thread.o
    0x08007b74   0x0000003c   Code   RO         1889    i.rt_thread_resume  thread.o
    0x08007bb0   0x0000000c   Code   RO         1890    i.rt_thread_self    thread.o
    0x08007bbc   0x00000044   Code   RO         1891    i.rt_thread_sleep   thread.o
    0x08007c00   0x0000002c   Code   RO         1892    i.rt_thread_startup  thread.o
    0x08007c2c   0x00000044   Code   RO         1893    i.rt_thread_suspend  thread.o
    0x08007c70   0x00000020   Code   RO         1894    i.rt_thread_timeout  thread.o
    0x08007c90   0x00000064   Code   RO         1895    i.rt_thread_yield   thread.o
    0x08007cf4   0x0000000c   Code   RO         1100    i.rt_tick_get       clock.o
    0x08007d00   0x00000030   Code   RO         1101    i.rt_tick_increase  clock.o
    0x08007d30   0x0000007c   Code   RO         2000    i.rt_timer_check    timer.o
    0x08007dac   0x00000038   Code   RO         2001    i.rt_timer_control  timer.o
    0x08007de4   0x00000020   Code   RO         2004    i.rt_timer_detach   timer.o
    0x08007e04   0x0000002e   Code   RO         2005    i.rt_timer_init     timer.o
    0x08007e32   0x00000002   PAD
    0x08007e34   0x000000f8   Code   RO         2008    i.rt_timer_start    timer.o
    0x08007f2c   0x00000030   Code   RO         2009    i.rt_timer_stop     timer.o
    0x08007f5c   0x00000004   Code   RO         1141    i.rti_board_end     components.o
    0x08007f60   0x00000004   Code   RO         1142    i.rti_board_start   components.o
    0x08007f64   0x00000004   Code   RO         1143    i.rti_end           components.o
    0x08007f68   0x00000004   Code   RO         1144    i.rti_start         components.o
    0x08007f6c   0x0000002a   Code   RO         1145    i.rtthread_startup  components.o
    0x08007f96   0x00000002   PAD
    0x08007f98   0x00000068   Code   RO          930    i.tea_decrypt_buff  drv_encrypt.o
    0x08008000   0x00000068   Code   RO          931    i.tea_encrypt_buff  drv_encrypt.o
    0x08008068   0x00000200   Data   RO          594    .constdata          drv_common.o
    0x08008268   0x00000918   Data   RO          988    .constdata          drv_oled96.o
    0x08008b80   0x00000122   Data   RO         1532    .constdata          kservice.o
    0x08008ca2   0x00000024   Data   RO         2936    .constdata          nwk_bsp.o
    0x08008cc6   0x00000002   PAD
    0x08008cc8   0x00000014   Data   RO         3301    .constdata          drv_sx1268.o
    0x08008cdc   0x00000004   PAD
    0x08008ce0   0x00000038   Data   RO         4984    .constdata          m_ws.l(log.o)
    0x08008d18   0x00000008   Data   RO         5351    .constdata          m_ws.l(qnan.o)
    0x08008d20   0x00000081   Data   RO         5404    .constdata          mc_w.l(ctype_o.o)
    0x08008da1   0x00000003   PAD
    0x08008da4   0x00000004   Data   RO         5405    .constdata          mc_w.l(ctype_o.o)
    0x08008da8   0x00000004   Data   RO         1146    .rti_fn.0           components.o
    0x08008dac   0x00000004   Data   RO         1147    .rti_fn.0.end       components.o
    0x08008db0   0x00000004   Data   RO         1148    .rti_fn.1.end       components.o
    0x08008db4   0x00000004   Data   RO         1149    .rti_fn.6.end       components.o
    0x08008db8   0x00000020   Data   RO         5435    Region$$Table       anon$$obj.o


    Execution Region RW_IRAM1 (Base: 0x20000000, Size: 0x000023c0, Max: 0x00005000, ABSOLUTE)

    Base Addr    Size         Type   Attr      Idx    E Section Name        Object

    0x20000000   0x00000014   Data   RW          169    .data               system_stm32f10x.o
    0x20000014   0x00000004   Data   RW          310    .data               user_app.o
    0x20000018   0x00000009   Data   RW          397    .data               app_node.o
    0x20000021   0x00000003   PAD
    0x20000024   0x00000004   Data   RW          513    .data               app_oled96.o
    0x20000028   0x0000000d   Data   RW          595    .data               drv_common.o
    0x20000035   0x00000003   PAD
    0x20000038   0x00000004   Data   RW          805    .data               board.o
    0x2000003c   0x00000010   Data   RW         1069    .data               cpuport.o
    0x2000004c   0x00000004   Data   RW         1103    .data               clock.o
    0x20000050   0x00000001   Data   RW         1483    .data               irq.o
    0x20000051   0x00000003   PAD
    0x20000054   0x00000018   Data   RW         1673    .data               mem.o
    0x2000006c   0x00000060   Data   RW         1737    .data               object.o
    0x200000cc   0x00000018   Data   RW         1806    .data               scheduler.o
    0x200000e4   0x0000000c   Data   RW         2010    .data               timer.o
    0x200000f0   0x00000014   Data   RW         2738    .data               nwk_node.o
    0x20000104   0x00000004   Data   RW         2937    .data               nwk_bsp.o
    0x20000108   0x00000014   Data   RW         4346    .data               f103c8t6.lib(stm32f10x_rcc.o)
    0x2000011c   0x00000004   Data   RW         4996    .data               mc_w.l(rand.o)
    0x20000120   0x00000004   Data   RW         5366    .data               mc_w.l(stdout.o)
    0x20000124   0x00000004   Data   RW         5382    .data               mc_w.l(errno.o)
    0x20000128   0x0000003c   Zero   RW          396    .bss                app_node.o
    0x20000164   0x000001a0   Zero   RW          512    .bss                app_oled96.o
    0x20000304   0x00000400   Zero   RW          593    .bss                drv_common.o
    0x20000704   0x0000033c   Zero   RW          722    .bss                drv_uart.o
    0x20000a40   0x00001000   Zero   RW          804    .bss                board.o
    0x20001a40   0x00000178   Zero   RW         1215    .bss                idle.o
    0x20001bb8   0x00000020   Zero   RW         1672    .bss                mem.o
    0x20001bd8   0x00000100   Zero   RW         1805    .bss                scheduler.o
    0x20001cd8   0x000004e4   Zero   RW         2737    .bss                nwk_node.o
    0x200021bc   0x00000004   PAD
    0x200021c0   0x00000200   Zero   RW           17    STACK               startup_stm32f10x_md.o


==============================================================================

Image component sizes


      Code (inc. data)   RO Data    RW Data    ZI Data      Debug   Object Name

      2084        434          0          9         60      16642   app_node.o
       624        130          0          4        416       6971   app_oled96.o
       184         26          0          4       4096       3513   board.o
        60         12          0          4          0       1237   clock.o
       190         30         16          0          0       5948   components.o
       240         26          0          0          0        812   context_rvds.o
         0          0          0          0          0       4572   core_cm3.o
       112         10          0         16          0       3218   cpuport.o
       876        200        512         13       1024       9571   drv_common.o
       416         62          0          0          0       3544   drv_encrypt.o
       414          0          0          0          0       4481   drv_iic.o
      1018         14       2328          0          0       8211   drv_oled96.o
      1778        110         20          0          0      21487   drv_sx1268.o
      1032        102          0          0        828       6574   drv_uart.o
       526          0          0          0          0       8143   hal_sx1268.o
       220         30          0          0        376       5134   idle.o
       392          0          0          0          0       7905   ipc.o
        64         12          0          1          0       1646   irq.o
       202          6        290          0          0       5512   kservice.o
       208        138          0          0          0       8076   main.o
       780         92          0         24         32       3972   mem.o
       456         68         36          4          0       7757   nwk_bsp.o
      8014       2182          0         20       1252      28289   nwk_node.o
       282          4          0         96          0       7852   object.o
       530         88          0         24        256       8078   scheduler.o
        36          8        236          0        512        836   startup_stm32f10x_md.o
        36          0          0          0          0     246480   stm32f10x_it.o
       340         30          0         20          0       2530   system_stm32f10x.o
       776         36          0          0          0      11479   thread.o
       732         20          0         12          0      10840   timer.o
       572        158          0          4          0       5691   user_app.o

    ----------------------------------------------------------------------
     23228       4028       3476        264       8856     467001   Object Totals
         0          0         32          0          0          0   (incl. Generated)
        34          0          6          9          4          0   (incl. Padding)

    ----------------------------------------------------------------------

      Code (inc. data)   RO Data    RW Data    ZI Data      Debug   Library Member Name

       116         14          0          0          0     253124   misc.o
       486         24          0          0          0       8482   stm32f10x_adc.o
       112         22          0          0          0       3729   stm32f10x_bkp.o
       370         44          0          0          0       5879   stm32f10x_flash.o
       444          6          0          0          0       4442   stm32f10x_gpio.o
        12          6          0          0          0        510   stm32f10x_pwr.o
       736        134          0         20          0      13380   stm32f10x_rcc.o
       192         36          0          0          0       4010   stm32f10x_rtc.o
       112          0          0          0          0       3802   stm32f10x_spi.o
       490          6          0          0          0       7265   stm32f10x_usart.o
        80         18          0          0          0       2280   stm32f10x_wwdg.o
        34          4          0          0          0        204   dunder.o
       860         52         56          0          0        256   log.o
       170          0          0          0          0         96   poly.o
         0          0          8          0          0          0   qnan.o
        28          0          0          0          0         68   _chval.o
       158          0          0          0          0         92   _strtoul.o
        26          0          0          0          0         80   atol.o
         8          4        133          0          0         68   ctype_o.o
         0          0          0          0          0          0   entry.o
         0          0          0          0          0          0   entry10a.o
         0          0          0          0          0          0   entry11a.o
         8          4          0          0          0          0   entry2.o
         4          0          0          0          0          0   entry5.o
         0          0          0          0          0          0   entry7b.o
         0          0          0          0          0          0   entry8b.o
         8          4          0          0          0          0   entry9a.o
        20         10          0          4          0        136   errno.o
        30          0          0          0          0          0   handlers.o
        36          8          0          0          0         68   init.o
         0          0          0          0          0          0   iusefp.o
        30          0          0          0          0         68   llshl.o
        36          0          0          0          0         68   llsshr.o
        32          0          0          0          0         68   llushr.o
        26          0          0          0          0         80   memcmp.o
        36          0          0          0          0         68   memcpya.o
        36          0          0          0          0        108   memseta.o
      2374        100          0          0          0        752   printfa.o
        36         10          0          4          0        136   rand.o
         0          0          0          4          0          0   stdout.o
        14          0          0          0          0         68   strlen.o
        36          0          0          0          0         80   strstr.o
       112          0          0          0          0         88   strtol.o
        44          0          0          0          0         80   uidiv.o
        98          0          0          0          0         92   uldiv.o
        48          0          0          0          0         68   cdcmple.o
        48          0          0          0          0         68   cdrcmple.o
        56          0          0          0          0         88   d2f.o
       334          0          0          0          0        148   dadd.o
       222          0          0          0          0        100   ddiv.o
       186          0          0          0          0        176   depilogue.o
        50          0          0          0          0         76   dfixui.o
        48          0          0          0          0         68   dfixul.o
        34          0          0          0          0         76   dflti.o
        26          0          0          0          0         76   dfltui.o
       228          0          0          0          0         96   dmul.o
        46          0          0          0          0         80   dscalb.o
        38          0          0          0          0         68   f2d.o
       176          0          0          0          0        140   fadd.o
       124          0          0          0          0         88   fdiv.o
       110          0          0          0          0        168   fepilogue.o
        40          0          0          0          0         68   ffixui.o
        18          0          0          0          0         68   fflti.o
        10          0          0          0          0         68   ffltui.o
       100          0          0          0          0         76   fmul.o

    ----------------------------------------------------------------------
      9408        506        200         32          0     311591   Library Totals
        16          0          3          0          0          0   (incl. Padding)

    ----------------------------------------------------------------------

      Code (inc. data)   RO Data    RW Data    ZI Data      Debug   Library Name

      3150        310          0         20          0     306903   f103c8t6.lib
      1064         56         64          0          0        556   m_ws.l
      3236        140        133         12          0       2268   mc_w.l
      1942          0          0          0          0       1864   mf_w.l

    ----------------------------------------------------------------------
      9408        506        200         32          0     311591   Library Totals

    ----------------------------------------------------------------------

==============================================================================


      Code (inc. data)   RO Data    RW Data    ZI Data      Debug   

     32636       4534       3676        296       8856     759348   Grand Totals
     32636       4534       3676        296       8856     759348   ELF Image Totals
     32636       4534       3676        296          0          0   ROM Totals

==============================================================================

    Total RO  Size (Code + RO Data)                36312 (  35.46kB)
    Total RW  Size (RW Data + ZI Data)              9152 (   8.94kB)
    Total ROM Size (Code + RO Data + RW Data)      36608 (  35.75kB)

==============================================================================

