Component: ARM Compiler 5.06 update 4 (build 422) Tool: armlink [4d35d2]

==============================================================================

Section Cross References

    startup_stm32f10x_md.o(RESET) refers to startup_stm32f10x_md.o(STACK) for __initial_sp
    startup_stm32f10x_md.o(RESET) refers to startup_stm32f10x_md.o(.text) for Reset_Handler
    startup_stm32f10x_md.o(RESET) refers to stm32f10x_it.o(i.NMI_Handler) for NMI_Handler
    startup_stm32f10x_md.o(RESET) refers to context_rvds.o(.text) for HardFault_Handler
    startup_stm32f10x_md.o(RESET) refers to stm32f10x_it.o(i.MemManage_Handler) for MemManage_Handler
    startup_stm32f10x_md.o(RESET) refers to stm32f10x_it.o(i.BusFault_Handler) for BusFault_Handler
    startup_stm32f10x_md.o(RESET) refers to stm32f10x_it.o(i.UsageFault_Handler) for UsageFault_Handler
    startup_stm32f10x_md.o(RESET) refers to stm32f10x_it.o(i.SVC_Handler) for SVC_Handler
    startup_stm32f10x_md.o(RESET) refers to stm32f10x_it.o(i.DebugMon_Handler) for DebugMon_Handler
    startup_stm32f10x_md.o(RESET) refers to board.o(i.SysTick_Handler) for SysTick_Handler
    startup_stm32f10x_md.o(RESET) refers to stm32f10x_it.o(i.RTC_IRQHandler) for RTC_IRQHandler
    startup_stm32f10x_md.o(RESET) refers to drv_uart.o(i.USART1_IRQHandler) for USART1_IRQHandler
    startup_stm32f10x_md.o(RESET) refers to drv_uart.o(i.USART2_IRQHandler) for USART2_IRQHandler
    startup_stm32f10x_md.o(RESET) refers to drv_uart.o(i.USART3_IRQHandler) for USART3_IRQHandler
    startup_stm32f10x_md.o(.text) refers to system_stm32f10x.o(i.SystemInit) for SystemInit
    startup_stm32f10x_md.o(.text) refers to entry.o(.ARM.Collect$$$$00000000) for __main
    stm32f10x_it.o(i.RTC_IRQHandler) refers to stm32f10x_rtc.o(i.RTC_GetITStatus) for RTC_GetITStatus
    stm32f10x_it.o(i.RTC_IRQHandler) refers to stm32f10x_rtc.o(i.RTC_ClearITPendingBit) for RTC_ClearITPendingBit
    system_stm32f10x.o(i.HSI_Config) refers to stm32f10x_rcc.o(i.RCC_DeInit) for RCC_DeInit
    system_stm32f10x.o(i.HSI_Config) refers to stm32f10x_rcc.o(i.RCC_HSICmd) for RCC_HSICmd
    system_stm32f10x.o(i.HSI_Config) refers to stm32f10x_rcc.o(i.RCC_GetFlagStatus) for RCC_GetFlagStatus
    system_stm32f10x.o(i.HSI_Config) refers to stm32f10x_rcc.o(i.RCC_HCLKConfig) for RCC_HCLKConfig
    system_stm32f10x.o(i.HSI_Config) refers to stm32f10x_rcc.o(i.RCC_PCLK2Config) for RCC_PCLK2Config
    system_stm32f10x.o(i.HSI_Config) refers to stm32f10x_rcc.o(i.RCC_PCLK1Config) for RCC_PCLK1Config
    system_stm32f10x.o(i.HSI_Config) refers to stm32f10x_flash.o(i.FLASH_SetLatency) for FLASH_SetLatency
    system_stm32f10x.o(i.HSI_Config) refers to stm32f10x_flash.o(i.FLASH_PrefetchBufferCmd) for FLASH_PrefetchBufferCmd
    system_stm32f10x.o(i.HSI_Config) refers to stm32f10x_rcc.o(i.RCC_PLLConfig) for RCC_PLLConfig
    system_stm32f10x.o(i.HSI_Config) refers to stm32f10x_rcc.o(i.RCC_PLLCmd) for RCC_PLLCmd
    system_stm32f10x.o(i.HSI_Config) refers to stm32f10x_rcc.o(i.RCC_SYSCLKConfig) for RCC_SYSCLKConfig
    system_stm32f10x.o(i.HSI_Config) refers to stm32f10x_rcc.o(i.RCC_GetSYSCLKSource) for RCC_GetSYSCLKSource
    system_stm32f10x.o(i.HSI_Config) refers to stm32f10x_rcc.o(i.RCC_APB2PeriphClockCmd) for RCC_APB2PeriphClockCmd
    system_stm32f10x.o(i.HSI_Config) refers to stm32f10x_gpio.o(i.GPIO_PinRemapConfig) for GPIO_PinRemapConfig
    system_stm32f10x.o(i.HSI_Config) refers to stm32f10x_gpio.o(i.GPIO_Init) for GPIO_Init
    system_stm32f10x.o(i.HSI_Config) refers to stm32f10x_gpio.o(i.GPIO_ResetBits) for GPIO_ResetBits
    system_stm32f10x.o(i.SetSysClock) refers to system_stm32f10x.o(i.SetSysClockTo72) for SetSysClockTo72
    system_stm32f10x.o(i.SystemCoreClockUpdate) refers to system_stm32f10x.o(.data) for SystemCoreClock
    system_stm32f10x.o(i.SystemInit) refers to system_stm32f10x.o(i.HSI_Config) for HSI_Config
    main.o(i.main) refers to printf8.o(i.__0printf$8) for __2printf
    main.o(i.main) refers to user_app.o(i.APP_Init) for APP_Init
    main.o(i.main) refers to drv_common.o(i.drv_wdog_feed) for drv_wdog_feed
    main.o(i.main) refers to drv_common.o(i.drv_get_sec_counter) for drv_get_sec_counter
    main.o(i.main) refers to drv_common.o(i.delay_os) for delay_os
    user_app.o(i.APP_Init) refers to thread.o(i.rt_thread_create) for rt_thread_create
    user_app.o(i.APP_Init) refers to thread.o(i.rt_thread_startup) for rt_thread_startup
    user_app.o(i.APP_Init) refers to user_app.o(i.app_uart_thread_entry) for app_uart_thread_entry
    user_app.o(i.APP_Init) refers to app_sx1278.o(i.app_sx1278_thread_entry) for app_sx1278_thread_entry
    user_app.o(i.app_uart_send) refers to drv_uart.o(i.UART2_Send) for UART2_Send
    user_app.o(i.app_uart_thread_entry) refers to drv_common.o(i.delay_ms) for delay_ms
    user_app.o(i.app_uart_thread_entry) refers to printf8.o(i.__0printf$8) for __2printf
    user_app.o(i.app_uart_thread_entry) refers to strstr.o(.text) for strstr
[...]
    .constdata                               0x08006c06   Section       42  nwk_bsp.o(.constdata)
    rf_table                                 0x08006c06   Data          42  nwk_bsp.o(.constdata)
    .rti_fn.0                                0x08006c30   Section        4  components.o(.rti_fn.0)
    __tagsym$$used                           0x08006c30   Number         0  components.o(.rti_fn.0)
    .rti_fn.0.end                            0x08006c34   Section        4  components.o(.rti_fn.0.end)
    __tagsym$$used                           0x08006c34   Number         0  components.o(.rti_fn.0.end)
    .rti_fn.1.end                            0x08006c38   Section        4  components.o(.rti_fn.1.end)
    __tagsym$$used                           0x08006c38   Number         0  components.o(.rti_fn.1.end)
    .rti_fn.6.end                            0x08006c3c   Section        4  components.o(.rti_fn.6.end)
    __tagsym$$used                           0x08006c3c   Number         0  components.o(.rti_fn.6.end)
    .data                                    0x20000000   Section       20  system_stm32f10x.o(.data)
    .data                                    0x20000014   Section        4  user_app.o(.data)
    pUART                                    0x20000014   Data           4  user_app.o(.data)
    .data                                    0x20000018   Section       13  drv_common.o(.data)
    .data                                    0x20000028   Section        4  board.o(.data)
    tickets                                  0x20000028   Data           4  board.o(.data)
    .data                                    0x2000002c   Section       16  cpuport.o(.data)
    rt_exception_hook                        0x20000038   Data           4  cpuport.o(.data)
    .data                                    0x2000003c   Section        4  clock.o(.data)
    rt_tick                                  0x2000003c   Data           4  clock.o(.data)
    .data                                    0x20000040   Section        1  irq.o(.data)
    .data                                    0x20000044   Section       24  mem.o(.data)
    heap_ptr                                 0x20000044   Data           4  mem.o(.data)
    heap_end                                 0x20000048   Data           4  mem.o(.data)
    lfree                                    0x2000004c   Data           4  mem.o(.data)
    mem_size_aligned                         0x20000050   Data           4  mem.o(.data)
    used_mem                                 0x20000054   Data           4  mem.o(.data)
    max_mem                                  0x20000058   Data           4  mem.o(.data)
    .data                                    0x2000005c   Section       96  object.o(.data)
    rt_object_container                      0x2000005c   Data          96  object.o(.data)
    .data                                    0x200000bc   Section       24  scheduler.o(.data)
    rt_scheduler_lock_nest                   0x200000bc   Data           2  scheduler.o(.data)
    .data                                    0x200000d4   Section       12  timer.o(.data)
    rt_timer_list                            0x200000d4   Data           8  timer.o(.data)
    random_nr                                0x200000dc   Data           4  timer.o(.data)
    .data                                    0x200000e0   Section        4  aes.o(.data)
    aes_init_done                            0x200000e0   Data           4  aes.o(.data)
    .data                                    0x200000e4   Section       20  nwk_node.o(.data)
    ptr                                      0x200000e4   Data           1  nwk_node.o(.data)
    pMakeBuff                                0x200000e8   Data           4  nwk_node.o(.data)
    make_len                                 0x200000ec   Data           1  nwk_node.o(.data)
    wait_time                                0x200000f0   Data           4  nwk_node.o(.data)
    last_wake_time                           0x200000f4   Data           4  nwk_node.o(.data)
    .data                                    0x200000f8   Section        4  nwk_bsp.o(.data)
    srand_num                                0x200000f8   Data           4  nwk_bsp.o(.data)
    .data                                    0x200000fc   Section        4  nwk_slave.o(.data)
    .data                                    0x20000100   Section       20  stm32f10x_rcc.o(.data)
    APBAHBPrescTable                         0x20000100   Data          16  stm32f10x_rcc.o(.data)
    ADCPrescTable                            0x20000110   Data           4  stm32f10x_rcc.o(.data)
    .data                                    0x20000114   Section        4  rand.o(.data)
    _rand_state                              0x20000114   Data           4  rand.o(.data)
    .data                                    0x20000118   Section        4  stdout.o(.data)
    .bss                                     0x2000011c   Section       16  app_sx1278.o(.bss)
    .bss                                     0x2000012c   Section      828  drv_uart.o(.bss)
    .bss                                     0x20000468   Section     2048  board.o(.bss)
    rt_heap                                  0x20000468   Data        2048  board.o(.bss)
    .bss                                     0x20000c68   Section      280  drv_encrypt.o(.bss)
    aes_ctx                                  0x20000c68   Data         280  drv_encrypt.o(.bss)
    .bss                                     0x20000d80   Section      376  idle.o(.bss)
    idle                                     0x20000d80   Data         120  idle.o(.bss)
    rt_thread_stack                          0x20000df8   Data         256  idle.o(.bss)
    .bss                                     0x20000ef8   Section       32  mem.o(.bss)
    heap_sem                                 0x20000ef8   Data          32  mem.o(.bss)
    .bss                                     0x20000f18   Section      256  scheduler.o(.bss)
    .bss                                     0x20001018   Section    10792  aes.o(.bss)
    FSb                                      0x20001018   Data         256  aes.o(.bss)
    FT0                                      0x20001118   Data        1024  aes.o(.bss)
    FT1                                      0x20001518   Data        1024  aes.o(.bss)
    FT2                                      0x20001918   Data        1024  aes.o(.bss)
    FT3                                      0x20001d18   Data        1024  aes.o(.bss)
    RSb                                      0x20002118   Data         256  aes.o(.bss)
    RT0                                      0x20002218   Data        1024  aes.o(.bss)
    RT1                                      0x20002618   Data        1024  aes.o(.bss)
    RT2                                      0x20002a18   Data        1024  aes.o(.bss)
    RT3                                      0x20002e18   Data        1024  aes.o(.bss)
    RCON                                     0x20003218   Data          40  aes.o(.bss)
    pow                                      0x20003240   Data        1024  aes.o(.bss)
    log                                      0x20003640   Data        1024  aes.o(.bss)
    .bss                                     0x20003a40   Section      780  nwk_node.o(.bss)
    .bss                                     0x20003d4c   Section     1112  nwk_slave.o(.bss)
    make_buff                                0x20004078   Data         300  nwk_slave.o(.bss)
    STACK                                    0x200041a8   Section      512  startup_stm32f10x_md.o(STACK)

    Global Symbols

    Symbol Name                              Value     Ov Type        Size  Object(Section)

    BuildAttributes$$THM_ISAv4$P$D$K$B$S$PE$A:L22UL41UL21$X:L11$S22US41US21$IEEE1$IW$USESV6$~STKCKD$USESV7$~SHL$OTIME$ROPI$EBA8$MICROLIB$REQ8$PRES8$EABIv2 0x00000000   Number         0  anon$$obj.o ABSOLUTE
    __ARM_use_no_argv                        0x00000000   Number         0  main.o ABSOLUTE
    _printf_a                                0x00000000   Number         0  stubs.o ABSOLUTE
    _printf_c                                0x00000000   Number         0  stubs.o ABSOLUTE
    _printf_charcount                        0x00000000   Number         0  stubs.o ABSOLUTE
    _printf_d                                0x00000000   Number         0  stubs.o ABSOLUTE
    _printf_e                                0x00000000   Number         0  stubs.o ABSOLUTE
    _printf_f                                0x00000000   Number         0  stubs.o ABSOLUTE
    _printf_flags                            0x00000000   Number         0  stubs.o ABSOLUTE
    _printf_fp_dec                           0x00000000   Number         0  stubs.o ABSOLUTE
    _printf_fp_hex                           0x00000000   Number         0  stubs.o ABSOLUTE
    _printf_g                                0x00000000   Number         0  stubs.o ABSOLUTE
    _printf_i                                0x00000000   Number         0  stubs.o ABSOLUTE
    _printf_int_dec                          0x00000000   Number         0  stubs.o ABSOLUTE
    _printf_l                                0x00000000   Number         0  stubs.o ABSOLUTE
    _printf_lc                               0x00000000   Number         0  stubs.o ABSOLUTE
    _printf_ll                               0x00000000   Number         0  stubs.o ABSOLUTE
    _printf_lld                              0x00000000   Number         0  stubs.o ABSOLUTE
    _printf_lli                              0x00000000   Number         0  stubs.o ABSOLUTE
    _printf_llo                              0x00000000   Number         0  stubs.o ABSOLUTE
    _printf_llu                              0x00000000   Number         0  stubs.o ABSOLUTE
    _printf_llx                              0x00000000   Number         0  stubs.o ABSOLUTE
    _printf_longlong_dec                     0x00000000   Number         0  stubs.o ABSOLUTE
    _printf_longlong_hex                     0x00000000   Number         0  stubs.o ABSOLUTE
    _printf_longlong_oct                     0x00000000   Number         0  stubs.o ABSOLUTE
    _printf_ls                               0x00000000   Number         0  stubs.o ABSOLUTE
    _printf_mbtowc                           0x00000000   Number         0  stubs.o ABSOLUTE
    _printf_n                                0x00000000   Number         0  stubs.o ABSOLUTE
    _printf_o                                0x00000000   Number         0  stubs.o ABSOLUTE
    _printf_p                                0x00000000   Number         0  stubs.o ABSOLUTE
    _printf_percent                          0x00000000   Number         0  stubs.o ABSOLUTE
    _printf_pre_padding                      0x00000000   Number         0  stubs.o ABSOLUTE
    _printf_return_value                     0x00000000   Number         0  stubs.o ABSOLUTE
    _printf_s                                0x00000000   Number         0  stubs.o ABSOLUTE
    _printf_sizespec                         0x00000000   Number         0  stubs.o ABSOLUTE
    _printf_str                              0x00000000   Number         0  stubs.o ABSOLUTE
    _printf_truncate_signed                  0x00000000   Number         0  stubs.o ABSOLUTE
    _printf_truncate_unsigned                0x00000000   Number         0  stubs.o ABSOLUTE
    _printf_u                                0x00000000   Number         0  stubs.o ABSOLUTE
    _printf_wc                               0x00000000   Number         0  stubs.o ABSOLUTE
    _printf_wctomb                           0x00000000   Number         0  stubs.o ABSOLUTE
    _printf_widthprec                        0x00000000   Number         0  stubs.o ABSOLUTE
    _printf_x                                0x00000000   Number         0  stubs.o ABSOLUTE
    __cpp_initialize__aeabi_                  - Undefined Weak Reference
    __cxa_finalize                            - Undefined Weak Reference
    __decompress                              - Undefined Weak Reference
    _clock_init                               - Undefined Weak Reference
    _microlib_exit                            - Undefined Weak Reference
    __Vectors_Size                           0x000000ec   Number         0  startup_stm32f10x_md.o ABSOLUTE
    __Vectors                                0x08000000   Data           4  startup_stm32f10x_md.o(RESET)
    __Vectors_End                            0x080000ec   Data           0  startup_stm32f10x_md.o(RESET)
    __main                                   0x080000ed   Thumb Code     0  entry.o(.ARM.Collect$$$$00000000)
    _main_stk                                0x080000ed   Thumb Code     0  entry2.o(.ARM.Collect$$$$00000001)
    _main_scatterload                        0x080000f1   Thumb Code     0  entry5.o(.ARM.Collect$$$$00000004)
    __main_after_scatterload                 0x080000f5   Thumb Code     0  entry5.o(.ARM.Collect$$$$00000004)
    _main_clock                              0x080000f5   Thumb Code     0  entry7b.o(.ARM.Collect$$$$00000008)
    _main_cpp_init                           0x080000f5   Thumb Code     0  entry8b.o(.ARM.Collect$$$$0000000A)
    _main_init                               0x080000f5   Thumb Code     0  entry9a.o(.ARM.Collect$$$$0000000B)
    __rt_final_cpp                           0x080000fd   Thumb Code     0  entry10a.o(.ARM.Collect$$$$0000000D)
    __rt_final_exit                          0x080000fd   Thumb Code     0  entry11a.o(.ARM.Collect$$$$0000000F)
    Reset_Handler                            0x08000101   Thumb Code     8  startup_stm32f10x_md.o(.text)
    ADC1_2_IRQHandler                        0x0800011b   Thumb Code     0  startup_stm32f10x_md.o(.text)
    CAN1_RX1_IRQHandler                      0x0800011b   Thumb Code     0  startup_stm32f10x_md.o(.text)
    CAN1_SCE_IRQHandler                      0x0800011b   Thumb Code     0  startup_stm32f10x_md.o(.text)
    DMA1_Channel1_IRQHandler                 0x0800011b   Thumb Code     0  startup_stm32f10x_md.o(.text)
    DMA1_Channel2_IRQHandler                 0x0800011b   Thumb Code     0  startup_stm32f10x_md.o(.text)
    DMA1_Channel3_IRQHandler                 0x0800011b   Thumb Code     0  startup_stm32f10x_md.o(.text)
    DMA1_Channel4_IRQHandler                 0x0800011b   Thumb Code     0  startup_stm32f10x_md.o(.text)
    DMA1_Channel5_IRQHandler                 0x0800011b   Thumb Code     0  startup_stm32f10x_md.o(.text)
    DMA1_Channel6_IRQHandler                 0x0800011b   Thumb Code     0  startup_stm32f10x_md.o(.text)
    DMA1_Channel7_IRQHandler                 0x0800011b   Thumb Code     0  startup_stm32f10x_md.o(.text)
    EXTI0_IRQHandler                         0x0800011b   Thumb Code     0  startup_stm32f10x_md.o(.text)
    EXTI15_10_IRQHandler                     0x0800011b   Thumb Code     0  startup_stm32f10x_md.o(.text)
    EXTI1_IRQHandler                         0x0800011b   Thumb Code     0  startup_stm32f10x_md.o(.text)
    EXTI2_IRQHandler                         0x0800011b   Thumb Code     0  startup_stm32f10x_md.o(.text)
    EXTI3_IRQHandler                         0x0800011b   Thumb Code     0  startup_stm32f10x_md.o(.text)
    EXTI4_IRQHandler                         0x0800011b   Thumb Code     0  startup_stm32f10x_md.o(.text)
    EXTI9_5_IRQHandler                       0x0800011b   Thumb Code     0  startup_stm32f10x_md.o(.text)
    FLASH_IRQHandler                         0x0800011b   Thumb Code     0  startup_stm32f10x_md.o(.text)
    I2C1_ER_IRQHandler                       0x0800011b   Thumb Code     0  startup_stm32f10x_md.o(.text)
    I2C1_EV_IRQHandler                       0x0800011b   Thumb Code     0  startup_stm32f10x_md.o(.text)
    I2C2_ER_IRQHandler                       0x0800011b   Thumb Code     0  startup_stm32f10x_md.o(.text)
    I2C2_EV_IRQHandler                       0x0800011b   Thumb Code     0  startup_stm32f10x_md.o(.text)
    PVD_IRQHandler                           0x0800011b   Thumb Code     0  startup_stm32f10x_md.o(.text)
    RCC_IRQHandler                           0x0800011b   Thumb Code     0  startup_stm32f10x_md.o(.text)
    RTCAlarm_IRQHandler                      0x0800011b   Thumb Code     0  startup_stm32f10x_md.o(.text)
    SPI1_IRQHandler                          0x0800011b   Thumb Code     0  startup_stm32f10x_md.o(.text)
    SPI2_IRQHandler                          0x0800011b   Thumb Code     0  startup_stm32f10x_md.o(.text)
    TAMPER_IRQHandler                        0x0800011b   Thumb Code     0  startup_stm32f10x_md.o(.text)
    TIM1_BRK_IRQHandler                      0x0800011b   Thumb Code     0  startup_stm32f10x_md.o(.text)
    TIM1_CC_IRQHandler                       0x0800011b   Thumb Code     0  startup_stm32f10x_md.o(.text)
    TIM1_TRG_COM_IRQHandler                  0x0800011b   Thumb Code     0  startup_stm32f10x_md.o(.text)
    TIM1_UP_IRQHandler                       0x0800011b   Thumb Code     0  startup_stm32f10x_md.o(.text)
    TIM2_IRQHandler                          0x0800011b   Thumb Code     0  startup_stm32f10x_md.o(.text)
    TIM3_IRQHandler                          0x0800011b   Thumb Code     0  startup_stm32f10x_md.o(.text)
    TIM4_IRQHandler                          0x0800011b   Thumb Code     0  startup_stm32f10x_md.o(.text)
    USBWakeUp_IRQHandler                     0x0800011b   Thumb Code     0  startup_stm32f10x_md.o(.text)
    USB_HP_CAN1_TX_IRQHandler                0x0800011b   Thumb Code     0  startup_stm32f10x_md.o(.text)
    USB_LP_CAN1_RX0_IRQHandler               0x0800011b   Thumb Code     0  startup_stm32f10x_md.o(.text)
    WWDG_IRQHandler                          0x0800011b   Thumb Code     0  startup_stm32f10x_md.o(.text)
    rt_hw_interrupt_disable                  0x08000125   Thumb Code     8  context_rvds.o(.text)
    rt_hw_interrupt_enable                   0x0800012d   Thumb Code     6  context_rvds.o(.text)
    rt_hw_context_switch                     0x08000133   Thumb Code    32  context_rvds.o(.text)
    rt_hw_context_switch_interrupt           0x08000133   Thumb Code     0  context_rvds.o(.text)
    PendSV_Handler                           0x08000153   Thumb Code    60  context_rvds.o(.text)
    rt_hw_context_switch_to                  0x0800018f   Thumb Code    58  context_rvds.o(.text)
    rt_hw_interrupt_thread_switch            0x080001c9   Thumb Code     2  context_rvds.o(.text)
    HardFault_Handler                        0x080001cb   Thumb Code    48  context_rvds.o(.text)
    rand                                     0x08000215   Thumb Code    20  rand.o(.text)
    srand                                    0x08000229   Thumb Code     6  rand.o(.text)
    __aeabi_memcpy                           0x08000239   Thumb Code    36  memcpya.o(.text)
    __aeabi_memcpy4                          0x08000239   Thumb Code     0  memcpya.o(.text)
    __aeabi_memcpy8                          0x08000239   Thumb Code     0  memcpya.o(.text)
    __aeabi_memset                           0x0800025d   Thumb Code    14  memseta.o(.text)
    __aeabi_memset4                          0x0800025d   Thumb Code     0  memseta.o(.text)
    __aeabi_memset8                          0x0800025d   Thumb Code     0  memseta.o(.text)
    __aeabi_memclr                           0x0800026b   Thumb Code     4  memseta.o(.text)
    __aeabi_memclr4                          0x0800026b   Thumb Code     0  memseta.o(.text)
    __aeabi_memclr8                          0x0800026b   Thumb Code     0  memseta.o(.text)
    _memset$wrapper                          0x0800026f   Thumb Code    18  memseta.o(.text)
    strstr                                   0x08000281   Thumb Code    36  strstr.o(.text)
    strlen                                   0x080002a5   Thumb Code    14  strlen.o(.text)
    memcmp                                   0x080002b3   Thumb Code    26  memcmp.o(.text)
    strcpy                                   0x080002cd   Thumb Code    18  strcpy.o(.text)
    __aeabi_fmul                             0x080002df   Thumb Code   100  fmul.o(.text)
    __aeabi_fdiv                             0x08000343   Thumb Code   124  fdiv.o(.text)
    __aeabi_dadd                             0x080003bf   Thumb Code   322  dadd.o(.text)
    __aeabi_dsub                             0x08000501   Thumb Code     6  dadd.o(.text)
    __aeabi_drsub                            0x08000507   Thumb Code     6  dadd.o(.text)
    __aeabi_dmul                             0x0800050d   Thumb Code   228  dmul.o(.text)
    __aeabi_ddiv                             0x080005f1   Thumb Code   222  ddiv.o(.text)
    __aeabi_ui2f                             0x080006cf   Thumb Code    10  ffltui.o(.text)
    __aeabi_i2d                              0x080006d9   Thumb Code    34  dflti.o(.text)
    __aeabi_ui2d                             0x080006fb   Thumb Code    26  dfltui.o(.text)
    __aeabi_f2uiz                            0x08000715   Thumb Code    40  ffixui.o(.text)
    __aeabi_d2uiz                            0x0800073d   Thumb Code    50  dfixui.o(.text)
    __aeabi_uldivmod                         0x0800076f   Thumb Code    98  uldiv.o(.text)
    __aeabi_llsl                             0x080007d1   Thumb Code    30  llshl.o(.text)
    _ll_shift_l                              0x080007d1   Thumb Code     0  llshl.o(.text)
    __aeabi_llsr                             0x080007ef   Thumb Code    32  llushr.o(.text)
    _ll_ushift_r                             0x080007ef   Thumb Code     0  llushr.o(.text)
    __aeabi_lasr                             0x0800080f   Thumb Code    36  llsshr.o(.text)
    _ll_sshift_r                             0x0800080f   Thumb Code     0  llsshr.o(.text)
    __I$use$fp                               0x08000833   Thumb Code     0  iusefp.o(.text)
    _float_round                             0x08000833   Thumb Code    18  fepilogue.o(.text)
    _float_epilogue                          0x08000845   Thumb Code    92  fepilogue.o(.text)
    _double_round                            0x080008a1   Thumb Code    30  depilogue.o(.text)
    _double_epilogue                         0x080008bf   Thumb Code   156  depilogue.o(.text)
    __scatterload                            0x0800095d   Thumb Code    28  init.o(.text)
    __scatterload_rt2                        0x0800095d   Thumb Code     0  init.o(.text)
    main                                     0x08000981   Thumb Code    14  components.o(i.$Sub$$main)
    APP_Init                                 0x08000991   Thumb Code    68  user_app.o(i.APP_Init)
    BKP_DeInit                               0x080009ed   Thumb Code    16  stm32f10x_bkp.o(i.BKP_DeInit)
    BKP_RTCOutputConfig                      0x080009fd   Thumb Code    22  stm32f10x_bkp.o(i.BKP_RTCOutputConfig)
    BKP_ReadBackupRegister                   0x08000a19   Thumb Code    24  stm32f10x_bkp.o(i.BKP_ReadBackupRegister)
    BKP_TamperPinCmd                         0x08000a35   Thumb Code     6  stm32f10x_bkp.o(i.BKP_TamperPinCmd)
    BKP_WriteBackupRegister                  0x08000a41   Thumb Code    22  stm32f10x_bkp.o(i.BKP_WriteBackupRegister)
    BusFault_Handler                         0x08000a5d   Thumb Code     4  stm32f10x_it.o(i.BusFault_Handler)
    DebugMon_Handler                         0x08000a61   Thumb Code     2  stm32f10x_it.o(i.DebugMon_Handler)
    DecryptTEA                               0x08000a65   Thumb Code   102  drv_encrypt.o(i.DecryptTEA)
    EncryptTEA                               0x08000ad1   Thumb Code    96  drv_encrypt.o(i.EncryptTEA)
    FLASH_PrefetchBufferCmd                  0x08000b35   Thumb Code    22  stm32f10x_flash.o(i.FLASH_PrefetchBufferCmd)
    FLASH_SetLatency                         0x08000b51   Thumb Code    18  stm32f10x_flash.o(i.FLASH_SetLatency)
    GPIO_Init                                0x08000b69   Thumb Code   274  stm32f10x_gpio.o(i.GPIO_Init)
    GPIO_PinRemapConfig                      0x08000c7d   Thumb Code   138  stm32f10x_gpio.o(i.GPIO_PinRemapConfig)
    GPIO_ResetBits                           0x08000d0d   Thumb Code     4  stm32f10x_gpio.o(i.GPIO_ResetBits)
    GPIO_SetBits                             0x08000d11   Thumb Code     4  stm32f10x_gpio.o(i.GPIO_SetBits)
    HSI_Config                               0x08000d15   Thumb Code   152  system_stm32f10x.o(i.HSI_Config)
    MemManage_Handler                        0x08000db1   Thumb Code     4  stm32f10x_it.o(i.MemManage_Handler)
    NMI_Handler                              0x08000db5   Thumb Code     2  stm32f10x_it.o(i.NMI_Handler)
    NVIC_Init                                0x08000db9   Thumb Code   102  misc.o(i.NVIC_Init)
    PWR_BackupAccessCmd                      0x08000e2d   Thumb Code     6  stm32f10x_pwr.o(i.PWR_BackupAccessCmd)
    RCC_APB1PeriphClockCmd                   0x08000e39   Thumb Code    26  stm32f10x_rcc.o(i.RCC_APB1PeriphClockCmd)
    RCC_APB2PeriphClockCmd                   0x08000e59   Thumb Code    26  stm32f10x_rcc.o(i.RCC_APB2PeriphClockCmd)
    RCC_BackupResetCmd                       0x08000e79   Thumb Code     6  stm32f10x_rcc.o(i.RCC_BackupResetCmd)
    RCC_DeInit                               0x08000e85   Thumb Code    64  stm32f10x_rcc.o(i.RCC_DeInit)
    RCC_GetClocksFreq                        0x08000ed1   Thumb Code   192  stm32f10x_rcc.o(i.RCC_GetClocksFreq)
    RCC_GetFlagStatus                        0x08000fa5   Thumb Code    56  stm32f10x_rcc.o(i.RCC_GetFlagStatus)
    RCC_GetSYSCLKSource                      0x08000fe1   Thumb Code    10  stm32f10x_rcc.o(i.RCC_GetSYSCLKSource)
    RCC_HCLKConfig                           0x08000ff1   Thumb Code    18  stm32f10x_rcc.o(i.RCC_HCLKConfig)
    RCC_HSICmd                               0x08001009   Thumb Code     6  stm32f10x_rcc.o(i.RCC_HSICmd)
    RCC_LSEConfig                            0x08001015   Thumb Code    44  stm32f10x_rcc.o(i.RCC_LSEConfig)
    RCC_LSICmd                               0x08001049   Thumb Code     6  stm32f10x_rcc.o(i.RCC_LSICmd)
    RCC_PCLK1Config                          0x08001055   Thumb Code    18  stm32f10x_rcc.o(i.RCC_PCLK1Config)
    RCC_PCLK2Config                          0x0800106d   Thumb Code    20  stm32f10x_rcc.o(i.RCC_PCLK2Config)
    RCC_PLLCmd                               0x08001085   Thumb Code     6  stm32f10x_rcc.o(i.RCC_PLLCmd)
    RCC_PLLConfig                            0x08001091   Thumb Code    24  stm32f10x_rcc.o(i.RCC_PLLConfig)
    RCC_RTCCLKCmd                            0x080010ad   Thumb Code     6  stm32f10x_rcc.o(i.RCC_RTCCLKCmd)
    RCC_RTCCLKConfig                         0x080010b9   Thumb Code    12  stm32f10x_rcc.o(i.RCC_RTCCLKConfig)
    RCC_SYSCLKConfig                         0x080010c9   Thumb Code    18  stm32f10x_rcc.o(i.RCC_SYSCLKConfig)
    RTC_ClearITPendingBit                    0x080010e1   Thumb Code    12  stm32f10x_rtc.o(i.RTC_ClearITPendingBit)
    RTC_EnterConfigMode                      0x080010f1   Thumb Code    14  stm32f10x_rtc.o(i.RTC_EnterConfigMode)
    RTC_ExitConfigMode                       0x08001105   Thumb Code    16  stm32f10x_rtc.o(i.RTC_ExitConfigMode)
    RTC_GetITStatus                          0x08001119   Thumb Code    32  stm32f10x_rtc.o(i.RTC_GetITStatus)
    RTC_IRQHandler                           0x0800113d   Thumb Code    18  stm32f10x_it.o(i.RTC_IRQHandler)
    RTC_SetCounter                           0x08001151   Thumb Code    24  stm32f10x_rtc.o(i.RTC_SetCounter)
    RTC_WaitForLastTask                      0x0800116d   Thumb Code    14  stm32f10x_rtc.o(i.RTC_WaitForLastTask)
    RTC_WaitForSynchro                       0x08001181   Thumb Code    28  stm32f10x_rtc.o(i.RTC_WaitForSynchro)
    SPI_Cmd                                  0x080011a1   Thumb Code    24  stm32f10x_spi.o(i.SPI_Cmd)
    SPI_I2S_GetFlagStatus                    0x080011b9   Thumb Code    18  stm32f10x_spi.o(i.SPI_I2S_GetFlagStatus)
    SPI_I2S_ReceiveData                      0x080011cb   Thumb Code     6  stm32f10x_spi.o(i.SPI_I2S_ReceiveData)
    SPI_I2S_SendData                         0x080011d1   Thumb Code     4  stm32f10x_spi.o(i.SPI_I2S_SendData)
    SPI_Init                                 0x080011d5   Thumb Code    60  stm32f10x_spi.o(i.SPI_Init)
    SVC_Handler                              0x08001211   Thumb Code     2  stm32f10x_it.o(i.SVC_Handler)
    SysTick_Handler                          0x08001215   Thumb Code    52  board.o(i.SysTick_Handler)
    SystemCoreClockUpdate                    0x08001251   Thumb Code   142  system_stm32f10x.o(i.SystemCoreClockUpdate)
    SystemInit                               0x080012f5   Thumb Code    16  system_stm32f10x.o(i.SystemInit)
    UART1_Init                               0x08001309   Thumb Code   182  drv_uart.o(i.UART1_Init)
    UART2_Init                               0x080013d1   Thumb Code   178  drv_uart.o(i.UART2_Init)
    UART3_Init                               0x08001495   Thumb Code   182  drv_uart.o(i.UART3_Init)
    UART_Clear                               0x0800155d   Thumb Code    24  drv_uart.o(i.UART_Clear)
    UART_Init                                0x08001575   Thumb Code    22  drv_uart.o(i.UART_Init)
    USART1_IRQHandler                        0x0800159d   Thumb Code   100  drv_uart.o(i.USART1_IRQHandler)
    USART2_IRQHandler                        0x08001609   Thumb Code   110  drv_uart.o(i.USART2_IRQHandler)
    USART3_IRQHandler                        0x08001681   Thumb Code   100  drv_uart.o(i.USART3_IRQHandler)
    USART_ClearFlag                          0x080016ed   Thumb Code    18  stm32f10x_usart.o(i.USART_ClearFlag)
    USART_ClearITPendingBit                  0x080016ff   Thumb Code    30  stm32f10x_usart.o(i.USART_ClearITPendingBit)
    USART_Cmd                                0x0800171d   Thumb Code    24  stm32f10x_usart.o(i.USART_Cmd)
    USART_GetFlagStatus                      0x08001735   Thumb Code    26  stm32f10x_usart.o(i.USART_GetFlagStatus)
    USART_GetITStatus                        0x0800174f   Thumb Code    84  stm32f10x_usart.o(i.USART_GetITStatus)
    USART_ITConfig                           0x080017a3   Thumb Code    74  stm32f10x_usart.o(i.USART_ITConfig)
    USART_Init                               0x080017ed   Thumb Code   210  stm32f10x_usart.o(i.USART_Init)
    USART_ReceiveData                        0x080018c5   Thumb Code    10  stm32f10x_usart.o(i.USART_ReceiveData)
    USART_SendData                           0x080018cf   Thumb Code     8  stm32f10x_usart.o(i.USART_SendData)
    UsageFault_Handler                       0x080018d7   Thumb Code     4  stm32f10x_it.o(i.UsageFault_Handler)
    WWDG_Enable                              0x080018dd   Thumb Code    10  stm32f10x_wwdg.o(i.WWDG_Enable)
    WWDG_SetPrescaler                        0x080018ed   Thumb Code    18  stm32f10x_wwdg.o(i.WWDG_SetPrescaler)
    WWDG_SetWindowValue                      0x08001905   Thumb Code    34  stm32f10x_wwdg.o(i.WWDG_SetWindowValue)
    __0printf$8                              0x0800195d   Thumb Code    22  printf8.o(i.__0printf$8)
    __1printf$8                              0x0800195d   Thumb Code     0  printf8.o(i.__0printf$8)
    __2printf                                0x0800195d   Thumb Code     0  printf8.o(i.__0printf$8)
    __rt_ffs                                 0x0800197d   Thumb Code    70  kservice.o(i.__rt_ffs)
    __scatterload_copy                       0x080019c9   Thumb Code    14  handlers.o(i.__scatterload_copy)
    __scatterload_null                       0x080019d7   Thumb Code     2  handlers.o(i.__scatterload_null)
    __scatterload_zeroinit                   0x080019d9   Thumb Code    14  handlers.o(i.__scatterload_zeroinit)
    aes_decrypt_buff                         0x08001f55   Thumb Code   196  drv_encrypt.o(i.aes_decrypt_buff)
    aes_encrypt_buff                         0x08002019   Thumb Code   250  drv_encrypt.o(i.aes_encrypt_buff)
    app_sx1278_init                          0x080024d5   Thumb Code    18  app_sx1278.o(i.app_sx1278_init)
    app_sx1278_thread_entry                  0x0800254d   Thumb Code    38  app_sx1278.o(i.app_sx1278_thread_entry)
    app_uart_thread_entry                    0x0800257d   Thumb Code   108  user_app.o(i.app_uart_thread_entry)
    bsp_sx1278_set_param                     0x0800262d   Thumb Code    34  app_sx1278.o(i.bsp_sx1278_set_param)
    delay_ms                                 0x08002655   Thumb Code    26  drv_common.o(i.delay_ms)
    delay_os                                 0x08002675   Thumb Code    24  drv_common.o(i.delay_os)
    drv_common_init                          0x0800268d   Thumb Code    88  drv_common.o(i.drv_common_init)
    drv_crc16                                0x08002725   Thumb Code    48  drv_common.o(i.drv_crc16)
    drv_get_sec_counter                      0x0800275d   Thumb Code     6  drv_common.o(i.drv_get_sec_counter)
    drv_rtc_init                             0x08002769   Thumb Code   188  drv_common.o(i.drv_rtc_init)
    drv_set_rtc_counter                      0x0800285d   Thumb Code    12  drv_common.o(i.drv_set_rtc_counter)
    drv_sx1278_cad_check                     0x08002869   Thumb Code    84  drv_sx1278.o(i.drv_sx1278_cad_check)
    drv_sx1278_cad_init                      0x080028e9   Thumb Code    62  drv_sx1278.o(i.drv_sx1278_cad_init)
    drv_sx1278_calcu_air_time                0x08002929   Thumb Code   268  drv_sx1278.o(i.drv_sx1278_calcu_air_time)
    drv_sx1278_get_rf_freq                   0x08002a61   Thumb Code    62  drv_sx1278.o(i.drv_sx1278_get_rf_freq)
    drv_sx1278_get_version                   0x08002a9f   Thumb Code    14  drv_sx1278.o(i.drv_sx1278_get_version)
    drv_sx1278_init                          0x08002aad   Thumb Code    40  drv_sx1278.o(i.drv_sx1278_init)
    drv_sx1278_read_rssi                     0x08002af1   Thumb Code    88  drv_sx1278.o(i.drv_sx1278_read_rssi)
    drv_sx1278_recv_check                    0x08002b4d   Thumb Code   102  drv_sx1278.o(i.drv_sx1278_recv_check)
    drv_sx1278_recv_init                     0x08002bb3   Thumb Code    82  drv_sx1278.o(i.drv_sx1278_recv_init)
    drv_sx1278_send                          0x08002c05   Thumb Code   126  drv_sx1278.o(i.drv_sx1278_send)
    drv_sx1278_send_check                    0x08002c95   Thumb Code    38  drv_sx1278.o(i.drv_sx1278_send_check)
    drv_sx1278_set_bw                        0x08002cbb   Thumb Code    32  drv_sx1278.o(i.drv_sx1278_set_bw)
    drv_sx1278_set_default_param             0x08002cdd   Thumb Code   140  drv_sx1278.o(i.drv_sx1278_set_default_param)
    drv_sx1278_set_error_coding              0x08002d6d   Thumb Code    36  drv_sx1278.o(i.drv_sx1278_set_error_coding)
    drv_sx1278_set_implicit_header_on        0x08002d91   Thumb Code    34  drv_sx1278.o(i.drv_sx1278_set_implicit_header_on)
    drv_sx1278_set_lowdatarateoptimize       0x08002db3   Thumb Code    34  drv_sx1278.o(i.drv_sx1278_set_lowdatarateoptimize)
    drv_sx1278_set_nb_trig_peaks             0x08002dd5   Thumb Code    34  drv_sx1278.o(i.drv_sx1278_set_nb_trig_peaks)
    drv_sx1278_set_on                        0x08002df7   Thumb Code    68  drv_sx1278.o(i.drv_sx1278_set_on)
    drv_sx1278_set_op_mode                   0x08002e3b   Thumb Code    34  drv_sx1278.o(i.drv_sx1278_set_op_mode)
    drv_sx1278_set_pa20dBm                   0x08002e5d   Thumb Code    60  drv_sx1278.o(i.drv_sx1278_set_pa20dBm)
    drv_sx1278_set_pa_output                 0x08002e99   Thumb Code    34  drv_sx1278.o(i.drv_sx1278_set_pa_output)
    drv_sx1278_set_packet_crc_on             0x08002ebb   Thumb Code    34  drv_sx1278.o(i.drv_sx1278_set_packet_crc_on)
    drv_sx1278_set_payload_length            0x08002edd   Thumb Code    18  drv_sx1278.o(i.drv_sx1278_set_payload_length)
    drv_sx1278_set_rf_freq                   0x08002ef1   Thumb Code    70  drv_sx1278.o(i.drv_sx1278_set_rf_freq)
    drv_sx1278_set_rf_power                  0x08002f3d   Thumb Code   144  drv_sx1278.o(i.drv_sx1278_set_rf_power)
    drv_sx1278_set_sf                        0x08002fd5   Thumb Code    88  drv_sx1278.o(i.drv_sx1278_set_sf)
    drv_sx1278_set_symb_timeout              0x0800302d   Thumb Code    52  drv_sx1278.o(i.drv_sx1278_set_symb_timeout)
    drv_system_reset                         0x08003061   Thumb Code    44  drv_common.o(i.drv_system_reset)
    drv_wdog_feed                            0x080030a1   Thumb Code     2  drv_common.o(i.drv_wdog_feed)
    drv_wdog_init                            0x080030a3   Thumb Code     2  drv_common.o(i.drv_wdog_init)
    fputc                                    0x080030a5   Thumb Code    32  drv_uart.o(i.fputc)
    hal_sx1278_read_addr                     0x080030c9   Thumb Code    28  hal_sx1278.o(i.hal_sx1278_read_addr)
    hal_sx1278_read_buffer                   0x080030e5   Thumb Code    58  hal_sx1278.o(i.hal_sx1278_read_buffer)
    hal_sx1278_read_fifo                     0x0800311f   Thumb Code    22  hal_sx1278.o(i.hal_sx1278_read_fifo)
    hal_sx1278_rst                           0x08003135   Thumb Code    10  hal_sx1278.o(i.hal_sx1278_rst)
    hal_sx1278_spi_rw_byte                   0x0800313f   Thumb Code    18  hal_sx1278.o(i.hal_sx1278_spi_rw_byte)
    hal_sx1278_write_addr                    0x08003151   Thumb Code    20  hal_sx1278.o(i.hal_sx1278_write_addr)
    hal_sx1278_write_buffer                  0x08003165   Thumb Code    56  hal_sx1278.o(i.hal_sx1278_write_buffer)
    hal_sx1278_write_fifo                    0x0800319d   Thumb Code    22  hal_sx1278.o(i.hal_sx1278_write_fifo)
    $Super$$main                             0x080031b5   Thumb Code    56  main.o(i.main)
    main_thread_entry                        0x0800325d   Thumb Code    14  components.o(i.main_thread_entry)
    mbedtls_aes_crypt_cbc                    0x0800326b   Thumb Code   162  aes.o(i.mbedtls_aes_crypt_cbc)
    mbedtls_aes_crypt_ecb                    0x0800330d   Thumb Code    38  aes.o(i.mbedtls_aes_crypt_ecb)
    mbedtls_aes_free                         0x08003333   Thumb Code    22  aes.o(i.mbedtls_aes_free)
    mbedtls_aes_init                         0x08003349   Thumb Code    16  aes.o(i.mbedtls_aes_init)
    mbedtls_aes_setkey_dec                   0x08003359   Thumb Code   204  aes.o(i.mbedtls_aes_setkey_dec)
    mbedtls_aes_setkey_enc                   0x08003439   Thumb Code   520  aes.o(i.mbedtls_aes_setkey_enc)
    mbedtls_internal_aes_decrypt             0x0800364d   Thumb Code  1262  aes.o(i.mbedtls_internal_aes_decrypt)
    mbedtls_internal_aes_encrypt             0x08003b51   Thumb Code  1262  aes.o(i.mbedtls_internal_aes_encrypt)
    nwk_aes_decrypt                          0x0800406b   Thumb Code    36  nwk_bsp.o(i.nwk_aes_decrypt)
    nwk_aes_encrypt                          0x0800408f   Thumb Code    36  nwk_bsp.o(i.nwk_aes_encrypt)
    nwk_crc16                                0x080040b3   Thumb Code    16  nwk_bsp.o(i.nwk_crc16)
    nwk_delay_ms                             0x080040c3   Thumb Code    12  nwk_bsp.o(i.nwk_delay_ms)
    nwk_find_head                            0x080040cf   Thumb Code    72  nwk_bsp.o(i.nwk_find_head)
    nwk_get_channel                          0x08004119   Thumb Code    30  nwk_bsp.o(i.nwk_get_channel)
    nwk_get_rand                             0x0800413d   Thumb Code    38  nwk_bsp.o(i.nwk_get_rand)
    nwk_get_rtc_counter                      0x08004169   Thumb Code     8  nwk_bsp.o(i.nwk_get_rtc_counter)
    nwk_node_cad_check                       0x08004171   Thumb Code    22  nwk_node.o(i.nwk_node_cad_check)
    nwk_node_cad_init                        0x0800418d   Thumb Code    22  nwk_node.o(i.nwk_node_cad_init)
    nwk_node_calcu_air_time                  0x080041a9   Thumb Code    30  nwk_node.o(i.nwk_node_calcu_air_time)
    nwk_node_main                            0x080041c9   Thumb Code    98  nwk_node.o(i.nwk_node_main)
    nwk_node_make_send_buff                  0x08004231   Thumb Code   398  nwk_node.o(i.nwk_node_make_send_buff)
    nwk_node_recv_check                      0x080043c5   Thumb Code    48  nwk_node.o(i.nwk_node_recv_check)
    nwk_node_recv_from_check                 0x080043f9   Thumb Code    20  nwk_node.o(i.nwk_node_recv_from_check)
    nwk_node_recv_init                       0x08004411   Thumb Code    22  nwk_node.o(i.nwk_node_recv_init)
    nwk_node_recv_parse                      0x0800442d   Thumb Code   762  nwk_node.o(i.nwk_node_recv_parse)
    nwk_node_rx_process                      0x08004881   Thumb Code   398  nwk_node.o(i.nwk_node_rx_process)
    nwk_node_search_gw                       0x08004a55   Thumb Code    38  nwk_node.o(i.nwk_node_search_gw)
    nwk_node_search_process                  0x08004a81   Thumb Code   340  nwk_node.o(i.nwk_node_search_process)
    nwk_node_select_gw                       0x08004c1d   Thumb Code    32  nwk_node.o(i.nwk_node_select_gw)
    nwk_node_send_buff                       0x08004c41   Thumb Code    30  nwk_node.o(i.nwk_node_send_buff)
    nwk_node_send_check                      0x08004c65   Thumb Code    22  nwk_node.o(i.nwk_node_send_check)
    nwk_node_send_sniff                      0x08004c81   Thumb Code   126  nwk_node.o(i.nwk_node_send_sniff)
    nwk_node_set_lora_param                  0x08004d11   Thumb Code    50  nwk_node.o(i.nwk_node_set_lora_param)
    nwk_node_sleep_init                      0x08004d49   Thumb Code    24  nwk_node.o(i.nwk_node_sleep_init)
    nwk_node_tx_d2d_process                  0x08004d65   Thumb Code    12  nwk_node.o(i.nwk_node_tx_d2d_process)
    nwk_node_tx_gw_process                   0x08004d75   Thumb Code   904  nwk_node.o(i.nwk_node_tx_gw_process)
    nwk_node_work_check                      0x080051f5   Thumb Code   584  nwk_node.o(i.nwk_node_work_check)
    nwk_set_lora_dev                         0x08005481   Thumb Code     6  nwk_node.o(i.nwk_set_lora_dev)
    nwk_set_rtc_counter                      0x0800548d   Thumb Code    12  nwk_bsp.o(i.nwk_set_rtc_counter)
    nwk_slave_calcu_air_time                 0x08005499   Thumb Code    30  nwk_slave.o(i.nwk_slave_calcu_air_time)
    nwk_slave_send_buff                      0x080054b9   Thumb Code    30  nwk_slave.o(i.nwk_slave_send_buff)
    nwk_slave_set_lora_dev                   0x080054dd   Thumb Code     6  nwk_slave.o(i.nwk_slave_set_lora_dev)
    nwk_slave_set_lora_param                 0x080054e9   Thumb Code    50  nwk_slave.o(i.nwk_slave_set_lora_param)
    nwk_slave_uart_parse                     0x08005521   Thumb Code   572  nwk_slave.o(i.nwk_slave_uart_parse)
    nwk_tea_decrypt                          0x080057d1   Thumb Code    20  nwk_bsp.o(i.nwk_tea_decrypt)
    nwk_tea_encrypt                          0x080057e5   Thumb Code    20  nwk_bsp.o(i.nwk_tea_encrypt)
    printf_hex                               0x08005871   Thumb Code    48  drv_common.o(i.printf_hex)
    rt_application_init                      0x080058b1   Thumb Code    34  components.o(i.rt_application_init)
    rt_components_board_init                 0x080058e1   Thumb Code    20  components.o(i.rt_components_board_init)
    rt_components_init                       0x080058fd   Thumb Code    20  components.o(i.rt_components_init)
    rt_enter_critical                        0x08005919   Thumb Code    28  scheduler.o(i.rt_enter_critical)
    rt_exit_critical                         0x08005939   Thumb Code    54  scheduler.o(i.rt_exit_critical)
    rt_free                                  0x08005975   Thumb Code    98  mem.o(i.rt_free)
    rt_heap_begin_get                        0x080059ed   Thumb Code     4  board.o(i.rt_heap_begin_get)
    rt_heap_end_get                          0x080059f5   Thumb Code     4  board.o(i.rt_heap_end_get)
    rt_hw_board_init                         0x080059fd   Thumb Code    54  board.o(i.rt_hw_board_init)
    rt_hw_hard_fault_exception               0x08005a39   Thumb Code    32  cpuport.o(i.rt_hw_hard_fault_exception)
    rt_hw_stack_init                         0x08005a5d   Thumb Code    70  cpuport.o(i.rt_hw_stack_init)
    rt_interrupt_enter                       0x08005aa9   Thumb Code    26  irq.o(i.rt_interrupt_enter)
    rt_interrupt_leave                       0x08005ac9   Thumb Code    26  irq.o(i.rt_interrupt_leave)
    rt_malloc                                0x08005c09   Thumb Code   336  mem.o(i.rt_malloc)
    rt_memset                                0x08005d75   Thumb Code    72  kservice.o(i.rt_memset)
    rt_object_allocate                       0x08005dbd   Thumb Code    74  object.o(i.rt_object_allocate)
    rt_object_delete                         0x08005e07   Thumb Code    32  object.o(i.rt_object_delete)
    rt_object_detach                         0x08005e27   Thumb Code    26  object.o(i.rt_object_detach)
    rt_object_get_information                0x08005e41   Thumb Code    36  object.o(i.rt_object_get_information)
    rt_object_init                           0x08005e69   Thumb Code    60  object.o(i.rt_object_init)
    rt_object_is_systemobject                0x08005ea5   Thumb Code    18  object.o(i.rt_object_is_systemobject)
    rt_schedule                              0x08005eb9   Thumb Code   118  scheduler.o(i.rt_schedule)
    rt_schedule_insert_thread                0x08005f49   Thumb Code    72  scheduler.o(i.rt_schedule_insert_thread)
    rt_schedule_remove_thread                0x08005f99   Thumb Code    76  scheduler.o(i.rt_schedule_remove_thread)
    rt_sem_init                              0x08005fed   Thumb Code    38  ipc.o(i.rt_sem_init)
    rt_sem_release                           0x08006013   Thumb Code    58  ipc.o(i.rt_sem_release)
    rt_sem_take                              0x0800604d   Thumb Code   116  ipc.o(i.rt_sem_take)
    rt_show_version                          0x080060c1   Thumb Code     2  kservice.o(i.rt_show_version)
    rt_strncpy                               0x080060c3   Thumb Code    52  kservice.o(i.rt_strncpy)
    rt_system_heap_init                      0x080060f9   Thumb Code   146  mem.o(i.rt_system_heap_init)
    rt_system_scheduler_init                 0x080061a9   Thumb Code    52  scheduler.o(i.rt_system_scheduler_init)
    rt_system_scheduler_start                0x080061f5   Thumb Code    36  scheduler.o(i.rt_system_scheduler_start)
    rt_system_timer_init                     0x08006225   Thumb Code    24  timer.o(i.rt_system_timer_init)
    rt_system_timer_thread_init              0x08006241   Thumb Code     2  timer.o(i.rt_system_timer_thread_init)
    rt_thread_create                         0x08006243   Thumb Code    80  thread.o(i.rt_thread_create)
    rt_thread_delay                          0x08006293   Thumb Code    12  thread.o(i.rt_thread_delay)
    rt_thread_exit                           0x080062a1   Thumb Code    76  thread.o(i.rt_thread_exit)
    rt_thread_idle_excute                    0x080062fd   Thumb Code   128  idle.o(i.rt_thread_idle_excute)
    rt_thread_idle_init                      0x08006381   Thumb Code    38  idle.o(i.rt_thread_idle_init)
    rt_thread_init                           0x080063bd   Thumb Code    52  thread.o(i.rt_thread_init)
    rt_thread_resume                         0x080063f1   Thumb Code    60  thread.o(i.rt_thread_resume)
    rt_thread_self                           0x0800642d   Thumb Code     6  thread.o(i.rt_thread_self)
    rt_thread_sleep                          0x08006439   Thumb Code    62  thread.o(i.rt_thread_sleep)
    rt_thread_startup                        0x0800647d   Thumb Code    44  thread.o(i.rt_thread_startup)
    rt_thread_suspend                        0x080064a9   Thumb Code    68  thread.o(i.rt_thread_suspend)
    rt_thread_timeout                        0x080064ed   Thumb Code    32  thread.o(i.rt_thread_timeout)
    rt_thread_yield                          0x0800650d   Thumb Code    92  thread.o(i.rt_thread_yield)
    rt_tick_get                              0x08006571   Thumb Code     6  clock.o(i.rt_tick_get)
    rt_tick_increase                         0x0800657d   Thumb Code    42  clock.o(i.rt_tick_increase)
    rt_timer_check                           0x080065ad   Thumb Code   118  timer.o(i.rt_timer_check)
    rt_timer_control                         0x08006629   Thumb Code    56  timer.o(i.rt_timer_control)
    rt_timer_detach                          0x08006661   Thumb Code    32  timer.o(i.rt_timer_detach)
    rt_timer_init                            0x08006681   Thumb Code    46  timer.o(i.rt_timer_init)
    rt_timer_start                           0x080066b1   Thumb Code   238  timer.o(i.rt_timer_start)
    rt_timer_stop                            0x080067a9   Thumb Code    48  timer.o(i.rt_timer_stop)
    rtthread_startup                         0x080067e9   Thumb Code    42  components.o(i.rtthread_startup)
    tea_decrypt_buff                         0x08006815   Thumb Code    78  drv_encrypt.o(i.tea_decrypt_buff)
    tea_encrypt_buff                         0x0800687d   Thumb Code    78  drv_encrypt.o(i.tea_encrypt_buff)
    __lowest_bit_bitmap                      0x08006ae4   Data         256  kservice.o(.constdata)
    __rt_init_rti_start                      0x08006c30   Data           4  components.o(.rti_fn.0)
    __rt_init_rti_board_start                0x08006c34   Data           4  components.o(.rti_fn.0.end)
    __rt_init_rti_board_end                  0x08006c38   Data           4  components.o(.rti_fn.1.end)
    __rt_init_rti_end                        0x08006c3c   Data           4  components.o(.rti_fn.6.end)
    Region$$Table$$Base                      0x08006c40   Number         0  anon$$obj.o(Region$$Table)
    Region$$Table$$Limit                     0x08006c60   Number         0  anon$$obj.o(Region$$Table)
    SystemCoreClock                          0x20000000   Data           4  system_stm32f10x.o(.data)
    AHBPrescTable                            0x20000004   Data          16  system_stm32f10x.o(.data)
    g_u32SecCounter                          0x20000018   Data           4  drv_common.o(.data)
    tickets_us                               0x2000001c   Data           4  drv_common.o(.data)
    tickets_ms                               0x20000020   Data           4  drv_common.o(.data)
    bWatchDog                                0x20000024   Data           1  drv_common.o(.data)
    rt_interrupt_from_thread                 0x2000002c   Data           4  cpuport.o(.data)
    rt_interrupt_to_thread                   0x20000030   Data           4  cpuport.o(.data)
    rt_thread_switch_interrupt_flag          0x20000034   Data           4  cpuport.o(.data)
    rt_interrupt_nest                        0x20000040   Data           1  irq.o(.data)
    rt_current_thread                        0x200000c0   Data           4  scheduler.o(.data)
    rt_current_priority                      0x200000c4   Data           1  scheduler.o(.data)
    rt_thread_ready_priority_group           0x200000c8   Data           4  scheduler.o(.data)
    rt_thread_defunct                        0x200000cc   Data           8  scheduler.o(.data)
    g_sNwkSlaveSave                          0x200000fc   Data           4  nwk_slave.o(.data)
    __stdout                                 0x20000118   Data           4  stdout.o(.data)
    g_sDrvSx1278                             0x2000011c   Data          16  app_sx1278.o(.bss)
    g_sUART1                                 0x2000012c   Data          20  drv_uart.o(.bss)
    g_sUART2                                 0x20000140   Data          20  drv_uart.o(.bss)
    g_sUART3                                 0x20000154   Data          20  drv_uart.o(.bss)
    g_u8UART1_Buff                           0x20000168   Data         256  drv_uart.o(.bss)
    g_u8UART2_Buff                           0x20000268   Data         256  drv_uart.o(.bss)
    g_u8UART3_Buff                           0x20000368   Data         256  drv_uart.o(.bss)
    rt_thread_priority_table                 0x20000f18   Data         256  scheduler.o(.bss)
    g_sNwkNodeSave                           0x20003a40   Data          36  nwk_node.o(.bss)
    g_sNwkNodeWork                           0x20003a64   Data         744  nwk_node.o(.bss)
    g_sNwkSlaveWork                          0x20003d4c   Data         812  nwk_slave.o(.bss)
    __initial_sp                             0x200043a8   Data           0  startup_stm32f10x_md.o(STACK)



==============================================================================

Memory Map of the image

  Image Entry point : 0x080000ed

  Load Region LR_IROM1 (Base: 0x08000000, Size: 0x00006d7c, Max: 0x00009000, ABSOLUTE)

    Execution Region ER_IROM1 (Base: 0x08000000, Size: 0x00006c60, Max: 0x00009000, ABSOLUTE)

    Base Addr    Size         Type   Attr      Idx    E Section Name        Object

    0x08000000   0x000000ec   Data   RO           19    RESET               startup_stm32f10x_md.o
    0x080000ec   0x00000000   Code   RO         4457  * .ARM.Collect$$$$00000000  mc_w.l(entry.o)
    0x080000ec   0x00000004   Code   RO         4788    .ARM.Collect$$$$00000001  mc_w.l(entry2.o)
    0x080000f0   0x00000004   Code   RO         4791    .ARM.Collect$$$$00000004  mc_w.l(entry5.o)
    0x080000f4   0x00000000   Code   RO         4793    .ARM.Collect$$$$00000008  mc_w.l(entry7b.o)
    0x080000f4   0x00000000   Code   RO         4795    .ARM.Collect$$$$0000000A  mc_w.l(entry8b.o)
    0x080000f4   0x00000008   Code   RO         4796    .ARM.Collect$$$$0000000B  mc_w.l(entry9a.o)
    0x080000fc   0x00000000   Code   RO         4798    .ARM.Collect$$$$0000000D  mc_w.l(entry10a.o)
    0x080000fc   0x00000000   Code   RO         4800    .ARM.Collect$$$$0000000F  mc_w.l(entry11a.o)
    0x080000fc   0x00000004   Code   RO         4789    .ARM.Collect$$$$00002712  mc_w.l(entry2.o)
    0x08000100   0x00000024   Code   RO           20    .text               startup_stm32f10x_md.o
    0x08000124   0x000000f0   Code   RO         1882    .text               context_rvds.o
    0x08000214   0x00000024   Code   RO         4460    .text               mc_w.l(rand.o)
    0x08000238   0x00000024   Code   RO         4463    .text               mc_w.l(memcpya.o)
    0x0800025c   0x00000024   Code   RO         4465    .text               mc_w.l(memseta.o)
    0x08000280   0x00000024   Code   RO         4467    .text               mc_w.l(strstr.o)
    0x080002a4   0x0000000e   Code   RO         4469    .text               mc_w.l(strlen.o)
    0x080002b2   0x0000001a   Code   RO         4471    .text               mc_w.l(memcmp.o)
    0x080002cc   0x00000012   Code   RO         4473    .text               mc_w.l(strcpy.o)
    0x080002de   0x00000064   Code   RO         4768    .text               mf_w.l(fmul.o)
    0x08000342   0x0000007c   Code   RO         4770    .text               mf_w.l(fdiv.o)
    0x080003be   0x0000014e   Code   RO         4772    .text               mf_w.l(dadd.o)
    0x0800050c   0x000000e4   Code   RO         4774    .text               mf_w.l(dmul.o)
    0x080005f0   0x000000de   Code   RO         4776    .text               mf_w.l(ddiv.o)
    0x080006ce   0x0000000a   Code   RO         4778    .text               mf_w.l(ffltui.o)
    0x080006d8   0x00000022   Code   RO         4780    .text               mf_w.l(dflti.o)
    0x080006fa   0x0000001a   Code   RO         4782    .text               mf_w.l(dfltui.o)
    0x08000714   0x00000028   Code   RO         4784    .text               mf_w.l(ffixui.o)
    0x0800073c   0x00000032   Code   RO         4786    .text               mf_w.l(dfixui.o)
    0x0800076e   0x00000062   Code   RO         4805    .text               mc_w.l(uldiv.o)
    0x080007d0   0x0000001e   Code   RO         4807    .text               mc_w.l(llshl.o)
    0x080007ee   0x00000020   Code   RO         4809    .text               mc_w.l(llushr.o)
    0x0800080e   0x00000024   Code   RO         4811    .text               mc_w.l(llsshr.o)
    0x08000832   0x00000000   Code   RO         4815    .text               mc_w.l(iusefp.o)
    0x08000832   0x0000006e   Code   RO         4816    .text               mf_w.l(fepilogue.o)
    0x080008a0   0x000000ba   Code   RO         4818    .text               mf_w.l(depilogue.o)
    0x0800095a   0x00000002   PAD
    0x0800095c   0x00000024   Code   RO         4824    .text               mc_w.l(init.o)
    0x08000980   0x0000000e   Code   RO          918    i.$Sub$$main        components.o
    0x0800098e   0x00000002   PAD
    0x08000990   0x0000005c   Code   RO          307    i.APP_Init          user_app.o
    0x080009ec   0x00000010   Code   RO         3365    i.BKP_DeInit        f103c8t6.lib(stm32f10x_bkp.o)
    0x080009fc   0x0000001c   Code   RO         3369    i.BKP_RTCOutputConfig  f103c8t6.lib(stm32f10x_bkp.o)
    0x08000a18   0x0000001c   Code   RO         3370    i.BKP_ReadBackupRegister  f103c8t6.lib(stm32f10x_bkp.o)
    0x08000a34   0x0000000c   Code   RO         3372    i.BKP_TamperPinCmd  f103c8t6.lib(stm32f10x_bkp.o)
    0x08000a40   0x0000001c   Code   RO         3374    i.BKP_WriteBackupRegister  f103c8t6.lib(stm32f10x_bkp.o)
    0x08000a5c   0x00000004   Code   RO           24    i.BusFault_Handler  stm32f10x_it.o
    0x08000a60   0x00000002   Code   RO           25    i.DebugMon_Handler  stm32f10x_it.o
    0x08000a62   0x00000002   PAD
    0x08000a64   0x0000006c   Code   RO          783    i.DecryptTEA        drv_encrypt.o
    0x08000ad0   0x00000064   Code   RO          784    i.EncryptTEA        drv_encrypt.o
    0x08000b34   0x0000001c   Code   RO         3458    i.FLASH_PrefetchBufferCmd  f103c8t6.lib(stm32f10x_flash.o)
    0x08000b50   0x00000018   Code   RO         3463    i.FLASH_SetLatency  f103c8t6.lib(stm32f10x_flash.o)
    0x08000b68   0x00000112   Code   RO         3621    i.GPIO_Init         f103c8t6.lib(stm32f10x_gpio.o)
    0x08000c7a   0x00000002   PAD
    0x08000c7c   0x00000090   Code   RO         3623    i.GPIO_PinRemapConfig  f103c8t6.lib(stm32f10x_gpio.o)
    0x08000d0c   0x00000004   Code   RO         3628    i.GPIO_ResetBits    f103c8t6.lib(stm32f10x_gpio.o)
    0x08000d10   0x00000004   Code   RO         3629    i.GPIO_SetBits      f103c8t6.lib(stm32f10x_gpio.o)
    0x08000d14   0x0000009c   Code   RO          164    i.HSI_Config        system_stm32f10x.o
    0x08000db0   0x00000004   Code   RO           26    i.MemManage_Handler  stm32f10x_it.o
    0x08000db4   0x00000002   Code   RO           27    i.NMI_Handler       stm32f10x_it.o
    0x08000db6   0x00000002   PAD
    0x08000db8   0x00000074   Code   RO         3241    i.NVIC_Init         f103c8t6.lib(misc.o)
    0x08000e2c   0x0000000c   Code   RO         3729    i.PWR_BackupAccessCmd  f103c8t6.lib(stm32f10x_pwr.o)
    0x08000e38   0x00000020   Code   RO         3791    i.RCC_APB1PeriphClockCmd  f103c8t6.lib(stm32f10x_rcc.o)
    0x08000e58   0x00000020   Code   RO         3793    i.RCC_APB2PeriphClockCmd  f103c8t6.lib(stm32f10x_rcc.o)
    0x08000e78   0x0000000c   Code   RO         3796    i.RCC_BackupResetCmd  f103c8t6.lib(stm32f10x_rcc.o)
    0x08000e84   0x0000004c   Code   RO         3800    i.RCC_DeInit        f103c8t6.lib(stm32f10x_rcc.o)
    0x08000ed0   0x000000d4   Code   RO         3801    i.RCC_GetClocksFreq  f103c8t6.lib(stm32f10x_rcc.o)
    0x08000fa4   0x0000003c   Code   RO         3802    i.RCC_GetFlagStatus  f103c8t6.lib(stm32f10x_rcc.o)
    0x08000fe0   0x00000010   Code   RO         3804    i.RCC_GetSYSCLKSource  f103c8t6.lib(stm32f10x_rcc.o)
    0x08000ff0   0x00000018   Code   RO         3805    i.RCC_HCLKConfig    f103c8t6.lib(stm32f10x_rcc.o)
    0x08001008   0x0000000c   Code   RO         3807    i.RCC_HSICmd        f103c8t6.lib(stm32f10x_rcc.o)
    0x08001014   0x00000034   Code   RO         3809    i.RCC_LSEConfig     f103c8t6.lib(stm32f10x_rcc.o)
    0x08001048   0x0000000c   Code   RO         3810    i.RCC_LSICmd        f103c8t6.lib(stm32f10x_rcc.o)
    0x08001054   0x00000018   Code   RO         3812    i.RCC_PCLK1Config   f103c8t6.lib(stm32f10x_rcc.o)
    0x0800106c   0x00000018   Code   RO         3813    i.RCC_PCLK2Config   f103c8t6.lib(stm32f10x_rcc.o)
    0x08001084   0x0000000c   Code   RO         3814    i.RCC_PLLCmd        f103c8t6.lib(stm32f10x_rcc.o)
    0x08001090   0x0000001c   Code   RO         3815    i.RCC_PLLConfig     f103c8t6.lib(stm32f10x_rcc.o)
    0x080010ac   0x0000000c   Code   RO         3816    i.RCC_RTCCLKCmd     f103c8t6.lib(stm32f10x_rcc.o)
    0x080010b8   0x00000010   Code   RO         3817    i.RCC_RTCCLKConfig  f103c8t6.lib(stm32f10x_rcc.o)
    0x080010c8   0x00000018   Code   RO         3818    i.RCC_SYSCLKConfig  f103c8t6.lib(stm32f10x_rcc.o)
    0x080010e0   0x00000010   Code   RO         3990    i.RTC_ClearITPendingBit  f103c8t6.lib(stm32f10x_rtc.o)
    0x080010f0   0x00000014   Code   RO         3991    i.RTC_EnterConfigMode  f103c8t6.lib(stm32f10x_rtc.o)
    0x08001104   0x00000014   Code   RO         3992    i.RTC_ExitConfigMode  f103c8t6.lib(stm32f10x_rtc.o)
    0x08001118   0x00000024   Code   RO         3996    i.RTC_GetITStatus   f103c8t6.lib(stm32f10x_rtc.o)
    0x0800113c   0x00000012   Code   RO           28    i.RTC_IRQHandler    stm32f10x_it.o
    0x0800114e   0x00000002   PAD
    0x08001150   0x0000001c   Code   RO         3999    i.RTC_SetCounter    f103c8t6.lib(stm32f10x_rtc.o)
    0x0800116c   0x00000014   Code   RO         4001    i.RTC_WaitForLastTask  f103c8t6.lib(stm32f10x_rtc.o)
    0x08001180   0x00000020   Code   RO         4002    i.RTC_WaitForSynchro  f103c8t6.lib(stm32f10x_rtc.o)
    0x080011a0   0x00000018   Code   RO         4084    i.SPI_Cmd           f103c8t6.lib(stm32f10x_spi.o)
    0x080011b8   0x00000012   Code   RO         4092    i.SPI_I2S_GetFlagStatus  f103c8t6.lib(stm32f10x_spi.o)
    0x080011ca   0x00000006   Code   RO         4095    i.SPI_I2S_ReceiveData  f103c8t6.lib(stm32f10x_spi.o)
    0x080011d0   0x00000004   Code   RO         4096    i.SPI_I2S_SendData  f103c8t6.lib(stm32f10x_spi.o)
    0x080011d4   0x0000003c   Code   RO         4097    i.SPI_Init          f103c8t6.lib(stm32f10x_spi.o)
    0x08001210   0x00000002   Code   RO           29    i.SVC_Handler       stm32f10x_it.o
    0x08001212   0x00000002   PAD
    0x08001214   0x0000003c   Code   RO          653    i.SysTick_Handler   board.o
    0x08001250   0x000000a4   Code   RO          167    i.SystemCoreClockUpdate  system_stm32f10x.o
    0x080012f4   0x00000014   Code   RO          168    i.SystemInit        system_stm32f10x.o
    0x08001308   0x000000c8   Code   RO          563    i.UART1_Init        drv_uart.o
    0x080013d0   0x000000c4   Code   RO          565    i.UART2_Init        drv_uart.o
    0x08001494   0x000000c8   Code   RO          567    i.UART3_Init        drv_uart.o
    0x0800155c   0x00000018   Code   RO          569    i.UART_Clear        drv_uart.o
    0x08001574   0x00000028   Code   RO          570    i.UART_Init         drv_uart.o
    0x0800159c   0x0000006c   Code   RO          572    i.USART1_IRQHandler  drv_uart.o
    0x08001608   0x00000078   Code   RO          573    i.USART2_IRQHandler  drv_uart.o
    0x08001680   0x0000006c   Code   RO          574    i.USART3_IRQHandler  drv_uart.o
    0x080016ec   0x00000012   Code   RO         4223    i.USART_ClearFlag   f103c8t6.lib(stm32f10x_usart.o)
    0x080016fe   0x0000001e   Code   RO         4224    i.USART_ClearITPendingBit  f103c8t6.lib(stm32f10x_usart.o)
    0x0800171c   0x00000018   Code   RO         4227    i.USART_Cmd         f103c8t6.lib(stm32f10x_usart.o)
    0x08001734   0x0000001a   Code   RO         4230    i.USART_GetFlagStatus  f103c8t6.lib(stm32f10x_usart.o)
    0x0800174e   0x00000054   Code   RO         4231    i.USART_GetITStatus  f103c8t6.lib(stm32f10x_usart.o)
    0x080017a2   0x0000004a   Code   RO         4233    i.USART_ITConfig    f103c8t6.lib(stm32f10x_usart.o)
    0x080017ec   0x000000d8   Code   RO         4234    i.USART_Init        f103c8t6.lib(stm32f10x_usart.o)
    0x080018c4   0x0000000a   Code   RO         4241    i.USART_ReceiveData  f103c8t6.lib(stm32f10x_usart.o)
    0x080018ce   0x00000008   Code   RO         4244    i.USART_SendData    f103c8t6.lib(stm32f10x_usart.o)
    0x080018d6   0x00000004   Code   RO           31    i.UsageFault_Handler  stm32f10x_it.o
    0x080018da   0x00000002   PAD
    0x080018dc   0x00000010   Code   RO         4405    i.WWDG_Enable       f103c8t6.lib(stm32f10x_wwdg.o)
    0x080018ec   0x00000018   Code   RO         4409    i.WWDG_SetPrescaler  f103c8t6.lib(stm32f10x_wwdg.o)
    0x08001904   0x00000028   Code   RO         4410    i.WWDG_SetWindowValue  f103c8t6.lib(stm32f10x_wwdg.o)
    0x0800192c   0x00000030   Code   RO          654    i._SysTick_Config   board.o
    0x0800195c   0x00000020   Code   RO         4686    i.__0printf$8       mc_w.l(printf8.o)
    0x0800197c   0x0000004c   Code   RO         1289    i.__rt_ffs          kservice.o
    0x080019c8   0x0000000e   Code   RO         4828    i.__scatterload_copy  mc_w.l(handlers.o)
    0x080019d6   0x00000002   Code   RO         4829    i.__scatterload_null  mc_w.l(handlers.o)
    0x080019d8   0x0000000e   Code   RO         4830    i.__scatterload_zeroinit  mc_w.l(handlers.o)
    0x080019e6   0x00000002   PAD
    0x080019e8   0x00000014   Code   RO          992    i._has_defunct_thread  idle.o
    0x080019fc   0x00000410   Code   RO         4693    i._printf_core      mc_w.l(printf8.o)
    0x08001e0c   0x00000024   Code   RO         4694    i._printf_post_padding  mc_w.l(printf8.o)
    0x08001e30   0x0000002e   Code   RO         4695    i._printf_pre_padding  mc_w.l(printf8.o)
    0x08001e5e   0x00000002   PAD
    0x08001e60   0x00000084   Code   RO         1660    i._rt_thread_init   thread.o
    0x08001ee4   0x00000042   Code   RO         1775    i._rt_timer_init    timer.o
    0x08001f26   0x0000002e   Code   RO         1776    i._rt_timer_remove  timer.o
    0x08001f54   0x000000c4   Code   RO          785    i.aes_decrypt_buff  drv_encrypt.o
    0x08002018   0x00000100   Code   RO          786    i.aes_encrypt_buff  drv_encrypt.o
    0x08002118   0x00000274   Code   RO         2613    i.aes_gen_tables    aes.o
    0x0800238c   0x00000010   Code   RO          356    i.app_sx1278_cs0    app_sx1278.o
    0x0800239c   0x00000010   Code   RO          357    i.app_sx1278_cs1    app_sx1278.o
    0x080023ac   0x00000128   Code   RO          358    i.app_sx1278_hal_init  app_sx1278.o
    0x080024d4   0x00000018   Code   RO          359    i.app_sx1278_init   app_sx1278.o
    0x080024ec   0x00000028   Code   RO          360    i.app_sx1278_reset  app_sx1278.o
    0x08002514   0x00000038   Code   RO          361    i.app_sx1278_spi_rw_byte  app_sx1278.o
    0x0800254c   0x00000030   Code   RO          362    i.app_sx1278_thread_entry  app_sx1278.o
    0x0800257c   0x00000094   Code   RO          309    i.app_uart_thread_entry  user_app.o
    0x08002610   0x0000001a   Code   RO         2428    i.bsp_pow2          drv_sx1278.o
    0x0800262a   0x00000002   PAD
    0x0800262c   0x00000028   Code   RO          363    i.bsp_sx1278_set_param  app_sx1278.o
    0x08002654   0x00000020   Code   RO          428    i.delay_ms          drv_common.o
    0x08002674   0x00000018   Code   RO          429    i.delay_os          drv_common.o
    0x0800268c   0x00000098   Code   RO          432    i.drv_common_init   drv_common.o
    0x08002724   0x00000038   Code   RO          433    i.drv_crc16         drv_common.o
    0x0800275c   0x0000000c   Code   RO          437    i.drv_get_sec_counter  drv_common.o
    0x08002768   0x000000f4   Code   RO          438    i.drv_rtc_init      drv_common.o
    0x0800285c   0x0000000c   Code   RO          439    i.drv_set_rtc_counter  drv_common.o
    0x08002868   0x00000080   Code   RO         2429    i.drv_sx1278_cad_check  drv_sx1278.o
    0x080028e8   0x0000003e   Code   RO         2430    i.drv_sx1278_cad_init  drv_sx1278.o
    0x08002926   0x00000002   PAD
    0x08002928   0x00000138   Code   RO         2431    i.drv_sx1278_calcu_air_time  drv_sx1278.o
    0x08002a60   0x0000003e   Code   RO         2432    i.drv_sx1278_get_rf_freq  drv_sx1278.o
    0x08002a9e   0x0000000e   Code   RO         2433    i.drv_sx1278_get_version  drv_sx1278.o
    0x08002aac   0x00000044   Code   RO         2434    i.drv_sx1278_init   drv_sx1278.o
    0x08002af0   0x0000005c   Code   RO         2435    i.drv_sx1278_read_rssi  drv_sx1278.o
    0x08002b4c   0x00000066   Code   RO         2436    i.drv_sx1278_recv_check  drv_sx1278.o
    0x08002bb2   0x00000052   Code   RO         2437    i.drv_sx1278_recv_init  drv_sx1278.o
    0x08002c04   0x00000090   Code   RO         2438    i.drv_sx1278_send   drv_sx1278.o
    0x08002c94   0x00000026   Code   RO         2439    i.drv_sx1278_send_check  drv_sx1278.o
    0x08002cba   0x00000020   Code   RO         2440    i.drv_sx1278_set_bw  drv_sx1278.o
    0x08002cda   0x00000002   PAD
    0x08002cdc   0x00000090   Code   RO         2441    i.drv_sx1278_set_default_param  drv_sx1278.o
    0x08002d6c   0x00000024   Code   RO         2442    i.drv_sx1278_set_error_coding  drv_sx1278.o
    0x08002d90   0x00000022   Code   RO         2444    i.drv_sx1278_set_implicit_header_on  drv_sx1278.o
    0x08002db2   0x00000022   Code   RO         2445    i.drv_sx1278_set_lowdatarateoptimize  drv_sx1278.o
    0x08002dd4   0x00000022   Code   RO         2446    i.drv_sx1278_set_nb_trig_peaks  drv_sx1278.o
    0x08002df6   0x00000044   Code   RO         2447    i.drv_sx1278_set_on  drv_sx1278.o
    0x08002e3a   0x00000022   Code   RO         2448    i.drv_sx1278_set_op_mode  drv_sx1278.o
    0x08002e5c   0x0000003c   Code   RO         2449    i.drv_sx1278_set_pa20dBm  drv_sx1278.o
    0x08002e98   0x00000022   Code   RO         2450    i.drv_sx1278_set_pa_output  drv_sx1278.o
    0x08002eba   0x00000022   Code   RO         2451    i.drv_sx1278_set_packet_crc_on  drv_sx1278.o
    0x08002edc   0x00000012   Code   RO         2452    i.drv_sx1278_set_payload_length  drv_sx1278.o
    0x08002eee   0x00000002   PAD
    0x08002ef0   0x0000004c   Code   RO         2454    i.drv_sx1278_set_rf_freq  drv_sx1278.o
    0x08002f3c   0x00000098   Code   RO         2455    i.drv_sx1278_set_rf_power  drv_sx1278.o
    0x08002fd4   0x00000058   Code   RO         2456    i.drv_sx1278_set_sf  drv_sx1278.o
    0x0800302c   0x00000034   Code   RO         2457    i.drv_sx1278_set_symb_timeout  drv_sx1278.o
    0x08003060   0x00000040   Code   RO          441    i.drv_system_reset  drv_common.o
    0x080030a0   0x00000002   Code   RO          442    i.drv_wdog_feed     drv_common.o
    0x080030a2   0x00000002   Code   RO          443    i.drv_wdog_init     drv_common.o
    0x080030a4   0x00000024   Code   RO          575    i.fputc             drv_uart.o
    0x080030c8   0x0000001c   Code   RO         2374    i.hal_sx1278_read_addr  hal_sx1278.o
    0x080030e4   0x0000003a   Code   RO         2375    i.hal_sx1278_read_buffer  hal_sx1278.o
    0x0800311e   0x00000016   Code   RO         2376    i.hal_sx1278_read_fifo  hal_sx1278.o
    0x08003134   0x0000000a   Code   RO         2377    i.hal_sx1278_rst    hal_sx1278.o
    0x0800313e   0x00000012   Code   RO         2378    i.hal_sx1278_spi_rw_byte  hal_sx1278.o
    0x08003150   0x00000014   Code   RO         2379    i.hal_sx1278_write_addr  hal_sx1278.o
    0x08003164   0x00000038   Code   RO         2380    i.hal_sx1278_write_buffer  hal_sx1278.o
    0x0800319c   0x00000016   Code   RO         2381    i.hal_sx1278_write_fifo  hal_sx1278.o
    0x080031b2   0x00000002   PAD
    0x080031b4   0x000000a8   Code   RO          204    i.main              main.o
    0x0800325c   0x0000000e   Code   RO          919    i.main_thread_entry  components.o
    0x0800326a   0x000000a2   Code   RO         2614    i.mbedtls_aes_crypt_cbc  aes.o
    0x0800330c   0x00000026   Code   RO         2618    i.mbedtls_aes_crypt_ecb  aes.o
    0x08003332   0x00000016   Code   RO         2621    i.mbedtls_aes_free  aes.o
    0x08003348   0x00000010   Code   RO         2622    i.mbedtls_aes_init  aes.o
    0x08003358   0x000000e0   Code   RO         2624    i.mbedtls_aes_setkey_dec  aes.o
    0x08003438   0x00000214   Code   RO         2625    i.mbedtls_aes_setkey_enc  aes.o
    0x0800364c   0x00000504   Code   RO         2626    i.mbedtls_internal_aes_decrypt  aes.o
    0x08003b50   0x00000504   Code   RO         2627    i.mbedtls_internal_aes_encrypt  aes.o
    0x08004054   0x00000016   Code   RO         2628    i.mbedtls_zeroize   aes.o
    0x0800406a   0x00000024   Code   RO         2919    i.nwk_aes_decrypt   nwk_bsp.o
    0x0800408e   0x00000024   Code   RO         2920    i.nwk_aes_encrypt   nwk_bsp.o
    0x080040b2   0x00000010   Code   RO         2921    i.nwk_crc16         nwk_bsp.o
    0x080040c2   0x0000000c   Code   RO         2922    i.nwk_delay_ms      nwk_bsp.o
    0x080040ce   0x00000048   Code   RO         2926    i.nwk_find_head     nwk_bsp.o
    0x08004116   0x00000002   PAD
    0x08004118   0x00000024   Code   RO         2927    i.nwk_get_channel   nwk_bsp.o
    0x0800413c   0x0000002c   Code   RO         2928    i.nwk_get_rand      nwk_bsp.o
    0x08004168   0x00000008   Code   RO         2929    i.nwk_get_rtc_counter  nwk_bsp.o
    0x08004170   0x0000001c   Code   RO         2723    i.nwk_node_cad_check  nwk_node.o
    0x0800418c   0x0000001c   Code   RO         2724    i.nwk_node_cad_init  nwk_node.o
    0x080041a8   0x0000001e   Code   RO         2725    i.nwk_node_calcu_air_time  nwk_node.o
    0x080041c6   0x00000002   PAD
    0x080041c8   0x00000068   Code   RO         2726    i.nwk_node_main     nwk_node.o
    0x08004230   0x00000194   Code   RO         2727    i.nwk_node_make_send_buff  nwk_node.o
    0x080043c4   0x00000034   Code   RO         2729    i.nwk_node_recv_check  nwk_node.o
    0x080043f8   0x00000018   Code   RO         2730    i.nwk_node_recv_from_check  nwk_node.o
    0x08004410   0x0000001c   Code   RO         2731    i.nwk_node_recv_init  nwk_node.o
    0x0800442c   0x00000454   Code   RO         2732    i.nwk_node_recv_parse  nwk_node.o
    0x08004880   0x000001d4   Code   RO         2734    i.nwk_node_rx_process  nwk_node.o
    0x08004a54   0x0000002c   Code   RO         2736    i.nwk_node_search_gw  nwk_node.o
    0x08004a80   0x0000019c   Code   RO         2737    i.nwk_node_search_process  nwk_node.o
    0x08004c1c   0x00000024   Code   RO         2738    i.nwk_node_select_gw  nwk_node.o
    0x08004c40   0x00000024   Code   RO         2741    i.nwk_node_send_buff  nwk_node.o
    0x08004c64   0x0000001c   Code   RO         2742    i.nwk_node_send_check  nwk_node.o
    0x08004c80   0x00000090   Code   RO         2743    i.nwk_node_send_sniff  nwk_node.o
    0x08004d10   0x00000038   Code   RO         2744    i.nwk_node_set_lora_param  nwk_node.o
    0x08004d48   0x0000001c   Code   RO         2745    i.nwk_node_sleep_init  nwk_node.o
    0x08004d64   0x00000010   Code   RO         2746    i.nwk_node_tx_d2d_process  nwk_node.o
    0x08004d74   0x00000480   Code   RO         2747    i.nwk_node_tx_gw_process  nwk_node.o
    0x080051f4   0x0000028c   Code   RO         2748    i.nwk_node_work_check  nwk_node.o
    0x08005480   0x0000000c   Code   RO         2749    i.nwk_set_lora_dev  nwk_node.o
    0x0800548c   0x0000000c   Code   RO         2930    i.nwk_set_rtc_counter  nwk_bsp.o
    0x08005498   0x0000001e   Code   RO         3018    i.nwk_slave_calcu_air_time  nwk_slave.o
    0x080054b6   0x00000002   PAD
    0x080054b8   0x00000024   Code   RO         3026    i.nwk_slave_send_buff  nwk_slave.o
    0x080054dc   0x0000000c   Code   RO         3032    i.nwk_slave_set_lora_dev  nwk_slave.o
    0x080054e8   0x00000038   Code   RO         3033    i.nwk_slave_set_lora_param  nwk_slave.o
    0x08005520   0x000002b0   Code   RO         3035    i.nwk_slave_uart_parse  nwk_slave.o
    0x080057d0   0x00000014   Code   RO         2931    i.nwk_tea_decrypt   nwk_bsp.o
    0x080057e4   0x00000014   Code   RO         2932    i.nwk_tea_encrypt   nwk_bsp.o
    0x080057f8   0x00000078   Code   RO         1447    i.plug_holes        mem.o
    0x08005870   0x00000040   Code   RO          446    i.printf_hex        drv_common.o
    0x080058b0   0x00000030   Code   RO          920    i.rt_application_init  components.o
    0x080058e0   0x0000001c   Code   RO          921    i.rt_components_board_init  components.o
    0x080058fc   0x0000001c   Code   RO          922    i.rt_components_init  components.o
    0x08005918   0x00000020   Code   RO         1579    i.rt_enter_critical  scheduler.o
    0x08005938   0x0000003c   Code   RO         1580    i.rt_exit_critical  scheduler.o
    0x08005974   0x00000078   Code   RO         1449    i.rt_free           mem.o
    0x080059ec   0x00000008   Code   RO          655    i.rt_heap_begin_get  board.o
    0x080059f4   0x00000008   Code   RO          656    i.rt_heap_end_get   board.o
    0x080059fc   0x0000003c   Code   RO          657    i.rt_hw_board_init  board.o
    0x08005a38   0x00000024   Code   RO          849    i.rt_hw_hard_fault_exception  cpuport.o
    0x08005a5c   0x0000004c   Code   RO          850    i.rt_hw_stack_init  cpuport.o
    0x08005aa8   0x00000020   Code   RO         1262    i.rt_interrupt_enter  irq.o
    0x08005ac8   0x00000020   Code   RO         1264    i.rt_interrupt_leave  irq.o
    0x08005ae8   0x00000014   Code   RO         1032    i.rt_ipc_list_resume  ipc.o
    0x08005afc   0x0000006c   Code   RO         1034    i.rt_ipc_list_suspend  ipc.o
    0x08005b68   0x00000010   Code   RO         1035    i.rt_ipc_object_init  ipc.o
    0x08005b78   0x00000006   Code   RO         1036    i.rt_list_init      ipc.o
    0x08005b7e   0x00000006   Code   RO         1581    i.rt_list_init      scheduler.o
    0x08005b84   0x00000006   Code   RO         1777    i.rt_list_init      timer.o
    0x08005b8a   0x0000000e   Code   RO         1509    i.rt_list_insert_after  object.o
    0x08005b98   0x0000000e   Code   RO         1661    i.rt_list_insert_after  thread.o
    0x08005ba6   0x0000000e   Code   RO         1778    i.rt_list_insert_after  timer.o
    0x08005bb4   0x0000000e   Code   RO         1037    i.rt_list_insert_before  ipc.o
    0x08005bc2   0x00000010   Code   RO         1038    i.rt_list_isempty   ipc.o
    0x08005bd2   0x00000010   Code   RO         1779    i.rt_list_isempty   timer.o
    0x08005be2   0x00000012   Code   RO         1510    i.rt_list_remove    object.o
    0x08005bf4   0x00000012   Code   RO         1662    i.rt_list_remove    thread.o
    0x08005c06   0x00000002   PAD
    0x08005c08   0x0000016c   Code   RO         1450    i.rt_malloc         mem.o
    0x08005d74   0x00000048   Code   RO         1298    i.rt_memset         kservice.o
    0x08005dbc   0x0000004a   Code   RO         1511    i.rt_object_allocate  object.o
    0x08005e06   0x00000020   Code   RO         1512    i.rt_object_delete  object.o
    0x08005e26   0x0000001a   Code   RO         1513    i.rt_object_detach  object.o
    0x08005e40   0x00000028   Code   RO         1515    i.rt_object_get_information  object.o
    0x08005e68   0x0000003c   Code   RO         1516    i.rt_object_init    object.o
    0x08005ea4   0x00000012   Code   RO         1517    i.rt_object_is_systemobject  object.o
    0x08005eb6   0x00000002   PAD
    0x08005eb8   0x00000090   Code   RO         1582    i.rt_schedule       scheduler.o
    0x08005f48   0x00000050   Code   RO         1583    i.rt_schedule_insert_thread  scheduler.o
    0x08005f98   0x00000054   Code   RO         1584    i.rt_schedule_remove_thread  scheduler.o
    0x08005fec   0x00000026   Code   RO         1066    i.rt_sem_init       ipc.o
    0x08006012   0x0000003a   Code   RO         1067    i.rt_sem_release    ipc.o
    0x0800604c   0x00000074   Code   RO         1068    i.rt_sem_take       ipc.o
    0x080060c0   0x00000002   Code   RO         1300    i.rt_show_version   kservice.o
    0x080060c2   0x00000034   Code   RO         1308    i.rt_strncpy        kservice.o
    0x080060f6   0x00000002   PAD
    0x080060f8   0x000000b0   Code   RO         1453    i.rt_system_heap_init  mem.o
    0x080061a8   0x0000004c   Code   RO         1585    i.rt_system_scheduler_init  scheduler.o
    0x080061f4   0x00000030   Code   RO         1586    i.rt_system_scheduler_start  scheduler.o
    0x08006224   0x0000001c   Code   RO         1780    i.rt_system_timer_init  timer.o
    0x08006240   0x00000002   Code   RO         1781    i.rt_system_timer_thread_init  timer.o
    0x08006242   0x00000050   Code   RO         1664    i.rt_thread_create  thread.o
    0x08006292   0x0000000c   Code   RO         1665    i.rt_thread_delay   thread.o
    0x0800629e   0x00000002   PAD
    0x080062a0   0x00000054   Code   RO         1668    i.rt_thread_exit    thread.o
    0x080062f4   0x00000008   Code   RO          993    i.rt_thread_idle_entry  idle.o
    0x080062fc   0x00000084   Code   RO          994    i.rt_thread_idle_excute  idle.o
    0x08006380   0x0000003c   Code   RO          996    i.rt_thread_idle_init  idle.o
    0x080063bc   0x00000034   Code   RO         1670    i.rt_thread_init    thread.o
    0x080063f0   0x0000003c   Code   RO         1671    i.rt_thread_resume  thread.o
    0x0800642c   0x0000000c   Code   RO         1672    i.rt_thread_self    thread.o
    0x08006438   0x00000044   Code   RO         1673    i.rt_thread_sleep   thread.o
    0x0800647c   0x0000002c   Code   RO         1674    i.rt_thread_startup  thread.o
    0x080064a8   0x00000044   Code   RO         1675    i.rt_thread_suspend  thread.o
    0x080064ec   0x00000020   Code   RO         1676    i.rt_thread_timeout  thread.o
    0x0800650c   0x00000064   Code   RO         1677    i.rt_thread_yield   thread.o
    0x08006570   0x0000000c   Code   RO          882    i.rt_tick_get       clock.o
    0x0800657c   0x00000030   Code   RO          883    i.rt_tick_increase  clock.o
    0x080065ac   0x0000007c   Code   RO         1782    i.rt_timer_check    timer.o
    0x08006628   0x00000038   Code   RO         1783    i.rt_timer_control  timer.o
    0x08006660   0x00000020   Code   RO         1786    i.rt_timer_detach   timer.o
    0x08006680   0x0000002e   Code   RO         1787    i.rt_timer_init     timer.o
    0x080066ae   0x00000002   PAD
    0x080066b0   0x000000f8   Code   RO         1790    i.rt_timer_start    timer.o
    0x080067a8   0x00000030   Code   RO         1791    i.rt_timer_stop     timer.o
    0x080067d8   0x00000004   Code   RO          923    i.rti_board_end     components.o
    0x080067dc   0x00000004   Code   RO          924    i.rti_board_start   components.o
    0x080067e0   0x00000004   Code   RO          925    i.rti_end           components.o
    0x080067e4   0x00000004   Code   RO          926    i.rti_start         components.o
    0x080067e8   0x0000002a   Code   RO          927    i.rtthread_startup  components.o
    0x08006812   0x00000002   PAD
    0x08006814   0x00000068   Code   RO          787    i.tea_decrypt_buff  drv_encrypt.o
    0x0800687c   0x00000068   Code   RO          788    i.tea_encrypt_buff  drv_encrypt.o
    0x080068e4   0x00000200   Data   RO          448    .constdata          drv_common.o
    0x08006ae4   0x00000122   Data   RO         1314    .constdata          kservice.o
    0x08006c06   0x0000002a   Data   RO         2933    .constdata          nwk_bsp.o
    0x08006c30   0x00000004   Data   RO          928    .rti_fn.0           components.o
    0x08006c34   0x00000004   Data   RO          929    .rti_fn.0.end       components.o
    0x08006c38   0x00000004   Data   RO          930    .rti_fn.1.end       components.o
    0x08006c3c   0x00000004   Data   RO          931    .rti_fn.6.end       components.o
    0x08006c40   0x00000020   Data   RO         4826    Region$$Table       anon$$obj.o


    Execution Region RW_IRAM1 (Base: 0x20000000, Size: 0x000043a8, Max: 0x00005000, ABSOLUTE)

    Base Addr    Size         Type   Attr      Idx    E Section Name        Object

    0x20000000   0x00000014   Data   RW          169    .data               system_stm32f10x.o
    0x20000014   0x00000004   Data   RW          310    .data               user_app.o
    0x20000018   0x0000000d   Data   RW          449    .data               drv_common.o
    0x20000025   0x00000003   PAD
    0x20000028   0x00000004   Data   RW          659    .data               board.o
    0x2000002c   0x00000010   Data   RW          851    .data               cpuport.o
    0x2000003c   0x00000004   Data   RW          885    .data               clock.o
    0x20000040   0x00000001   Data   RW         1265    .data               irq.o
    0x20000041   0x00000003   PAD
    0x20000044   0x00000018   Data   RW         1455    .data               mem.o
    0x2000005c   0x00000060   Data   RW         1519    .data               object.o
    0x200000bc   0x00000018   Data   RW         1588    .data               scheduler.o
    0x200000d4   0x0000000c   Data   RW         1792    .data               timer.o
    0x200000e0   0x00000004   Data   RW         2631    .data               aes.o
    0x200000e4   0x00000014   Data   RW         2755    .data               nwk_node.o
    0x200000f8   0x00000004   Data   RW         2934    .data               nwk_bsp.o
    0x200000fc   0x00000004   Data   RW         3039    .data               nwk_slave.o
    0x20000100   0x00000014   Data   RW         3821    .data               f103c8t6.lib(stm32f10x_rcc.o)
    0x20000114   0x00000004   Data   RW         4461    .data               mc_w.l(rand.o)
    0x20000118   0x00000004   Data   RW         4802    .data               mc_w.l(stdout.o)
    0x2000011c   0x00000010   Zero   RW          364    .bss                app_sx1278.o
    0x2000012c   0x0000033c   Zero   RW          576    .bss                drv_uart.o
    0x20000468   0x00000800   Zero   RW          658    .bss                board.o
    0x20000c68   0x00000118   Zero   RW          789    .bss                drv_encrypt.o
    0x20000d80   0x00000178   Zero   RW          997    .bss                idle.o
    0x20000ef8   0x00000020   Zero   RW         1454    .bss                mem.o
    0x20000f18   0x00000100   Zero   RW         1587    .bss                scheduler.o
    0x20001018   0x00002a28   Zero   RW         2629    .bss                aes.o
    0x20003a40   0x0000030c   Zero   RW         2754    .bss                nwk_node.o
    0x20003d4c   0x00000458   Zero   RW         3038    .bss                nwk_slave.o
    0x200041a4   0x00000004   PAD
    0x200041a8   0x00000200   Zero   RW           17    STACK               startup_stm32f10x_md.o


==============================================================================

Image component sizes


      Code (inc. data)   RO Data    RW Data    ZI Data      Debug   Object Name

      4212        130          0          4      10792      12682   aes.o
       536        100          0          0         16      10698   app_sx1278.o
       184         26          0          4       2048       4429   board.o
        60         12          0          4          0       1237   clock.o
       190         30         16          0          0       5948   components.o
       240         26          0          0          0        812   context_rvds.o
         0          0          0          0          0       4572   core_cm3.o
       112         10          0         16          0       3218   cpuport.o
       664        176        512         13          0       7045   drv_common.o
       868         68          0          0        280       6494   drv_encrypt.o
      2060        166          0          0          0      19083   drv_sx1278.o
      1032        102          0          0        828       6574   drv_uart.o
       234          0          0          0          0       5687   hal_sx1278.o
       220         30          0          0        376       5134   idle.o
       392          0          0          0          0       7905   ipc.o
        64         12          0          1          0       1646   irq.o
       202          6        290          0          0       5512   kservice.o
       168        112          0          0          0       8068   main.o
       780         92          0         24         32       3972   mem.o
       312         12         42          4          0       7828   nwk_bsp.o
      4890        920          0         20        780      20648   nwk_node.o
       822        140          0          4       1112       7862   nwk_slave.o
       282          4          0         96          0       7852   object.o
       530         88          0         24        256       8078   scheduler.o
        36          8        236          0        512        836   startup_stm32f10x_md.o
        36          0          0          0          0     237352   stm32f10x_it.o
       340         30          0         20          0       2530   system_stm32f10x.o
       776         36          0          0          0      11479   thread.o
       732         20          0         12          0      10840   timer.o
       240         64          0          4          0       1547   user_app.o

    ----------------------------------------------------------------------
     21254       2420       1128        256      17036     437568   Object Totals
         0          0         32          0          0          0   (incl. Generated)
        40          0          0          6          4          0   (incl. Padding)

    ----------------------------------------------------------------------

      Code (inc. data)   RO Data    RW Data    ZI Data      Debug   Library Member Name

       116         14          0          0          0     237676   misc.o
       112         22          0          0          0       3729   stm32f10x_bkp.o
        52         12          0          0          0       1077   stm32f10x_flash.o
       426          6          0          0          0       3834   stm32f10x_gpio.o
        12          6          0          0          0        510   stm32f10x_pwr.o
       680        122          0         20          0      12280   stm32f10x_rcc.o
       172         32          0          0          0       3505   stm32f10x_rtc.o
       112          0          0          0          0       3802   stm32f10x_spi.o
       490          6          0          0          0       7265   stm32f10x_usart.o
        80         18          0          0          0       2280   stm32f10x_wwdg.o
         0          0          0          0          0          0   entry.o
         0          0          0          0          0          0   entry10a.o
         0          0          0          0          0          0   entry11a.o
         8          4          0          0          0          0   entry2.o
         4          0          0          0          0          0   entry5.o
         0          0          0          0          0          0   entry7b.o
         0          0          0          0          0          0   entry8b.o
         8          4          0          0          0          0   entry9a.o
        30          0          0          0          0          0   handlers.o
        36          8          0          0          0         68   init.o
         0          0          0          0          0          0   iusefp.o
        30          0          0          0          0         68   llshl.o
        36          0          0          0          0         68   llsshr.o
        32          0          0          0          0         68   llushr.o
        26          0          0          0          0         80   memcmp.o
        36          0          0          0          0         68   memcpya.o
        36          0          0          0          0        108   memseta.o
      1154         54          0          0          0        352   printf8.o
        36         10          0          4          0        136   rand.o
         0          0          0          4          0          0   stdout.o
        18          0          0          0          0         68   strcpy.o
        14          0          0          0          0         68   strlen.o
        36          0          0          0          0         80   strstr.o
        98          0          0          0          0         92   uldiv.o
       334          0          0          0          0        148   dadd.o
       222          0          0          0          0        100   ddiv.o
       186          0          0          0          0        176   depilogue.o
        50          0          0          0          0         76   dfixui.o
        34          0          0          0          0         76   dflti.o
        26          0          0          0          0         76   dfltui.o
       228          0          0          0          0         96   dmul.o
       124          0          0          0          0         88   fdiv.o
       110          0          0          0          0        168   fepilogue.o
        40          0          0          0          0         68   ffixui.o
        10          0          0          0          0         68   ffltui.o
       100          0          0          0          0         76   fmul.o

    ----------------------------------------------------------------------
      5362        318          0         28          0     278498   Library Totals
         8          0          0          0          0          0   (incl. Padding)

    ----------------------------------------------------------------------

      Code (inc. data)   RO Data    RW Data    ZI Data      Debug   Library Name

      2252        238          0         20          0     275958   f103c8t6.lib
      1638         80          0          8          0       1324   mc_w.l
      1464          0          0          0          0       1216   mf_w.l

    ----------------------------------------------------------------------
      5362        318          0         28          0     278498   Library Totals

    ----------------------------------------------------------------------

==============================================================================


      Code (inc. data)   RO Data    RW Data    ZI Data      Debug   

     26616       2738       1128        284      17036     700982   Grand Totals
     26616       2738       1128        284      17036     700982   ELF Image Totals
     26616       2738       1128        284          0          0   ROM Totals

==============================================================================

    Total RO  Size (Code + RO Data)                27744 (  27.09kB)
    Total RW  Size (RW Data + ZI Data)             17320 (  16.91kB)
    Total ROM Size (Code + RO Data + RW Data)      28028 (  27.37kB)

==============================================================================

