Component: ARM Compiler 5.06 update 4 (build 422) Tool: armlink [4d35d2]

==============================================================================

Section Cross References

    startup_stm32f10x_md.o(RESET) refers to startup_stm32f10x_md.o(STACK) for __initial_sp
    startup_stm32f10x_md.o(RESET) refers to startup_stm32f10x_md.o(.text) for Reset_Handler
    startup_stm32f10x_md.o(RESET) refers to stm32f10x_it.o(i.NMI_Handler) for NMI_Handler
    startup_stm32f10x_md.o(RESET) refers to context_rvds.o(.text) for HardFault_Handler
    startup_stm32f10x_md.o(RESET) refers to stm32f10x_it.o(i.MemManage_Handler) for MemManage_Handler
    startup_stm32f10x_md.o(RESET) refers to stm32f10x_it.o(i.BusFault_Handler) for BusFault_Handler
    startup_stm32f10x_md.o(RESET) refers to stm32f10x_it.o(i.UsageFault_Handler) for UsageFault_Handler
    startup_stm32f10x_md.o(RESET) refers to stm32f10x_it.o(i.SVC_Handler) for SVC_Handler
    startup_stm32f10x_md.o(RESET) refers to stm32f10x_it.o(i.DebugMon_Handler) for DebugMon_Handler
    startup_stm32f10x_md.o(RESET) refers to board.o(i.SysTick_Handler) for SysTick_Handler
    startup_stm32f10x_md.o(RESET) refers to stm32f10x_it.o(i.RTC_IRQHandler) for RTC_IRQHandler
    startup_stm32f10x_md.o(RESET) refers to drv_uart.o(i.USART1_IRQHandler) for USART1_IRQHandler
    startup_stm32f10x_md.o(RESET) refers to drv_uart.o(i.USART2_IRQHandler) for USART2_IRQHandler
    startup_stm32f10x_md.o(RESET) refers to drv_uart.o(i.USART3_IRQHandler) for USART3_IRQHandler
    startup_stm32f10x_md.o(.text) refers to system_stm32f10x.o(i.SystemInit) for SystemInit
    startup_stm32f10x_md.o(.text) refers to entry.o(.ARM.Collect$$$$00000000) for __main
    stm32f10x_it.o(i.RTC_IRQHandler) refers to stm32f10x_rtc.o(i.RTC_GetITStatus) for RTC_GetITStatus
    stm32f10x_it.o(i.RTC_IRQHandler) refers to stm32f10x_rtc.o(i.RTC_ClearITPendingBit) for RTC_ClearITPendingBit
    system_stm32f10x.o(i.HSI_Config) refers to stm32f10x_rcc.o(i.RCC_DeInit) for RCC_DeInit
    system_stm32f10x.o(i.HSI_Config) refers to stm32f10x_rcc.o(i.RCC_HSICmd) for RCC_HSICmd
    system_stm32f10x.o(i.HSI_Config) refers to stm32f10x_rcc.o(i.RCC_GetFlagStatus) for RCC_GetFlagStatus
    system_stm32f10x.o(i.HSI_Config) refers to stm32f10x_rcc.o(i.RCC_HCLKConfig) for RCC_HCLKConfig
    system_stm32f10x.o(i.HSI_Config) refers to stm32f10x_rcc.o(i.RCC_PCLK2Config) for RCC_PCLK2Config
    system_stm32f10x.o(i.HSI_Config) refers to stm32f10x_rcc.o(i.RCC_PCLK1Config) for RCC_PCLK1Config
    system_stm32f10x.o(i.HSI_Config) refers to stm32f10x_flash.o(i.FLASH_SetLatency) for FLASH_SetLatency
    system_stm32f10x.o(i.HSI_Config) refers to stm32f10x_flash.o(i.FLASH_PrefetchBufferCmd) for FLASH_PrefetchBufferCmd
    system_stm32f10x.o(i.HSI_Config) refers to stm32f10x_rcc.o(i.RCC_PLLConfig) for RCC_PLLConfig
    system_stm32f10x.o(i.HSI_Config) refers to stm32f10x_rcc.o(i.RCC_PLLCmd) for RCC_PLLCmd
    system_stm32f10x.o(i.HSI_Config) refers to stm32f10x_rcc.o(i.RCC_SYSCLKConfig) for RCC_SYSCLKConfig
    system_stm32f10x.o(i.HSI_Config) refers to stm32f10x_rcc.o(i.RCC_GetSYSCLKSource) for RCC_GetSYSCLKSource
    system_stm32f10x.o(i.HSI_Config) refers to stm32f10x_rcc.o(i.RCC_APB2PeriphClockCmd) for RCC_APB2PeriphClockCmd
    system_stm32f10x.o(i.HSI_Config) refers to stm32f10x_gpio.o(i.GPIO_PinRemapConfig) for GPIO_PinRemapConfig
    system_stm32f10x.o(i.HSI_Config) refers to stm32f10x_gpio.o(i.GPIO_Init) for GPIO_Init
    system_stm32f10x.o(i.HSI_Config) refers to stm32f10x_gpio.o(i.GPIO_ResetBits) for GPIO_ResetBits
    system_stm32f10x.o(i.SetSysClock) refers to system_stm32f10x.o(i.SetSysClockTo72) for SetSysClockTo72
    system_stm32f10x.o(i.SystemCoreClockUpdate) refers to system_stm32f10x.o(.data) for SystemCoreClock
    system_stm32f10x.o(i.SystemInit) refers to system_stm32f10x.o(i.HSI_Config) for HSI_Config
    main.o(i.main) refers to printfa.o(i.__0printf) for __2printf
    main.o(i.main) refers to user_app.o(i.APP_Init) for APP_Init
    main.o(i.main) refers to drv_common.o(i.drv_wdog_feed) for drv_wdog_feed
    main.o(i.main) refers to drv_common.o(i.drv_get_sec_counter) for drv_get_sec_counter
    main.o(i.main) refers to drv_common.o(i.drv_get_rtc_counter) for drv_get_rtc_counter
    main.o(i.main) refers to drv_common.o(i.delay_os) for delay_os
    user_app.o(i.APP_Init) refers to thread.o(i.rt_thread_create) for rt_thread_create
    user_app.o(i.APP_Init) refers to thread.o(i.rt_thread_startup) for rt_thread_startup
    user_app.o(i.APP_Init) refers to user_app.o(i.app_uart_thread_entry) for app_uart_thread_entry
    user_app.o(i.APP_Init) refers to app_node.o(i.app_node_thread_entry) for app_node_thread_entry
    user_app.o(i.APP_Init) refers to app_oled96.o(i.app_oled96_thread_entry) for app_oled96_thread_entry
    user_app.o(i.app_uart_send) refers to drv_uart.o(i.UART2_Send) for UART2_Send
    user_app.o(i.app_uart_thread_entry) refers to drv_common.o(i.delay_ms) for delay_ms
[...]
    ADC_Cmd                                  0x08000ce5   Thumb Code    22  stm32f10x_adc.o(i.ADC_Cmd)
    ADC_DeInit                               0x08000cfd   Thumb Code    78  stm32f10x_adc.o(i.ADC_DeInit)
    ADC_GetCalibrationStatus                 0x08000d59   Thumb Code    20  stm32f10x_adc.o(i.ADC_GetCalibrationStatus)
    ADC_GetConversionValue                   0x08000d6d   Thumb Code     8  stm32f10x_adc.o(i.ADC_GetConversionValue)
    ADC_GetFlagStatus                        0x08000d75   Thumb Code    18  stm32f10x_adc.o(i.ADC_GetFlagStatus)
    ADC_GetResetCalibrationStatus            0x08000d87   Thumb Code    20  stm32f10x_adc.o(i.ADC_GetResetCalibrationStatus)
    ADC_Init                                 0x08000d9d   Thumb Code    70  stm32f10x_adc.o(i.ADC_Init)
    ADC_RegularChannelConfig                 0x08000ded   Thumb Code   184  stm32f10x_adc.o(i.ADC_RegularChannelConfig)
    ADC_ResetCalibration                     0x08000ea5   Thumb Code    10  stm32f10x_adc.o(i.ADC_ResetCalibration)
    ADC_SoftwareStartConvCmd                 0x08000eaf   Thumb Code    22  stm32f10x_adc.o(i.ADC_SoftwareStartConvCmd)
    ADC_StartCalibration                     0x08000ec5   Thumb Code    10  stm32f10x_adc.o(i.ADC_StartCalibration)
    APP_Init                                 0x08000ed1   Thumb Code    96  user_app.o(i.APP_Init)
    BKP_DeInit                               0x08000f55   Thumb Code    16  stm32f10x_bkp.o(i.BKP_DeInit)
    BKP_RTCOutputConfig                      0x08000f65   Thumb Code    22  stm32f10x_bkp.o(i.BKP_RTCOutputConfig)
    BKP_ReadBackupRegister                   0x08000f81   Thumb Code    24  stm32f10x_bkp.o(i.BKP_ReadBackupRegister)
    BKP_TamperPinCmd                         0x08000f9d   Thumb Code     6  stm32f10x_bkp.o(i.BKP_TamperPinCmd)
    BKP_WriteBackupRegister                  0x08000fa9   Thumb Code    22  stm32f10x_bkp.o(i.BKP_WriteBackupRegister)
    BusFault_Handler                         0x08000fc5   Thumb Code     4  stm32f10x_it.o(i.BusFault_Handler)
    DebugMon_Handler                         0x08000fc9   Thumb Code     2  stm32f10x_it.o(i.DebugMon_Handler)
    DecryptTEA                               0x08000fcd   Thumb Code   102  drv_encrypt.o(i.DecryptTEA)
    EEPROM_Read                              0x08001039   Thumb Code    66  drv_common.o(i.EEPROM_Read)
    EEPROM_Write                             0x08001085   Thumb Code    88  drv_common.o(i.EEPROM_Write)
    EncryptTEA                               0x080010e5   Thumb Code    96  drv_encrypt.o(i.EncryptTEA)
    FLASH_ErasePage                          0x08001149   Thumb Code    72  stm32f10x_flash.o(i.FLASH_ErasePage)
    FLASH_GetBank1Status                     0x08001195   Thumb Code    48  stm32f10x_flash.o(i.FLASH_GetBank1Status)
    FLASH_Lock                               0x080011c9   Thumb Code    14  stm32f10x_flash.o(i.FLASH_Lock)
    FLASH_PrefetchBufferCmd                  0x080011dd   Thumb Code    22  stm32f10x_flash.o(i.FLASH_PrefetchBufferCmd)
    FLASH_ProgramWord                        0x080011f9   Thumb Code   102  stm32f10x_flash.o(i.FLASH_ProgramWord)
    FLASH_SetLatency                         0x08001265   Thumb Code    18  stm32f10x_flash.o(i.FLASH_SetLatency)
    FLASH_Unlock                             0x0800127d   Thumb Code    12  stm32f10x_flash.o(i.FLASH_Unlock)
    FLASH_WaitForLastOperation               0x08001295   Thumb Code    38  stm32f10x_flash.o(i.FLASH_WaitForLastOperation)
    GPIO_Init                                0x080012bb   Thumb Code   274  stm32f10x_gpio.o(i.GPIO_Init)
    GPIO_PinRemapConfig                      0x080013cd   Thumb Code   138  stm32f10x_gpio.o(i.GPIO_PinRemapConfig)
    GPIO_ReadInputDataBit                    0x0800145d   Thumb Code    18  stm32f10x_gpio.o(i.GPIO_ReadInputDataBit)
    GPIO_ResetBits                           0x0800146f   Thumb Code     4  stm32f10x_gpio.o(i.GPIO_ResetBits)
    GPIO_SetBits                             0x08001473   Thumb Code     4  stm32f10x_gpio.o(i.GPIO_SetBits)
    HSI_Config                               0x08001479   Thumb Code   152  system_stm32f10x.o(i.HSI_Config)
    I2C_CheckEvent                           0x08001515   Thumb Code    42  stm32f10x_i2c.o(i.I2C_CheckEvent)
    I2C_Cmd                                  0x0800153f   Thumb Code    24  stm32f10x_i2c.o(i.I2C_Cmd)
    I2C_DeInit                               0x08001559   Thumb Code    50  stm32f10x_i2c.o(i.I2C_DeInit)
    I2C_GenerateSTART                        0x08001591   Thumb Code    24  stm32f10x_i2c.o(i.I2C_GenerateSTART)
    I2C_GenerateSTOP                         0x080015a9   Thumb Code    24  stm32f10x_i2c.o(i.I2C_GenerateSTOP)
    I2C_GetFlagStatus                        0x080015c1   Thumb Code    58  stm32f10x_i2c.o(i.I2C_GetFlagStatus)
    I2C_Init                                 0x080015fd   Thumb Code   222  stm32f10x_i2c.o(i.I2C_Init)
    I2C_Send7bitAddress                      0x080016e9   Thumb Code    18  stm32f10x_i2c.o(i.I2C_Send7bitAddress)
    I2C_SendData                             0x080016fb   Thumb Code     4  stm32f10x_i2c.o(i.I2C_SendData)
    MemManage_Handler                        0x080016ff   Thumb Code     4  stm32f10x_it.o(i.MemManage_Handler)
    NMI_Handler                              0x08001703   Thumb Code     2  stm32f10x_it.o(i.NMI_Handler)
    NVIC_Init                                0x08001705   Thumb Code   102  misc.o(i.NVIC_Init)
    PWR_BackupAccessCmd                      0x08001779   Thumb Code     6  stm32f10x_pwr.o(i.PWR_BackupAccessCmd)
    RCC_ADCCLKConfig                         0x08001785   Thumb Code    18  stm32f10x_rcc.o(i.RCC_ADCCLKConfig)
    RCC_APB1PeriphClockCmd                   0x0800179d   Thumb Code    26  stm32f10x_rcc.o(i.RCC_APB1PeriphClockCmd)
    RCC_APB1PeriphResetCmd                   0x080017bd   Thumb Code    26  stm32f10x_rcc.o(i.RCC_APB1PeriphResetCmd)
    RCC_APB2PeriphClockCmd                   0x080017dd   Thumb Code    26  stm32f10x_rcc.o(i.RCC_APB2PeriphClockCmd)
    RCC_APB2PeriphResetCmd                   0x080017fd   Thumb Code    26  stm32f10x_rcc.o(i.RCC_APB2PeriphResetCmd)
    RCC_BackupResetCmd                       0x0800181d   Thumb Code     6  stm32f10x_rcc.o(i.RCC_BackupResetCmd)
    RCC_DeInit                               0x08001829   Thumb Code    64  stm32f10x_rcc.o(i.RCC_DeInit)
    RCC_GetClocksFreq                        0x08001875   Thumb Code   192  stm32f10x_rcc.o(i.RCC_GetClocksFreq)
    RCC_GetFlagStatus                        0x08001949   Thumb Code    56  stm32f10x_rcc.o(i.RCC_GetFlagStatus)
    RCC_GetSYSCLKSource                      0x08001985   Thumb Code    10  stm32f10x_rcc.o(i.RCC_GetSYSCLKSource)
    RCC_HCLKConfig                           0x08001995   Thumb Code    18  stm32f10x_rcc.o(i.RCC_HCLKConfig)
    RCC_HSICmd                               0x080019ad   Thumb Code     6  stm32f10x_rcc.o(i.RCC_HSICmd)
    RCC_LSEConfig                            0x080019b9   Thumb Code    44  stm32f10x_rcc.o(i.RCC_LSEConfig)
    RCC_LSICmd                               0x080019ed   Thumb Code     6  stm32f10x_rcc.o(i.RCC_LSICmd)
    RCC_PCLK1Config                          0x080019f9   Thumb Code    18  stm32f10x_rcc.o(i.RCC_PCLK1Config)
    RCC_PCLK2Config                          0x08001a11   Thumb Code    20  stm32f10x_rcc.o(i.RCC_PCLK2Config)
    RCC_PLLCmd                               0x08001a29   Thumb Code     6  stm32f10x_rcc.o(i.RCC_PLLCmd)
    RCC_PLLConfig                            0x08001a35   Thumb Code    24  stm32f10x_rcc.o(i.RCC_PLLConfig)
    RCC_RTCCLKCmd                            0x08001a51   Thumb Code     6  stm32f10x_rcc.o(i.RCC_RTCCLKCmd)
    RCC_RTCCLKConfig                         0x08001a5d   Thumb Code    12  stm32f10x_rcc.o(i.RCC_RTCCLKConfig)
    RCC_SYSCLKConfig                         0x08001a6d   Thumb Code    18  stm32f10x_rcc.o(i.RCC_SYSCLKConfig)
    RTC_ClearITPendingBit                    0x08001a85   Thumb Code    12  stm32f10x_rtc.o(i.RTC_ClearITPendingBit)
    RTC_EnterConfigMode                      0x08001a95   Thumb Code    14  stm32f10x_rtc.o(i.RTC_EnterConfigMode)
    RTC_ExitConfigMode                       0x08001aa9   Thumb Code    16  stm32f10x_rtc.o(i.RTC_ExitConfigMode)
    RTC_GetCounter                           0x08001abd   Thumb Code    16  stm32f10x_rtc.o(i.RTC_GetCounter)
    RTC_GetITStatus                          0x08001ad1   Thumb Code    32  stm32f10x_rtc.o(i.RTC_GetITStatus)
    RTC_IRQHandler                           0x08001af5   Thumb Code    18  stm32f10x_it.o(i.RTC_IRQHandler)
    RTC_SetCounter                           0x08001b09   Thumb Code    24  stm32f10x_rtc.o(i.RTC_SetCounter)
    RTC_WaitForLastTask                      0x08001b25   Thumb Code    14  stm32f10x_rtc.o(i.RTC_WaitForLastTask)
    RTC_WaitForSynchro                       0x08001b39   Thumb Code    28  stm32f10x_rtc.o(i.RTC_WaitForSynchro)
    SPI_Cmd                                  0x08001b59   Thumb Code    24  stm32f10x_spi.o(i.SPI_Cmd)
    SPI_I2S_GetFlagStatus                    0x08001b71   Thumb Code    18  stm32f10x_spi.o(i.SPI_I2S_GetFlagStatus)
    SPI_I2S_ReceiveData                      0x08001b83   Thumb Code     6  stm32f10x_spi.o(i.SPI_I2S_ReceiveData)
    SPI_I2S_SendData                         0x08001b89   Thumb Code     4  stm32f10x_spi.o(i.SPI_I2S_SendData)
    SPI_Init                                 0x08001b8d   Thumb Code    60  stm32f10x_spi.o(i.SPI_Init)
    SVC_Handler                              0x08001bc9   Thumb Code     2  stm32f10x_it.o(i.SVC_Handler)
    SysTick_Handler                          0x08001bcd   Thumb Code    52  board.o(i.SysTick_Handler)
    SystemCoreClockUpdate                    0x08001c09   Thumb Code   142  system_stm32f10x.o(i.SystemCoreClockUpdate)
    SystemInit                               0x08001cad   Thumb Code    16  system_stm32f10x.o(i.SystemInit)
    UART1_Init                               0x08001cc1   Thumb Code   182  drv_uart.o(i.UART1_Init)
    UART2_Init                               0x08001d89   Thumb Code   178  drv_uart.o(i.UART2_Init)
    UART3_Init                               0x08001e4d   Thumb Code   182  drv_uart.o(i.UART3_Init)
    UART_Clear                               0x08001f15   Thumb Code    24  drv_uart.o(i.UART_Clear)
    UART_Init                                0x08001f2d   Thumb Code    22  drv_uart.o(i.UART_Init)
    USART1_IRQHandler                        0x08001f55   Thumb Code   100  drv_uart.o(i.USART1_IRQHandler)
    USART2_IRQHandler                        0x08001fc1   Thumb Code   110  drv_uart.o(i.USART2_IRQHandler)
    USART3_IRQHandler                        0x08002039   Thumb Code   100  drv_uart.o(i.USART3_IRQHandler)
    USART_ClearFlag                          0x080020a5   Thumb Code    18  stm32f10x_usart.o(i.USART_ClearFlag)
    USART_ClearITPendingBit                  0x080020b7   Thumb Code    30  stm32f10x_usart.o(i.USART_ClearITPendingBit)
    USART_Cmd                                0x080020d5   Thumb Code    24  stm32f10x_usart.o(i.USART_Cmd)
    USART_GetFlagStatus                      0x080020ed   Thumb Code    26  stm32f10x_usart.o(i.USART_GetFlagStatus)
    USART_GetITStatus                        0x08002107   Thumb Code    84  stm32f10x_usart.o(i.USART_GetITStatus)
    USART_ITConfig                           0x0800215b   Thumb Code    74  stm32f10x_usart.o(i.USART_ITConfig)
    USART_Init                               0x080021a5   Thumb Code   210  stm32f10x_usart.o(i.USART_Init)
    USART_ReceiveData                        0x0800227d   Thumb Code    10  stm32f10x_usart.o(i.USART_ReceiveData)
    USART_SendData                           0x08002287   Thumb Code     8  stm32f10x_usart.o(i.USART_SendData)
    UsageFault_Handler                       0x0800228f   Thumb Code     4  stm32f10x_it.o(i.UsageFault_Handler)
    WWDG_Enable                              0x08002295   Thumb Code    10  stm32f10x_wwdg.o(i.WWDG_Enable)
    WWDG_SetPrescaler                        0x080022a5   Thumb Code    18  stm32f10x_wwdg.o(i.WWDG_SetPrescaler)
    WWDG_SetWindowValue                      0x080022bd   Thumb Code    34  stm32f10x_wwdg.o(i.WWDG_SetWindowValue)
    __0printf                                0x08002315   Thumb Code    22  printfa.o(i.__0printf)
    __1printf                                0x08002315   Thumb Code     0  printfa.o(i.__0printf)
    __2printf                                0x08002315   Thumb Code     0  printfa.o(i.__0printf)
    __c89printf                              0x08002315   Thumb Code     0  printfa.o(i.__0printf)
    printf                                   0x08002315   Thumb Code     0  printfa.o(i.__0printf)
    __0sprintf                               0x08002335   Thumb Code    34  printfa.o(i.__0sprintf)
    __1sprintf                               0x08002335   Thumb Code     0  printfa.o(i.__0sprintf)
    __2sprintf                               0x08002335   Thumb Code     0  printfa.o(i.__0sprintf)
    __c89sprintf                             0x08002335   Thumb Code     0  printfa.o(i.__0sprintf)
    sprintf                                  0x08002335   Thumb Code     0  printfa.o(i.__0sprintf)
    __0vsnprintf                             0x0800235d   Thumb Code    40  printfa.o(i.__0vsnprintf)
    __1vsnprintf                             0x0800235d   Thumb Code     0  printfa.o(i.__0vsnprintf)
    __2vsnprintf                             0x0800235d   Thumb Code     0  printfa.o(i.__0vsnprintf)
    __c89vsnprintf                           0x0800235d   Thumb Code     0  printfa.o(i.__0vsnprintf)
    vsnprintf                                0x0800235d   Thumb Code     0  printfa.o(i.__0vsnprintf)
    __aeabi_errno_addr                       0x08002389   Thumb Code     4  errno.o(i.__aeabi_errno_addr)
    __rt_errno_addr                          0x08002389   Thumb Code     0  errno.o(i.__aeabi_errno_addr)
    __kernel_poly                            0x08002391   Thumb Code   170  poly.o(i.__kernel_poly)
    __mathlib_dbl_divzero                    0x0800243d   Thumb Code    12  dunder.o(i.__mathlib_dbl_divzero)
    __mathlib_dbl_infnan                     0x0800244d   Thumb Code     6  dunder.o(i.__mathlib_dbl_infnan)
    __mathlib_dbl_invalid                    0x08002453   Thumb Code    12  dunder.o(i.__mathlib_dbl_invalid)
    __rt_ffs                                 0x08002461   Thumb Code    70  kservice.o(i.__rt_ffs)
    __scatterload_copy                       0x080024ad   Thumb Code    14  handlers.o(i.__scatterload_copy)
    __scatterload_null                       0x080024bb   Thumb Code     2  handlers.o(i.__scatterload_null)
    __scatterload_zeroinit                   0x080024bd   Thumb Code    14  handlers.o(i.__scatterload_zeroinit)
    __set_errno                              0x080024cd   Thumb Code     6  errno.o(i.__set_errno)
    app_node_key_check                       0x08002eb5   Thumb Code    54  app_node.o(i.app_node_key_check)
    app_node_key_init                        0x08002f05   Thumb Code    40  app_node.o(i.app_node_key_init)
    app_node_led_init                        0x08002f31   Thumb Code    66  app_node.o(i.app_node_led_init)
    app_node_led_set_blue                    0x08002f7d   Thumb Code    26  app_node.o(i.app_node_led_set_blue)
    app_node_led_set_green                   0x08002f9d   Thumb Code    30  app_node.o(i.app_node_led_set_green)
    app_node_read_config                     0x080031a1   Thumb Code   134  app_node.o(i.app_node_read_config)
    app_node_send_status                     0x0800328d   Thumb Code   158  app_node.o(i.app_node_send_status)
    app_node_set_sn                          0x0800334d   Thumb Code    30  app_node.o(i.app_node_set_sn)
    app_node_set_wake_period                 0x08003389   Thumb Code    36  app_node.o(i.app_node_set_wake_period)
    app_node_sleep_check                     0x080033cd   Thumb Code    42  app_node.o(i.app_node_sleep_check)
    app_node_temp_init                       0x08003415   Thumb Code   154  app_node.o(i.app_node_temp_init)
    app_node_temp_update                     0x080034b9   Thumb Code   266  app_node.o(i.app_node_temp_update)
    app_node_thread_entry                    0x080035ed   Thumb Code   254  app_node.o(i.app_node_thread_entry)
    app_node_wait_on_busy                    0x0800370d   Thumb Code    48  app_node.o(i.app_node_wait_on_busy)
    app_node_write_config                    0x0800375d   Thumb Code    24  app_node.o(i.app_node_write_config)
    app_oled96_iic_init                      0x08003779   Thumb Code   110  app_oled96.o(i.app_oled96_iic_init)
    app_oled96_init                          0x080037f5   Thumb Code    52  app_oled96.o(i.app_oled96_init)
    app_oled96_show_debug                    0x0800382d   Thumb Code    28  app_oled96.o(i.app_oled96_show_debug)
    app_oled96_show_gw_info                  0x08003849   Thumb Code    52  app_oled96.o(i.app_oled96_show_gw_info)
    app_oled96_show_node                     0x0800388d   Thumb Code    48  app_oled96.o(i.app_oled96_show_node)
    app_oled96_show_signal                   0x080038cd   Thumb Code    48  app_oled96.o(i.app_oled96_show_signal)
    app_oled96_show_start                    0x08003911   Thumb Code    42  app_oled96.o(i.app_oled96_show_start)
    app_oled96_show_time                     0x08003949   Thumb Code    42  app_oled96.o(i.app_oled96_show_time)
    app_oled96_show_tx_total                 0x08003981   Thumb Code    94  app_oled96.o(i.app_oled96_show_tx_total)
    app_oled96_thread_entry                  0x080039f5   Thumb Code   112  app_oled96.o(i.app_oled96_thread_entry)
    app_oled96_write_byte                    0x08003a8d   Thumb Code   138  app_oled96.o(i.app_oled96_write_byte)
    app_uart_thread_entry                    0x08003b25   Thumb Code   346  user_app.o(i.app_uart_thread_entry)
    delay_ms                                 0x08003d05   Thumb Code    26  drv_common.o(i.delay_ms)
    delay_os                                 0x08003d25   Thumb Code    24  drv_common.o(i.delay_os)
    drv_common_init                          0x08003d3d   Thumb Code    88  drv_common.o(i.drv_common_init)
    drv_crc16                                0x08003dd5   Thumb Code    48  drv_common.o(i.drv_crc16)
    drv_get_rtc_counter                      0x08003e0d   Thumb Code     8  drv_common.o(i.drv_get_rtc_counter)
    drv_get_sec_counter                      0x08003e15   Thumb Code     6  drv_common.o(i.drv_get_sec_counter)
    drv_oled96_clear                         0x08003e21   Thumb Code    64  drv_oled96.o(i.drv_oled96_clear)
    drv_oled96_clear_line                    0x08003e61   Thumb Code    54  drv_oled96.o(i.drv_oled96_clear_line)
    drv_oled96_init                          0x08003e97   Thumb Code   232  drv_oled96.o(i.drv_oled96_init)
    drv_oled96_set_pos                       0x08003f7f   Thumb Code    46  drv_oled96.o(i.drv_oled96_set_pos)
    drv_oled96_show_char                     0x08003fad   Thumb Code   164  drv_oled96.o(i.drv_oled96_show_char)
    drv_oled96_show_chinese                  0x08004059   Thumb Code    96  drv_oled96.o(i.drv_oled96_show_chinese)
    drv_oled96_show_str_f6x8                 0x080040bd   Thumb Code    52  drv_oled96.o(i.drv_oled96_show_str_f6x8)
    drv_oled96_show_str_f8x16                0x080040f1   Thumb Code    54  drv_oled96.o(i.drv_oled96_show_str_f8x16)
    drv_oled96_write_byte                    0x08004129   Thumb Code    24  drv_oled96.o(i.drv_oled96_write_byte)
    drv_oled96_write_byte_register           0x08004145   Thumb Code     6  drv_oled96.o(i.drv_oled96_write_byte_register)
    drv_rtc_init                             0x08004151   Thumb Code   188  drv_common.o(i.drv_rtc_init)
    drv_set_rtc_counter                      0x08004245   Thumb Code    12  drv_common.o(i.drv_set_rtc_counter)
    drv_sx1268_cad_check                     0x08004251   Thumb Code    50  drv_sx1268.o(i.drv_sx1268_cad_check)
    drv_sx1268_cad_init                      0x08004283   Thumb Code    44  drv_sx1268.o(i.drv_sx1268_cad_init)
    drv_sx1268_calcu_air_time                0x080042b1   Thumb Code   266  drv_sx1268.o(i.drv_sx1268_calcu_air_time)
    drv_sx1268_clr_irq_status                0x080043e9   Thumb Code    36  drv_sx1268.o(i.drv_sx1268_clr_irq_status)
    drv_sx1268_convert_freqinhz2pllstep      0x0800440d   Thumb Code    36  drv_sx1268.o(i.drv_sx1268_convert_freqinhz2pllstep)
    drv_sx1268_get_irq_status                0x08004431   Thumb Code    30  drv_sx1268.o(i.drv_sx1268_get_irq_status)
    drv_sx1268_get_pack_status               0x0800444f   Thumb Code    56  drv_sx1268.o(i.drv_sx1268_get_pack_status)
    drv_sx1268_get_rssi_inst                 0x08004487   Thumb Code    34  drv_sx1268.o(i.drv_sx1268_get_rssi_inst)
    drv_sx1268_get_rx_buff_status            0x080044a9   Thumb Code    34  drv_sx1268.o(i.drv_sx1268_get_rx_buff_status)
    drv_sx1268_init                          0x080044cd   Thumb Code   152  drv_sx1268.o(i.drv_sx1268_init)
    drv_sx1268_recv_check                    0x08004575   Thumb Code    96  drv_sx1268.o(i.drv_sx1268_recv_check)
    drv_sx1268_recv_init                     0x080045f1   Thumb Code    82  drv_sx1268.o(i.drv_sx1268_recv_init)
    drv_sx1268_send                          0x08004649   Thumb Code    70  drv_sx1268.o(i.drv_sx1268_send)
    drv_sx1268_send_check                    0x0800468f   Thumb Code    34  drv_sx1268.o(i.drv_sx1268_send_check)
    drv_sx1268_set_buff_base_addr            0x080046b1   Thumb Code    34  drv_sx1268.o(i.drv_sx1268_set_buff_base_addr)
    drv_sx1268_set_cad_params                0x080046d3   Thumb Code    74  drv_sx1268.o(i.drv_sx1268_set_cad_params)
    drv_sx1268_set_dio2_switchctrl           0x0800471d   Thumb Code    26  drv_sx1268.o(i.drv_sx1268_set_dio2_switchctrl)
    drv_sx1268_set_freq                      0x08004737   Thumb Code    58  drv_sx1268.o(i.drv_sx1268_set_freq)
    drv_sx1268_set_irq_parsms                0x08004771   Thumb Code    78  drv_sx1268.o(i.drv_sx1268_set_irq_parsms)
    drv_sx1268_set_mode                      0x080047bf   Thumb Code    18  drv_sx1268.o(i.drv_sx1268_set_mode)
    drv_sx1268_set_pa                        0x080047d1   Thumb Code    44  drv_sx1268.o(i.drv_sx1268_set_pa)
    drv_sx1268_set_pack_params               0x08004801   Thumb Code    88  drv_sx1268.o(i.drv_sx1268_set_pack_params)
    drv_sx1268_set_power                     0x08004859   Thumb Code    88  drv_sx1268.o(i.drv_sx1268_set_power)
    drv_sx1268_set_regulator_mode            0x080048b1   Thumb Code    26  drv_sx1268.o(i.drv_sx1268_set_regulator_mode)
    drv_sx1268_set_sf_bw                     0x080048cb   Thumb Code    48  drv_sx1268.o(i.drv_sx1268_set_sf_bw)
    drv_sx1268_set_sleep                     0x080048fb   Thumb Code    22  drv_sx1268.o(i.drv_sx1268_set_sleep)
    drv_sx1268_set_standby                   0x08004911   Thumb Code    18  drv_sx1268.o(i.drv_sx1268_set_standby)
    drv_sx1268_set_stop_rxtimer_onpreamble_detect 0x08004923   Thumb Code    18  drv_sx1268.o(i.drv_sx1268_set_stop_rxtimer_onpreamble_detect)
    drv_sx1268_wakeup                        0x08004935   Thumb Code    40  drv_sx1268.o(i.drv_sx1268_wakeup)
    drv_system_reset                         0x0800495d   Thumb Code    44  drv_common.o(i.drv_system_reset)
    drv_wdog_feed                            0x0800499d   Thumb Code     2  drv_common.o(i.drv_wdog_feed)
    drv_wdog_init                            0x0800499f   Thumb Code     2  drv_common.o(i.drv_wdog_init)
    fputc                                    0x080049a1   Thumb Code    32  drv_uart.o(i.fputc)
    hal_sx1268_read_cmd                      0x080049c5   Thumb Code    72  hal_sx1268.o(i.hal_sx1268_read_cmd)
    hal_sx1268_read_fifo                     0x08004a0d   Thumb Code    76  hal_sx1268.o(i.hal_sx1268_read_fifo)
    hal_sx1268_read_reg                      0x08004a59   Thumb Code    28  hal_sx1268.o(i.hal_sx1268_read_reg)
    hal_sx1268_read_regs                     0x08004a75   Thumb Code    84  hal_sx1268.o(i.hal_sx1268_read_regs)
    hal_sx1268_rst                           0x08004ac9   Thumb Code    10  hal_sx1268.o(i.hal_sx1268_rst)
    hal_sx1268_set_led                       0x08004ad3   Thumb Code    18  hal_sx1268.o(i.hal_sx1268_set_led)
    hal_sx1268_spi_rw_byte                   0x08004ae5   Thumb Code    18  hal_sx1268.o(i.hal_sx1268_spi_rw_byte)
    hal_sx1268_write_cmd                     0x08004af7   Thumb Code    58  hal_sx1268.o(i.hal_sx1268_write_cmd)
    hal_sx1268_write_fifo                    0x08004b31   Thumb Code    68  hal_sx1268.o(i.hal_sx1268_write_fifo)
    hal_sx1268_write_reg                     0x08004b75   Thumb Code    20  hal_sx1268.o(i.hal_sx1268_write_reg)
    hal_sx1268_write_regs                    0x08004b89   Thumb Code    74  hal_sx1268.o(i.hal_sx1268_write_regs)
    log                                      0x08004bd5   Thumb Code   808  log.o(i.log)
    $Super$$main                             0x08004f31   Thumb Code    70  main.o(i.main)
    main_thread_entry                        0x08005001   Thumb Code    14  components.o(i.main_thread_entry)
    nwk_crc16                                0x0800500f   Thumb Code    16  nwk_bsp.o(i.nwk_crc16)
    nwk_delay_ms                             0x0800501f   Thumb Code    12  nwk_bsp.o(i.nwk_delay_ms)
    nwk_find_head                            0x0800502b   Thumb Code    72  nwk_bsp.o(i.nwk_find_head)
    nwk_get_down_channel                     0x08005075   Thumb Code    30  nwk_bsp.o(i.nwk_get_down_channel)
    nwk_get_rand                             0x08005099   Thumb Code    34  nwk_bsp.o(i.nwk_get_rand)
    nwk_get_rtc_counter                      0x080050c1   Thumb Code     8  nwk_bsp.o(i.nwk_get_rtc_counter)
    nwk_get_sn_freq                          0x080050c9   Thumb Code    36  nwk_bsp.o(i.nwk_get_sn_freq)
    nwk_get_static_channel4                  0x080050f1   Thumb Code    30  nwk_bsp.o(i.nwk_get_static_channel4)
    nwk_get_up_channel                       0x08005115   Thumb Code    30  nwk_bsp.o(i.nwk_get_up_channel)
    nwk_node_add_gw                          0x08005139   Thumb Code    66  nwk_node.o(i.nwk_node_add_gw)
    nwk_node_cacul_alarm_time                0x08005181   Thumb Code    88  nwk_node.o(i.nwk_node_cacul_alarm_time)
    nwk_node_cad_check                       0x080051dd   Thumb Code    26  nwk_node.o(i.nwk_node_cad_check)
    nwk_node_cad_init                        0x080051fd   Thumb Code    26  nwk_node.o(i.nwk_node_cad_init)
    nwk_node_calcu_air_time                  0x0800521d   Thumb Code    30  nwk_node.o(i.nwk_node_calcu_air_time)
    nwk_node_clear_tx                        0x0800523d   Thumb Code    30  nwk_node.o(i.nwk_node_clear_tx)
    nwk_node_device_init                     0x08005271   Thumb Code    38  nwk_node.o(i.nwk_node_device_init)
    nwk_node_main_process                    0x080052b9   Thumb Code     8  nwk_node.o(i.nwk_node_main_process)
    nwk_node_make_send_buff                  0x080052c1   Thumb Code   368  nwk_node.o(i.nwk_node_make_send_buff)
    nwk_node_recv_check                      0x08005435   Thumb Code    76  nwk_node.o(i.nwk_node_recv_check)
    nwk_node_recv_from_check                 0x08005485   Thumb Code    24  nwk_node.o(i.nwk_node_recv_from_check)
    nwk_node_recv_init                       0x080054a1   Thumb Code    26  nwk_node.o(i.nwk_node_recv_init)
    nwk_node_recv_parse                      0x080054c1   Thumb Code   870  nwk_node.o(i.nwk_node_recv_parse)
    nwk_node_req_join                        0x080059f9   Thumb Code    56  nwk_node.o(i.nwk_node_req_join)
    nwk_node_rx_process                      0x08005a55   Thumb Code  1416  nwk_node.o(i.nwk_node_rx_process)
    nwk_node_search_gw                       0x08005ff5   Thumb Code    38  nwk_node.o(i.nwk_node_search_gw)
    nwk_node_search_process                  0x08006021   Thumb Code   410  nwk_node.o(i.nwk_node_search_process)
    nwk_node_select_gw                       0x080062ed   Thumb Code    32  nwk_node.o(i.nwk_node_select_gw)
    nwk_node_send2gateway                    0x08006311   Thumb Code    90  nwk_node.o(i.nwk_node_send2gateway)
    nwk_node_send_buff                       0x080063ad   Thumb Code    34  nwk_node.o(i.nwk_node_send_buff)
    nwk_node_send_check                      0x080063d5   Thumb Code    26  nwk_node.o(i.nwk_node_send_check)
    nwk_node_send_sniff                      0x080063f5   Thumb Code    46  nwk_node.o(i.nwk_node_send_sniff)
    nwk_node_set_led                         0x0800642d   Thumb Code    30  nwk_node.o(i.nwk_node_set_led)
    nwk_node_set_lora_dev                    0x08006451   Thumb Code     8  nwk_node.o(i.nwk_node_set_lora_dev)
    nwk_node_set_lora_param                  0x0800645d   Thumb Code    48  nwk_node.o(i.nwk_node_set_lora_param)
    nwk_node_set_root_key                    0x08006491   Thumb Code    16  nwk_node.o(i.nwk_node_set_root_key)
    nwk_node_set_sn                          0x080064a5   Thumb Code     6  nwk_node.o(i.nwk_node_set_sn)
    nwk_node_set_wake_period                 0x080064b1   Thumb Code     8  nwk_node.o(i.nwk_node_set_wake_period)
    nwk_node_sleep_init                      0x080064bd   Thumb Code    32  nwk_node.o(i.nwk_node_sleep_init)
    nwk_node_take_rf_param                   0x080064fd   Thumb Code     4  nwk_node.o(i.nwk_node_take_rf_param)
    nwk_node_take_tx_cnts                    0x08006505   Thumb Code    18  nwk_node.o(i.nwk_node_take_tx_cnts)
    nwk_node_tx_d2d_process                  0x0800651d   Thumb Code    12  nwk_node.o(i.nwk_node_tx_d2d_process)
    nwk_node_tx_gw_process                   0x0800652d   Thumb Code  4410  nwk_node.o(i.nwk_node_tx_gw_process)
    nwk_node_work_check                      0x080076a9   Thumb Code   686  nwk_node.o(i.nwk_node_work_check)
    nwk_set_rtc_counter                      0x080079fd   Thumb Code    12  nwk_bsp.o(i.nwk_set_rtc_counter)
    nwk_tea_decrypt                          0x08007a09   Thumb Code    20  nwk_bsp.o(i.nwk_tea_decrypt)
    nwk_tea_encrypt                          0x08007a1d   Thumb Code    20  nwk_bsp.o(i.nwk_tea_encrypt)
    printf_hex                               0x08007aa9   Thumb Code    48  drv_common.o(i.printf_hex)
    printf_oled                              0x08007ae9   Thumb Code    46  app_oled96.o(i.printf_oled)
    rt_application_init                      0x08007b21   Thumb Code    34  components.o(i.rt_application_init)
    rt_components_board_init                 0x08007b51   Thumb Code    20  components.o(i.rt_components_board_init)
    rt_components_init                       0x08007b6d   Thumb Code    20  components.o(i.rt_components_init)
    rt_enter_critical                        0x08007b89   Thumb Code    28  scheduler.o(i.rt_enter_critical)
    rt_exit_critical                         0x08007ba9   Thumb Code    54  scheduler.o(i.rt_exit_critical)
    rt_free                                  0x08007be5   Thumb Code    98  mem.o(i.rt_free)
    rt_heap_begin_get                        0x08007c5d   Thumb Code     4  board.o(i.rt_heap_begin_get)
    rt_heap_end_get                          0x08007c65   Thumb Code     4  board.o(i.rt_heap_end_get)
    rt_hw_board_init                         0x08007c6d   Thumb Code    54  board.o(i.rt_hw_board_init)
    rt_hw_hard_fault_exception               0x08007ca9   Thumb Code    32  cpuport.o(i.rt_hw_hard_fault_exception)
    rt_hw_stack_init                         0x08007ccd   Thumb Code    70  cpuport.o(i.rt_hw_stack_init)
    rt_interrupt_enter                       0x08007d19   Thumb Code    26  irq.o(i.rt_interrupt_enter)
    rt_interrupt_leave                       0x08007d39   Thumb Code    26  irq.o(i.rt_interrupt_leave)
    rt_malloc                                0x08007e79   Thumb Code   336  mem.o(i.rt_malloc)
    rt_memset                                0x08007fe5   Thumb Code    72  kservice.o(i.rt_memset)
    rt_object_allocate                       0x0800802d   Thumb Code    74  object.o(i.rt_object_allocate)
    rt_object_delete                         0x08008077   Thumb Code    32  object.o(i.rt_object_delete)
    rt_object_detach                         0x08008097   Thumb Code    26  object.o(i.rt_object_detach)
    rt_object_get_information                0x080080b1   Thumb Code    36  object.o(i.rt_object_get_information)
    rt_object_init                           0x080080d9   Thumb Code    60  object.o(i.rt_object_init)
    rt_object_is_systemobject                0x08008115   Thumb Code    18  object.o(i.rt_object_is_systemobject)
    rt_schedule                              0x08008129   Thumb Code   118  scheduler.o(i.rt_schedule)
    rt_schedule_insert_thread                0x080081b9   Thumb Code    72  scheduler.o(i.rt_schedule_insert_thread)
    rt_schedule_remove_thread                0x08008209   Thumb Code    76  scheduler.o(i.rt_schedule_remove_thread)
    rt_sem_init                              0x0800825d   Thumb Code    38  ipc.o(i.rt_sem_init)
    rt_sem_release                           0x08008283   Thumb Code    58  ipc.o(i.rt_sem_release)
    rt_sem_take                              0x080082bd   Thumb Code   116  ipc.o(i.rt_sem_take)
    rt_show_version                          0x08008331   Thumb Code     2  kservice.o(i.rt_show_version)
    rt_strncpy                               0x08008333   Thumb Code    52  kservice.o(i.rt_strncpy)
    rt_system_heap_init                      0x08008369   Thumb Code   146  mem.o(i.rt_system_heap_init)
    rt_system_scheduler_init                 0x08008419   Thumb Code    52  scheduler.o(i.rt_system_scheduler_init)
    rt_system_scheduler_start                0x08008465   Thumb Code    36  scheduler.o(i.rt_system_scheduler_start)
    rt_system_timer_init                     0x08008495   Thumb Code    24  timer.o(i.rt_system_timer_init)
    rt_system_timer_thread_init              0x080084b1   Thumb Code     2  timer.o(i.rt_system_timer_thread_init)
    rt_thread_create                         0x080084b3   Thumb Code    80  thread.o(i.rt_thread_create)
    rt_thread_delay                          0x08008503   Thumb Code    12  thread.o(i.rt_thread_delay)
    rt_thread_exit                           0x08008511   Thumb Code    76  thread.o(i.rt_thread_exit)
    rt_thread_idle_excute                    0x0800856d   Thumb Code   128  idle.o(i.rt_thread_idle_excute)
    rt_thread_idle_init                      0x080085f1   Thumb Code    38  idle.o(i.rt_thread_idle_init)
    rt_thread_init                           0x0800862d   Thumb Code    52  thread.o(i.rt_thread_init)
    rt_thread_resume                         0x08008661   Thumb Code    60  thread.o(i.rt_thread_resume)
    rt_thread_self                           0x0800869d   Thumb Code     6  thread.o(i.rt_thread_self)
    rt_thread_sleep                          0x080086a9   Thumb Code    62  thread.o(i.rt_thread_sleep)
    rt_thread_startup                        0x080086ed   Thumb Code    44  thread.o(i.rt_thread_startup)
    rt_thread_suspend                        0x08008719   Thumb Code    68  thread.o(i.rt_thread_suspend)
    rt_thread_timeout                        0x0800875d   Thumb Code    32  thread.o(i.rt_thread_timeout)
    rt_thread_yield                          0x0800877d   Thumb Code    92  thread.o(i.rt_thread_yield)
    rt_tick_get                              0x080087e1   Thumb Code     6  clock.o(i.rt_tick_get)
    rt_tick_increase                         0x080087ed   Thumb Code    42  clock.o(i.rt_tick_increase)
    rt_timer_check                           0x0800881d   Thumb Code   118  timer.o(i.rt_timer_check)
    rt_timer_control                         0x08008899   Thumb Code    56  timer.o(i.rt_timer_control)
    rt_timer_detach                          0x080088d1   Thumb Code    32  timer.o(i.rt_timer_detach)
    rt_timer_init                            0x080088f1   Thumb Code    46  timer.o(i.rt_timer_init)
    rt_timer_start                           0x08008921   Thumb Code   238  timer.o(i.rt_timer_start)
    rt_timer_stop                            0x08008a19   Thumb Code    48  timer.o(i.rt_timer_stop)
    rtthread_startup                         0x08008a59   Thumb Code    42  components.o(i.rtthread_startup)
    tea_decrypt_buff                         0x08008a85   Thumb Code    78  drv_encrypt.o(i.tea_decrypt_buff)
    tea_encrypt_buff                         0x08008aed   Thumb Code    78  drv_encrypt.o(i.tea_encrypt_buff)
    F6x8                                     0x08008d54   Data         552  drv_oled96.o(.constdata)
    F8X16                                    0x08008f7c   Data        1520  drv_oled96.o(.constdata)
    Hzk                                      0x0800956c   Data         256  drv_oled96.o(.constdata)
    __lowest_bit_bitmap                      0x0800966c   Data         256  kservice.o(.constdata)
    __mathlib_zero                           0x080097f8   Data           8  qnan.o(.constdata)
    __ctype_table                            0x08009800   Data         129  ctype_o.o(.constdata)
    __rt_init_rti_start                      0x08009888   Data           4  components.o(.rti_fn.0)
    __rt_init_rti_board_start                0x0800988c   Data           4  components.o(.rti_fn.0.end)
    __rt_init_rti_board_end                  0x08009890   Data           4  components.o(.rti_fn.1.end)
    __rt_init_rti_end                        0x08009894   Data           4  components.o(.rti_fn.6.end)
    Region$$Table$$Base                      0x08009898   Number         0  anon$$obj.o(Region$$Table)
    Region$$Table$$Limit                     0x080098b8   Number         0  anon$$obj.o(Region$$Table)
    SystemCoreClock                          0x20000000   Data           4  system_stm32f10x.o(.data)
    AHBPrescTable                            0x20000004   Data          16  system_stm32f10x.o(.data)
    g_sAppNodeWork                           0x20000018   Data           1  app_node.o(.data)
    g_u32SecCounter                          0x20000028   Data           4  drv_common.o(.data)
    tickets_us                               0x2000002c   Data           4  drv_common.o(.data)
    tickets_ms                               0x20000030   Data           4  drv_common.o(.data)
    bWatchDog                                0x20000034   Data           1  drv_common.o(.data)
    g_sDrvOLED96Work                         0x2000003c   Data           4  drv_oled96.o(.data)
    rt_interrupt_from_thread                 0x20000040   Data           4  cpuport.o(.data)
    rt_interrupt_to_thread                   0x20000044   Data           4  cpuport.o(.data)
    rt_thread_switch_interrupt_flag          0x20000048   Data           4  cpuport.o(.data)
    rt_interrupt_nest                        0x20000054   Data           1  irq.o(.data)
    rt_current_thread                        0x200000d4   Data           4  scheduler.o(.data)
    rt_current_priority                      0x200000d8   Data           1  scheduler.o(.data)
    rt_thread_ready_priority_group           0x200000dc   Data           4  scheduler.o(.data)
    rt_thread_defunct                        0x200000e0   Data           8  scheduler.o(.data)
    __stdout                                 0x20000118   Data           4  stdout.o(.data)
    g_sDrvSx1268                             0x20000120   Data          28  app_node.o(.bss)
    g_sAppNodeSave                           0x2000013c   Data          32  app_node.o(.bss)
    g_sOLEDShowNode                          0x2000015c   Data         224  app_oled96.o(.bss)
    g_sI2cDrv                                0x2000023c   Data          16  app_oled96.o(.bss)
    g_sUART1                                 0x20000714   Data          20  drv_uart.o(.bss)
    g_sUART2                                 0x20000728   Data          20  drv_uart.o(.bss)
    g_sUART3                                 0x2000073c   Data          20  drv_uart.o(.bss)
    g_u8UART1_Buff                           0x20000750   Data         256  drv_uart.o(.bss)
    g_u8UART2_Buff                           0x20000850   Data         256  drv_uart.o(.bss)
    g_u8UART3_Buff                           0x20000950   Data         256  drv_uart.o(.bss)
    rt_thread_priority_table                 0x20001be8   Data         256  scheduler.o(.bss)
    g_sNwkNodeWork                           0x20001ce8   Data        1288  nwk_node.o(.bss)
    __initial_sp                             0x20002b20   Data           0  startup_stm32f10x_md.o(STACK)



==============================================================================

Memory Map of the image

  Image Entry point : 0x080000ed

  Load Region LR_IROM1 (Base: 0x08000000, Size: 0x000099d8, Max: 0x00010000, ABSOLUTE)

    Execution Region ER_IROM1 (Base: 0x08000000, Size: 0x000098b8, Max: 0x00010000, ABSOLUTE)

    Base Addr    Size         Type   Attr      Idx    E Section Name        Object

    0x08000000   0x000000ec   Data   RO           19    RESET               startup_stm32f10x_md.o
    0x080000ec   0x00000000   Code   RO         5233  * .ARM.Collect$$$$00000000  mc_w.l(entry.o)
    0x080000ec   0x00000004   Code   RO         5591    .ARM.Collect$$$$00000001  mc_w.l(entry2.o)
    0x080000f0   0x00000004   Code   RO         5594    .ARM.Collect$$$$00000004  mc_w.l(entry5.o)
    0x080000f4   0x00000000   Code   RO         5596    .ARM.Collect$$$$00000008  mc_w.l(entry7b.o)
    0x080000f4   0x00000000   Code   RO         5598    .ARM.Collect$$$$0000000A  mc_w.l(entry8b.o)
    0x080000f4   0x00000008   Code   RO         5599    .ARM.Collect$$$$0000000B  mc_w.l(entry9a.o)
    0x080000fc   0x00000000   Code   RO         5601    .ARM.Collect$$$$0000000D  mc_w.l(entry10a.o)
    0x080000fc   0x00000000   Code   RO         5603    .ARM.Collect$$$$0000000F  mc_w.l(entry11a.o)
    0x080000fc   0x00000004   Code   RO         5592    .ARM.Collect$$$$00002712  mc_w.l(entry2.o)
    0x08000100   0x00000024   Code   RO           20    .text               startup_stm32f10x_md.o
    0x08000124   0x000000f0   Code   RO         2125    .text               context_rvds.o
    0x08000214   0x00000024   Code   RO         5236    .text               mc_w.l(rand.o)
    0x08000238   0x00000024   Code   RO         5239    .text               mc_w.l(memcpya.o)
    0x0800025c   0x00000024   Code   RO         5241    .text               mc_w.l(memseta.o)
    0x08000280   0x00000024   Code   RO         5243    .text               mc_w.l(strstr.o)
    0x080002a4   0x0000000e   Code   RO         5245    .text               mc_w.l(strlen.o)
    0x080002b2   0x0000001a   Code   RO         5247    .text               mc_w.l(memcmp.o)
    0x080002cc   0x00000012   Code   RO         5249    .text               mc_w.l(strcpy.o)
    0x080002de   0x0000001a   Code   RO         5544    .text               mc_w.l(atol.o)
    0x080002f8   0x000000b0   Code   RO         5546    .text               mf_w.l(fadd.o)
    0x080003a8   0x00000064   Code   RO         5548    .text               mf_w.l(fmul.o)
    0x0800040c   0x0000007c   Code   RO         5550    .text               mf_w.l(fdiv.o)
    0x08000488   0x0000014e   Code   RO         5552    .text               mf_w.l(dadd.o)
    0x080005d6   0x000000e4   Code   RO         5554    .text               mf_w.l(dmul.o)
    0x080006ba   0x000000de   Code   RO         5556    .text               mf_w.l(ddiv.o)
    0x08000798   0x00000012   Code   RO         5558    .text               mf_w.l(fflti.o)
    0x080007aa   0x0000000a   Code   RO         5560    .text               mf_w.l(ffltui.o)
    0x080007b4   0x00000022   Code   RO         5562    .text               mf_w.l(dflti.o)
    0x080007d6   0x0000001a   Code   RO         5564    .text               mf_w.l(dfltui.o)
    0x080007f0   0x00000028   Code   RO         5566    .text               mf_w.l(ffixui.o)
    0x08000818   0x00000032   Code   RO         5568    .text               mf_w.l(dfixui.o)
    0x0800084a   0x00000026   Code   RO         5570    .text               mf_w.l(f2d.o)
    0x08000870   0x00000038   Code   RO         5572    .text               mf_w.l(d2f.o)
    0x080008a8   0x0000002c   Code   RO         5606    .text               mc_w.l(uidiv.o)
    0x080008d4   0x00000062   Code   RO         5608    .text               mc_w.l(uldiv.o)
    0x08000936   0x0000001e   Code   RO         5610    .text               mc_w.l(llshl.o)
    0x08000954   0x00000020   Code   RO         5612    .text               mc_w.l(llushr.o)
    0x08000974   0x00000024   Code   RO         5614    .text               mc_w.l(llsshr.o)
    0x08000998   0x00000070   Code   RO         5625    .text               mc_w.l(strtol.o)
    0x08000a08   0x00000000   Code   RO         5627    .text               mc_w.l(iusefp.o)
    0x08000a08   0x0000006e   Code   RO         5628    .text               mf_w.l(fepilogue.o)
    0x08000a76   0x000000ba   Code   RO         5630    .text               mf_w.l(depilogue.o)
    0x08000b30   0x0000002e   Code   RO         5632    .text               mf_w.l(dscalb.o)
    0x08000b5e   0x00000030   Code   RO         5634    .text               mf_w.l(dfixul.o)
    0x08000b8e   0x00000002   PAD
    0x08000b90   0x00000030   Code   RO         5636    .text               mf_w.l(cdcmple.o)
    0x08000bc0   0x00000030   Code   RO         5638    .text               mf_w.l(cdrcmple.o)
    0x08000bf0   0x00000024   Code   RO         5640    .text               mc_w.l(init.o)
    0x08000c14   0x00000008   Code   RO         5642    .text               mc_w.l(ctype_o.o)
    0x08000c1c   0x0000009e   Code   RO         5670    .text               mc_w.l(_strtoul.o)
    0x08000cba   0x0000001c   Code   RO         5672    .text               mc_w.l(_chval.o)
    0x08000cd6   0x0000000e   Code   RO         1161    i.$Sub$$main        components.o
    0x08000ce4   0x00000016   Code   RO         3709    i.ADC_Cmd           f103c8t6.lib(stm32f10x_adc.o)
    0x08000cfa   0x00000002   PAD
    0x08000cfc   0x0000005c   Code   RO         3711    i.ADC_DeInit        f103c8t6.lib(stm32f10x_adc.o)
    0x08000d58   0x00000014   Code   RO         3717    i.ADC_GetCalibrationStatus  f103c8t6.lib(stm32f10x_adc.o)
    0x08000d6c   0x00000008   Code   RO         3718    i.ADC_GetConversionValue  f103c8t6.lib(stm32f10x_adc.o)
    0x08000d74   0x00000012   Code   RO         3720    i.ADC_GetFlagStatus  f103c8t6.lib(stm32f10x_adc.o)
    0x08000d86   0x00000014   Code   RO         3723    i.ADC_GetResetCalibrationStatus  f103c8t6.lib(stm32f10x_adc.o)
    0x08000d9a   0x00000002   PAD
    0x08000d9c   0x00000050   Code   RO         3727    i.ADC_Init          f103c8t6.lib(stm32f10x_adc.o)
    0x08000dec   0x000000b8   Code   RO         3731    i.ADC_RegularChannelConfig  f103c8t6.lib(stm32f10x_adc.o)
    0x08000ea4   0x0000000a   Code   RO         3732    i.ADC_ResetCalibration  f103c8t6.lib(stm32f10x_adc.o)
    0x08000eae   0x00000016   Code   RO         3734    i.ADC_SoftwareStartConvCmd  f103c8t6.lib(stm32f10x_adc.o)
    0x08000ec4   0x0000000a   Code   RO         3736    i.ADC_StartCalibration  f103c8t6.lib(stm32f10x_adc.o)
    0x08000ece   0x00000002   PAD
    0x08000ed0   0x00000084   Code   RO          307    i.APP_Init          user_app.o
    0x08000f54   0x00000010   Code   RO         3927    i.BKP_DeInit        f103c8t6.lib(stm32f10x_bkp.o)
    0x08000f64   0x0000001c   Code   RO         3931    i.BKP_RTCOutputConfig  f103c8t6.lib(stm32f10x_bkp.o)
    0x08000f80   0x0000001c   Code   RO         3932    i.BKP_ReadBackupRegister  f103c8t6.lib(stm32f10x_bkp.o)
    0x08000f9c   0x0000000c   Code   RO         3934    i.BKP_TamperPinCmd  f103c8t6.lib(stm32f10x_bkp.o)
    0x08000fa8   0x0000001c   Code   RO         3936    i.BKP_WriteBackupRegister  f103c8t6.lib(stm32f10x_bkp.o)
    0x08000fc4   0x00000004   Code   RO           24    i.BusFault_Handler  stm32f10x_it.o
    0x08000fc8   0x00000002   Code   RO           25    i.DebugMon_Handler  stm32f10x_it.o
    0x08000fca   0x00000002   PAD
    0x08000fcc   0x0000006c   Code   RO          944    i.DecryptTEA        drv_encrypt.o
    0x08001038   0x0000004c   Code   RO          590    i.EEPROM_Read       drv_common.o
    0x08001084   0x00000060   Code   RO          591    i.EEPROM_Write      drv_common.o
    0x080010e4   0x00000064   Code   RO          945    i.EncryptTEA        drv_encrypt.o
    0x08001148   0x0000004c   Code   RO         4008    i.FLASH_ErasePage   f103c8t6.lib(stm32f10x_flash.o)
    0x08001194   0x00000034   Code   RO         4009    i.FLASH_GetBank1Status  f103c8t6.lib(stm32f10x_flash.o)
    0x080011c8   0x00000014   Code   RO         4018    i.FLASH_Lock        f103c8t6.lib(stm32f10x_flash.o)
    0x080011dc   0x0000001c   Code   RO         4020    i.FLASH_PrefetchBufferCmd  f103c8t6.lib(stm32f10x_flash.o)
    0x080011f8   0x0000006c   Code   RO         4023    i.FLASH_ProgramWord  f103c8t6.lib(stm32f10x_flash.o)
    0x08001264   0x00000018   Code   RO         4025    i.FLASH_SetLatency  f103c8t6.lib(stm32f10x_flash.o)
    0x0800127c   0x00000018   Code   RO         4026    i.FLASH_Unlock      f103c8t6.lib(stm32f10x_flash.o)
    0x08001294   0x00000026   Code   RO         4030    i.FLASH_WaitForLastOperation  f103c8t6.lib(stm32f10x_flash.o)
    0x080012ba   0x00000112   Code   RO         4183    i.GPIO_Init         f103c8t6.lib(stm32f10x_gpio.o)
    0x080013cc   0x00000090   Code   RO         4185    i.GPIO_PinRemapConfig  f103c8t6.lib(stm32f10x_gpio.o)
    0x0800145c   0x00000012   Code   RO         4187    i.GPIO_ReadInputDataBit  f103c8t6.lib(stm32f10x_gpio.o)
    0x0800146e   0x00000004   Code   RO         4190    i.GPIO_ResetBits    f103c8t6.lib(stm32f10x_gpio.o)
    0x08001472   0x00000004   Code   RO         4191    i.GPIO_SetBits      f103c8t6.lib(stm32f10x_gpio.o)
    0x08001476   0x00000002   PAD
    0x08001478   0x0000009c   Code   RO          164    i.HSI_Config        system_stm32f10x.o
    0x08001514   0x0000002a   Code   RO         4294    i.I2C_CheckEvent    f103c8t6.lib(stm32f10x_i2c.o)
    0x0800153e   0x00000018   Code   RO         4297    i.I2C_Cmd           f103c8t6.lib(stm32f10x_i2c.o)
    0x08001556   0x00000002   PAD
    0x08001558   0x00000038   Code   RO         4300    i.I2C_DeInit        f103c8t6.lib(stm32f10x_i2c.o)
    0x08001590   0x00000018   Code   RO         4304    i.I2C_GenerateSTART  f103c8t6.lib(stm32f10x_i2c.o)
    0x080015a8   0x00000018   Code   RO         4305    i.I2C_GenerateSTOP  f103c8t6.lib(stm32f10x_i2c.o)
    0x080015c0   0x0000003a   Code   RO         4306    i.I2C_GetFlagStatus  f103c8t6.lib(stm32f10x_i2c.o)
    0x080015fa   0x00000002   PAD
    0x080015fc   0x000000ec   Code   RO         4311    i.I2C_Init          f103c8t6.lib(stm32f10x_i2c.o)
    0x080016e8   0x00000012   Code   RO         4318    i.I2C_Send7bitAddress  f103c8t6.lib(stm32f10x_i2c.o)
    0x080016fa   0x00000004   Code   RO         4319    i.I2C_SendData      f103c8t6.lib(stm32f10x_i2c.o)
    0x080016fe   0x00000004   Code   RO           26    i.MemManage_Handler  stm32f10x_it.o
    0x08001702   0x00000002   Code   RO           27    i.NMI_Handler       stm32f10x_it.o
    0x08001704   0x00000074   Code   RO         3581    i.NVIC_Init         f103c8t6.lib(misc.o)
    0x08001778   0x0000000c   Code   RO         4495    i.PWR_BackupAccessCmd  f103c8t6.lib(stm32f10x_pwr.o)
    0x08001784   0x00000018   Code   RO         4555    i.RCC_ADCCLKConfig  f103c8t6.lib(stm32f10x_rcc.o)
    0x0800179c   0x00000020   Code   RO         4557    i.RCC_APB1PeriphClockCmd  f103c8t6.lib(stm32f10x_rcc.o)
    0x080017bc   0x00000020   Code   RO         4558    i.RCC_APB1PeriphResetCmd  f103c8t6.lib(stm32f10x_rcc.o)
    0x080017dc   0x00000020   Code   RO         4559    i.RCC_APB2PeriphClockCmd  f103c8t6.lib(stm32f10x_rcc.o)
    0x080017fc   0x00000020   Code   RO         4560    i.RCC_APB2PeriphResetCmd  f103c8t6.lib(stm32f10x_rcc.o)
    0x0800181c   0x0000000c   Code   RO         4562    i.RCC_BackupResetCmd  f103c8t6.lib(stm32f10x_rcc.o)
    0x08001828   0x0000004c   Code   RO         4566    i.RCC_DeInit        f103c8t6.lib(stm32f10x_rcc.o)
    0x08001874   0x000000d4   Code   RO         4567    i.RCC_GetClocksFreq  f103c8t6.lib(stm32f10x_rcc.o)
    0x08001948   0x0000003c   Code   RO         4568    i.RCC_GetFlagStatus  f103c8t6.lib(stm32f10x_rcc.o)
    0x08001984   0x00000010   Code   RO         4570    i.RCC_GetSYSCLKSource  f103c8t6.lib(stm32f10x_rcc.o)
    0x08001994   0x00000018   Code   RO         4571    i.RCC_HCLKConfig    f103c8t6.lib(stm32f10x_rcc.o)
    0x080019ac   0x0000000c   Code   RO         4573    i.RCC_HSICmd        f103c8t6.lib(stm32f10x_rcc.o)
    0x080019b8   0x00000034   Code   RO         4575    i.RCC_LSEConfig     f103c8t6.lib(stm32f10x_rcc.o)
    0x080019ec   0x0000000c   Code   RO         4576    i.RCC_LSICmd        f103c8t6.lib(stm32f10x_rcc.o)
    0x080019f8   0x00000018   Code   RO         4578    i.RCC_PCLK1Config   f103c8t6.lib(stm32f10x_rcc.o)
    0x08001a10   0x00000018   Code   RO         4579    i.RCC_PCLK2Config   f103c8t6.lib(stm32f10x_rcc.o)
    0x08001a28   0x0000000c   Code   RO         4580    i.RCC_PLLCmd        f103c8t6.lib(stm32f10x_rcc.o)
    0x08001a34   0x0000001c   Code   RO         4581    i.RCC_PLLConfig     f103c8t6.lib(stm32f10x_rcc.o)
    0x08001a50   0x0000000c   Code   RO         4582    i.RCC_RTCCLKCmd     f103c8t6.lib(stm32f10x_rcc.o)
    0x08001a5c   0x00000010   Code   RO         4583    i.RCC_RTCCLKConfig  f103c8t6.lib(stm32f10x_rcc.o)
    0x08001a6c   0x00000018   Code   RO         4584    i.RCC_SYSCLKConfig  f103c8t6.lib(stm32f10x_rcc.o)
    0x08001a84   0x00000010   Code   RO         4756    i.RTC_ClearITPendingBit  f103c8t6.lib(stm32f10x_rtc.o)
    0x08001a94   0x00000014   Code   RO         4757    i.RTC_EnterConfigMode  f103c8t6.lib(stm32f10x_rtc.o)
    0x08001aa8   0x00000014   Code   RO         4758    i.RTC_ExitConfigMode  f103c8t6.lib(stm32f10x_rtc.o)
    0x08001abc   0x00000014   Code   RO         4759    i.RTC_GetCounter    f103c8t6.lib(stm32f10x_rtc.o)
    0x08001ad0   0x00000024   Code   RO         4762    i.RTC_GetITStatus   f103c8t6.lib(stm32f10x_rtc.o)
    0x08001af4   0x00000012   Code   RO           28    i.RTC_IRQHandler    stm32f10x_it.o
    0x08001b06   0x00000002   PAD
    0x08001b08   0x0000001c   Code   RO         4765    i.RTC_SetCounter    f103c8t6.lib(stm32f10x_rtc.o)
    0x08001b24   0x00000014   Code   RO         4767    i.RTC_WaitForLastTask  f103c8t6.lib(stm32f10x_rtc.o)
    0x08001b38   0x00000020   Code   RO         4768    i.RTC_WaitForSynchro  f103c8t6.lib(stm32f10x_rtc.o)
    0x08001b58   0x00000018   Code   RO         4850    i.SPI_Cmd           f103c8t6.lib(stm32f10x_spi.o)
    0x08001b70   0x00000012   Code   RO         4858    i.SPI_I2S_GetFlagStatus  f103c8t6.lib(stm32f10x_spi.o)
    0x08001b82   0x00000006   Code   RO         4861    i.SPI_I2S_ReceiveData  f103c8t6.lib(stm32f10x_spi.o)
    0x08001b88   0x00000004   Code   RO         4862    i.SPI_I2S_SendData  f103c8t6.lib(stm32f10x_spi.o)
    0x08001b8c   0x0000003c   Code   RO         4863    i.SPI_Init          f103c8t6.lib(stm32f10x_spi.o)
    0x08001bc8   0x00000002   Code   RO           29    i.SVC_Handler       stm32f10x_it.o
    0x08001bca   0x00000002   PAD
    0x08001bcc   0x0000003c   Code   RO          817    i.SysTick_Handler   board.o
    0x08001c08   0x000000a4   Code   RO          167    i.SystemCoreClockUpdate  system_stm32f10x.o
    0x08001cac   0x00000014   Code   RO          168    i.SystemInit        system_stm32f10x.o
    0x08001cc0   0x000000c8   Code   RO          727    i.UART1_Init        drv_uart.o
    0x08001d88   0x000000c4   Code   RO          729    i.UART2_Init        drv_uart.o
    0x08001e4c   0x000000c8   Code   RO          731    i.UART3_Init        drv_uart.o
    0x08001f14   0x00000018   Code   RO          733    i.UART_Clear        drv_uart.o
    0x08001f2c   0x00000028   Code   RO          734    i.UART_Init         drv_uart.o
    0x08001f54   0x0000006c   Code   RO          736    i.USART1_IRQHandler  drv_uart.o
    0x08001fc0   0x00000078   Code   RO          737    i.USART2_IRQHandler  drv_uart.o
    0x08002038   0x0000006c   Code   RO          738    i.USART3_IRQHandler  drv_uart.o
    0x080020a4   0x00000012   Code   RO         4989    i.USART_ClearFlag   f103c8t6.lib(stm32f10x_usart.o)
    0x080020b6   0x0000001e   Code   RO         4990    i.USART_ClearITPendingBit  f103c8t6.lib(stm32f10x_usart.o)
    0x080020d4   0x00000018   Code   RO         4993    i.USART_Cmd         f103c8t6.lib(stm32f10x_usart.o)
    0x080020ec   0x0000001a   Code   RO         4996    i.USART_GetFlagStatus  f103c8t6.lib(stm32f10x_usart.o)
    0x08002106   0x00000054   Code   RO         4997    i.USART_GetITStatus  f103c8t6.lib(stm32f10x_usart.o)
    0x0800215a   0x0000004a   Code   RO         4999    i.USART_ITConfig    f103c8t6.lib(stm32f10x_usart.o)
    0x080021a4   0x000000d8   Code   RO         5000    i.USART_Init        f103c8t6.lib(stm32f10x_usart.o)
    0x0800227c   0x0000000a   Code   RO         5007    i.USART_ReceiveData  f103c8t6.lib(stm32f10x_usart.o)
    0x08002286   0x00000008   Code   RO         5010    i.USART_SendData    f103c8t6.lib(stm32f10x_usart.o)
    0x0800228e   0x00000004   Code   RO           31    i.UsageFault_Handler  stm32f10x_it.o
    0x08002292   0x00000002   PAD
    0x08002294   0x00000010   Code   RO         5171    i.WWDG_Enable       f103c8t6.lib(stm32f10x_wwdg.o)
    0x080022a4   0x00000018   Code   RO         5175    i.WWDG_SetPrescaler  f103c8t6.lib(stm32f10x_wwdg.o)
    0x080022bc   0x00000028   Code   RO         5176    i.WWDG_SetWindowValue  f103c8t6.lib(stm32f10x_wwdg.o)
    0x080022e4   0x00000030   Code   RO          818    i._SysTick_Config   board.o
    0x08002314   0x00000020   Code   RO         5488    i.__0printf         mc_w.l(printfa.o)
    0x08002334   0x00000028   Code   RO         5490    i.__0sprintf        mc_w.l(printfa.o)
    0x0800235c   0x0000002c   Code   RO         5493    i.__0vsnprintf      mc_w.l(printfa.o)
    0x08002388   0x00000008   Code   RO         5618    i.__aeabi_errno_addr  mc_w.l(errno.o)
    0x08002390   0x000000aa   Code   RO         5588    i.__kernel_poly     m_ws.l(poly.o)
    0x0800243a   0x00000002   PAD
    0x0800243c   0x00000010   Code   RO         5574    i.__mathlib_dbl_divzero  m_ws.l(dunder.o)
    0x0800244c   0x00000006   Code   RO         5575    i.__mathlib_dbl_infnan  m_ws.l(dunder.o)
    0x08002452   0x0000000c   Code   RO         5577    i.__mathlib_dbl_invalid  m_ws.l(dunder.o)
    0x0800245e   0x00000002   PAD
    0x08002460   0x0000004c   Code   RO         1532    i.__rt_ffs          kservice.o
    0x080024ac   0x0000000e   Code   RO         5676    i.__scatterload_copy  mc_w.l(handlers.o)
    0x080024ba   0x00000002   Code   RO         5677    i.__scatterload_null  mc_w.l(handlers.o)
    0x080024bc   0x0000000e   Code   RO         5678    i.__scatterload_zeroinit  mc_w.l(handlers.o)
    0x080024ca   0x00000002   PAD
    0x080024cc   0x0000000c   Code   RO         5620    i.__set_errno       mc_w.l(errno.o)
    0x080024d8   0x00000184   Code   RO         5495    i._fp_digits        mc_w.l(printfa.o)
    0x0800265c   0x00000014   Code   RO         1235    i._has_defunct_thread  idle.o
    0x08002670   0x000006dc   Code   RO         5496    i._printf_core      mc_w.l(printfa.o)
    0x08002d4c   0x00000024   Code   RO         5497    i._printf_post_padding  mc_w.l(printfa.o)
    0x08002d70   0x0000002e   Code   RO         5498    i._printf_pre_padding  mc_w.l(printfa.o)
    0x08002d9e   0x00000002   PAD
    0x08002da0   0x00000084   Code   RO         1903    i._rt_thread_init   thread.o
    0x08002e24   0x00000042   Code   RO         2018    i._rt_timer_init    timer.o
    0x08002e66   0x0000002e   Code   RO         2019    i._rt_timer_remove  timer.o
    0x08002e94   0x00000016   Code   RO         5499    i._snputc           mc_w.l(printfa.o)
    0x08002eaa   0x0000000a   Code   RO         5500    i._sputc            mc_w.l(printfa.o)
    0x08002eb4   0x00000050   Code   RO          377    i.app_node_key_check  app_node.o
    0x08002f04   0x0000002c   Code   RO          378    i.app_node_key_init  app_node.o
    0x08002f30   0x0000004c   Code   RO          379    i.app_node_led_init  app_node.o
    0x08002f7c   0x00000020   Code   RO          380    i.app_node_led_set_blue  app_node.o
    0x08002f9c   0x00000024   Code   RO          381    i.app_node_led_set_green  app_node.o
    0x08002fc0   0x00000018   Code   RO          382    i.app_node_lora_cs0  app_node.o
    0x08002fd8   0x00000010   Code   RO          383    i.app_node_lora_cs1  app_node.o
    0x08002fe8   0x00000158   Code   RO          384    i.app_node_lora_init  app_node.o
    0x08003140   0x00000028   Code   RO          385    i.app_node_lora_reset  app_node.o
    0x08003168   0x00000038   Code   RO          386    i.app_node_lora_spi_rw_byte  app_node.o
    0x080031a0   0x000000ec   Code   RO          387    i.app_node_read_config  app_node.o
    0x0800328c   0x000000c0   Code   RO          388    i.app_node_send_status  app_node.o
    0x0800334c   0x0000003c   Code   RO          389    i.app_node_set_sn   app_node.o
    0x08003388   0x00000044   Code   RO          390    i.app_node_set_wake_period  app_node.o
    0x080033cc   0x00000048   Code   RO          391    i.app_node_sleep_check  app_node.o
    0x08003414   0x000000a4   Code   RO          392    i.app_node_temp_init  app_node.o
    0x080034b8   0x00000134   Code   RO          393    i.app_node_temp_update  app_node.o
    0x080035ec   0x00000120   Code   RO          394    i.app_node_thread_entry  app_node.o
    0x0800370c   0x00000050   Code   RO          395    i.app_node_wait_on_busy  app_node.o
    0x0800375c   0x0000001c   Code   RO          396    i.app_node_write_config  app_node.o
    0x08003778   0x0000007c   Code   RO          509    i.app_oled96_iic_init  app_oled96.o
    0x080037f4   0x00000038   Code   RO          510    i.app_oled96_init   app_oled96.o
    0x0800382c   0x0000001c   Code   RO          511    i.app_oled96_show_debug  app_oled96.o
    0x08003848   0x00000044   Code   RO          512    i.app_oled96_show_gw_info  app_oled96.o
    0x0800388c   0x00000040   Code   RO          513    i.app_oled96_show_node  app_oled96.o
    0x080038cc   0x00000044   Code   RO          514    i.app_oled96_show_signal  app_oled96.o
    0x08003910   0x00000038   Code   RO          515    i.app_oled96_show_start  app_oled96.o
    0x08003948   0x00000038   Code   RO          516    i.app_oled96_show_time  app_oled96.o
    0x08003980   0x00000074   Code   RO          517    i.app_oled96_show_tx_total  app_oled96.o
    0x080039f4   0x00000098   Code   RO          518    i.app_oled96_thread_entry  app_oled96.o
    0x08003a8c   0x00000098   Code   RO          519    i.app_oled96_write_byte  app_oled96.o
    0x08003b24   0x000001e0   Code   RO          309    i.app_uart_thread_entry  user_app.o
    0x08003d04   0x00000020   Code   RO          592    i.delay_ms          drv_common.o
    0x08003d24   0x00000018   Code   RO          593    i.delay_os          drv_common.o
    0x08003d3c   0x00000098   Code   RO          596    i.drv_common_init   drv_common.o
    0x08003dd4   0x00000038   Code   RO          597    i.drv_crc16         drv_common.o
    0x08003e0c   0x00000008   Code   RO          600    i.drv_get_rtc_counter  drv_common.o
    0x08003e14   0x0000000c   Code   RO          601    i.drv_get_sec_counter  drv_common.o
    0x08003e20   0x00000040   Code   RO          993    i.drv_oled96_clear  drv_oled96.o
    0x08003e60   0x00000036   Code   RO          994    i.drv_oled96_clear_line  drv_oled96.o
    0x08003e96   0x000000e8   Code   RO          999    i.drv_oled96_init   drv_oled96.o
    0x08003f7e   0x0000002e   Code   RO         1000    i.drv_oled96_set_pos  drv_oled96.o
    0x08003fac   0x000000ac   Code   RO         1001    i.drv_oled96_show_char  drv_oled96.o
    0x08004058   0x00000064   Code   RO         1002    i.drv_oled96_show_chinese  drv_oled96.o
    0x080040bc   0x00000034   Code   RO         1003    i.drv_oled96_show_str_f6x8  drv_oled96.o
    0x080040f0   0x00000036   Code   RO         1004    i.drv_oled96_show_str_f8x16  drv_oled96.o
    0x08004126   0x00000002   PAD
    0x08004128   0x0000001c   Code   RO         1005    i.drv_oled96_write_byte  drv_oled96.o
    0x08004144   0x0000000c   Code   RO         1006    i.drv_oled96_write_byte_register  drv_oled96.o
    0x08004150   0x000000f4   Code   RO          602    i.drv_rtc_init      drv_common.o
    0x08004244   0x0000000c   Code   RO          603    i.drv_set_rtc_counter  drv_common.o
    0x08004250   0x00000032   Code   RO         3307    i.drv_sx1268_cad_check  drv_sx1268.o
    0x08004282   0x0000002c   Code   RO         3308    i.drv_sx1268_cad_init  drv_sx1268.o
    0x080042ae   0x00000002   PAD
    0x080042b0   0x00000138   Code   RO         3309    i.drv_sx1268_calcu_air_time  drv_sx1268.o
    0x080043e8   0x00000024   Code   RO         3311    i.drv_sx1268_clr_irq_status  drv_sx1268.o
    0x0800440c   0x00000024   Code   RO         3312    i.drv_sx1268_convert_freqinhz2pllstep  drv_sx1268.o
    0x08004430   0x0000001e   Code   RO         3313    i.drv_sx1268_get_irq_status  drv_sx1268.o
    0x0800444e   0x00000038   Code   RO         3314    i.drv_sx1268_get_pack_status  drv_sx1268.o
    0x08004486   0x00000022   Code   RO         3315    i.drv_sx1268_get_rssi_inst  drv_sx1268.o
    0x080044a8   0x00000022   Code   RO         3316    i.drv_sx1268_get_rx_buff_status  drv_sx1268.o
    0x080044ca   0x00000002   PAD
    0x080044cc   0x000000a8   Code   RO         3317    i.drv_sx1268_init   drv_sx1268.o
    0x08004574   0x0000007c   Code   RO         3318    i.drv_sx1268_recv_check  drv_sx1268.o
    0x080045f0   0x00000058   Code   RO         3319    i.drv_sx1268_recv_init  drv_sx1268.o
    0x08004648   0x00000046   Code   RO         3320    i.drv_sx1268_send   drv_sx1268.o
    0x0800468e   0x00000022   Code   RO         3321    i.drv_sx1268_send_check  drv_sx1268.o
    0x080046b0   0x00000022   Code   RO         3322    i.drv_sx1268_set_buff_base_addr  drv_sx1268.o
    0x080046d2   0x0000004a   Code   RO         3323    i.drv_sx1268_set_cad_params  drv_sx1268.o
    0x0800471c   0x0000001a   Code   RO         3324    i.drv_sx1268_set_dio2_switchctrl  drv_sx1268.o
    0x08004736   0x0000003a   Code   RO         3325    i.drv_sx1268_set_freq  drv_sx1268.o
    0x08004770   0x0000004e   Code   RO         3326    i.drv_sx1268_set_irq_parsms  drv_sx1268.o
    0x080047be   0x00000012   Code   RO         3327    i.drv_sx1268_set_mode  drv_sx1268.o
    0x080047d0   0x00000030   Code   RO         3328    i.drv_sx1268_set_pa  drv_sx1268.o
    0x08004800   0x00000058   Code   RO         3329    i.drv_sx1268_set_pack_params  drv_sx1268.o
    0x08004858   0x00000058   Code   RO         3330    i.drv_sx1268_set_power  drv_sx1268.o
    0x080048b0   0x0000001a   Code   RO         3331    i.drv_sx1268_set_regulator_mode  drv_sx1268.o
    0x080048ca   0x00000030   Code   RO         3332    i.drv_sx1268_set_sf_bw  drv_sx1268.o
    0x080048fa   0x00000016   Code   RO         3333    i.drv_sx1268_set_sleep  drv_sx1268.o
    0x08004910   0x00000012   Code   RO         3334    i.drv_sx1268_set_standby  drv_sx1268.o
    0x08004922   0x00000012   Code   RO         3335    i.drv_sx1268_set_stop_rxtimer_onpreamble_detect  drv_sx1268.o
    0x08004934   0x00000028   Code   RO         3337    i.drv_sx1268_wakeup  drv_sx1268.o
    0x0800495c   0x00000040   Code   RO          605    i.drv_system_reset  drv_common.o
    0x0800499c   0x00000002   Code   RO          606    i.drv_wdog_feed     drv_common.o
    0x0800499e   0x00000002   Code   RO          607    i.drv_wdog_init     drv_common.o
    0x080049a0   0x00000024   Code   RO          739    i.fputc             drv_uart.o
    0x080049c4   0x00000048   Code   RO         3509    i.hal_sx1268_read_cmd  hal_sx1268.o
    0x08004a0c   0x0000004c   Code   RO         3510    i.hal_sx1268_read_fifo  hal_sx1268.o
    0x08004a58   0x0000001c   Code   RO         3511    i.hal_sx1268_read_reg  hal_sx1268.o
    0x08004a74   0x00000054   Code   RO         3512    i.hal_sx1268_read_regs  hal_sx1268.o
    0x08004ac8   0x0000000a   Code   RO         3513    i.hal_sx1268_rst    hal_sx1268.o
    0x08004ad2   0x00000012   Code   RO         3514    i.hal_sx1268_set_led  hal_sx1268.o
    0x08004ae4   0x00000012   Code   RO         3515    i.hal_sx1268_spi_rw_byte  hal_sx1268.o
    0x08004af6   0x0000003a   Code   RO         3516    i.hal_sx1268_write_cmd  hal_sx1268.o
    0x08004b30   0x00000044   Code   RO         3517    i.hal_sx1268_write_fifo  hal_sx1268.o
    0x08004b74   0x00000014   Code   RO         3518    i.hal_sx1268_write_reg  hal_sx1268.o
    0x08004b88   0x0000004a   Code   RO         3519    i.hal_sx1268_write_regs  hal_sx1268.o
    0x08004bd2   0x00000002   PAD
    0x08004bd4   0x0000035c   Code   RO         5224    i.log               m_ws.l(log.o)
    0x08004f30   0x000000d0   Code   RO          204    i.main              main.o
    0x08005000   0x0000000e   Code   RO         1162    i.main_thread_entry  components.o
    0x0800500e   0x00000010   Code   RO         2955    i.nwk_crc16         nwk_bsp.o
    0x0800501e   0x0000000c   Code   RO         2956    i.nwk_delay_ms      nwk_bsp.o
    0x0800502a   0x00000048   Code   RO         2957    i.nwk_find_head     nwk_bsp.o
    0x08005072   0x00000002   PAD
    0x08005074   0x00000024   Code   RO         2958    i.nwk_get_down_channel  nwk_bsp.o
    0x08005098   0x00000028   Code   RO         2959    i.nwk_get_rand      nwk_bsp.o
    0x080050c0   0x00000008   Code   RO         2960    i.nwk_get_rtc_counter  nwk_bsp.o
    0x080050c8   0x00000028   Code   RO         2962    i.nwk_get_sn_freq   nwk_bsp.o
    0x080050f0   0x00000024   Code   RO         2963    i.nwk_get_static_channel4  nwk_bsp.o
    0x08005114   0x00000024   Code   RO         2964    i.nwk_get_up_channel  nwk_bsp.o
    0x08005138   0x00000048   Code   RO         2727    i.nwk_node_add_gw   nwk_node.o
    0x08005180   0x0000005c   Code   RO         2728    i.nwk_node_cacul_alarm_time  nwk_node.o
    0x080051dc   0x00000020   Code   RO         2729    i.nwk_node_cad_check  nwk_node.o
    0x080051fc   0x00000020   Code   RO         2730    i.nwk_node_cad_init  nwk_node.o
    0x0800521c   0x0000001e   Code   RO         2731    i.nwk_node_calcu_air_time  nwk_node.o
    0x0800523a   0x00000002   PAD
    0x0800523c   0x00000034   Code   RO         2732    i.nwk_node_clear_tx  nwk_node.o
    0x08005270   0x00000048   Code   RO         2734    i.nwk_node_device_init  nwk_node.o
    0x080052b8   0x00000008   Code   RO         2735    i.nwk_node_main_process  nwk_node.o
    0x080052c0   0x00000174   Code   RO         2736    i.nwk_node_make_send_buff  nwk_node.o
    0x08005434   0x00000050   Code   RO         2737    i.nwk_node_recv_check  nwk_node.o
    0x08005484   0x0000001c   Code   RO         2738    i.nwk_node_recv_from_check  nwk_node.o
    0x080054a0   0x00000020   Code   RO         2739    i.nwk_node_recv_init  nwk_node.o
    0x080054c0   0x00000538   Code   RO         2740    i.nwk_node_recv_parse  nwk_node.o
    0x080059f8   0x0000005c   Code   RO         2741    i.nwk_node_req_join  nwk_node.o
    0x08005a54   0x000005a0   Code   RO         2742    i.nwk_node_rx_process  nwk_node.o
    0x08005ff4   0x0000002c   Code   RO         2743    i.nwk_node_search_gw  nwk_node.o
    0x08006020   0x000002cc   Code   RO         2744    i.nwk_node_search_process  nwk_node.o
    0x080062ec   0x00000024   Code   RO         2745    i.nwk_node_select_gw  nwk_node.o
    0x08006310   0x0000009c   Code   RO         2746    i.nwk_node_send2gateway  nwk_node.o
    0x080063ac   0x00000028   Code   RO         2748    i.nwk_node_send_buff  nwk_node.o
    0x080063d4   0x00000020   Code   RO         2749    i.nwk_node_send_check  nwk_node.o
    0x080063f4   0x00000038   Code   RO         2750    i.nwk_node_send_sniff  nwk_node.o
    0x0800642c   0x00000024   Code   RO         2751    i.nwk_node_set_led  nwk_node.o
    0x08006450   0x0000000c   Code   RO         2752    i.nwk_node_set_lora_dev  nwk_node.o
    0x0800645c   0x00000034   Code   RO         2753    i.nwk_node_set_lora_param  nwk_node.o
    0x08006490   0x00000014   Code   RO         2754    i.nwk_node_set_root_key  nwk_node.o
    0x080064a4   0x0000000c   Code   RO         2755    i.nwk_node_set_sn   nwk_node.o
    0x080064b0   0x0000000c   Code   RO         2756    i.nwk_node_set_wake_period  nwk_node.o
    0x080064bc   0x00000040   Code   RO         2757    i.nwk_node_sleep_init  nwk_node.o
    0x080064fc   0x00000008   Code   RO         2758    i.nwk_node_take_rf_param  nwk_node.o
    0x08006504   0x00000018   Code   RO         2759    i.nwk_node_take_tx_cnts  nwk_node.o
    0x0800651c   0x00000010   Code   RO         2760    i.nwk_node_tx_d2d_process  nwk_node.o
    0x0800652c   0x0000117c   Code   RO         2761    i.nwk_node_tx_gw_process  nwk_node.o
    0x080076a8   0x00000354   Code   RO         2762    i.nwk_node_work_check  nwk_node.o
    0x080079fc   0x0000000c   Code   RO         2965    i.nwk_set_rtc_counter  nwk_bsp.o
    0x08007a08   0x00000014   Code   RO         2966    i.nwk_tea_decrypt   nwk_bsp.o
    0x08007a1c   0x00000014   Code   RO         2967    i.nwk_tea_encrypt   nwk_bsp.o
    0x08007a30   0x00000078   Code   RO         1690    i.plug_holes        mem.o
    0x08007aa8   0x00000040   Code   RO          610    i.printf_hex        drv_common.o
    0x08007ae8   0x00000038   Code   RO          520    i.printf_oled       app_oled96.o
    0x08007b20   0x00000030   Code   RO         1163    i.rt_application_init  components.o
    0x08007b50   0x0000001c   Code   RO         1164    i.rt_components_board_init  components.o
    0x08007b6c   0x0000001c   Code   RO         1165    i.rt_components_init  components.o
    0x08007b88   0x00000020   Code   RO         1822    i.rt_enter_critical  scheduler.o
    0x08007ba8   0x0000003c   Code   RO         1823    i.rt_exit_critical  scheduler.o
    0x08007be4   0x00000078   Code   RO         1692    i.rt_free           mem.o
    0x08007c5c   0x00000008   Code   RO          819    i.rt_heap_begin_get  board.o
    0x08007c64   0x00000008   Code   RO          820    i.rt_heap_end_get   board.o
    0x08007c6c   0x0000003c   Code   RO          821    i.rt_hw_board_init  board.o
    0x08007ca8   0x00000024   Code   RO         1092    i.rt_hw_hard_fault_exception  cpuport.o
    0x08007ccc   0x0000004c   Code   RO         1093    i.rt_hw_stack_init  cpuport.o
    0x08007d18   0x00000020   Code   RO         1505    i.rt_interrupt_enter  irq.o
    0x08007d38   0x00000020   Code   RO         1507    i.rt_interrupt_leave  irq.o
    0x08007d58   0x00000014   Code   RO         1275    i.rt_ipc_list_resume  ipc.o
    0x08007d6c   0x0000006c   Code   RO         1277    i.rt_ipc_list_suspend  ipc.o
    0x08007dd8   0x00000010   Code   RO         1278    i.rt_ipc_object_init  ipc.o
    0x08007de8   0x00000006   Code   RO         1279    i.rt_list_init      ipc.o
    0x08007dee   0x00000006   Code   RO         1824    i.rt_list_init      scheduler.o
    0x08007df4   0x00000006   Code   RO         2020    i.rt_list_init      timer.o
    0x08007dfa   0x0000000e   Code   RO         1752    i.rt_list_insert_after  object.o
    0x08007e08   0x0000000e   Code   RO         1904    i.rt_list_insert_after  thread.o
    0x08007e16   0x0000000e   Code   RO         2021    i.rt_list_insert_after  timer.o
    0x08007e24   0x0000000e   Code   RO         1280    i.rt_list_insert_before  ipc.o
    0x08007e32   0x00000010   Code   RO         1281    i.rt_list_isempty   ipc.o
    0x08007e42   0x00000010   Code   RO         2022    i.rt_list_isempty   timer.o
    0x08007e52   0x00000012   Code   RO         1753    i.rt_list_remove    object.o
    0x08007e64   0x00000012   Code   RO         1905    i.rt_list_remove    thread.o
    0x08007e76   0x00000002   PAD
    0x08007e78   0x0000016c   Code   RO         1693    i.rt_malloc         mem.o
    0x08007fe4   0x00000048   Code   RO         1541    i.rt_memset         kservice.o
    0x0800802c   0x0000004a   Code   RO         1754    i.rt_object_allocate  object.o
    0x08008076   0x00000020   Code   RO         1755    i.rt_object_delete  object.o
    0x08008096   0x0000001a   Code   RO         1756    i.rt_object_detach  object.o
    0x080080b0   0x00000028   Code   RO         1758    i.rt_object_get_information  object.o
    0x080080d8   0x0000003c   Code   RO         1759    i.rt_object_init    object.o
    0x08008114   0x00000012   Code   RO         1760    i.rt_object_is_systemobject  object.o
    0x08008126   0x00000002   PAD
    0x08008128   0x00000090   Code   RO         1825    i.rt_schedule       scheduler.o
    0x080081b8   0x00000050   Code   RO         1826    i.rt_schedule_insert_thread  scheduler.o
    0x08008208   0x00000054   Code   RO         1827    i.rt_schedule_remove_thread  scheduler.o
    0x0800825c   0x00000026   Code   RO         1309    i.rt_sem_init       ipc.o
    0x08008282   0x0000003a   Code   RO         1310    i.rt_sem_release    ipc.o
    0x080082bc   0x00000074   Code   RO         1311    i.rt_sem_take       ipc.o
    0x08008330   0x00000002   Code   RO         1543    i.rt_show_version   kservice.o
    0x08008332   0x00000034   Code   RO         1551    i.rt_strncpy        kservice.o
    0x08008366   0x00000002   PAD
    0x08008368   0x000000b0   Code   RO         1696    i.rt_system_heap_init  mem.o
    0x08008418   0x0000004c   Code   RO         1828    i.rt_system_scheduler_init  scheduler.o
    0x08008464   0x00000030   Code   RO         1829    i.rt_system_scheduler_start  scheduler.o
    0x08008494   0x0000001c   Code   RO         2023    i.rt_system_timer_init  timer.o
    0x080084b0   0x00000002   Code   RO         2024    i.rt_system_timer_thread_init  timer.o
    0x080084b2   0x00000050   Code   RO         1907    i.rt_thread_create  thread.o
    0x08008502   0x0000000c   Code   RO         1908    i.rt_thread_delay   thread.o
    0x0800850e   0x00000002   PAD
    0x08008510   0x00000054   Code   RO         1911    i.rt_thread_exit    thread.o
    0x08008564   0x00000008   Code   RO         1236    i.rt_thread_idle_entry  idle.o
    0x0800856c   0x00000084   Code   RO         1237    i.rt_thread_idle_excute  idle.o
    0x080085f0   0x0000003c   Code   RO         1239    i.rt_thread_idle_init  idle.o
    0x0800862c   0x00000034   Code   RO         1913    i.rt_thread_init    thread.o
    0x08008660   0x0000003c   Code   RO         1914    i.rt_thread_resume  thread.o
    0x0800869c   0x0000000c   Code   RO         1915    i.rt_thread_self    thread.o
    0x080086a8   0x00000044   Code   RO         1916    i.rt_thread_sleep   thread.o
    0x080086ec   0x0000002c   Code   RO         1917    i.rt_thread_startup  thread.o
    0x08008718   0x00000044   Code   RO         1918    i.rt_thread_suspend  thread.o
    0x0800875c   0x00000020   Code   RO         1919    i.rt_thread_timeout  thread.o
    0x0800877c   0x00000064   Code   RO         1920    i.rt_thread_yield   thread.o
    0x080087e0   0x0000000c   Code   RO         1125    i.rt_tick_get       clock.o
    0x080087ec   0x00000030   Code   RO         1126    i.rt_tick_increase  clock.o
    0x0800881c   0x0000007c   Code   RO         2025    i.rt_timer_check    timer.o
    0x08008898   0x00000038   Code   RO         2026    i.rt_timer_control  timer.o
    0x080088d0   0x00000020   Code   RO         2029    i.rt_timer_detach   timer.o
    0x080088f0   0x0000002e   Code   RO         2030    i.rt_timer_init     timer.o
    0x0800891e   0x00000002   PAD
    0x08008920   0x000000f8   Code   RO         2033    i.rt_timer_start    timer.o
    0x08008a18   0x00000030   Code   RO         2034    i.rt_timer_stop     timer.o
    0x08008a48   0x00000004   Code   RO         1166    i.rti_board_end     components.o
    0x08008a4c   0x00000004   Code   RO         1167    i.rti_board_start   components.o
    0x08008a50   0x00000004   Code   RO         1168    i.rti_end           components.o
    0x08008a54   0x00000004   Code   RO         1169    i.rti_start         components.o
    0x08008a58   0x0000002a   Code   RO         1170    i.rtthread_startup  components.o
    0x08008a82   0x00000002   PAD
    0x08008a84   0x00000068   Code   RO          948    i.tea_decrypt_buff  drv_encrypt.o
    0x08008aec   0x00000068   Code   RO          949    i.tea_encrypt_buff  drv_encrypt.o
    0x08008b54   0x00000200   Data   RO          612    .constdata          drv_common.o
    0x08008d54   0x00000918   Data   RO         1007    .constdata          drv_oled96.o
    0x0800966c   0x00000122   Data   RO         1557    .constdata          kservice.o
    0x0800978e   0x0000001c   Data   RO         2968    .constdata          nwk_bsp.o
    0x080097aa   0x00000002   PAD
    0x080097ac   0x00000014   Data   RO         3338    .constdata          drv_sx1268.o
    0x080097c0   0x00000038   Data   RO         5225    .constdata          m_ws.l(log.o)
    0x080097f8   0x00000008   Data   RO         5590    .constdata          m_ws.l(qnan.o)
    0x08009800   0x00000081   Data   RO         5643    .constdata          mc_w.l(ctype_o.o)
    0x08009881   0x00000003   PAD
    0x08009884   0x00000004   Data   RO         5644    .constdata          mc_w.l(ctype_o.o)
    0x08009888   0x00000004   Data   RO         1171    .rti_fn.0           components.o
    0x0800988c   0x00000004   Data   RO         1172    .rti_fn.0.end       components.o
    0x08009890   0x00000004   Data   RO         1173    .rti_fn.1.end       components.o
    0x08009894   0x00000004   Data   RO         1174    .rti_fn.6.end       components.o
    0x08009898   0x00000020   Data   RO         5674    Region$$Table       anon$$obj.o


    Execution Region RW_IRAM1 (Base: 0x20000000, Size: 0x00002b20, Max: 0x00005000, ABSOLUTE)

    Base Addr    Size         Type   Attr      Idx    E Section Name        Object

    0x20000000   0x00000014   Data   RW          169    .data               system_stm32f10x.o
    0x20000014   0x00000004   Data   RW          310    .data               user_app.o
    0x20000018   0x0000000d   Data   RW          398    .data               app_node.o
    0x20000025   0x00000003   PAD
    0x20000028   0x0000000d   Data   RW          613    .data               drv_common.o
    0x20000035   0x00000003   PAD
    0x20000038   0x00000004   Data   RW          823    .data               board.o
    0x2000003c   0x00000004   Data   RW         1008    .data               drv_oled96.o
    0x20000040   0x00000010   Data   RW         1094    .data               cpuport.o
    0x20000050   0x00000004   Data   RW         1128    .data               clock.o
    0x20000054   0x00000001   Data   RW         1508    .data               irq.o
    0x20000055   0x00000003   PAD
    0x20000058   0x00000018   Data   RW         1698    .data               mem.o
    0x20000070   0x00000060   Data   RW         1762    .data               object.o
    0x200000d0   0x00000018   Data   RW         1831    .data               scheduler.o
    0x200000e8   0x0000000c   Data   RW         2035    .data               timer.o
    0x200000f4   0x00000008   Data   RW         2764    .data               nwk_node.o
    0x200000fc   0x00000004   Data   RW         2969    .data               nwk_bsp.o
    0x20000100   0x00000014   Data   RW         4587    .data               f103c8t6.lib(stm32f10x_rcc.o)
    0x20000114   0x00000004   Data   RW         5237    .data               mc_w.l(rand.o)
    0x20000118   0x00000004   Data   RW         5605    .data               mc_w.l(stdout.o)
    0x2000011c   0x00000004   Data   RW         5621    .data               mc_w.l(errno.o)
    0x20000120   0x0000003c   Zero   RW          397    .bss                app_node.o
    0x2000015c   0x000001b8   Zero   RW          521    .bss                app_oled96.o
    0x20000314   0x00000400   Zero   RW          611    .bss                drv_common.o
    0x20000714   0x0000033c   Zero   RW          740    .bss                drv_uart.o
    0x20000a50   0x00001000   Zero   RW          822    .bss                board.o
    0x20001a50   0x00000178   Zero   RW         1240    .bss                idle.o
    0x20001bc8   0x00000020   Zero   RW         1697    .bss                mem.o
    0x20001be8   0x00000100   Zero   RW         1830    .bss                scheduler.o
    0x20001ce8   0x00000634   Zero   RW         2763    .bss                nwk_node.o
    0x2000231c   0x00000004   PAD
    0x20002320   0x00000800   Zero   RW           17    STACK               startup_stm32f10x_md.o


==============================================================================

Image component sizes


      Code (inc. data)   RO Data    RW Data    ZI Data      Debug   Object Name

      2244        496          0         13         60      17571   app_node.o
       996        184          0          0        440       7840   app_oled96.o
       184         26          0          4       4096       3513   board.o
        60         12          0          4          0       1237   clock.o
       190         30         16          0          0       5948   components.o
       240         26          0          0          0        812   context_rvds.o
         0          0          0          0          0       4572   core_cm3.o
       112         10          0         16          0       3218   cpuport.o
       844        194        512         13       1024       9036   drv_common.o
       416         62          0          0          0       3544   drv_encrypt.o
       814         22       2328          4          0       7725   drv_oled96.o
      1800        110         20          0          0      22074   drv_sx1268.o
      1032        102          0          0        828       6574   drv_uart.o
       526          0          0          0          0       8143   hal_sx1268.o
       220         30          0          0        376       5134   idle.o
       392          0          0          0          0       7905   ipc.o
        64         12          0          1          0       1646   irq.o
       202          6        290          0          0       5512   kservice.o
       208        138          0          0          0       8076   main.o
       780         92          0         24         32       3972   mem.o
       348         28         28          4          0       8098   nwk_bsp.o
     10434       2780          0          8       1588      30804   nwk_node.o
       282          4          0         96          0       7852   object.o
       530         88          0         24        256       8078   scheduler.o
        36          8        236          0       2048        836   startup_stm32f10x_md.o
        36          0          0          0          0     254524   stm32f10x_it.o
       340         30          0         20          0       2530   system_stm32f10x.o
       776         36          0          0          0      11479   thread.o
       732         20          0         12          0      10840   timer.o
       612        170          0          4          0       5911   user_app.o

    ----------------------------------------------------------------------
     25482       4716       3464        256      10752     475004   Object Totals
         0          0         32          0          0          0   (incl. Generated)
        32          0          2          9          4          0   (incl. Padding)

    ----------------------------------------------------------------------

      Code (inc. data)   RO Data    RW Data    ZI Data      Debug   Library Member Name

       116         14          0          0          0     261112   misc.o
       486         24          0          0          0       8482   stm32f10x_adc.o
       112         22          0          0          0       3729   stm32f10x_bkp.o
       370         44          0          0          0       5879   stm32f10x_flash.o
       444          6          0          0          0       4442   stm32f10x_gpio.o
       486         20          0          0          0       7075   stm32f10x_i2c.o
        12          6          0          0          0        510   stm32f10x_pwr.o
       768        140          0         20          0      13949   stm32f10x_rcc.o
       192         36          0          0          0       4010   stm32f10x_rtc.o
       112          0          0          0          0       3802   stm32f10x_spi.o
       490          6          0          0          0       7265   stm32f10x_usart.o
        80         18          0          0          0       2280   stm32f10x_wwdg.o
        34          4          0          0          0        204   dunder.o
       860         52         56          0          0        256   log.o
       170          0          0          0          0         96   poly.o
         0          0          8          0          0          0   qnan.o
        28          0          0          0          0         68   _chval.o
       158          0          0          0          0         92   _strtoul.o
        26          0          0          0          0         80   atol.o
         8          4        133          0          0         68   ctype_o.o
         0          0          0          0          0          0   entry.o
         0          0          0          0          0          0   entry10a.o
         0          0          0          0          0          0   entry11a.o
         8          4          0          0          0          0   entry2.o
         4          0          0          0          0          0   entry5.o
         0          0          0          0          0          0   entry7b.o
         0          0          0          0          0          0   entry8b.o
         8          4          0          0          0          0   entry9a.o
        20         10          0          4          0        136   errno.o
        30          0          0          0          0          0   handlers.o
        36          8          0          0          0         68   init.o
         0          0          0          0          0          0   iusefp.o
        30          0          0          0          0         68   llshl.o
        36          0          0          0          0         68   llsshr.o
        32          0          0          0          0         68   llushr.o
        26          0          0          0          0         80   memcmp.o
        36          0          0          0          0         68   memcpya.o
        36          0          0          0          0        108   memseta.o
      2374        100          0          0          0        752   printfa.o
        36         10          0          4          0        136   rand.o
         0          0          0          4          0          0   stdout.o
        18          0          0          0          0         68   strcpy.o
        14          0          0          0          0         68   strlen.o
        36          0          0          0          0         80   strstr.o
       112          0          0          0          0         88   strtol.o
        44          0          0          0          0         80   uidiv.o
        98          0          0          0          0         92   uldiv.o
        48          0          0          0          0         68   cdcmple.o
        48          0          0          0          0         68   cdrcmple.o
        56          0          0          0          0         88   d2f.o
       334          0          0          0          0        148   dadd.o
       222          0          0          0          0        100   ddiv.o
       186          0          0          0          0        176   depilogue.o
        50          0          0          0          0         76   dfixui.o
        48          0          0          0          0         68   dfixul.o
        34          0          0          0          0         76   dflti.o
        26          0          0          0          0         76   dfltui.o
       228          0          0          0          0         96   dmul.o
        46          0          0          0          0         80   dscalb.o
        38          0          0          0          0         68   f2d.o
       176          0          0          0          0        140   fadd.o
       124          0          0          0          0         88   fdiv.o
       110          0          0          0          0        168   fepilogue.o
        40          0          0          0          0         68   ffixui.o
        18          0          0          0          0         68   fflti.o
        10          0          0          0          0         68   ffltui.o
       100          0          0          0          0         76   fmul.o

    ----------------------------------------------------------------------
      9950        532        200         32          0     327291   Library Totals
        22          0          3          0          0          0   (incl. Padding)

    ----------------------------------------------------------------------

      Code (inc. data)   RO Data    RW Data    ZI Data      Debug   Library Name

      3668        336          0         20          0     322535   f103c8t6.lib
      1064         56         64          0          0        556   m_ws.l
      3254        140        133         12          0       2336   mc_w.l
      1942          0          0          0          0       1864   mf_w.l

    ----------------------------------------------------------------------
      9950        532        200         32          0     327291   Library Totals

    ----------------------------------------------------------------------

==============================================================================


      Code (inc. data)   RO Data    RW Data    ZI Data      Debug   

     35432       5248       3664        288      10752     782375   Grand Totals
     35432       5248       3664        288      10752     782375   ELF Image Totals
     35432       5248       3664        288          0          0   ROM Totals

==============================================================================

    Total RO  Size (Code + RO Data)                39096 (  38.18kB)
    Total RW  Size (RW Data + ZI Data)             11040 (  10.78kB)
    Total ROM Size (Code + RO Data + RW Data)      39384 (  38.46kB)

==============================================================================

