Component: ARM Compiler 5.06 update 4 (build 422) Tool: armlink [4d35d2]

==============================================================================

Section Cross References

    startup_stm32f10x_md.o(RESET) refers to startup_stm32f10x_md.o(STACK) for __initial_sp
    startup_stm32f10x_md.o(RESET) refers to startup_stm32f10x_md.o(.text) for Reset_Handler
    startup_stm32f10x_md.o(RESET) refers to stm32f10x_it.o(i.NMI_Handler) for NMI_Handler
    startup_stm32f10x_md.o(RESET) refers to context_rvds.o(.text) for HardFault_Handler
    startup_stm32f10x_md.o(RESET) refers to stm32f10x_it.o(i.MemManage_Handler) for MemManage_Handler
    startup_stm32f10x_md.o(RESET) refers to stm32f10x_it.o(i.BusFault_Handler) for BusFault_Handler
    startup_stm32f10x_md.o(RESET) refers to stm32f10x_it.o(i.UsageFault_Handler) for UsageFault_Handler
    startup_stm32f10x_md.o(RESET) refers to stm32f10x_it.o(i.SVC_Handler) for SVC_Handler
    startup_stm32f10x_md.o(RESET) refers to stm32f10x_it.o(i.DebugMon_Handler) for DebugMon_Handler
    startup_stm32f10x_md.o(RESET) refers to board.o(i.SysTick_Handler) for SysTick_Handler
    startup_stm32f10x_md.o(RESET) refers to stm32f10x_it.o(i.RTC_IRQHandler) for RTC_IRQHandler
    startup_stm32f10x_md.o(RESET) refers to drv_uart.o(i.USART1_IRQHandler) for USART1_IRQHandler
    startup_stm32f10x_md.o(RESET) refers to drv_uart.o(i.USART2_IRQHandler) for USART2_IRQHandler
    startup_stm32f10x_md.o(RESET) refers to drv_uart.o(i.USART3_IRQHandler) for USART3_IRQHandler
    startup_stm32f10x_md.o(.text) refers to system_stm32f10x.o(i.SystemInit) for SystemInit
    startup_stm32f10x_md.o(.text) refers to entry.o(.ARM.Collect$$$$00000000) for __main
    stm32f10x_it.o(i.RTC_IRQHandler) refers to stm32f10x_rtc.o(i.RTC_GetITStatus) for RTC_GetITStatus
    stm32f10x_it.o(i.RTC_IRQHandler) refers to stm32f10x_rtc.o(i.RTC_ClearITPendingBit) for RTC_ClearITPendingBit
    system_stm32f10x.o(i.HSI_Config) refers to stm32f10x_rcc.o(i.RCC_DeInit) for RCC_DeInit
    system_stm32f10x.o(i.HSI_Config) refers to stm32f10x_rcc.o(i.RCC_HSICmd) for RCC_HSICmd
    system_stm32f10x.o(i.HSI_Config) refers to stm32f10x_rcc.o(i.RCC_GetFlagStatus) for RCC_GetFlagStatus
    system_stm32f10x.o(i.HSI_Config) refers to stm32f10x_rcc.o(i.RCC_HCLKConfig) for RCC_HCLKConfig
    system_stm32f10x.o(i.HSI_Config) refers to stm32f10x_rcc.o(i.RCC_PCLK2Config) for RCC_PCLK2Config
    system_stm32f10x.o(i.HSI_Config) refers to stm32f10x_rcc.o(i.RCC_PCLK1Config) for RCC_PCLK1Config
    system_stm32f10x.o(i.HSI_Config) refers to stm32f10x_flash.o(i.FLASH_SetLatency) for FLASH_SetLatency
    system_stm32f10x.o(i.HSI_Config) refers to stm32f10x_flash.o(i.FLASH_PrefetchBufferCmd) for FLASH_PrefetchBufferCmd
    system_stm32f10x.o(i.HSI_Config) refers to stm32f10x_rcc.o(i.RCC_PLLConfig) for RCC_PLLConfig
    system_stm32f10x.o(i.HSI_Config) refers to stm32f10x_rcc.o(i.RCC_PLLCmd) for RCC_PLLCmd
    system_stm32f10x.o(i.HSI_Config) refers to stm32f10x_rcc.o(i.RCC_SYSCLKConfig) for RCC_SYSCLKConfig
    system_stm32f10x.o(i.HSI_Config) refers to stm32f10x_rcc.o(i.RCC_GetSYSCLKSource) for RCC_GetSYSCLKSource
    system_stm32f10x.o(i.HSI_Config) refers to stm32f10x_rcc.o(i.RCC_APB2PeriphClockCmd) for RCC_APB2PeriphClockCmd
    system_stm32f10x.o(i.HSI_Config) refers to stm32f10x_gpio.o(i.GPIO_PinRemapConfig) for GPIO_PinRemapConfig
    system_stm32f10x.o(i.HSI_Config) refers to stm32f10x_gpio.o(i.GPIO_Init) for GPIO_Init
    system_stm32f10x.o(i.HSI_Config) refers to stm32f10x_gpio.o(i.GPIO_ResetBits) for GPIO_ResetBits
    system_stm32f10x.o(i.SetSysClock) refers to system_stm32f10x.o(i.SetSysClockTo72) for SetSysClockTo72
    system_stm32f10x.o(i.SystemCoreClockUpdate) refers to system_stm32f10x.o(.data) for SystemCoreClock
    system_stm32f10x.o(i.SystemInit) refers to system_stm32f10x.o(i.HSI_Config) for HSI_Config
    main.o(i.main) refers to printfa.o(i.__0printf) for __2printf
    main.o(i.main) refers to user_app.o(i.APP_Init) for APP_Init
    main.o(i.main) refers to drv_common.o(i.drv_wdog_feed) for drv_wdog_feed
    main.o(i.main) refers to drv_common.o(i.drv_get_sec_counter) for drv_get_sec_counter
    main.o(i.main) refers to drv_common.o(i.drv_get_rtc_counter) for drv_get_rtc_counter
    main.o(i.main) refers to drv_common.o(i.delay_os) for delay_os
    user_app.o(i.APP_Init) refers to thread.o(i.rt_thread_create) for rt_thread_create
    user_app.o(i.APP_Init) refers to thread.o(i.rt_thread_startup) for rt_thread_startup
    user_app.o(i.APP_Init) refers to user_app.o(i.app_uart_thread_entry) for app_uart_thread_entry
    user_app.o(i.APP_Init) refers to app_node.o(i.app_node_thread_entry) for app_node_thread_entry
    user_app.o(i.APP_Init) refers to app_oled96.o(i.app_oled96_thread_entry) for app_oled96_thread_entry
    user_app.o(i.app_uart_send) refers to drv_uart.o(i.UART2_Send) for UART2_Send
    user_app.o(i.app_uart_thread_entry) refers to _scanf_int.o(.text) for _scanf_int
[...]
    NMI_Handler                              0x08001c9f   Thumb Code     2  stm32f10x_it.o(i.NMI_Handler)
    NVIC_Init                                0x08001ca1   Thumb Code   102  misc.o(i.NVIC_Init)
    PWR_BackupAccessCmd                      0x08001d15   Thumb Code     6  stm32f10x_pwr.o(i.PWR_BackupAccessCmd)
    RCC_ADCCLKConfig                         0x08001d21   Thumb Code    18  stm32f10x_rcc.o(i.RCC_ADCCLKConfig)
    RCC_APB1PeriphClockCmd                   0x08001d39   Thumb Code    26  stm32f10x_rcc.o(i.RCC_APB1PeriphClockCmd)
    RCC_APB1PeriphResetCmd                   0x08001d59   Thumb Code    26  stm32f10x_rcc.o(i.RCC_APB1PeriphResetCmd)
    RCC_APB2PeriphClockCmd                   0x08001d79   Thumb Code    26  stm32f10x_rcc.o(i.RCC_APB2PeriphClockCmd)
    RCC_APB2PeriphResetCmd                   0x08001d99   Thumb Code    26  stm32f10x_rcc.o(i.RCC_APB2PeriphResetCmd)
    RCC_BackupResetCmd                       0x08001db9   Thumb Code     6  stm32f10x_rcc.o(i.RCC_BackupResetCmd)
    RCC_DeInit                               0x08001dc5   Thumb Code    64  stm32f10x_rcc.o(i.RCC_DeInit)
    RCC_GetClocksFreq                        0x08001e11   Thumb Code   192  stm32f10x_rcc.o(i.RCC_GetClocksFreq)
    RCC_GetFlagStatus                        0x08001ee5   Thumb Code    56  stm32f10x_rcc.o(i.RCC_GetFlagStatus)
    RCC_GetSYSCLKSource                      0x08001f21   Thumb Code    10  stm32f10x_rcc.o(i.RCC_GetSYSCLKSource)
    RCC_HCLKConfig                           0x08001f31   Thumb Code    18  stm32f10x_rcc.o(i.RCC_HCLKConfig)
    RCC_HSICmd                               0x08001f49   Thumb Code     6  stm32f10x_rcc.o(i.RCC_HSICmd)
    RCC_LSEConfig                            0x08001f55   Thumb Code    44  stm32f10x_rcc.o(i.RCC_LSEConfig)
    RCC_LSICmd                               0x08001f89   Thumb Code     6  stm32f10x_rcc.o(i.RCC_LSICmd)
    RCC_PCLK1Config                          0x08001f95   Thumb Code    18  stm32f10x_rcc.o(i.RCC_PCLK1Config)
    RCC_PCLK2Config                          0x08001fad   Thumb Code    20  stm32f10x_rcc.o(i.RCC_PCLK2Config)
    RCC_PLLCmd                               0x08001fc5   Thumb Code     6  stm32f10x_rcc.o(i.RCC_PLLCmd)
    RCC_PLLConfig                            0x08001fd1   Thumb Code    24  stm32f10x_rcc.o(i.RCC_PLLConfig)
    RCC_RTCCLKCmd                            0x08001fed   Thumb Code     6  stm32f10x_rcc.o(i.RCC_RTCCLKCmd)
    RCC_RTCCLKConfig                         0x08001ff9   Thumb Code    12  stm32f10x_rcc.o(i.RCC_RTCCLKConfig)
    RCC_SYSCLKConfig                         0x08002009   Thumb Code    18  stm32f10x_rcc.o(i.RCC_SYSCLKConfig)
    RTC_ClearITPendingBit                    0x08002021   Thumb Code    12  stm32f10x_rtc.o(i.RTC_ClearITPendingBit)
    RTC_EnterConfigMode                      0x08002031   Thumb Code    14  stm32f10x_rtc.o(i.RTC_EnterConfigMode)
    RTC_ExitConfigMode                       0x08002045   Thumb Code    16  stm32f10x_rtc.o(i.RTC_ExitConfigMode)
    RTC_GetCounter                           0x08002059   Thumb Code    16  stm32f10x_rtc.o(i.RTC_GetCounter)
    RTC_GetITStatus                          0x0800206d   Thumb Code    32  stm32f10x_rtc.o(i.RTC_GetITStatus)
    RTC_IRQHandler                           0x08002091   Thumb Code    18  stm32f10x_it.o(i.RTC_IRQHandler)
    RTC_SetCounter                           0x080020a5   Thumb Code    24  stm32f10x_rtc.o(i.RTC_SetCounter)
    RTC_WaitForLastTask                      0x080020c1   Thumb Code    14  stm32f10x_rtc.o(i.RTC_WaitForLastTask)
    RTC_WaitForSynchro                       0x080020d5   Thumb Code    28  stm32f10x_rtc.o(i.RTC_WaitForSynchro)
    SPI_Cmd                                  0x080020f5   Thumb Code    24  stm32f10x_spi.o(i.SPI_Cmd)
    SPI_I2S_GetFlagStatus                    0x0800210d   Thumb Code    18  stm32f10x_spi.o(i.SPI_I2S_GetFlagStatus)
    SPI_I2S_ReceiveData                      0x0800211f   Thumb Code     6  stm32f10x_spi.o(i.SPI_I2S_ReceiveData)
    SPI_I2S_SendData                         0x08002125   Thumb Code     4  stm32f10x_spi.o(i.SPI_I2S_SendData)
    SPI_Init                                 0x08002129   Thumb Code    60  stm32f10x_spi.o(i.SPI_Init)
    SVC_Handler                              0x08002165   Thumb Code     2  stm32f10x_it.o(i.SVC_Handler)
    SysTick_Handler                          0x08002169   Thumb Code    52  board.o(i.SysTick_Handler)
    SystemCoreClockUpdate                    0x080021a5   Thumb Code   142  system_stm32f10x.o(i.SystemCoreClockUpdate)
    SystemInit                               0x08002249   Thumb Code    16  system_stm32f10x.o(i.SystemInit)
    UART1_Init                               0x0800225d   Thumb Code   182  drv_uart.o(i.UART1_Init)
    UART2_Init                               0x08002325   Thumb Code   178  drv_uart.o(i.UART2_Init)
    UART3_Init                               0x080023e9   Thumb Code   182  drv_uart.o(i.UART3_Init)
    UART_Clear                               0x080024b1   Thumb Code    24  drv_uart.o(i.UART_Clear)
    UART_Init                                0x080024c9   Thumb Code    22  drv_uart.o(i.UART_Init)
    USART1_IRQHandler                        0x080024f1   Thumb Code   100  drv_uart.o(i.USART1_IRQHandler)
    USART2_IRQHandler                        0x0800255d   Thumb Code   110  drv_uart.o(i.USART2_IRQHandler)
    USART3_IRQHandler                        0x080025d5   Thumb Code   100  drv_uart.o(i.USART3_IRQHandler)
    USART_ClearFlag                          0x08002641   Thumb Code    18  stm32f10x_usart.o(i.USART_ClearFlag)
    USART_ClearITPendingBit                  0x08002653   Thumb Code    30  stm32f10x_usart.o(i.USART_ClearITPendingBit)
    USART_Cmd                                0x08002671   Thumb Code    24  stm32f10x_usart.o(i.USART_Cmd)
    USART_GetFlagStatus                      0x08002689   Thumb Code    26  stm32f10x_usart.o(i.USART_GetFlagStatus)
    USART_GetITStatus                        0x080026a3   Thumb Code    84  stm32f10x_usart.o(i.USART_GetITStatus)
    USART_ITConfig                           0x080026f7   Thumb Code    74  stm32f10x_usart.o(i.USART_ITConfig)
    USART_Init                               0x08002741   Thumb Code   210  stm32f10x_usart.o(i.USART_Init)
    USART_ReceiveData                        0x08002819   Thumb Code    10  stm32f10x_usart.o(i.USART_ReceiveData)
    USART_SendData                           0x08002823   Thumb Code     8  stm32f10x_usart.o(i.USART_SendData)
    UsageFault_Handler                       0x0800282b   Thumb Code     4  stm32f10x_it.o(i.UsageFault_Handler)
    WWDG_Enable                              0x08002831   Thumb Code    10  stm32f10x_wwdg.o(i.WWDG_Enable)
    WWDG_SetPrescaler                        0x08002841   Thumb Code    18  stm32f10x_wwdg.o(i.WWDG_SetPrescaler)
    WWDG_SetWindowValue                      0x08002859   Thumb Code    34  stm32f10x_wwdg.o(i.WWDG_SetWindowValue)
    __0printf                                0x080028b1   Thumb Code    22  printfa.o(i.__0printf)
    __1printf                                0x080028b1   Thumb Code     0  printfa.o(i.__0printf)
    __2printf                                0x080028b1   Thumb Code     0  printfa.o(i.__0printf)
    __c89printf                              0x080028b1   Thumb Code     0  printfa.o(i.__0printf)
    printf                                   0x080028b1   Thumb Code     0  printfa.o(i.__0printf)
    __0sprintf                               0x080028d1   Thumb Code    34  printfa.o(i.__0sprintf)
    __1sprintf                               0x080028d1   Thumb Code     0  printfa.o(i.__0sprintf)
    __2sprintf                               0x080028d1   Thumb Code     0  printfa.o(i.__0sprintf)
    __c89sprintf                             0x080028d1   Thumb Code     0  printfa.o(i.__0sprintf)
    sprintf                                  0x080028d1   Thumb Code     0  printfa.o(i.__0sprintf)
    __0vsnprintf                             0x080028f9   Thumb Code    40  printfa.o(i.__0vsnprintf)
    __1vsnprintf                             0x080028f9   Thumb Code     0  printfa.o(i.__0vsnprintf)
    __2vsnprintf                             0x080028f9   Thumb Code     0  printfa.o(i.__0vsnprintf)
    __c89vsnprintf                           0x080028f9   Thumb Code     0  printfa.o(i.__0vsnprintf)
    vsnprintf                                0x080028f9   Thumb Code     0  printfa.o(i.__0vsnprintf)
    __aeabi_errno_addr                       0x08002925   Thumb Code     4  errno.o(i.__aeabi_errno_addr)
    __rt_errno_addr                          0x08002925   Thumb Code     0  errno.o(i.__aeabi_errno_addr)
    __kernel_poly                            0x0800292d   Thumb Code   170  poly.o(i.__kernel_poly)
    __mathlib_dbl_divzero                    0x080029d9   Thumb Code    12  dunder.o(i.__mathlib_dbl_divzero)
    __mathlib_dbl_infnan                     0x080029e9   Thumb Code     6  dunder.o(i.__mathlib_dbl_infnan)
    __mathlib_dbl_invalid                    0x080029ef   Thumb Code    12  dunder.o(i.__mathlib_dbl_invalid)
    __rt_ffs                                 0x080029fd   Thumb Code    70  kservice.o(i.__rt_ffs)
    __scatterload_copy                       0x08002a49   Thumb Code    14  handlers.o(i.__scatterload_copy)
    __scatterload_null                       0x08002a57   Thumb Code     2  handlers.o(i.__scatterload_null)
    __scatterload_zeroinit                   0x08002a59   Thumb Code    14  handlers.o(i.__scatterload_zeroinit)
    __set_errno                              0x08002a69   Thumb Code     6  errno.o(i.__set_errno)
    aes_cbc_decrypt                          0x08003461   Thumb Code    80  drv_aes.o(i.aes_cbc_decrypt)
    aes_cbc_encrypt                          0x080034b1   Thumb Code    68  drv_aes.o(i.aes_cbc_encrypt)
    aes_decrypt                              0x080034f5   Thumb Code    92  drv_aes.o(i.aes_decrypt)
    aes_decrypt_buff                         0x08003551   Thumb Code   112  drv_encrypt.o(i.aes_decrypt_buff)
    aes_encrypt                              0x080035c5   Thumb Code    90  drv_aes.o(i.aes_encrypt)
    aes_encrypt_buff                         0x08003621   Thumb Code   112  drv_encrypt.o(i.aes_encrypt_buff)
    aes_set_key                              0x08003695   Thumb Code   312  drv_aes.o(i.aes_set_key)
    app_node_event_parse                     0x080037d1   Thumb Code   134  app_node.o(i.app_node_event_parse)
    app_node_key_check                       0x08003909   Thumb Code    68  app_node.o(i.app_node_key_check)
    app_node_key_init                        0x08003965   Thumb Code    40  app_node.o(i.app_node_key_init)
    app_node_led_init                        0x08003991   Thumb Code    66  app_node.o(i.app_node_led_init)
    app_node_led_set_blue                    0x080039dd   Thumb Code    26  app_node.o(i.app_node_led_set_blue)
    app_node_led_set_green                   0x080039fd   Thumb Code    30  app_node.o(i.app_node_led_set_green)
    app_node_read_config                     0x08003bf9   Thumb Code   146  app_node.o(i.app_node_read_config)
    app_node_send_status                     0x08003ced   Thumb Code   158  app_node.o(i.app_node_send_status)
    app_node_set_sn                          0x08003dad   Thumb Code    30  app_node.o(i.app_node_set_sn)
    app_node_set_wake_period                 0x08003de9   Thumb Code    36  app_node.o(i.app_node_set_wake_period)
    app_node_sleep_check                     0x08003e2d   Thumb Code    42  app_node.o(i.app_node_sleep_check)
    app_node_temp_init                       0x08003e75   Thumb Code   154  app_node.o(i.app_node_temp_init)
    app_node_temp_update                     0x08003f19   Thumb Code   266  app_node.o(i.app_node_temp_update)
    app_node_thread_entry                    0x0800404d   Thumb Code   290  app_node.o(i.app_node_thread_entry)
    app_node_wait_on_busy                    0x080041b5   Thumb Code    48  app_node.o(i.app_node_wait_on_busy)
    app_node_write_config                    0x08004205   Thumb Code    24  app_node.o(i.app_node_write_config)
    app_oled96_iic_init                      0x08004221   Thumb Code   110  app_oled96.o(i.app_oled96_iic_init)
    app_oled96_init                          0x0800429d   Thumb Code    52  app_oled96.o(i.app_oled96_init)
    app_oled96_show_debug                    0x080042d5   Thumb Code    28  app_oled96.o(i.app_oled96_show_debug)
    app_oled96_show_gw_info                  0x080042f1   Thumb Code    72  app_oled96.o(i.app_oled96_show_gw_info)
    app_oled96_show_node                     0x0800434d   Thumb Code    48  app_oled96.o(i.app_oled96_show_node)
    app_oled96_show_signal                   0x0800438d   Thumb Code    48  app_oled96.o(i.app_oled96_show_signal)
    app_oled96_show_start                    0x080043d1   Thumb Code    42  app_oled96.o(i.app_oled96_show_start)
    app_oled96_show_time                     0x08004409   Thumb Code    78  app_oled96.o(i.app_oled96_show_time)
    app_oled96_show_tx_total                 0x0800446d   Thumb Code    94  app_oled96.o(i.app_oled96_show_tx_total)
    app_oled96_show_version                  0x080044e1   Thumb Code    48  app_oled96.o(i.app_oled96_show_version)
    app_oled96_thread_entry                  0x08004529   Thumb Code   118  app_oled96.o(i.app_oled96_thread_entry)
    app_oled96_write_byte                    0x080045c9   Thumb Code   138  app_oled96.o(i.app_oled96_write_byte)
    app_uart_thread_entry                    0x08004661   Thumb Code   444  user_app.o(i.app_uart_thread_entry)
    delay_ms                                 0x0800499d   Thumb Code    26  drv_common.o(i.delay_ms)
    delay_os                                 0x080049bd   Thumb Code    24  drv_common.o(i.delay_os)
    drv_common_init                          0x080049d5   Thumb Code    88  drv_common.o(i.drv_common_init)
    drv_crc16                                0x08004a6d   Thumb Code    48  drv_common.o(i.drv_crc16)
    drv_get_rtc_counter                      0x08004aa5   Thumb Code     8  drv_common.o(i.drv_get_rtc_counter)
    drv_get_sec_counter                      0x08004aad   Thumb Code     6  drv_common.o(i.drv_get_sec_counter)
    drv_oled96_clear                         0x08004ab9   Thumb Code    64  drv_oled96.o(i.drv_oled96_clear)
    drv_oled96_clear_line                    0x08004af9   Thumb Code    54  drv_oled96.o(i.drv_oled96_clear_line)
    drv_oled96_init                          0x08004b2f   Thumb Code   232  drv_oled96.o(i.drv_oled96_init)
    drv_oled96_set_pos                       0x08004c17   Thumb Code    46  drv_oled96.o(i.drv_oled96_set_pos)
    drv_oled96_show_char                     0x08004c45   Thumb Code   164  drv_oled96.o(i.drv_oled96_show_char)
    drv_oled96_show_chinese                  0x08004cf1   Thumb Code    96  drv_oled96.o(i.drv_oled96_show_chinese)
    drv_oled96_show_str_f6x8                 0x08004d55   Thumb Code    52  drv_oled96.o(i.drv_oled96_show_str_f6x8)
    drv_oled96_show_str_f8x16                0x08004d89   Thumb Code    54  drv_oled96.o(i.drv_oled96_show_str_f8x16)
    drv_oled96_write_byte                    0x08004dc1   Thumb Code    24  drv_oled96.o(i.drv_oled96_write_byte)
    drv_oled96_write_byte_register           0x08004ddd   Thumb Code     6  drv_oled96.o(i.drv_oled96_write_byte_register)
    drv_rtc_init                             0x08004de9   Thumb Code   194  drv_common.o(i.drv_rtc_init)
    drv_set_rtc_counter                      0x08004ee5   Thumb Code    12  drv_common.o(i.drv_set_rtc_counter)
    drv_sx1268_cad_check                     0x08004ef1   Thumb Code    50  drv_sx1268.o(i.drv_sx1268_cad_check)
    drv_sx1268_cad_init                      0x08004f23   Thumb Code    44  drv_sx1268.o(i.drv_sx1268_cad_init)
    drv_sx1268_clr_irq_status                0x08004f4f   Thumb Code    36  drv_sx1268.o(i.drv_sx1268_clr_irq_status)
    drv_sx1268_convert_freqinhz2pllstep      0x08004f73   Thumb Code    36  drv_sx1268.o(i.drv_sx1268_convert_freqinhz2pllstep)
    drv_sx1268_get_irq_status                0x08004f97   Thumb Code    30  drv_sx1268.o(i.drv_sx1268_get_irq_status)
    drv_sx1268_get_pack_status               0x08004fb5   Thumb Code    56  drv_sx1268.o(i.drv_sx1268_get_pack_status)
    drv_sx1268_get_rssi_inst                 0x08004fed   Thumb Code    34  drv_sx1268.o(i.drv_sx1268_get_rssi_inst)
    drv_sx1268_get_rx_buff_status            0x0800500f   Thumb Code    34  drv_sx1268.o(i.drv_sx1268_get_rx_buff_status)
    drv_sx1268_init                          0x08005031   Thumb Code   152  drv_sx1268.o(i.drv_sx1268_init)
    drv_sx1268_recv_check                    0x080050d9   Thumb Code    96  drv_sx1268.o(i.drv_sx1268_recv_check)
    drv_sx1268_recv_init                     0x08005155   Thumb Code    82  drv_sx1268.o(i.drv_sx1268_recv_init)
    drv_sx1268_send                          0x080051ad   Thumb Code    70  drv_sx1268.o(i.drv_sx1268_send)
    drv_sx1268_send_check                    0x080051f3   Thumb Code    34  drv_sx1268.o(i.drv_sx1268_send_check)
    drv_sx1268_set_buff_base_addr            0x08005215   Thumb Code    34  drv_sx1268.o(i.drv_sx1268_set_buff_base_addr)
    drv_sx1268_set_cad_params                0x08005237   Thumb Code    74  drv_sx1268.o(i.drv_sx1268_set_cad_params)
    drv_sx1268_set_dio2_switchctrl           0x08005281   Thumb Code    26  drv_sx1268.o(i.drv_sx1268_set_dio2_switchctrl)
    drv_sx1268_set_freq                      0x0800529b   Thumb Code    58  drv_sx1268.o(i.drv_sx1268_set_freq)
    drv_sx1268_set_irq_parsms                0x080052d5   Thumb Code    78  drv_sx1268.o(i.drv_sx1268_set_irq_parsms)
    drv_sx1268_set_mode                      0x08005323   Thumb Code    18  drv_sx1268.o(i.drv_sx1268_set_mode)
    drv_sx1268_set_pa                        0x08005335   Thumb Code    44  drv_sx1268.o(i.drv_sx1268_set_pa)
    drv_sx1268_set_pack_params               0x08005365   Thumb Code    88  drv_sx1268.o(i.drv_sx1268_set_pack_params)
    drv_sx1268_set_power                     0x080053bd   Thumb Code    88  drv_sx1268.o(i.drv_sx1268_set_power)
    drv_sx1268_set_regulator_mode            0x08005415   Thumb Code    26  drv_sx1268.o(i.drv_sx1268_set_regulator_mode)
    drv_sx1268_set_sf_bw                     0x0800542f   Thumb Code    48  drv_sx1268.o(i.drv_sx1268_set_sf_bw)
    drv_sx1268_set_sleep                     0x0800545f   Thumb Code    22  drv_sx1268.o(i.drv_sx1268_set_sleep)
    drv_sx1268_set_standby                   0x08005475   Thumb Code    18  drv_sx1268.o(i.drv_sx1268_set_standby)
    drv_sx1268_set_stop_rxtimer_onpreamble_detect 0x08005487   Thumb Code    18  drv_sx1268.o(i.drv_sx1268_set_stop_rxtimer_onpreamble_detect)
    drv_sx1268_wakeup                        0x08005499   Thumb Code    40  drv_sx1268.o(i.drv_sx1268_wakeup)
    drv_system_reset                         0x080054c1   Thumb Code    44  drv_common.o(i.drv_system_reset)
    drv_wdog_feed                            0x08005501   Thumb Code     2  drv_common.o(i.drv_wdog_feed)
    drv_wdog_init                            0x08005503   Thumb Code     2  drv_common.o(i.drv_wdog_init)
    fputc                                    0x08005505   Thumb Code    32  drv_uart.o(i.fputc)
    hal_sx1268_read_cmd                      0x08005529   Thumb Code    72  hal_sx1268.o(i.hal_sx1268_read_cmd)
    hal_sx1268_read_fifo                     0x08005571   Thumb Code    76  hal_sx1268.o(i.hal_sx1268_read_fifo)
    hal_sx1268_read_reg                      0x080055bd   Thumb Code    28  hal_sx1268.o(i.hal_sx1268_read_reg)
    hal_sx1268_read_regs                     0x080055d9   Thumb Code    84  hal_sx1268.o(i.hal_sx1268_read_regs)
    hal_sx1268_rst                           0x0800562d   Thumb Code    10  hal_sx1268.o(i.hal_sx1268_rst)
    hal_sx1268_set_led                       0x08005637   Thumb Code    18  hal_sx1268.o(i.hal_sx1268_set_led)
    hal_sx1268_spi_rw_byte                   0x08005649   Thumb Code    18  hal_sx1268.o(i.hal_sx1268_spi_rw_byte)
    hal_sx1268_write_cmd                     0x0800565b   Thumb Code    58  hal_sx1268.o(i.hal_sx1268_write_cmd)
    hal_sx1268_write_fifo                    0x08005695   Thumb Code    68  hal_sx1268.o(i.hal_sx1268_write_fifo)
    hal_sx1268_write_reg                     0x080056d9   Thumb Code    20  hal_sx1268.o(i.hal_sx1268_write_reg)
    hal_sx1268_write_regs                    0x080056ed   Thumb Code    74  hal_sx1268.o(i.hal_sx1268_write_regs)
    log                                      0x08005a8d   Thumb Code   808  log.o(i.log)
    $Super$$main                             0x08005de9   Thumb Code    70  main.o(i.main)
    main_thread_entry                        0x08005ec5   Thumb Code    14  components.o(i.main_thread_entry)
    nwk_aes_decrypt                          0x08006159   Thumb Code    36  nwk_bsp.o(i.nwk_aes_decrypt)
    nwk_aes_encrypt                          0x0800617d   Thumb Code    36  nwk_bsp.o(i.nwk_aes_encrypt)
    nwk_calcu_air_time                       0x080061a1   Thumb Code   292  nwk_bsp.o(i.nwk_calcu_air_time)
    nwk_crc16                                0x080062f5   Thumb Code    16  nwk_bsp.o(i.nwk_crc16)
    nwk_delay_ms                             0x08006305   Thumb Code    12  nwk_bsp.o(i.nwk_delay_ms)
    nwk_find_head                            0x08006311   Thumb Code    72  nwk_bsp.o(i.nwk_find_head)
    nwk_get_down_channel                     0x08006359   Thumb Code    30  nwk_bsp.o(i.nwk_get_down_channel)
    nwk_get_rand                             0x0800637d   Thumb Code    12  nwk_bsp.o(i.nwk_get_rand)
    nwk_get_rtc_counter                      0x08006389   Thumb Code     8  nwk_bsp.o(i.nwk_get_rtc_counter)
    nwk_get_sec_counter                      0x08006391   Thumb Code     8  nwk_bsp.o(i.nwk_get_sec_counter)
    nwk_get_sn_freq                          0x08006399   Thumb Code    36  nwk_bsp.o(i.nwk_get_sn_freq)
    nwk_get_static_channel4                  0x080063c1   Thumb Code    30  nwk_bsp.o(i.nwk_get_static_channel4)
    nwk_get_up_channel                       0x080063e5   Thumb Code    30  nwk_bsp.o(i.nwk_get_up_channel)
    nwk_node_cad_check                       0x08006409   Thumb Code    26  nwk_node.o(i.nwk_node_cad_check)
    nwk_node_cad_init                        0x08006429   Thumb Code    26  nwk_node.o(i.nwk_node_cad_init)
    nwk_node_calcu_alarm_time                0x08006449   Thumb Code    88  nwk_node.o(i.nwk_node_calcu_alarm_time)
    nwk_node_clear_d2d                       0x080064a5   Thumb Code    30  nwk_node.o(i.nwk_node_clear_d2d)
    nwk_node_clear_tx                        0x080064dd   Thumb Code    30  nwk_node.o(i.nwk_node_clear_tx)
    nwk_node_device_init                     0x08006511   Thumb Code    38  nwk_node.o(i.nwk_node_device_init)
    nwk_node_event_check                     0x08006559   Thumb Code    16  nwk_node.o(i.nwk_node_event_check)
    nwk_node_main_process                    0x0800656d   Thumb Code     8  nwk_node.o(i.nwk_node_main_process)
    nwk_node_make_send_buff                  0x08006575   Thumb Code   430  nwk_node.o(i.nwk_node_make_send_buff)
    nwk_node_recv_check                      0x08006729   Thumb Code    76  nwk_node.o(i.nwk_node_recv_check)
    nwk_node_recv_from_check                 0x08006779   Thumb Code    24  nwk_node.o(i.nwk_node_recv_from_check)
    nwk_node_recv_init                       0x08006795   Thumb Code    26  nwk_node.o(i.nwk_node_recv_init)
    nwk_node_recv_parse                      0x080067b5   Thumb Code   962  nwk_node.o(i.nwk_node_recv_parse)
    nwk_node_req_join                        0x08006d3d   Thumb Code    58  nwk_node.o(i.nwk_node_req_join)
    nwk_node_rx_process                      0x08006d9d   Thumb Code   944  nwk_node.o(i.nwk_node_rx_process)
    nwk_node_search_gw                       0x080072ed   Thumb Code    38  nwk_node.o(i.nwk_node_search_gw)
    nwk_node_search_process                  0x08007319   Thumb Code   510  nwk_node.o(i.nwk_node_search_process)
    nwk_node_select_gw                       0x080076a5   Thumb Code    78  nwk_node.o(i.nwk_node_select_gw)
    nwk_node_send2device                     0x0800770d   Thumb Code   150  nwk_node.o(i.nwk_node_send2device)
    nwk_node_send2gateway                    0x0800782d   Thumb Code    78  nwk_node.o(i.nwk_node_send2gateway)
    nwk_node_send_buff                       0x080078a5   Thumb Code    34  nwk_node.o(i.nwk_node_send_buff)
    nwk_node_send_check                      0x080078cd   Thumb Code    26  nwk_node.o(i.nwk_node_send_check)
    nwk_node_send_sniff                      0x080078ed   Thumb Code    46  nwk_node.o(i.nwk_node_send_sniff)
    nwk_node_set_led                         0x08007925   Thumb Code    30  nwk_node.o(i.nwk_node_set_led)
    nwk_node_set_lora_dev                    0x08007949   Thumb Code     8  nwk_node.o(i.nwk_node_set_lora_dev)
    nwk_node_set_lora_param                  0x08007955   Thumb Code    48  nwk_node.o(i.nwk_node_set_lora_param)
    nwk_node_set_root_key                    0x08007989   Thumb Code    16  nwk_node.o(i.nwk_node_set_root_key)
    nwk_node_set_search_time                 0x0800799d   Thumb Code     8  nwk_node.o(i.nwk_node_set_search_time)
    nwk_node_set_sn                          0x080079a9   Thumb Code     6  nwk_node.o(i.nwk_node_set_sn)
    nwk_node_set_wake_period                 0x080079b5   Thumb Code     8  nwk_node.o(i.nwk_node_set_wake_period)
    nwk_node_sleep_init                      0x080079c1   Thumb Code    32  nwk_node.o(i.nwk_node_sleep_init)
    nwk_node_take_rf_param                   0x08007a01   Thumb Code     4  nwk_node.o(i.nwk_node_take_rf_param)
    nwk_node_take_tx_cnts                    0x08007a09   Thumb Code    18  nwk_node.o(i.nwk_node_take_tx_cnts)
    nwk_node_tx_d2d_process                  0x08007a21   Thumb Code  1508  nwk_node.o(i.nwk_node_tx_d2d_process)
    nwk_node_tx_gw_process                   0x08008081   Thumb Code  4550  nwk_node.o(i.nwk_node_tx_gw_process)
    nwk_node_work_check                      0x080092e5   Thumb Code   630  nwk_node.o(i.nwk_node_work_check)
    nwk_set_rtc_counter                      0x080095e5   Thumb Code    12  nwk_bsp.o(i.nwk_set_rtc_counter)
    nwk_tea_decrypt                          0x080095f1   Thumb Code    20  nwk_bsp.o(i.nwk_tea_decrypt)
    nwk_tea_encrypt                          0x08009605   Thumb Code    20  nwk_bsp.o(i.nwk_tea_encrypt)
    printf_hex                               0x08009691   Thumb Code    48  drv_common.o(i.printf_hex)
    printf_oled                              0x080096d1   Thumb Code    46  app_oled96.o(i.printf_oled)
    rt_application_init                      0x08009709   Thumb Code    34  components.o(i.rt_application_init)
    rt_components_board_init                 0x08009739   Thumb Code    20  components.o(i.rt_components_board_init)
    rt_components_init                       0x08009755   Thumb Code    20  components.o(i.rt_components_init)
    rt_enter_critical                        0x08009771   Thumb Code    28  scheduler.o(i.rt_enter_critical)
    rt_exit_critical                         0x08009791   Thumb Code    54  scheduler.o(i.rt_exit_critical)
    rt_free                                  0x080097cd   Thumb Code    98  mem.o(i.rt_free)
    rt_heap_begin_get                        0x08009845   Thumb Code     4  board.o(i.rt_heap_begin_get)
    rt_heap_end_get                          0x0800984d   Thumb Code     4  board.o(i.rt_heap_end_get)
    rt_hw_board_init                         0x08009855   Thumb Code    54  board.o(i.rt_hw_board_init)
    rt_hw_hard_fault_exception               0x08009891   Thumb Code    32  cpuport.o(i.rt_hw_hard_fault_exception)
    rt_hw_stack_init                         0x080098b5   Thumb Code    70  cpuport.o(i.rt_hw_stack_init)
    rt_interrupt_enter                       0x08009901   Thumb Code    26  irq.o(i.rt_interrupt_enter)
    rt_interrupt_leave                       0x08009921   Thumb Code    26  irq.o(i.rt_interrupt_leave)
    rt_malloc                                0x08009a61   Thumb Code   336  mem.o(i.rt_malloc)
    rt_memset                                0x08009bcd   Thumb Code    72  kservice.o(i.rt_memset)
    rt_object_allocate                       0x08009c15   Thumb Code    74  object.o(i.rt_object_allocate)
    rt_object_delete                         0x08009c5f   Thumb Code    32  object.o(i.rt_object_delete)
    rt_object_detach                         0x08009c7f   Thumb Code    26  object.o(i.rt_object_detach)
    rt_object_get_information                0x08009c99   Thumb Code    36  object.o(i.rt_object_get_information)
    rt_object_init                           0x08009cc1   Thumb Code    60  object.o(i.rt_object_init)
    rt_object_is_systemobject                0x08009cfd   Thumb Code    18  object.o(i.rt_object_is_systemobject)
    rt_schedule                              0x08009d11   Thumb Code   118  scheduler.o(i.rt_schedule)
    rt_schedule_insert_thread                0x08009da1   Thumb Code    72  scheduler.o(i.rt_schedule_insert_thread)
    rt_schedule_remove_thread                0x08009df1   Thumb Code    76  scheduler.o(i.rt_schedule_remove_thread)
    rt_sem_init                              0x08009e45   Thumb Code    38  ipc.o(i.rt_sem_init)
    rt_sem_release                           0x08009e6b   Thumb Code    58  ipc.o(i.rt_sem_release)
    rt_sem_take                              0x08009ea5   Thumb Code   116  ipc.o(i.rt_sem_take)
    rt_show_version                          0x08009f19   Thumb Code     2  kservice.o(i.rt_show_version)
    rt_strncpy                               0x08009f1b   Thumb Code    52  kservice.o(i.rt_strncpy)
    rt_system_heap_init                      0x08009f51   Thumb Code   146  mem.o(i.rt_system_heap_init)
    rt_system_scheduler_init                 0x0800a001   Thumb Code    52  scheduler.o(i.rt_system_scheduler_init)
    rt_system_scheduler_start                0x0800a04d   Thumb Code    36  scheduler.o(i.rt_system_scheduler_start)
    rt_system_timer_init                     0x0800a07d   Thumb Code    24  timer.o(i.rt_system_timer_init)
    rt_system_timer_thread_init              0x0800a099   Thumb Code     2  timer.o(i.rt_system_timer_thread_init)
    rt_thread_create                         0x0800a09b   Thumb Code    80  thread.o(i.rt_thread_create)
    rt_thread_delay                          0x0800a0eb   Thumb Code    12  thread.o(i.rt_thread_delay)
    rt_thread_exit                           0x0800a0f9   Thumb Code    76  thread.o(i.rt_thread_exit)
    rt_thread_idle_excute                    0x0800a155   Thumb Code   128  idle.o(i.rt_thread_idle_excute)
    rt_thread_idle_init                      0x0800a1d9   Thumb Code    38  idle.o(i.rt_thread_idle_init)
    rt_thread_init                           0x0800a215   Thumb Code    52  thread.o(i.rt_thread_init)
    rt_thread_resume                         0x0800a249   Thumb Code    60  thread.o(i.rt_thread_resume)
    rt_thread_self                           0x0800a285   Thumb Code     6  thread.o(i.rt_thread_self)
    rt_thread_sleep                          0x0800a291   Thumb Code    62  thread.o(i.rt_thread_sleep)
    rt_thread_startup                        0x0800a2d5   Thumb Code    44  thread.o(i.rt_thread_startup)
    rt_thread_suspend                        0x0800a301   Thumb Code    68  thread.o(i.rt_thread_suspend)
    rt_thread_timeout                        0x0800a345   Thumb Code    32  thread.o(i.rt_thread_timeout)
    rt_thread_yield                          0x0800a365   Thumb Code    92  thread.o(i.rt_thread_yield)
    rt_tick_get                              0x0800a3c9   Thumb Code     6  clock.o(i.rt_tick_get)
    rt_tick_increase                         0x0800a3d5   Thumb Code    42  clock.o(i.rt_tick_increase)
    rt_timer_check                           0x0800a405   Thumb Code   118  timer.o(i.rt_timer_check)
    rt_timer_control                         0x0800a481   Thumb Code    56  timer.o(i.rt_timer_control)
    rt_timer_detach                          0x0800a4b9   Thumb Code    32  timer.o(i.rt_timer_detach)
    rt_timer_init                            0x0800a4d9   Thumb Code    46  timer.o(i.rt_timer_init)
    rt_timer_start                           0x0800a509   Thumb Code   238  timer.o(i.rt_timer_start)
    rt_timer_stop                            0x0800a601   Thumb Code    48  timer.o(i.rt_timer_stop)
    rtthread_startup                         0x0800a641   Thumb Code    42  components.o(i.rtthread_startup)
    tea_decrypt_buff                         0x0800a6dd   Thumb Code    78  drv_encrypt.o(i.tea_decrypt_buff)
    tea_encrypt_buff                         0x0800a745   Thumb Code    78  drv_encrypt.o(i.tea_encrypt_buff)
    F6x8                                     0x0800aa2e   Data         552  drv_oled96.o(.constdata)
    F8X16                                    0x0800ac56   Data        1520  drv_oled96.o(.constdata)
    Hzk                                      0x0800b246   Data         256  drv_oled96.o(.constdata)
    __lowest_bit_bitmap                      0x0800b346   Data         256  kservice.o(.constdata)
    __mathlib_zero                           0x0800bcd0   Data           8  qnan.o(.constdata)
    __ctype_table                            0x0800bcd8   Data         129  ctype_o.o(.constdata)
    __rt_init_rti_start                      0x0800bd60   Data           4  components.o(.rti_fn.0)
    __rt_init_rti_board_start                0x0800bd64   Data           4  components.o(.rti_fn.0.end)
    __rt_init_rti_board_end                  0x0800bd68   Data           4  components.o(.rti_fn.1.end)
    __rt_init_rti_end                        0x0800bd6c   Data           4  components.o(.rti_fn.6.end)
    Region$$Table$$Base                      0x0800bd70   Number         0  anon$$obj.o(Region$$Table)
    Region$$Table$$Limit                     0x0800bd90   Number         0  anon$$obj.o(Region$$Table)
    SystemCoreClock                          0x20000000   Data           4  system_stm32f10x.o(.data)
    AHBPrescTable                            0x20000004   Data          16  system_stm32f10x.o(.data)
    g_sAppNodeWork                           0x20000018   Data           1  app_node.o(.data)
    g_u32SecCounter                          0x2000002c   Data           4  drv_common.o(.data)
    tickets_us                               0x20000030   Data           4  drv_common.o(.data)
    tickets_ms                               0x20000034   Data           4  drv_common.o(.data)
    bWatchDog                                0x20000038   Data           1  drv_common.o(.data)
    g_sDrvOLED96Work                         0x20000040   Data           4  drv_oled96.o(.data)
    rt_interrupt_from_thread                 0x20000044   Data           4  cpuport.o(.data)
    rt_interrupt_to_thread                   0x20000048   Data           4  cpuport.o(.data)
    rt_thread_switch_interrupt_flag          0x2000004c   Data           4  cpuport.o(.data)
    rt_interrupt_nest                        0x20000058   Data           1  irq.o(.data)
    rt_current_thread                        0x200000d8   Data           4  scheduler.o(.data)
    rt_current_priority                      0x200000dc   Data           1  scheduler.o(.data)
    rt_thread_ready_priority_group           0x200000e0   Data           4  scheduler.o(.data)
    rt_thread_defunct                        0x200000e4   Data           8  scheduler.o(.data)
    __stdout                                 0x2000012c   Data           4  stdout.o(.data)
    g_sDrvSx1268                             0x20000134   Data          28  app_node.o(.bss)
    g_sAppNodeSave                           0x20000150   Data          32  app_node.o(.bss)
    g_sOLEDShowNode                          0x20000170   Data         224  app_oled96.o(.bss)
    g_sI2cDrv                                0x20000250   Data          16  app_oled96.o(.bss)
    g_sUART1                                 0x20000728   Data          20  drv_uart.o(.bss)
    g_sUART2                                 0x2000073c   Data          20  drv_uart.o(.bss)
    g_sUART3                                 0x20000750   Data          20  drv_uart.o(.bss)
    g_u8UART1_Buff                           0x20000764   Data         256  drv_uart.o(.bss)
    g_u8UART2_Buff                           0x20000864   Data         256  drv_uart.o(.bss)
    g_u8UART3_Buff                           0x20000964   Data         256  drv_uart.o(.bss)
    rt_thread_priority_table                 0x20001de0   Data         256  scheduler.o(.bss)
    g_sNwkNodeWork                           0x20001ee0   Data        1408  nwk_node.o(.bss)
    __initial_sp                             0x20002e60   Data           0  startup_stm32f10x_md.o(STACK)



==============================================================================

Memory Map of the image

  Image Entry point : 0x080000ed

  Load Region LR_IROM1 (Base: 0x08000000, Size: 0x0000bec4, Max: 0x00010000, ABSOLUTE, COMPRESSED[0x0000be00])

    Execution Region ER_IROM1 (Base: 0x08000000, Size: 0x0000bd90, Max: 0x00010000, ABSOLUTE)

    Base Addr    Size         Type   Attr      Idx    E Section Name        Object

    0x08000000   0x000000ec   Data   RO           19    RESET               startup_stm32f10x_md.o
    0x080000ec   0x00000000   Code   RO         4817  * .ARM.Collect$$$$00000000  mc_w.l(entry.o)
    0x080000ec   0x00000004   Code   RO         5179    .ARM.Collect$$$$00000001  mc_w.l(entry2.o)
    0x080000f0   0x00000004   Code   RO         5182    .ARM.Collect$$$$00000004  mc_w.l(entry5.o)
    0x080000f4   0x00000000   Code   RO         5184    .ARM.Collect$$$$00000008  mc_w.l(entry7b.o)
    0x080000f4   0x00000000   Code   RO         5186    .ARM.Collect$$$$0000000A  mc_w.l(entry8b.o)
    0x080000f4   0x00000008   Code   RO         5187    .ARM.Collect$$$$0000000B  mc_w.l(entry9a.o)
    0x080000fc   0x00000000   Code   RO         5189    .ARM.Collect$$$$0000000D  mc_w.l(entry10a.o)
    0x080000fc   0x00000000   Code   RO         5191    .ARM.Collect$$$$0000000F  mc_w.l(entry11a.o)
    0x080000fc   0x00000004   Code   RO         5180    .ARM.Collect$$$$00002712  mc_w.l(entry2.o)
    0x08000100   0x00000024   Code   RO           20    .text               startup_stm32f10x_md.o
    0x08000124   0x000000f0   Code   RO         2120    .text               context_rvds.o
    0x08000214   0x00000024   Code   RO         4820    .text               mc_w.l(rand.o)
    0x08000238   0x00000024   Code   RO         4823    .text               mc_w.l(memcpya.o)
    0x0800025c   0x00000024   Code   RO         4825    .text               mc_w.l(memseta.o)
    0x08000280   0x00000018   Code   RO         4827    .text               mc_w.l(strcat.o)
    0x08000298   0x00000024   Code   RO         4829    .text               mc_w.l(strstr.o)
    0x080002bc   0x0000000e   Code   RO         4831    .text               mc_w.l(strlen.o)
    0x080002ca   0x0000001a   Code   RO         4833    .text               mc_w.l(memcmp.o)
    0x080002e4   0x00000012   Code   RO         4835    .text               mc_w.l(strcpy.o)
    0x080002f6   0x00000002   PAD
    0x080002f8   0x00000038   Code   RO         5128    .text               mc_w.l(__0sscanf.o)
    0x08000330   0x0000014c   Code   RO         5130    .text               mc_w.l(_scanf_int.o)
    0x0800047c   0x0000001a   Code   RO         5132    .text               mc_w.l(atol.o)
    0x08000496   0x000000b0   Code   RO         5134    .text               mf_w.l(fadd.o)
    0x08000546   0x00000064   Code   RO         5136    .text               mf_w.l(fmul.o)
    0x080005aa   0x0000007c   Code   RO         5138    .text               mf_w.l(fdiv.o)
    0x08000626   0x0000014e   Code   RO         5140    .text               mf_w.l(dadd.o)
    0x08000774   0x000000e4   Code   RO         5142    .text               mf_w.l(dmul.o)
    0x08000858   0x000000de   Code   RO         5144    .text               mf_w.l(ddiv.o)
    0x08000936   0x00000012   Code   RO         5146    .text               mf_w.l(fflti.o)
    0x08000948   0x0000000a   Code   RO         5148    .text               mf_w.l(ffltui.o)
    0x08000952   0x00000022   Code   RO         5150    .text               mf_w.l(dflti.o)
    0x08000974   0x0000001a   Code   RO         5152    .text               mf_w.l(dfltui.o)
    0x0800098e   0x00000028   Code   RO         5154    .text               mf_w.l(ffixui.o)
    0x080009b6   0x00000032   Code   RO         5156    .text               mf_w.l(dfixui.o)
    0x080009e8   0x00000026   Code   RO         5158    .text               mf_w.l(f2d.o)
    0x08000a0e   0x00000038   Code   RO         5160    .text               mf_w.l(d2f.o)
    0x08000a46   0x0000002c   Code   RO         5194    .text               mc_w.l(uidiv.o)
    0x08000a72   0x00000062   Code   RO         5196    .text               mc_w.l(uldiv.o)
    0x08000ad4   0x0000001e   Code   RO         5198    .text               mc_w.l(llshl.o)
    0x08000af2   0x00000020   Code   RO         5200    .text               mc_w.l(llushr.o)
    0x08000b12   0x00000024   Code   RO         5202    .text               mc_w.l(llsshr.o)
    0x08000b36   0x0000001c   Code   RO         5213    .text               mc_w.l(_chval.o)
    0x08000b52   0x00000002   PAD
    0x08000b54   0x00000028   Code   RO         5215    .text               mc_w.l(scanf_char.o)
    0x08000b7c   0x00000040   Code   RO         5217    .text               mc_w.l(_sgetc.o)
    0x08000bbc   0x00000070   Code   RO         5219    .text               mc_w.l(strtol.o)
    0x08000c2c   0x00000000   Code   RO         5221    .text               mc_w.l(iusefp.o)
    0x08000c2c   0x0000006e   Code   RO         5222    .text               mf_w.l(fepilogue.o)
    0x08000c9a   0x000000ba   Code   RO         5224    .text               mf_w.l(depilogue.o)
    0x08000d54   0x0000002e   Code   RO         5226    .text               mf_w.l(dscalb.o)
    0x08000d82   0x00000030   Code   RO         5228    .text               mf_w.l(dfixul.o)
    0x08000db2   0x00000002   PAD
    0x08000db4   0x00000030   Code   RO         5230    .text               mf_w.l(cdcmple.o)
    0x08000de4   0x00000030   Code   RO         5232    .text               mf_w.l(cdrcmple.o)
    0x08000e14   0x00000024   Code   RO         5234    .text               mc_w.l(init.o)
    0x08000e38   0x00000008   Code   RO         5238    .text               mc_w.l(ctype_o.o)
    0x08000e40   0x00000012   Code   RO         5260    .text               mc_w.l(isspace_o.o)
    0x08000e52   0x00000002   PAD
    0x08000e54   0x0000032c   Code   RO         5266    .text               mc_w.l(_scanf.o)
    0x08001180   0x0000009e   Code   RO         5268    .text               mc_w.l(_strtoul.o)
    0x0800121e   0x00000056   Code   RO         5281    .text               mc_w.l(__dczerorl2.o)
    0x08001274   0x0000000e   Code   RO         1156    i.$Sub$$main        components.o
    0x08001282   0x00000016   Code   RO         3293    i.ADC_Cmd           f103c8t6.lib(stm32f10x_adc.o)
    0x08001298   0x0000005c   Code   RO         3295    i.ADC_DeInit        f103c8t6.lib(stm32f10x_adc.o)
    0x080012f4   0x00000014   Code   RO         3301    i.ADC_GetCalibrationStatus  f103c8t6.lib(stm32f10x_adc.o)
    0x08001308   0x00000008   Code   RO         3302    i.ADC_GetConversionValue  f103c8t6.lib(stm32f10x_adc.o)
    0x08001310   0x00000012   Code   RO         3304    i.ADC_GetFlagStatus  f103c8t6.lib(stm32f10x_adc.o)
    0x08001322   0x00000014   Code   RO         3307    i.ADC_GetResetCalibrationStatus  f103c8t6.lib(stm32f10x_adc.o)
    0x08001336   0x00000002   PAD
    0x08001338   0x00000050   Code   RO         3311    i.ADC_Init          f103c8t6.lib(stm32f10x_adc.o)
    0x08001388   0x000000b8   Code   RO         3315    i.ADC_RegularChannelConfig  f103c8t6.lib(stm32f10x_adc.o)
    0x08001440   0x0000000a   Code   RO         3316    i.ADC_ResetCalibration  f103c8t6.lib(stm32f10x_adc.o)
    0x0800144a   0x00000016   Code   RO         3318    i.ADC_SoftwareStartConvCmd  f103c8t6.lib(stm32f10x_adc.o)
    0x08001460   0x0000000a   Code   RO         3320    i.ADC_StartCalibration  f103c8t6.lib(stm32f10x_adc.o)
    0x0800146a   0x00000002   PAD
    0x0800146c   0x00000084   Code   RO          307    i.APP_Init          user_app.o
    0x080014f0   0x00000010   Code   RO         3511    i.BKP_DeInit        f103c8t6.lib(stm32f10x_bkp.o)
    0x08001500   0x0000001c   Code   RO         3515    i.BKP_RTCOutputConfig  f103c8t6.lib(stm32f10x_bkp.o)
    0x0800151c   0x0000001c   Code   RO         3516    i.BKP_ReadBackupRegister  f103c8t6.lib(stm32f10x_bkp.o)
    0x08001538   0x0000000c   Code   RO         3518    i.BKP_TamperPinCmd  f103c8t6.lib(stm32f10x_bkp.o)
    0x08001544   0x0000001c   Code   RO         3520    i.BKP_WriteBackupRegister  f103c8t6.lib(stm32f10x_bkp.o)
    0x08001560   0x00000004   Code   RO           24    i.BusFault_Handler  stm32f10x_it.o
    0x08001564   0x00000002   Code   RO           25    i.DebugMon_Handler  stm32f10x_it.o
    0x08001566   0x00000002   PAD
    0x08001568   0x0000006c   Code   RO         1042    i.DecryptTEA        drv_encrypt.o
    0x080015d4   0x0000004c   Code   RO          591    i.EEPROM_Read       drv_common.o
    0x08001620   0x00000060   Code   RO          592    i.EEPROM_Write      drv_common.o
    0x08001680   0x00000064   Code   RO         1043    i.EncryptTEA        drv_encrypt.o
    0x080016e4   0x0000004c   Code   RO         3592    i.FLASH_ErasePage   f103c8t6.lib(stm32f10x_flash.o)
    0x08001730   0x00000034   Code   RO         3593    i.FLASH_GetBank1Status  f103c8t6.lib(stm32f10x_flash.o)
    0x08001764   0x00000014   Code   RO         3602    i.FLASH_Lock        f103c8t6.lib(stm32f10x_flash.o)
    0x08001778   0x0000001c   Code   RO         3604    i.FLASH_PrefetchBufferCmd  f103c8t6.lib(stm32f10x_flash.o)
    0x08001794   0x0000006c   Code   RO         3607    i.FLASH_ProgramWord  f103c8t6.lib(stm32f10x_flash.o)
    0x08001800   0x00000018   Code   RO         3609    i.FLASH_SetLatency  f103c8t6.lib(stm32f10x_flash.o)
    0x08001818   0x00000018   Code   RO         3610    i.FLASH_Unlock      f103c8t6.lib(stm32f10x_flash.o)
    0x08001830   0x00000026   Code   RO         3614    i.FLASH_WaitForLastOperation  f103c8t6.lib(stm32f10x_flash.o)
    0x08001856   0x00000112   Code   RO         3767    i.GPIO_Init         f103c8t6.lib(stm32f10x_gpio.o)
    0x08001968   0x00000090   Code   RO         3769    i.GPIO_PinRemapConfig  f103c8t6.lib(stm32f10x_gpio.o)
    0x080019f8   0x00000012   Code   RO         3771    i.GPIO_ReadInputDataBit  f103c8t6.lib(stm32f10x_gpio.o)
    0x08001a0a   0x00000004   Code   RO         3774    i.GPIO_ResetBits    f103c8t6.lib(stm32f10x_gpio.o)
    0x08001a0e   0x00000004   Code   RO         3775    i.GPIO_SetBits      f103c8t6.lib(stm32f10x_gpio.o)
    0x08001a12   0x00000002   PAD
    0x08001a14   0x0000009c   Code   RO          164    i.HSI_Config        system_stm32f10x.o
    0x08001ab0   0x0000002a   Code   RO         3878    i.I2C_CheckEvent    f103c8t6.lib(stm32f10x_i2c.o)
    0x08001ada   0x00000018   Code   RO         3881    i.I2C_Cmd           f103c8t6.lib(stm32f10x_i2c.o)
    0x08001af2   0x00000002   PAD
    0x08001af4   0x00000038   Code   RO         3884    i.I2C_DeInit        f103c8t6.lib(stm32f10x_i2c.o)
    0x08001b2c   0x00000018   Code   RO         3888    i.I2C_GenerateSTART  f103c8t6.lib(stm32f10x_i2c.o)
    0x08001b44   0x00000018   Code   RO         3889    i.I2C_GenerateSTOP  f103c8t6.lib(stm32f10x_i2c.o)
    0x08001b5c   0x0000003a   Code   RO         3890    i.I2C_GetFlagStatus  f103c8t6.lib(stm32f10x_i2c.o)
    0x08001b96   0x00000002   PAD
    0x08001b98   0x000000ec   Code   RO         3895    i.I2C_Init          f103c8t6.lib(stm32f10x_i2c.o)
    0x08001c84   0x00000012   Code   RO         3902    i.I2C_Send7bitAddress  f103c8t6.lib(stm32f10x_i2c.o)
    0x08001c96   0x00000004   Code   RO         3903    i.I2C_SendData      f103c8t6.lib(stm32f10x_i2c.o)
    0x08001c9a   0x00000004   Code   RO           26    i.MemManage_Handler  stm32f10x_it.o
    0x08001c9e   0x00000002   Code   RO           27    i.NMI_Handler       stm32f10x_it.o
    0x08001ca0   0x00000074   Code   RO         3165    i.NVIC_Init         f103c8t6.lib(misc.o)
    0x08001d14   0x0000000c   Code   RO         4079    i.PWR_BackupAccessCmd  f103c8t6.lib(stm32f10x_pwr.o)
    0x08001d20   0x00000018   Code   RO         4139    i.RCC_ADCCLKConfig  f103c8t6.lib(stm32f10x_rcc.o)
    0x08001d38   0x00000020   Code   RO         4141    i.RCC_APB1PeriphClockCmd  f103c8t6.lib(stm32f10x_rcc.o)
    0x08001d58   0x00000020   Code   RO         4142    i.RCC_APB1PeriphResetCmd  f103c8t6.lib(stm32f10x_rcc.o)
    0x08001d78   0x00000020   Code   RO         4143    i.RCC_APB2PeriphClockCmd  f103c8t6.lib(stm32f10x_rcc.o)
    0x08001d98   0x00000020   Code   RO         4144    i.RCC_APB2PeriphResetCmd  f103c8t6.lib(stm32f10x_rcc.o)
    0x08001db8   0x0000000c   Code   RO         4146    i.RCC_BackupResetCmd  f103c8t6.lib(stm32f10x_rcc.o)
    0x08001dc4   0x0000004c   Code   RO         4150    i.RCC_DeInit        f103c8t6.lib(stm32f10x_rcc.o)
    0x08001e10   0x000000d4   Code   RO         4151    i.RCC_GetClocksFreq  f103c8t6.lib(stm32f10x_rcc.o)
    0x08001ee4   0x0000003c   Code   RO         4152    i.RCC_GetFlagStatus  f103c8t6.lib(stm32f10x_rcc.o)
    0x08001f20   0x00000010   Code   RO         4154    i.RCC_GetSYSCLKSource  f103c8t6.lib(stm32f10x_rcc.o)
    0x08001f30   0x00000018   Code   RO         4155    i.RCC_HCLKConfig    f103c8t6.lib(stm32f10x_rcc.o)
    0x08001f48   0x0000000c   Code   RO         4157    i.RCC_HSICmd        f103c8t6.lib(stm32f10x_rcc.o)
    0x08001f54   0x00000034   Code   RO         4159    i.RCC_LSEConfig     f103c8t6.lib(stm32f10x_rcc.o)
    0x08001f88   0x0000000c   Code   RO         4160    i.RCC_LSICmd        f103c8t6.lib(stm32f10x_rcc.o)
    0x08001f94   0x00000018   Code   RO         4162    i.RCC_PCLK1Config   f103c8t6.lib(stm32f10x_rcc.o)
    0x08001fac   0x00000018   Code   RO         4163    i.RCC_PCLK2Config   f103c8t6.lib(stm32f10x_rcc.o)
    0x08001fc4   0x0000000c   Code   RO         4164    i.RCC_PLLCmd        f103c8t6.lib(stm32f10x_rcc.o)
    0x08001fd0   0x0000001c   Code   RO         4165    i.RCC_PLLConfig     f103c8t6.lib(stm32f10x_rcc.o)
    0x08001fec   0x0000000c   Code   RO         4166    i.RCC_RTCCLKCmd     f103c8t6.lib(stm32f10x_rcc.o)
    0x08001ff8   0x00000010   Code   RO         4167    i.RCC_RTCCLKConfig  f103c8t6.lib(stm32f10x_rcc.o)
    0x08002008   0x00000018   Code   RO         4168    i.RCC_SYSCLKConfig  f103c8t6.lib(stm32f10x_rcc.o)
    0x08002020   0x00000010   Code   RO         4340    i.RTC_ClearITPendingBit  f103c8t6.lib(stm32f10x_rtc.o)
    0x08002030   0x00000014   Code   RO         4341    i.RTC_EnterConfigMode  f103c8t6.lib(stm32f10x_rtc.o)
    0x08002044   0x00000014   Code   RO         4342    i.RTC_ExitConfigMode  f103c8t6.lib(stm32f10x_rtc.o)
    0x08002058   0x00000014   Code   RO         4343    i.RTC_GetCounter    f103c8t6.lib(stm32f10x_rtc.o)
    0x0800206c   0x00000024   Code   RO         4346    i.RTC_GetITStatus   f103c8t6.lib(stm32f10x_rtc.o)
    0x08002090   0x00000012   Code   RO           28    i.RTC_IRQHandler    stm32f10x_it.o
    0x080020a2   0x00000002   PAD
    0x080020a4   0x0000001c   Code   RO         4349    i.RTC_SetCounter    f103c8t6.lib(stm32f10x_rtc.o)
    0x080020c0   0x00000014   Code   RO         4351    i.RTC_WaitForLastTask  f103c8t6.lib(stm32f10x_rtc.o)
    0x080020d4   0x00000020   Code   RO         4352    i.RTC_WaitForSynchro  f103c8t6.lib(stm32f10x_rtc.o)
    0x080020f4   0x00000018   Code   RO         4434    i.SPI_Cmd           f103c8t6.lib(stm32f10x_spi.o)
    0x0800210c   0x00000012   Code   RO         4442    i.SPI_I2S_GetFlagStatus  f103c8t6.lib(stm32f10x_spi.o)
    0x0800211e   0x00000006   Code   RO         4445    i.SPI_I2S_ReceiveData  f103c8t6.lib(stm32f10x_spi.o)
    0x08002124   0x00000004   Code   RO         4446    i.SPI_I2S_SendData  f103c8t6.lib(stm32f10x_spi.o)
    0x08002128   0x0000003c   Code   RO         4447    i.SPI_Init          f103c8t6.lib(stm32f10x_spi.o)
    0x08002164   0x00000002   Code   RO           29    i.SVC_Handler       stm32f10x_it.o
    0x08002166   0x00000002   PAD
    0x08002168   0x0000003c   Code   RO          818    i.SysTick_Handler   board.o
    0x080021a4   0x000000a4   Code   RO          167    i.SystemCoreClockUpdate  system_stm32f10x.o
    0x08002248   0x00000014   Code   RO          168    i.SystemInit        system_stm32f10x.o
    0x0800225c   0x000000c8   Code   RO          728    i.UART1_Init        drv_uart.o
    0x08002324   0x000000c4   Code   RO          730    i.UART2_Init        drv_uart.o
    0x080023e8   0x000000c8   Code   RO          732    i.UART3_Init        drv_uart.o
    0x080024b0   0x00000018   Code   RO          734    i.UART_Clear        drv_uart.o
    0x080024c8   0x00000028   Code   RO          735    i.UART_Init         drv_uart.o
    0x080024f0   0x0000006c   Code   RO          737    i.USART1_IRQHandler  drv_uart.o
    0x0800255c   0x00000078   Code   RO          738    i.USART2_IRQHandler  drv_uart.o
    0x080025d4   0x0000006c   Code   RO          739    i.USART3_IRQHandler  drv_uart.o
    0x08002640   0x00000012   Code   RO         4573    i.USART_ClearFlag   f103c8t6.lib(stm32f10x_usart.o)
    0x08002652   0x0000001e   Code   RO         4574    i.USART_ClearITPendingBit  f103c8t6.lib(stm32f10x_usart.o)
    0x08002670   0x00000018   Code   RO         4577    i.USART_Cmd         f103c8t6.lib(stm32f10x_usart.o)
    0x08002688   0x0000001a   Code   RO         4580    i.USART_GetFlagStatus  f103c8t6.lib(stm32f10x_usart.o)
    0x080026a2   0x00000054   Code   RO         4581    i.USART_GetITStatus  f103c8t6.lib(stm32f10x_usart.o)
    0x080026f6   0x0000004a   Code   RO         4583    i.USART_ITConfig    f103c8t6.lib(stm32f10x_usart.o)
    0x08002740   0x000000d8   Code   RO         4584    i.USART_Init        f103c8t6.lib(stm32f10x_usart.o)
    0x08002818   0x0000000a   Code   RO         4591    i.USART_ReceiveData  f103c8t6.lib(stm32f10x_usart.o)
    0x08002822   0x00000008   Code   RO         4594    i.USART_SendData    f103c8t6.lib(stm32f10x_usart.o)
    0x0800282a   0x00000004   Code   RO           31    i.UsageFault_Handler  stm32f10x_it.o
    0x0800282e   0x00000002   PAD
    0x08002830   0x00000010   Code   RO         4755    i.WWDG_Enable       f103c8t6.lib(stm32f10x_wwdg.o)
    0x08002840   0x00000018   Code   RO         4759    i.WWDG_SetPrescaler  f103c8t6.lib(stm32f10x_wwdg.o)
    0x08002858   0x00000028   Code   RO         4760    i.WWDG_SetWindowValue  f103c8t6.lib(stm32f10x_wwdg.o)
    0x08002880   0x00000030   Code   RO          819    i._SysTick_Config   board.o
    0x080028b0   0x00000020   Code   RO         5072    i.__0printf         mc_w.l(printfa.o)
    0x080028d0   0x00000028   Code   RO         5074    i.__0sprintf        mc_w.l(printfa.o)
    0x080028f8   0x0000002c   Code   RO         5077    i.__0vsnprintf      mc_w.l(printfa.o)
    0x08002924   0x00000008   Code   RO         5206    i.__aeabi_errno_addr  mc_w.l(errno.o)
    0x0800292c   0x000000aa   Code   RO         5176    i.__kernel_poly     m_ws.l(poly.o)
    0x080029d6   0x00000002   PAD
    0x080029d8   0x00000010   Code   RO         5162    i.__mathlib_dbl_divzero  m_ws.l(dunder.o)
    0x080029e8   0x00000006   Code   RO         5163    i.__mathlib_dbl_infnan  m_ws.l(dunder.o)
    0x080029ee   0x0000000c   Code   RO         5165    i.__mathlib_dbl_invalid  m_ws.l(dunder.o)
    0x080029fa   0x00000002   PAD
    0x080029fc   0x0000004c   Code   RO         1527    i.__rt_ffs          kservice.o
    0x08002a48   0x0000000e   Code   RO         5275    i.__scatterload_copy  mc_w.l(handlers.o)
    0x08002a56   0x00000002   Code   RO         5276    i.__scatterload_null  mc_w.l(handlers.o)
    0x08002a58   0x0000000e   Code   RO         5277    i.__scatterload_zeroinit  mc_w.l(handlers.o)
    0x08002a66   0x00000002   PAD
    0x08002a68   0x0000000c   Code   RO         5208    i.__set_errno       mc_w.l(errno.o)
    0x08002a74   0x00000184   Code   RO         5079    i._fp_digits        mc_w.l(printfa.o)
    0x08002bf8   0x00000014   Code   RO         1230    i._has_defunct_thread  idle.o
    0x08002c0c   0x000006dc   Code   RO         5080    i._printf_core      mc_w.l(printfa.o)
    0x080032e8   0x00000024   Code   RO         5081    i._printf_post_padding  mc_w.l(printfa.o)
    0x0800330c   0x0000002e   Code   RO         5082    i._printf_pre_padding  mc_w.l(printfa.o)
    0x0800333a   0x00000002   PAD
    0x0800333c   0x00000084   Code   RO         1898    i._rt_thread_init   thread.o
    0x080033c0   0x00000042   Code   RO         2013    i._rt_timer_init    timer.o
    0x08003402   0x0000002e   Code   RO         2014    i._rt_timer_remove  timer.o
    0x08003430   0x00000016   Code   RO         5083    i._snputc           mc_w.l(printfa.o)
    0x08003446   0x0000000a   Code   RO         5084    i._sputc            mc_w.l(printfa.o)
    0x08003450   0x00000010   Code   RO         2208    i.add_round_key     drv_aes.o
    0x08003460   0x00000050   Code   RO         2209    i.aes_cbc_decrypt   drv_aes.o
    0x080034b0   0x00000044   Code   RO         2210    i.aes_cbc_encrypt   drv_aes.o
    0x080034f4   0x0000005c   Code   RO         2211    i.aes_decrypt       drv_aes.o
    0x08003550   0x00000074   Code   RO         1044    i.aes_decrypt_buff  drv_encrypt.o
    0x080035c4   0x0000005a   Code   RO         2212    i.aes_encrypt       drv_aes.o
    0x0800361e   0x00000002   PAD
    0x08003620   0x00000074   Code   RO         1045    i.aes_encrypt_buff  drv_encrypt.o
    0x08003694   0x0000013c   Code   RO         2213    i.aes_set_key       drv_aes.o
    0x080037d0   0x00000138   Code   RO          365    i.app_node_event_parse  app_node.o
    0x08003908   0x0000005c   Code   RO          366    i.app_node_key_check  app_node.o
    0x08003964   0x0000002c   Code   RO          367    i.app_node_key_init  app_node.o
    0x08003990   0x0000004c   Code   RO          368    i.app_node_led_init  app_node.o
    0x080039dc   0x00000020   Code   RO          369    i.app_node_led_set_blue  app_node.o
    0x080039fc   0x00000024   Code   RO          370    i.app_node_led_set_green  app_node.o
    0x08003a20   0x00000010   Code   RO          371    i.app_node_lora_cs0  app_node.o
    0x08003a30   0x00000010   Code   RO          372    i.app_node_lora_cs1  app_node.o
    0x08003a40   0x00000158   Code   RO          373    i.app_node_lora_init  app_node.o
    0x08003b98   0x00000028   Code   RO          374    i.app_node_lora_reset  app_node.o
    0x08003bc0   0x00000038   Code   RO          375    i.app_node_lora_spi_rw_byte  app_node.o
    0x08003bf8   0x000000f4   Code   RO          376    i.app_node_read_config  app_node.o
    0x08003cec   0x000000c0   Code   RO          377    i.app_node_send_status  app_node.o
    0x08003dac   0x0000003c   Code   RO          378    i.app_node_set_sn   app_node.o
    0x08003de8   0x00000044   Code   RO          379    i.app_node_set_wake_period  app_node.o
    0x08003e2c   0x00000048   Code   RO          380    i.app_node_sleep_check  app_node.o
    0x08003e74   0x000000a4   Code   RO          381    i.app_node_temp_init  app_node.o
    0x08003f18   0x00000134   Code   RO          382    i.app_node_temp_update  app_node.o
    0x0800404c   0x00000168   Code   RO          383    i.app_node_thread_entry  app_node.o
    0x080041b4   0x00000050   Code   RO          384    i.app_node_wait_on_busy  app_node.o
    0x08004204   0x0000001c   Code   RO          385    i.app_node_write_config  app_node.o
    0x08004220   0x0000007c   Code   RO          503    i.app_oled96_iic_init  app_oled96.o
    0x0800429c   0x00000038   Code   RO          504    i.app_oled96_init   app_oled96.o
    0x080042d4   0x0000001c   Code   RO          505    i.app_oled96_show_debug  app_oled96.o
    0x080042f0   0x0000005c   Code   RO          506    i.app_oled96_show_gw_info  app_oled96.o
    0x0800434c   0x00000040   Code   RO          507    i.app_oled96_show_node  app_oled96.o
    0x0800438c   0x00000044   Code   RO          508    i.app_oled96_show_signal  app_oled96.o
    0x080043d0   0x00000038   Code   RO          509    i.app_oled96_show_start  app_oled96.o
    0x08004408   0x00000064   Code   RO          510    i.app_oled96_show_time  app_oled96.o
    0x0800446c   0x00000074   Code   RO          511    i.app_oled96_show_tx_total  app_oled96.o
    0x080044e0   0x00000048   Code   RO          512    i.app_oled96_show_version  app_oled96.o
    0x08004528   0x000000a0   Code   RO          513    i.app_oled96_thread_entry  app_oled96.o
    0x080045c8   0x00000098   Code   RO          514    i.app_oled96_write_byte  app_oled96.o
    0x08004660   0x0000025c   Code   RO          309    i.app_uart_thread_entry  user_app.o
    0x080048bc   0x00000084   Code   RO         2214    i.copy_and_key      drv_aes.o
    0x08004940   0x00000042   Code   RO         2215    i.copy_block        drv_aes.o
    0x08004982   0x00000018   Code   RO         2216    i.copy_block_nn     drv_aes.o
    0x0800499a   0x00000002   PAD
    0x0800499c   0x00000020   Code   RO          593    i.delay_ms          drv_common.o
    0x080049bc   0x00000018   Code   RO          594    i.delay_os          drv_common.o
    0x080049d4   0x00000098   Code   RO          597    i.drv_common_init   drv_common.o
    0x08004a6c   0x00000038   Code   RO          598    i.drv_crc16         drv_common.o
    0x08004aa4   0x00000008   Code   RO          601    i.drv_get_rtc_counter  drv_common.o
    0x08004aac   0x0000000c   Code   RO          602    i.drv_get_sec_counter  drv_common.o
    0x08004ab8   0x00000040   Code   RO          945    i.drv_oled96_clear  drv_oled96.o
    0x08004af8   0x00000036   Code   RO          946    i.drv_oled96_clear_line  drv_oled96.o
    0x08004b2e   0x000000e8   Code   RO          951    i.drv_oled96_init   drv_oled96.o
    0x08004c16   0x0000002e   Code   RO          952    i.drv_oled96_set_pos  drv_oled96.o
    0x08004c44   0x000000ac   Code   RO          953    i.drv_oled96_show_char  drv_oled96.o
    0x08004cf0   0x00000064   Code   RO          954    i.drv_oled96_show_chinese  drv_oled96.o
    0x08004d54   0x00000034   Code   RO          955    i.drv_oled96_show_str_f6x8  drv_oled96.o
    0x08004d88   0x00000036   Code   RO          956    i.drv_oled96_show_str_f8x16  drv_oled96.o
    0x08004dbe   0x00000002   PAD
    0x08004dc0   0x0000001c   Code   RO          957    i.drv_oled96_write_byte  drv_oled96.o
    0x08004ddc   0x0000000c   Code   RO          958    i.drv_oled96_write_byte_register  drv_oled96.o
    0x08004de8   0x000000fc   Code   RO          603    i.drv_rtc_init      drv_common.o
    0x08004ee4   0x0000000c   Code   RO          604    i.drv_set_rtc_counter  drv_common.o
    0x08004ef0   0x00000032   Code   RO         2891    i.drv_sx1268_cad_check  drv_sx1268.o
    0x08004f22   0x0000002c   Code   RO         2892    i.drv_sx1268_cad_init  drv_sx1268.o
    0x08004f4e   0x00000024   Code   RO         2895    i.drv_sx1268_clr_irq_status  drv_sx1268.o
    0x08004f72   0x00000024   Code   RO         2896    i.drv_sx1268_convert_freqinhz2pllstep  drv_sx1268.o
    0x08004f96   0x0000001e   Code   RO         2897    i.drv_sx1268_get_irq_status  drv_sx1268.o
    0x08004fb4   0x00000038   Code   RO         2898    i.drv_sx1268_get_pack_status  drv_sx1268.o
    0x08004fec   0x00000022   Code   RO         2899    i.drv_sx1268_get_rssi_inst  drv_sx1268.o
    0x0800500e   0x00000022   Code   RO         2900    i.drv_sx1268_get_rx_buff_status  drv_sx1268.o
    0x08005030   0x000000a8   Code   RO         2901    i.drv_sx1268_init   drv_sx1268.o
    0x080050d8   0x0000007c   Code   RO         2902    i.drv_sx1268_recv_check  drv_sx1268.o
    0x08005154   0x00000058   Code   RO         2903    i.drv_sx1268_recv_init  drv_sx1268.o
    0x080051ac   0x00000046   Code   RO         2904    i.drv_sx1268_send   drv_sx1268.o
    0x080051f2   0x00000022   Code   RO         2905    i.drv_sx1268_send_check  drv_sx1268.o
    0x08005214   0x00000022   Code   RO         2906    i.drv_sx1268_set_buff_base_addr  drv_sx1268.o
    0x08005236   0x0000004a   Code   RO         2907    i.drv_sx1268_set_cad_params  drv_sx1268.o
    0x08005280   0x0000001a   Code   RO         2908    i.drv_sx1268_set_dio2_switchctrl  drv_sx1268.o
    0x0800529a   0x0000003a   Code   RO         2909    i.drv_sx1268_set_freq  drv_sx1268.o
    0x080052d4   0x0000004e   Code   RO         2910    i.drv_sx1268_set_irq_parsms  drv_sx1268.o
    0x08005322   0x00000012   Code   RO         2911    i.drv_sx1268_set_mode  drv_sx1268.o
    0x08005334   0x00000030   Code   RO         2912    i.drv_sx1268_set_pa  drv_sx1268.o
    0x08005364   0x00000058   Code   RO         2913    i.drv_sx1268_set_pack_params  drv_sx1268.o
    0x080053bc   0x00000058   Code   RO         2914    i.drv_sx1268_set_power  drv_sx1268.o
    0x08005414   0x0000001a   Code   RO         2915    i.drv_sx1268_set_regulator_mode  drv_sx1268.o
    0x0800542e   0x00000030   Code   RO         2916    i.drv_sx1268_set_sf_bw  drv_sx1268.o
    0x0800545e   0x00000016   Code   RO         2917    i.drv_sx1268_set_sleep  drv_sx1268.o
    0x08005474   0x00000012   Code   RO         2918    i.drv_sx1268_set_standby  drv_sx1268.o
    0x08005486   0x00000012   Code   RO         2919    i.drv_sx1268_set_stop_rxtimer_onpreamble_detect  drv_sx1268.o
    0x08005498   0x00000028   Code   RO         2921    i.drv_sx1268_wakeup  drv_sx1268.o
    0x080054c0   0x00000040   Code   RO          606    i.drv_system_reset  drv_common.o
    0x08005500   0x00000002   Code   RO          607    i.drv_wdog_feed     drv_common.o
    0x08005502   0x00000002   Code   RO          608    i.drv_wdog_init     drv_common.o
    0x08005504   0x00000024   Code   RO          740    i.fputc             drv_uart.o
    0x08005528   0x00000048   Code   RO         3093    i.hal_sx1268_read_cmd  hal_sx1268.o
    0x08005570   0x0000004c   Code   RO         3094    i.hal_sx1268_read_fifo  hal_sx1268.o
    0x080055bc   0x0000001c   Code   RO         3095    i.hal_sx1268_read_reg  hal_sx1268.o
    0x080055d8   0x00000054   Code   RO         3096    i.hal_sx1268_read_regs  hal_sx1268.o
    0x0800562c   0x0000000a   Code   RO         3097    i.hal_sx1268_rst    hal_sx1268.o
    0x08005636   0x00000012   Code   RO         3098    i.hal_sx1268_set_led  hal_sx1268.o
    0x08005648   0x00000012   Code   RO         3099    i.hal_sx1268_spi_rw_byte  hal_sx1268.o
    0x0800565a   0x0000003a   Code   RO         3100    i.hal_sx1268_write_cmd  hal_sx1268.o
    0x08005694   0x00000044   Code   RO         3101    i.hal_sx1268_write_fifo  hal_sx1268.o
    0x080056d8   0x00000014   Code   RO         3102    i.hal_sx1268_write_reg  hal_sx1268.o
    0x080056ec   0x0000004a   Code   RO         3103    i.hal_sx1268_write_regs  hal_sx1268.o
    0x08005736   0x00000002   PAD
    0x08005738   0x000002e4   Code   RO         2217    i.inv_mix_sub_columns  drv_aes.o
    0x08005a1c   0x00000070   Code   RO         2218    i.inv_shift_sub_rows  drv_aes.o
    0x08005a8c   0x0000035c   Code   RO         4808    i.log               m_ws.l(log.o)
    0x08005de8   0x000000dc   Code   RO          204    i.main              main.o
    0x08005ec4   0x0000000e   Code   RO         1157    i.main_thread_entry  components.o
    0x08005ed2   0x00000002   PAD
    0x08005ed4   0x00000284   Code   RO         2219    i.mix_sub_columns   drv_aes.o
    0x08006158   0x00000024   Code   RO         2532    i.nwk_aes_decrypt   nwk_bsp.o
    0x0800617c   0x00000024   Code   RO         2533    i.nwk_aes_encrypt   nwk_bsp.o
    0x080061a0   0x00000154   Code   RO         2534    i.nwk_calcu_air_time  nwk_bsp.o
    0x080062f4   0x00000010   Code   RO         2535    i.nwk_crc16         nwk_bsp.o
    0x08006304   0x0000000c   Code   RO         2536    i.nwk_delay_ms      nwk_bsp.o
    0x08006310   0x00000048   Code   RO         2537    i.nwk_find_head     nwk_bsp.o
    0x08006358   0x00000024   Code   RO         2538    i.nwk_get_down_channel  nwk_bsp.o
    0x0800637c   0x0000000c   Code   RO         2539    i.nwk_get_rand      nwk_bsp.o
    0x08006388   0x00000008   Code   RO         2540    i.nwk_get_rtc_counter  nwk_bsp.o
    0x08006390   0x00000008   Code   RO         2541    i.nwk_get_sec_counter  nwk_bsp.o
    0x08006398   0x00000028   Code   RO         2542    i.nwk_get_sn_freq   nwk_bsp.o
    0x080063c0   0x00000024   Code   RO         2543    i.nwk_get_static_channel4  nwk_bsp.o
    0x080063e4   0x00000024   Code   RO         2544    i.nwk_get_up_channel  nwk_bsp.o
    0x08006408   0x00000020   Code   RO         2295    i.nwk_node_cad_check  nwk_node.o
    0x08006428   0x00000020   Code   RO         2296    i.nwk_node_cad_init  nwk_node.o
    0x08006448   0x0000005c   Code   RO         2297    i.nwk_node_calcu_alarm_time  nwk_node.o
    0x080064a4   0x00000038   Code   RO         2298    i.nwk_node_clear_d2d  nwk_node.o
    0x080064dc   0x00000034   Code   RO         2299    i.nwk_node_clear_tx  nwk_node.o
    0x08006510   0x00000048   Code   RO         2301    i.nwk_node_device_init  nwk_node.o
    0x08006558   0x00000014   Code   RO         2302    i.nwk_node_event_check  nwk_node.o
    0x0800656c   0x00000008   Code   RO         2303    i.nwk_node_main_process  nwk_node.o
    0x08006574   0x000001b4   Code   RO         2304    i.nwk_node_make_send_buff  nwk_node.o
    0x08006728   0x00000050   Code   RO         2305    i.nwk_node_recv_check  nwk_node.o
    0x08006778   0x0000001c   Code   RO         2306    i.nwk_node_recv_from_check  nwk_node.o
    0x08006794   0x00000020   Code   RO         2307    i.nwk_node_recv_init  nwk_node.o
    0x080067b4   0x00000588   Code   RO         2308    i.nwk_node_recv_parse  nwk_node.o
    0x08006d3c   0x00000060   Code   RO         2309    i.nwk_node_req_join  nwk_node.o
    0x08006d9c   0x00000550   Code   RO         2310    i.nwk_node_rx_process  nwk_node.o
    0x080072ec   0x0000002c   Code   RO         2311    i.nwk_node_search_gw  nwk_node.o
    0x08007318   0x0000038c   Code   RO         2312    i.nwk_node_search_process  nwk_node.o
    0x080076a4   0x00000068   Code   RO         2313    i.nwk_node_select_gw  nwk_node.o
    0x0800770c   0x00000120   Code   RO         2314    i.nwk_node_send2device  nwk_node.o
    0x0800782c   0x00000078   Code   RO         2315    i.nwk_node_send2gateway  nwk_node.o
    0x080078a4   0x00000028   Code   RO         2316    i.nwk_node_send_buff  nwk_node.o
    0x080078cc   0x00000020   Code   RO         2317    i.nwk_node_send_check  nwk_node.o
    0x080078ec   0x00000038   Code   RO         2318    i.nwk_node_send_sniff  nwk_node.o
    0x08007924   0x00000024   Code   RO         2319    i.nwk_node_set_led  nwk_node.o
    0x08007948   0x0000000c   Code   RO         2320    i.nwk_node_set_lora_dev  nwk_node.o
    0x08007954   0x00000034   Code   RO         2321    i.nwk_node_set_lora_param  nwk_node.o
    0x08007988   0x00000014   Code   RO         2322    i.nwk_node_set_root_key  nwk_node.o
    0x0800799c   0x0000000c   Code   RO         2323    i.nwk_node_set_search_time  nwk_node.o
    0x080079a8   0x0000000c   Code   RO         2324    i.nwk_node_set_sn   nwk_node.o
    0x080079b4   0x0000000c   Code   RO         2325    i.nwk_node_set_wake_period  nwk_node.o
    0x080079c0   0x00000040   Code   RO         2326    i.nwk_node_sleep_init  nwk_node.o
    0x08007a00   0x00000008   Code   RO         2327    i.nwk_node_take_rf_param  nwk_node.o
    0x08007a08   0x00000018   Code   RO         2328    i.nwk_node_take_tx_cnts  nwk_node.o
    0x08007a20   0x00000660   Code   RO         2329    i.nwk_node_tx_d2d_process  nwk_node.o
    0x08008080   0x00001264   Code   RO         2330    i.nwk_node_tx_gw_process  nwk_node.o
    0x080092e4   0x00000300   Code   RO         2331    i.nwk_node_work_check  nwk_node.o
    0x080095e4   0x0000000c   Code   RO         2545    i.nwk_set_rtc_counter  nwk_bsp.o
    0x080095f0   0x00000014   Code   RO         2546    i.nwk_tea_decrypt   nwk_bsp.o
    0x08009604   0x00000014   Code   RO         2547    i.nwk_tea_encrypt   nwk_bsp.o
    0x08009618   0x00000078   Code   RO         1685    i.plug_holes        mem.o
    0x08009690   0x00000040   Code   RO          611    i.printf_hex        drv_common.o
    0x080096d0   0x00000038   Code   RO          515    i.printf_oled       app_oled96.o
    0x08009708   0x00000030   Code   RO         1158    i.rt_application_init  components.o
    0x08009738   0x0000001c   Code   RO         1159    i.rt_components_board_init  components.o
    0x08009754   0x0000001c   Code   RO         1160    i.rt_components_init  components.o
    0x08009770   0x00000020   Code   RO         1817    i.rt_enter_critical  scheduler.o
    0x08009790   0x0000003c   Code   RO         1818    i.rt_exit_critical  scheduler.o
    0x080097cc   0x00000078   Code   RO         1687    i.rt_free           mem.o
    0x08009844   0x00000008   Code   RO          820    i.rt_heap_begin_get  board.o
    0x0800984c   0x00000008   Code   RO          821    i.rt_heap_end_get   board.o
    0x08009854   0x0000003c   Code   RO          822    i.rt_hw_board_init  board.o
    0x08009890   0x00000024   Code   RO         1087    i.rt_hw_hard_fault_exception  cpuport.o
    0x080098b4   0x0000004c   Code   RO         1088    i.rt_hw_stack_init  cpuport.o
    0x08009900   0x00000020   Code   RO         1500    i.rt_interrupt_enter  irq.o
    0x08009920   0x00000020   Code   RO         1502    i.rt_interrupt_leave  irq.o
    0x08009940   0x00000014   Code   RO         1270    i.rt_ipc_list_resume  ipc.o
    0x08009954   0x0000006c   Code   RO         1272    i.rt_ipc_list_suspend  ipc.o
    0x080099c0   0x00000010   Code   RO         1273    i.rt_ipc_object_init  ipc.o
    0x080099d0   0x00000006   Code   RO         1274    i.rt_list_init      ipc.o
    0x080099d6   0x00000006   Code   RO         1819    i.rt_list_init      scheduler.o
    0x080099dc   0x00000006   Code   RO         2015    i.rt_list_init      timer.o
    0x080099e2   0x0000000e   Code   RO         1747    i.rt_list_insert_after  object.o
    0x080099f0   0x0000000e   Code   RO         1899    i.rt_list_insert_after  thread.o
    0x080099fe   0x0000000e   Code   RO         2016    i.rt_list_insert_after  timer.o
    0x08009a0c   0x0000000e   Code   RO         1275    i.rt_list_insert_before  ipc.o
    0x08009a1a   0x00000010   Code   RO         1276    i.rt_list_isempty   ipc.o
    0x08009a2a   0x00000010   Code   RO         2017    i.rt_list_isempty   timer.o
    0x08009a3a   0x00000012   Code   RO         1748    i.rt_list_remove    object.o
    0x08009a4c   0x00000012   Code   RO         1900    i.rt_list_remove    thread.o
    0x08009a5e   0x00000002   PAD
    0x08009a60   0x0000016c   Code   RO         1688    i.rt_malloc         mem.o
    0x08009bcc   0x00000048   Code   RO         1536    i.rt_memset         kservice.o
    0x08009c14   0x0000004a   Code   RO         1749    i.rt_object_allocate  object.o
    0x08009c5e   0x00000020   Code   RO         1750    i.rt_object_delete  object.o
    0x08009c7e   0x0000001a   Code   RO         1751    i.rt_object_detach  object.o
    0x08009c98   0x00000028   Code   RO         1753    i.rt_object_get_information  object.o
    0x08009cc0   0x0000003c   Code   RO         1754    i.rt_object_init    object.o
    0x08009cfc   0x00000012   Code   RO         1755    i.rt_object_is_systemobject  object.o
    0x08009d0e   0x00000002   PAD
    0x08009d10   0x00000090   Code   RO         1820    i.rt_schedule       scheduler.o
    0x08009da0   0x00000050   Code   RO         1821    i.rt_schedule_insert_thread  scheduler.o
    0x08009df0   0x00000054   Code   RO         1822    i.rt_schedule_remove_thread  scheduler.o
    0x08009e44   0x00000026   Code   RO         1304    i.rt_sem_init       ipc.o
    0x08009e6a   0x0000003a   Code   RO         1305    i.rt_sem_release    ipc.o
    0x08009ea4   0x00000074   Code   RO         1306    i.rt_sem_take       ipc.o
    0x08009f18   0x00000002   Code   RO         1538    i.rt_show_version   kservice.o
    0x08009f1a   0x00000034   Code   RO         1546    i.rt_strncpy        kservice.o
    0x08009f4e   0x00000002   PAD
    0x08009f50   0x000000b0   Code   RO         1691    i.rt_system_heap_init  mem.o
    0x0800a000   0x0000004c   Code   RO         1823    i.rt_system_scheduler_init  scheduler.o
    0x0800a04c   0x00000030   Code   RO         1824    i.rt_system_scheduler_start  scheduler.o
    0x0800a07c   0x0000001c   Code   RO         2018    i.rt_system_timer_init  timer.o
    0x0800a098   0x00000002   Code   RO         2019    i.rt_system_timer_thread_init  timer.o
    0x0800a09a   0x00000050   Code   RO         1902    i.rt_thread_create  thread.o
    0x0800a0ea   0x0000000c   Code   RO         1903    i.rt_thread_delay   thread.o
    0x0800a0f6   0x00000002   PAD
    0x0800a0f8   0x00000054   Code   RO         1906    i.rt_thread_exit    thread.o
    0x0800a14c   0x00000008   Code   RO         1231    i.rt_thread_idle_entry  idle.o
    0x0800a154   0x00000084   Code   RO         1232    i.rt_thread_idle_excute  idle.o
    0x0800a1d8   0x0000003c   Code   RO         1234    i.rt_thread_idle_init  idle.o
    0x0800a214   0x00000034   Code   RO         1908    i.rt_thread_init    thread.o
    0x0800a248   0x0000003c   Code   RO         1909    i.rt_thread_resume  thread.o
    0x0800a284   0x0000000c   Code   RO         1910    i.rt_thread_self    thread.o
    0x0800a290   0x00000044   Code   RO         1911    i.rt_thread_sleep   thread.o
    0x0800a2d4   0x0000002c   Code   RO         1912    i.rt_thread_startup  thread.o
    0x0800a300   0x00000044   Code   RO         1913    i.rt_thread_suspend  thread.o
    0x0800a344   0x00000020   Code   RO         1914    i.rt_thread_timeout  thread.o
    0x0800a364   0x00000064   Code   RO         1915    i.rt_thread_yield   thread.o
    0x0800a3c8   0x0000000c   Code   RO         1120    i.rt_tick_get       clock.o
    0x0800a3d4   0x00000030   Code   RO         1121    i.rt_tick_increase  clock.o
    0x0800a404   0x0000007c   Code   RO         2020    i.rt_timer_check    timer.o
    0x0800a480   0x00000038   Code   RO         2021    i.rt_timer_control  timer.o
    0x0800a4b8   0x00000020   Code   RO         2024    i.rt_timer_detach   timer.o
    0x0800a4d8   0x0000002e   Code   RO         2025    i.rt_timer_init     timer.o
    0x0800a506   0x00000002   PAD
    0x0800a508   0x000000f8   Code   RO         2028    i.rt_timer_start    timer.o
    0x0800a600   0x00000030   Code   RO         2029    i.rt_timer_stop     timer.o
    0x0800a630   0x00000004   Code   RO         1161    i.rti_board_end     components.o
    0x0800a634   0x00000004   Code   RO         1162    i.rti_board_start   components.o
    0x0800a638   0x00000004   Code   RO         1163    i.rti_end           components.o
    0x0800a63c   0x00000004   Code   RO         1164    i.rti_start         components.o
    0x0800a640   0x0000002a   Code   RO         1165    i.rtthread_startup  components.o
    0x0800a66a   0x00000002   PAD
    0x0800a66c   0x00000070   Code   RO         2220    i.shift_sub_rows    drv_aes.o
    0x0800a6dc   0x00000068   Code   RO         1046    i.tea_decrypt_buff  drv_encrypt.o
    0x0800a744   0x00000068   Code   RO         1047    i.tea_encrypt_buff  drv_encrypt.o
    0x0800a7ac   0x00000082   Code   RO         2221    i.xor_block         drv_aes.o
    0x0800a82e   0x00000200   Data   RO          613    .constdata          drv_common.o
    0x0800aa2e   0x00000918   Data   RO          959    .constdata          drv_oled96.o
    0x0800b346   0x00000122   Data   RO         1552    .constdata          kservice.o
    0x0800b468   0x00000800   Data   RO         2222    .constdata          drv_aes.o
    0x0800bc68   0x00000018   Data   RO         2548    .constdata          nwk_bsp.o
    0x0800bc80   0x00000014   Data   RO         2922    .constdata          drv_sx1268.o
    0x0800bc94   0x00000004   PAD
    0x0800bc98   0x00000038   Data   RO         4809    .constdata          m_ws.l(log.o)
    0x0800bcd0   0x00000008   Data   RO         5178    .constdata          m_ws.l(qnan.o)
    0x0800bcd8   0x00000081   Data   RO         5239    .constdata          mc_w.l(ctype_o.o)
    0x0800bd59   0x00000003   PAD
    0x0800bd5c   0x00000004   Data   RO         5240    .constdata          mc_w.l(ctype_o.o)
    0x0800bd60   0x00000004   Data   RO         1166    .rti_fn.0           components.o
    0x0800bd64   0x00000004   Data   RO         1167    .rti_fn.0.end       components.o
    0x0800bd68   0x00000004   Data   RO         1168    .rti_fn.1.end       components.o
    0x0800bd6c   0x00000004   Data   RO         1169    .rti_fn.6.end       components.o
    0x0800bd70   0x00000020   Data   RO         5273    Region$$Table       anon$$obj.o


    Execution Region RW_IRAM1 (Base: 0x20000000, Size: 0x00002e60, Max: 0x00005000, ABSOLUTE, COMPRESSED[0x00000070])

    Base Addr    Size         Type   Attr      Idx    E Section Name        Object

    0x20000000   0x00000014   Data   RW          169    .data               system_stm32f10x.o
    0x20000014   0x00000004   Data   RW          310    .data               user_app.o
    0x20000018   0x00000012   Data   RW          387    .data               app_node.o
    0x2000002a   0x00000001   Data   RW          517    .data               app_oled96.o
    0x2000002b   0x00000001   PAD
    0x2000002c   0x0000000d   Data   RW          614    .data               drv_common.o
    0x20000039   0x00000003   PAD
    0x2000003c   0x00000004   Data   RW          824    .data               board.o
    0x20000040   0x00000004   Data   RW          960    .data               drv_oled96.o
    0x20000044   0x00000010   Data   RW         1089    .data               cpuport.o
    0x20000054   0x00000004   Data   RW         1123    .data               clock.o
    0x20000058   0x00000001   Data   RW         1503    .data               irq.o
    0x20000059   0x00000003   PAD
    0x2000005c   0x00000018   Data   RW         1693    .data               mem.o
    0x20000074   0x00000060   Data   RW         1757    .data               object.o
    0x200000d4   0x00000018   Data   RW         1826    .data               scheduler.o
    0x200000ec   0x0000000c   Data   RW         2030    .data               timer.o
    0x200000f8   0x0000001c   Data   RW         2333    .data               nwk_node.o
    0x20000114   0x00000014   Data   RW         4171    .data               f103c8t6.lib(stm32f10x_rcc.o)
    0x20000128   0x00000004   Data   RW         4821    .data               mc_w.l(rand.o)
    0x2000012c   0x00000004   Data   RW         5193    .data               mc_w.l(stdout.o)
    0x20000130   0x00000004   Data   RW         5209    .data               mc_w.l(errno.o)
    0x20000134   0x0000003c   Zero   RW          386    .bss                app_node.o
    0x20000170   0x000001b8   Zero   RW          516    .bss                app_oled96.o
    0x20000328   0x00000400   Zero   RW          612    .bss                drv_common.o
    0x20000728   0x0000033c   Zero   RW          741    .bss                drv_uart.o
    0x20000a64   0x00001000   Zero   RW          823    .bss                board.o
    0x20001a64   0x000001e2   Zero   RW         1048    .bss                drv_encrypt.o
    0x20001c46   0x00000002   PAD
    0x20001c48   0x00000178   Zero   RW         1235    .bss                idle.o
    0x20001dc0   0x00000020   Zero   RW         1692    .bss                mem.o
    0x20001de0   0x00000100   Zero   RW         1825    .bss                scheduler.o
    0x20001ee0   0x0000077e   Zero   RW         2332    .bss                nwk_node.o
    0x2000265e   0x00000002   PAD
    0x20002660   0x00000800   Zero   RW           17    STACK               startup_stm32f10x_md.o


==============================================================================

Image component sizes


      Code (inc. data)   RO Data    RW Data    ZI Data      Debug   Object Name

      2640        708          0         18         60      19093   app_node.o
      1144        222          0          1        440       8546   app_oled96.o
       184         26          0          4       4096       3513   board.o
        60         12          0          4          0       1237   clock.o
       190         30         16          0          0       5948   components.o
       240         26          0          0          0        812   context_rvds.o
         0          0          0          0          0       4572   core_cm3.o
       112         10          0         16          0       3218   cpuport.o
      2622         48       2048          0          0      18326   drv_aes.o
       852        196        512         13       1024       9044   drv_common.o
       648         70          0          0        482       5534   drv_encrypt.o
       814         22       2328          4          0       7729   drv_oled96.o
      1488         54         20          0          0      20926   drv_sx1268.o
      1032        102          0          0        828       6578   drv_uart.o
       526          0          0          0          0       8143   hal_sx1268.o
       220         30          0          0        376       5134   idle.o
       392          0          0          0          0       7905   ipc.o
        64         12          0          1          0       1646   irq.o
       202          6        290          0          0       5512   kservice.o
       220        150          0          0          0       8076   main.o
       780         92          0         24         32       3972   mem.o
       740         80         24          0          0      11273   nwk_bsp.o
     12764       3546          0         28       1918      34574   nwk_node.o
       282          4          0         96          0       7852   object.o
       530         88          0         24        256       8078   scheduler.o
        36          8        236          0       2048        836   startup_stm32f10x_md.o
        36          0          0          0          0     254524   stm32f10x_it.o
       340         30          0         20          0       2530   system_stm32f10x.o
       776         36          0          0          0      11479   thread.o
       732         20          0         12          0      10840   timer.o
       736        196          0          4          0       6691   user_app.o

    ----------------------------------------------------------------------
     31432       5824       5510        276      11564     504141   Object Totals
         0          0         32          0          0          0   (incl. Generated)
        30          0          4          7          4          0   (incl. Padding)

    ----------------------------------------------------------------------

      Code (inc. data)   RO Data    RW Data    ZI Data      Debug   Library Member Name

       116         14          0          0          0     261112   misc.o
       486         24          0          0          0       8482   stm32f10x_adc.o
       112         22          0          0          0       3729   stm32f10x_bkp.o
       370         44          0          0          0       5879   stm32f10x_flash.o
       444          6          0          0          0       4442   stm32f10x_gpio.o
       486         20          0          0          0       7075   stm32f10x_i2c.o
        12          6          0          0          0        510   stm32f10x_pwr.o
       768        140          0         20          0      13949   stm32f10x_rcc.o
       192         36          0          0          0       4010   stm32f10x_rtc.o
       112          0          0          0          0       3802   stm32f10x_spi.o
       490          6          0          0          0       7265   stm32f10x_usart.o
        80         18          0          0          0       2280   stm32f10x_wwdg.o
        34          4          0          0          0        204   dunder.o
       860         52         56          0          0        256   log.o
       170          0          0          0          0         96   poly.o
         0          0          8          0          0          0   qnan.o
        56          8          0          0          0         84   __0sscanf.o
        86          0          0          0          0          0   __dczerorl2.o
        28          0          0          0          0         68   _chval.o
       812          4          0          0          0        112   _scanf.o
       332          0          0          0          0         96   _scanf_int.o
        64          0          0          0          0         84   _sgetc.o
       158          0          0          0          0         92   _strtoul.o
        26          0          0          0          0         80   atol.o
         8          4        133          0          0         68   ctype_o.o
         0          0          0          0          0          0   entry.o
         0          0          0          0          0          0   entry10a.o
         0          0          0          0          0          0   entry11a.o
         8          4          0          0          0          0   entry2.o
         4          0          0          0          0          0   entry5.o
         0          0          0          0          0          0   entry7b.o
         0          0          0          0          0          0   entry8b.o
         8          4          0          0          0          0   entry9a.o
        20         10          0          4          0        136   errno.o
        30          0          0          0          0          0   handlers.o
        36          8          0          0          0         68   init.o
        18          0          0          0          0         76   isspace_o.o
         0          0          0          0          0          0   iusefp.o
        30          0          0          0          0         68   llshl.o
        36          0          0          0          0         68   llsshr.o
        32          0          0          0          0         68   llushr.o
        26          0          0          0          0         80   memcmp.o
        36          0          0          0          0         68   memcpya.o
        36          0          0          0          0        108   memseta.o
      2374        100          0          0          0        752   printfa.o
        36         10          0          4          0        136   rand.o
        40          8          0          0          0         84   scanf_char.o
         0          0          0          4          0          0   stdout.o
        24          0          0          0          0         68   strcat.o
        18          0          0          0          0         68   strcpy.o
        14          0          0          0          0         68   strlen.o
        36          0          0          0          0         80   strstr.o
       112          0          0          0          0         88   strtol.o
        44          0          0          0          0         80   uidiv.o
        98          0          0          0          0         92   uldiv.o
        48          0          0          0          0         68   cdcmple.o
        48          0          0          0          0         68   cdrcmple.o
        56          0          0          0          0         88   d2f.o
       334          0          0          0          0        148   dadd.o
       222          0          0          0          0        100   ddiv.o
       186          0          0          0          0        176   depilogue.o
        50          0          0          0          0         76   dfixui.o
        48          0          0          0          0         68   dfixul.o
        34          0          0          0          0         76   dflti.o
        26          0          0          0          0         76   dfltui.o
       228          0          0          0          0         96   dmul.o
        46          0          0          0          0         80   dscalb.o
        38          0          0          0          0         68   f2d.o
       176          0          0          0          0        140   fadd.o
       124          0          0          0          0         88   fdiv.o
       110          0          0          0          0        168   fepilogue.o
        40          0          0          0          0         68   ffixui.o
        18          0          0          0          0         68   fflti.o
        10          0          0          0          0         68   ffltui.o
       100          0          0          0          0         76   fmul.o

    ----------------------------------------------------------------------
     11386        552        200         32          0     327895   Library Totals
        26          0          3          0          0          0   (incl. Padding)

    ----------------------------------------------------------------------

      Code (inc. data)   RO Data    RW Data    ZI Data      Debug   Library Name

      3668        336          0         20          0     322535   f103c8t6.lib
      1064         56         64          0          0        556   m_ws.l
      4686        160        133         12          0       2940   mc_w.l
      1942          0          0          0          0       1864   mf_w.l

    ----------------------------------------------------------------------
     11386        552        200         32          0     327895   Library Totals

    ----------------------------------------------------------------------

==============================================================================


      Code (inc. data)   RO Data    RW Data    ZI Data      Debug   

     42818       6376       5710        308      11564     810636   Grand Totals
     42818       6376       5710        112      11564     810636   ELF Image Totals (compressed)
     42818       6376       5710        112          0          0   ROM Totals

==============================================================================

    Total RO  Size (Code + RO Data)                48528 (  47.39kB)
    Total RW  Size (RW Data + ZI Data)             11872 (  11.59kB)
    Total ROM Size (Code + RO Data + RW Data)      48640 (  47.50kB)

==============================================================================

