Component: ARM Compiler 5.06 update 4 (build 422) Tool: armlink [4d35d2]

==============================================================================

Section Cross References

    startup_stm32f10x_md.o(RESET) refers to startup_stm32f10x_md.o(STACK) for __initial_sp
    startup_stm32f10x_md.o(RESET) refers to startup_stm32f10x_md.o(.text) for Reset_Handler
    startup_stm32f10x_md.o(RESET) refers to stm32f10x_it.o(i.NMI_Handler) for NMI_Handler
    startup_stm32f10x_md.o(RESET) refers to context_rvds.o(.text) for HardFault_Handler
    startup_stm32f10x_md.o(RESET) refers to stm32f10x_it.o(i.MemManage_Handler) for MemManage_Handler
    startup_stm32f10x_md.o(RESET) refers to stm32f10x_it.o(i.BusFault_Handler) for BusFault_Handler
    startup_stm32f10x_md.o(RESET) refers to stm32f10x_it.o(i.UsageFault_Handler) for UsageFault_Handler
    startup_stm32f10x_md.o(RESET) refers to stm32f10x_it.o(i.SVC_Handler) for SVC_Handler
    startup_stm32f10x_md.o(RESET) refers to stm32f10x_it.o(i.DebugMon_Handler) for DebugMon_Handler
    startup_stm32f10x_md.o(RESET) refers to board.o(i.SysTick_Handler) for SysTick_Handler
    startup_stm32f10x_md.o(RESET) refers to stm32f10x_it.o(i.RTC_IRQHandler) for RTC_IRQHandler
    startup_stm32f10x_md.o(RESET) refers to drv_uart.o(i.USART1_IRQHandler) for USART1_IRQHandler
    startup_stm32f10x_md.o(RESET) refers to drv_uart.o(i.USART2_IRQHandler) for USART2_IRQHandler
    startup_stm32f10x_md.o(RESET) refers to drv_uart.o(i.USART3_IRQHandler) for USART3_IRQHandler
    startup_stm32f10x_md.o(.text) refers to system_stm32f10x.o(i.SystemInit) for SystemInit
    startup_stm32f10x_md.o(.text) refers to entry.o(.ARM.Collect$$$$00000000) for __main
    stm32f10x_it.o(i.RTC_IRQHandler) refers to stm32f10x_rtc.o(i.RTC_GetITStatus) for RTC_GetITStatus
    stm32f10x_it.o(i.RTC_IRQHandler) refers to stm32f10x_rtc.o(i.RTC_ClearITPendingBit) for RTC_ClearITPendingBit
    system_stm32f10x.o(i.HSI_Config) refers to stm32f10x_rcc.o(i.RCC_DeInit) for RCC_DeInit
    system_stm32f10x.o(i.HSI_Config) refers to stm32f10x_rcc.o(i.RCC_HSICmd) for RCC_HSICmd
    system_stm32f10x.o(i.HSI_Config) refers to stm32f10x_rcc.o(i.RCC_GetFlagStatus) for RCC_GetFlagStatus
    system_stm32f10x.o(i.HSI_Config) refers to stm32f10x_rcc.o(i.RCC_HCLKConfig) for RCC_HCLKConfig
    system_stm32f10x.o(i.HSI_Config) refers to stm32f10x_rcc.o(i.RCC_PCLK2Config) for RCC_PCLK2Config
    system_stm32f10x.o(i.HSI_Config) refers to stm32f10x_rcc.o(i.RCC_PCLK1Config) for RCC_PCLK1Config
    system_stm32f10x.o(i.HSI_Config) refers to stm32f10x_flash.o(i.FLASH_SetLatency) for FLASH_SetLatency
    system_stm32f10x.o(i.HSI_Config) refers to stm32f10x_flash.o(i.FLASH_PrefetchBufferCmd) for FLASH_PrefetchBufferCmd
    system_stm32f10x.o(i.HSI_Config) refers to stm32f10x_rcc.o(i.RCC_PLLConfig) for RCC_PLLConfig
    system_stm32f10x.o(i.HSI_Config) refers to stm32f10x_rcc.o(i.RCC_PLLCmd) for RCC_PLLCmd
    system_stm32f10x.o(i.HSI_Config) refers to stm32f10x_rcc.o(i.RCC_SYSCLKConfig) for RCC_SYSCLKConfig
    system_stm32f10x.o(i.HSI_Config) refers to stm32f10x_rcc.o(i.RCC_GetSYSCLKSource) for RCC_GetSYSCLKSource
    system_stm32f10x.o(i.HSI_Config) refers to stm32f10x_rcc.o(i.RCC_APB2PeriphClockCmd) for RCC_APB2PeriphClockCmd
    system_stm32f10x.o(i.HSI_Config) refers to stm32f10x_gpio.o(i.GPIO_PinRemapConfig) for GPIO_PinRemapConfig
    system_stm32f10x.o(i.HSI_Config) refers to stm32f10x_gpio.o(i.GPIO_Init) for GPIO_Init
    system_stm32f10x.o(i.HSI_Config) refers to stm32f10x_gpio.o(i.GPIO_ResetBits) for GPIO_ResetBits
    system_stm32f10x.o(i.SetSysClock) refers to system_stm32f10x.o(i.SetSysClockTo72) for SetSysClockTo72
    system_stm32f10x.o(i.SystemCoreClockUpdate) refers to system_stm32f10x.o(.data) for SystemCoreClock
    system_stm32f10x.o(i.SystemInit) refers to system_stm32f10x.o(i.SetSysClock) for SetSysClock
    main.o(i.main) refers to printfa.o(i.__0printf) for __2printf
    main.o(i.main) refers to user_app.o(i.APP_Init) for APP_Init
    main.o(i.main) refers to drv_common.o(i.drv_wdog_feed) for drv_wdog_feed
    main.o(i.main) refers to drv_common.o(i.drv_get_sec_counter) for drv_get_sec_counter
    main.o(i.main) refers to drv_common.o(i.delay_os) for delay_os
    user_app.o(i.APP_Init) refers to thread.o(i.rt_thread_create) for rt_thread_create
    user_app.o(i.APP_Init) refers to thread.o(i.rt_thread_startup) for rt_thread_startup
    user_app.o(i.APP_Init) refers to user_app.o(i.app_uart_thread_entry) for app_uart_thread_entry
    user_app.o(i.APP_Init) refers to app_sx1278.o(i.app_sx1278_thread_entry) for app_sx1278_thread_entry
    user_app.o(i.app_uart_send) refers to drv_uart.o(i.UART2_Send) for UART2_Send
    user_app.o(i.app_uart_thread_entry) refers to drv_common.o(i.delay_ms) for delay_ms
    user_app.o(i.app_uart_thread_entry) refers to printfa.o(i.__0printf) for __2printf
    user_app.o(i.app_uart_thread_entry) refers to strstr.o(.text) for strstr
[...]
    i.rt_tick_get                            0x0800694c   Section        0  clock.o(i.rt_tick_get)
    i.rt_tick_increase                       0x08006958   Section        0  clock.o(i.rt_tick_increase)
    i.rt_timer_check                         0x08006988   Section        0  timer.o(i.rt_timer_check)
    i.rt_timer_control                       0x08006a04   Section        0  timer.o(i.rt_timer_control)
    i.rt_timer_detach                        0x08006a3c   Section        0  timer.o(i.rt_timer_detach)
    i.rt_timer_init                          0x08006a5c   Section        0  timer.o(i.rt_timer_init)
    i.rt_timer_start                         0x08006a8c   Section        0  timer.o(i.rt_timer_start)
    i.rt_timer_stop                          0x08006b84   Section        0  timer.o(i.rt_timer_stop)
    i.rti_board_end                          0x08006bb4   Section        0  components.o(i.rti_board_end)
    rti_board_end                            0x08006bb5   Thumb Code     4  components.o(i.rti_board_end)
    i.rti_board_start                        0x08006bb8   Section        0  components.o(i.rti_board_start)
    rti_board_start                          0x08006bb9   Thumb Code     4  components.o(i.rti_board_start)
    i.rti_end                                0x08006bbc   Section        0  components.o(i.rti_end)
    rti_end                                  0x08006bbd   Thumb Code     4  components.o(i.rti_end)
    i.rti_start                              0x08006bc0   Section        0  components.o(i.rti_start)
    rti_start                                0x08006bc1   Thumb Code     4  components.o(i.rti_start)
    i.rtthread_startup                       0x08006bc4   Section        0  components.o(i.rtthread_startup)
    i.tea_decrypt_buff                       0x08006bf0   Section        0  drv_encrypt.o(i.tea_decrypt_buff)
    i.tea_encrypt_buff                       0x08006c58   Section        0  drv_encrypt.o(i.tea_encrypt_buff)
    .constdata                               0x08006cc0   Section      512  drv_common.o(.constdata)
    auchCRCHi                                0x08006cc0   Data         256  drv_common.o(.constdata)
    auchCRCLo                                0x08006dc0   Data         256  drv_common.o(.constdata)
    .constdata                               0x08006ec0   Section      290  kservice.o(.constdata)
    small_digits                             0x08006fc0   Data          17  kservice.o(.constdata)
    large_digits                             0x08006fd1   Data          17  kservice.o(.constdata)
    .constdata                               0x08006fe2   Section       36  nwk_bsp.o(.constdata)
    rf_table                                 0x08006fe2   Data          36  nwk_bsp.o(.constdata)
    .rti_fn.0                                0x08007008   Section        4  components.o(.rti_fn.0)
    __tagsym$$used                           0x08007008   Number         0  components.o(.rti_fn.0)
    .rti_fn.0.end                            0x0800700c   Section        4  components.o(.rti_fn.0.end)
    __tagsym$$used                           0x0800700c   Number         0  components.o(.rti_fn.0.end)
    .rti_fn.1.end                            0x08007010   Section        4  components.o(.rti_fn.1.end)
    __tagsym$$used                           0x08007010   Number         0  components.o(.rti_fn.1.end)
    .rti_fn.6.end                            0x08007014   Section        4  components.o(.rti_fn.6.end)
    __tagsym$$used                           0x08007014   Number         0  components.o(.rti_fn.6.end)
    .data                                    0x20000000   Section       20  system_stm32f10x.o(.data)
    .data                                    0x20000014   Section        4  user_app.o(.data)
    pUART                                    0x20000014   Data           4  user_app.o(.data)
    .data                                    0x20000018   Section       13  drv_common.o(.data)
    .data                                    0x20000028   Section        4  board.o(.data)
    tickets                                  0x20000028   Data           4  board.o(.data)
    .data                                    0x2000002c   Section       16  cpuport.o(.data)
    rt_exception_hook                        0x20000038   Data           4  cpuport.o(.data)
    .data                                    0x2000003c   Section        4  clock.o(.data)
    rt_tick                                  0x2000003c   Data           4  clock.o(.data)
    .data                                    0x20000040   Section        1  irq.o(.data)
    .data                                    0x20000044   Section       24  mem.o(.data)
    heap_ptr                                 0x20000044   Data           4  mem.o(.data)
    heap_end                                 0x20000048   Data           4  mem.o(.data)
    lfree                                    0x2000004c   Data           4  mem.o(.data)
    mem_size_aligned                         0x20000050   Data           4  mem.o(.data)
    used_mem                                 0x20000054   Data           4  mem.o(.data)
    max_mem                                  0x20000058   Data           4  mem.o(.data)
    .data                                    0x2000005c   Section       96  object.o(.data)
    rt_object_container                      0x2000005c   Data          96  object.o(.data)
    .data                                    0x200000bc   Section       24  scheduler.o(.data)
    rt_scheduler_lock_nest                   0x200000bc   Data           2  scheduler.o(.data)
    .data                                    0x200000d4   Section       12  timer.o(.data)
    rt_timer_list                            0x200000d4   Data           8  timer.o(.data)
    random_nr                                0x200000dc   Data           4  timer.o(.data)
    .data                                    0x200000e0   Section        4  aes.o(.data)
    aes_init_done                            0x200000e0   Data           4  aes.o(.data)
    .data                                    0x200000e4   Section       20  nwk_node.o(.data)
    ptr                                      0x200000e4   Data           1  nwk_node.o(.data)
    pMakeBuff                                0x200000e8   Data           4  nwk_node.o(.data)
    make_len                                 0x200000ec   Data           1  nwk_node.o(.data)
    wait_time                                0x200000f0   Data           4  nwk_node.o(.data)
    last_wake_time                           0x200000f4   Data           4  nwk_node.o(.data)
    .data                                    0x200000f8   Section        4  nwk_bsp.o(.data)
    srand_num                                0x200000f8   Data           4  nwk_bsp.o(.data)
    .data                                    0x200000fc   Section       20  stm32f10x_rcc.o(.data)
    APBAHBPrescTable                         0x200000fc   Data          16  stm32f10x_rcc.o(.data)
    ADCPrescTable                            0x2000010c   Data           4  stm32f10x_rcc.o(.data)
    .data                                    0x20000110   Section        4  rand.o(.data)
    _rand_state                              0x20000110   Data           4  rand.o(.data)
    .data                                    0x20000114   Section        4  stdout.o(.data)
    .bss                                     0x20000118   Section       16  app_sx1278.o(.bss)
    .bss                                     0x20000128   Section      828  drv_uart.o(.bss)
    .bss                                     0x20000464   Section     4096  board.o(.bss)
    rt_heap                                  0x20000464   Data        4096  board.o(.bss)
    .bss                                     0x20001464   Section      280  drv_encrypt.o(.bss)
    aes_ctx                                  0x20001464   Data         280  drv_encrypt.o(.bss)
    .bss                                     0x2000157c   Section      376  idle.o(.bss)
    idle                                     0x2000157c   Data         120  idle.o(.bss)
    rt_thread_stack                          0x200015f4   Data         256  idle.o(.bss)
    .bss                                     0x200016f4   Section       32  mem.o(.bss)
    heap_sem                                 0x200016f4   Data          32  mem.o(.bss)
    .bss                                     0x20001714   Section      256  scheduler.o(.bss)
    .bss                                     0x20001814   Section    10792  aes.o(.bss)
    FSb                                      0x20001814   Data         256  aes.o(.bss)
    FT0                                      0x20001914   Data        1024  aes.o(.bss)
    FT1                                      0x20001d14   Data        1024  aes.o(.bss)
    FT2                                      0x20002114   Data        1024  aes.o(.bss)
    FT3                                      0x20002514   Data        1024  aes.o(.bss)
    RSb                                      0x20002914   Data         256  aes.o(.bss)
    RT0                                      0x20002a14   Data        1024  aes.o(.bss)
    RT1                                      0x20002e14   Data        1024  aes.o(.bss)
    RT2                                      0x20003214   Data        1024  aes.o(.bss)
    RT3                                      0x20003614   Data        1024  aes.o(.bss)
    RCON                                     0x20003a14   Data          40  aes.o(.bss)
    pow                                      0x20003a3c   Data        1024  aes.o(.bss)
    log                                      0x20003e3c   Data        1024  aes.o(.bss)
    .bss                                     0x2000423c   Section      756  nwk_node.o(.bss)
    STACK                                    0x20004530   Section      512  startup_stm32f10x_md.o(STACK)

    Global Symbols

    Symbol Name                              Value     Ov Type        Size  Object(Section)

    BuildAttributes$$THM_ISAv4$P$D$K$B$S$PE$A:L22UL41UL21$X:L11$S22US41US21$IEEE1$IW$USESV6$~STKCKD$USESV7$~SHL$OTIME$ROPI$EBA8$MICROLIB$REQ8$PRES8$EABIv2 0x00000000   Number         0  anon$$obj.o ABSOLUTE
    __ARM_use_no_argv                        0x00000000   Number         0  main.o ABSOLUTE
    _printf_a                                0x00000000   Number         0  stubs.o ABSOLUTE
    _printf_c                                0x00000000   Number         0  stubs.o ABSOLUTE
    _printf_charcount                        0x00000000   Number         0  stubs.o ABSOLUTE
    _printf_d                                0x00000000   Number         0  stubs.o ABSOLUTE
    _printf_e                                0x00000000   Number         0  stubs.o ABSOLUTE
    _printf_f                                0x00000000   Number         0  stubs.o ABSOLUTE
    _printf_flags                            0x00000000   Number         0  stubs.o ABSOLUTE
    _printf_fp_dec                           0x00000000   Number         0  stubs.o ABSOLUTE
    _printf_fp_hex                           0x00000000   Number         0  stubs.o ABSOLUTE
    _printf_g                                0x00000000   Number         0  stubs.o ABSOLUTE
    _printf_i                                0x00000000   Number         0  stubs.o ABSOLUTE
    _printf_int_dec                          0x00000000   Number         0  stubs.o ABSOLUTE
    _printf_l                                0x00000000   Number         0  stubs.o ABSOLUTE
    _printf_lc                               0x00000000   Number         0  stubs.o ABSOLUTE
    _printf_ll                               0x00000000   Number         0  stubs.o ABSOLUTE
    _printf_lld                              0x00000000   Number         0  stubs.o ABSOLUTE
    _printf_lli                              0x00000000   Number         0  stubs.o ABSOLUTE
    _printf_llo                              0x00000000   Number         0  stubs.o ABSOLUTE
    _printf_llu                              0x00000000   Number         0  stubs.o ABSOLUTE
    _printf_llx                              0x00000000   Number         0  stubs.o ABSOLUTE
    _printf_longlong_dec                     0x00000000   Number         0  stubs.o ABSOLUTE
    _printf_longlong_hex                     0x00000000   Number         0  stubs.o ABSOLUTE
    _printf_longlong_oct                     0x00000000   Number         0  stubs.o ABSOLUTE
    _printf_ls                               0x00000000   Number         0  stubs.o ABSOLUTE
    _printf_mbtowc                           0x00000000   Number         0  stubs.o ABSOLUTE
    _printf_n                                0x00000000   Number         0  stubs.o ABSOLUTE
    _printf_o                                0x00000000   Number         0  stubs.o ABSOLUTE
    _printf_p                                0x00000000   Number         0  stubs.o ABSOLUTE
    _printf_percent                          0x00000000   Number         0  stubs.o ABSOLUTE
    _printf_pre_padding                      0x00000000   Number         0  stubs.o ABSOLUTE
    _printf_return_value                     0x00000000   Number         0  stubs.o ABSOLUTE
    _printf_s                                0x00000000   Number         0  stubs.o ABSOLUTE
    _printf_sizespec                         0x00000000   Number         0  stubs.o ABSOLUTE
    _printf_str                              0x00000000   Number         0  stubs.o ABSOLUTE
    _printf_truncate_signed                  0x00000000   Number         0  stubs.o ABSOLUTE
    _printf_truncate_unsigned                0x00000000   Number         0  stubs.o ABSOLUTE
    _printf_u                                0x00000000   Number         0  stubs.o ABSOLUTE
    _printf_wc                               0x00000000   Number         0  stubs.o ABSOLUTE
    _printf_wctomb                           0x00000000   Number         0  stubs.o ABSOLUTE
    _printf_widthprec                        0x00000000   Number         0  stubs.o ABSOLUTE
    _printf_x                                0x00000000   Number         0  stubs.o ABSOLUTE
    __cpp_initialize__aeabi_                  - Undefined Weak Reference
    __cxa_finalize                            - Undefined Weak Reference
    __decompress                              - Undefined Weak Reference
    _clock_init                               - Undefined Weak Reference
    _microlib_exit                            - Undefined Weak Reference
    __Vectors_Size                           0x000000ec   Number         0  startup_stm32f10x_md.o ABSOLUTE
    __Vectors                                0x08000000   Data           4  startup_stm32f10x_md.o(RESET)
    __Vectors_End                            0x080000ec   Data           0  startup_stm32f10x_md.o(RESET)
    __main                                   0x080000ed   Thumb Code     0  entry.o(.ARM.Collect$$$$00000000)
    _main_stk                                0x080000ed   Thumb Code     0  entry2.o(.ARM.Collect$$$$00000001)
    _main_scatterload                        0x080000f1   Thumb Code     0  entry5.o(.ARM.Collect$$$$00000004)
    __main_after_scatterload                 0x080000f5   Thumb Code     0  entry5.o(.ARM.Collect$$$$00000004)
    _main_clock                              0x080000f5   Thumb Code     0  entry7b.o(.ARM.Collect$$$$00000008)
    _main_cpp_init                           0x080000f5   Thumb Code     0  entry8b.o(.ARM.Collect$$$$0000000A)
    _main_init                               0x080000f5   Thumb Code     0  entry9a.o(.ARM.Collect$$$$0000000B)
    __rt_final_cpp                           0x080000fd   Thumb Code     0  entry10a.o(.ARM.Collect$$$$0000000D)
    __rt_final_exit                          0x080000fd   Thumb Code     0  entry11a.o(.ARM.Collect$$$$0000000F)
    Reset_Handler                            0x08000101   Thumb Code     8  startup_stm32f10x_md.o(.text)
    ADC1_2_IRQHandler                        0x0800011b   Thumb Code     0  startup_stm32f10x_md.o(.text)
    CAN1_RX1_IRQHandler                      0x0800011b   Thumb Code     0  startup_stm32f10x_md.o(.text)
    CAN1_SCE_IRQHandler                      0x0800011b   Thumb Code     0  startup_stm32f10x_md.o(.text)
    DMA1_Channel1_IRQHandler                 0x0800011b   Thumb Code     0  startup_stm32f10x_md.o(.text)
    DMA1_Channel2_IRQHandler                 0x0800011b   Thumb Code     0  startup_stm32f10x_md.o(.text)
    DMA1_Channel3_IRQHandler                 0x0800011b   Thumb Code     0  startup_stm32f10x_md.o(.text)
    DMA1_Channel4_IRQHandler                 0x0800011b   Thumb Code     0  startup_stm32f10x_md.o(.text)
    DMA1_Channel5_IRQHandler                 0x0800011b   Thumb Code     0  startup_stm32f10x_md.o(.text)
    DMA1_Channel6_IRQHandler                 0x0800011b   Thumb Code     0  startup_stm32f10x_md.o(.text)
    DMA1_Channel7_IRQHandler                 0x0800011b   Thumb Code     0  startup_stm32f10x_md.o(.text)
    EXTI0_IRQHandler                         0x0800011b   Thumb Code     0  startup_stm32f10x_md.o(.text)
    EXTI15_10_IRQHandler                     0x0800011b   Thumb Code     0  startup_stm32f10x_md.o(.text)
    EXTI1_IRQHandler                         0x0800011b   Thumb Code     0  startup_stm32f10x_md.o(.text)
    EXTI2_IRQHandler                         0x0800011b   Thumb Code     0  startup_stm32f10x_md.o(.text)
    EXTI3_IRQHandler                         0x0800011b   Thumb Code     0  startup_stm32f10x_md.o(.text)
    EXTI4_IRQHandler                         0x0800011b   Thumb Code     0  startup_stm32f10x_md.o(.text)
    EXTI9_5_IRQHandler                       0x0800011b   Thumb Code     0  startup_stm32f10x_md.o(.text)
    FLASH_IRQHandler                         0x0800011b   Thumb Code     0  startup_stm32f10x_md.o(.text)
    I2C1_ER_IRQHandler                       0x0800011b   Thumb Code     0  startup_stm32f10x_md.o(.text)
    I2C1_EV_IRQHandler                       0x0800011b   Thumb Code     0  startup_stm32f10x_md.o(.text)
    I2C2_ER_IRQHandler                       0x0800011b   Thumb Code     0  startup_stm32f10x_md.o(.text)
    I2C2_EV_IRQHandler                       0x0800011b   Thumb Code     0  startup_stm32f10x_md.o(.text)
    PVD_IRQHandler                           0x0800011b   Thumb Code     0  startup_stm32f10x_md.o(.text)
    RCC_IRQHandler                           0x0800011b   Thumb Code     0  startup_stm32f10x_md.o(.text)
    RTCAlarm_IRQHandler                      0x0800011b   Thumb Code     0  startup_stm32f10x_md.o(.text)
    SPI1_IRQHandler                          0x0800011b   Thumb Code     0  startup_stm32f10x_md.o(.text)
    SPI2_IRQHandler                          0x0800011b   Thumb Code     0  startup_stm32f10x_md.o(.text)
    TAMPER_IRQHandler                        0x0800011b   Thumb Code     0  startup_stm32f10x_md.o(.text)
    TIM1_BRK_IRQHandler                      0x0800011b   Thumb Code     0  startup_stm32f10x_md.o(.text)
    TIM1_CC_IRQHandler                       0x0800011b   Thumb Code     0  startup_stm32f10x_md.o(.text)
    TIM1_TRG_COM_IRQHandler                  0x0800011b   Thumb Code     0  startup_stm32f10x_md.o(.text)
    TIM1_UP_IRQHandler                       0x0800011b   Thumb Code     0  startup_stm32f10x_md.o(.text)
    TIM2_IRQHandler                          0x0800011b   Thumb Code     0  startup_stm32f10x_md.o(.text)
    TIM3_IRQHandler                          0x0800011b   Thumb Code     0  startup_stm32f10x_md.o(.text)
    TIM4_IRQHandler                          0x0800011b   Thumb Code     0  startup_stm32f10x_md.o(.text)
    USBWakeUp_IRQHandler                     0x0800011b   Thumb Code     0  startup_stm32f10x_md.o(.text)
    USB_HP_CAN1_TX_IRQHandler                0x0800011b   Thumb Code     0  startup_stm32f10x_md.o(.text)
    USB_LP_CAN1_RX0_IRQHandler               0x0800011b   Thumb Code     0  startup_stm32f10x_md.o(.text)
    WWDG_IRQHandler                          0x0800011b   Thumb Code     0  startup_stm32f10x_md.o(.text)
    rt_hw_interrupt_disable                  0x08000125   Thumb Code     8  context_rvds.o(.text)
    rt_hw_interrupt_enable                   0x0800012d   Thumb Code     6  context_rvds.o(.text)
    rt_hw_context_switch                     0x08000133   Thumb Code    32  context_rvds.o(.text)
    rt_hw_context_switch_interrupt           0x08000133   Thumb Code     0  context_rvds.o(.text)
    PendSV_Handler                           0x08000153   Thumb Code    60  context_rvds.o(.text)
    rt_hw_context_switch_to                  0x0800018f   Thumb Code    58  context_rvds.o(.text)
    rt_hw_interrupt_thread_switch            0x080001c9   Thumb Code     2  context_rvds.o(.text)
    HardFault_Handler                        0x080001cb   Thumb Code    48  context_rvds.o(.text)
    rand                                     0x08000215   Thumb Code    20  rand.o(.text)
    srand                                    0x08000229   Thumb Code     6  rand.o(.text)
    __aeabi_memcpy                           0x08000239   Thumb Code    36  memcpya.o(.text)
    __aeabi_memcpy4                          0x08000239   Thumb Code     0  memcpya.o(.text)
    __aeabi_memcpy8                          0x08000239   Thumb Code     0  memcpya.o(.text)
    __aeabi_memset                           0x0800025d   Thumb Code    14  memseta.o(.text)
    __aeabi_memset4                          0x0800025d   Thumb Code     0  memseta.o(.text)
    __aeabi_memset8                          0x0800025d   Thumb Code     0  memseta.o(.text)
    __aeabi_memclr                           0x0800026b   Thumb Code     4  memseta.o(.text)
    __aeabi_memclr4                          0x0800026b   Thumb Code     0  memseta.o(.text)
    __aeabi_memclr8                          0x0800026b   Thumb Code     0  memseta.o(.text)
    _memset$wrapper                          0x0800026f   Thumb Code    18  memseta.o(.text)
    strstr                                   0x08000281   Thumb Code    36  strstr.o(.text)
    strlen                                   0x080002a5   Thumb Code    14  strlen.o(.text)
    memcmp                                   0x080002b3   Thumb Code    26  memcmp.o(.text)
    strcpy                                   0x080002cd   Thumb Code    18  strcpy.o(.text)
    __aeabi_fmul                             0x080002df   Thumb Code   100  fmul.o(.text)
    __aeabi_fdiv                             0x08000343   Thumb Code   124  fdiv.o(.text)
    __aeabi_dadd                             0x080003bf   Thumb Code   322  dadd.o(.text)
    __aeabi_dsub                             0x08000501   Thumb Code     6  dadd.o(.text)
    __aeabi_drsub                            0x08000507   Thumb Code     6  dadd.o(.text)
    __aeabi_dmul                             0x0800050d   Thumb Code   228  dmul.o(.text)
    __aeabi_ddiv                             0x080005f1   Thumb Code   222  ddiv.o(.text)
    __aeabi_ui2f                             0x080006cf   Thumb Code    10  ffltui.o(.text)
    __aeabi_i2d                              0x080006d9   Thumb Code    34  dflti.o(.text)
    __aeabi_ui2d                             0x080006fb   Thumb Code    26  dfltui.o(.text)
    __aeabi_f2uiz                            0x08000715   Thumb Code    40  ffixui.o(.text)
    __aeabi_d2uiz                            0x0800073d   Thumb Code    50  dfixui.o(.text)
    __aeabi_f2d                              0x0800076f   Thumb Code    38  f2d.o(.text)
    __aeabi_uidiv                            0x08000795   Thumb Code     0  uidiv.o(.text)
    __aeabi_uidivmod                         0x08000795   Thumb Code    44  uidiv.o(.text)
    __aeabi_uldivmod                         0x080007c1   Thumb Code    98  uldiv.o(.text)
    __aeabi_llsl                             0x08000823   Thumb Code    30  llshl.o(.text)
    _ll_shift_l                              0x08000823   Thumb Code     0  llshl.o(.text)
    __aeabi_llsr                             0x08000841   Thumb Code    32  llushr.o(.text)
    _ll_ushift_r                             0x08000841   Thumb Code     0  llushr.o(.text)
    __aeabi_lasr                             0x08000861   Thumb Code    36  llsshr.o(.text)
    _ll_sshift_r                             0x08000861   Thumb Code     0  llsshr.o(.text)
    __I$use$fp                               0x08000885   Thumb Code     0  iusefp.o(.text)
    _float_round                             0x08000885   Thumb Code    18  fepilogue.o(.text)
    _float_epilogue                          0x08000897   Thumb Code    92  fepilogue.o(.text)
    _double_round                            0x080008f3   Thumb Code    30  depilogue.o(.text)
    _double_epilogue                         0x08000911   Thumb Code   156  depilogue.o(.text)
    __aeabi_d2ulz                            0x080009ad   Thumb Code    48  dfixul.o(.text)
    __aeabi_cdrcmple                         0x080009dd   Thumb Code    48  cdrcmple.o(.text)
    __scatterload                            0x08000a0d   Thumb Code    28  init.o(.text)
    __scatterload_rt2                        0x08000a0d   Thumb Code     0  init.o(.text)
    main                                     0x08000a31   Thumb Code    14  components.o(i.$Sub$$main)
    APP_Init                                 0x08000a41   Thumb Code    68  user_app.o(i.APP_Init)
    BKP_DeInit                               0x08000a9d   Thumb Code    16  stm32f10x_bkp.o(i.BKP_DeInit)
    BKP_RTCOutputConfig                      0x08000aad   Thumb Code    22  stm32f10x_bkp.o(i.BKP_RTCOutputConfig)
    BKP_ReadBackupRegister                   0x08000ac9   Thumb Code    24  stm32f10x_bkp.o(i.BKP_ReadBackupRegister)
    BKP_TamperPinCmd                         0x08000ae5   Thumb Code     6  stm32f10x_bkp.o(i.BKP_TamperPinCmd)
    BKP_WriteBackupRegister                  0x08000af1   Thumb Code    22  stm32f10x_bkp.o(i.BKP_WriteBackupRegister)
    BusFault_Handler                         0x08000b0d   Thumb Code     4  stm32f10x_it.o(i.BusFault_Handler)
    DebugMon_Handler                         0x08000b11   Thumb Code     2  stm32f10x_it.o(i.DebugMon_Handler)
    DecryptTEA                               0x08000b15   Thumb Code   102  drv_encrypt.o(i.DecryptTEA)
    EncryptTEA                               0x08000b81   Thumb Code    96  drv_encrypt.o(i.EncryptTEA)
    GPIO_Init                                0x08000be5   Thumb Code   274  stm32f10x_gpio.o(i.GPIO_Init)
    GPIO_ResetBits                           0x08000cf7   Thumb Code     4  stm32f10x_gpio.o(i.GPIO_ResetBits)
    GPIO_SetBits                             0x08000cfb   Thumb Code     4  stm32f10x_gpio.o(i.GPIO_SetBits)
    MemManage_Handler                        0x08000cff   Thumb Code     4  stm32f10x_it.o(i.MemManage_Handler)
    NMI_Handler                              0x08000d03   Thumb Code     2  stm32f10x_it.o(i.NMI_Handler)
    NVIC_Init                                0x08000d05   Thumb Code   102  misc.o(i.NVIC_Init)
    PWR_BackupAccessCmd                      0x08000d79   Thumb Code     6  stm32f10x_pwr.o(i.PWR_BackupAccessCmd)
    RCC_APB1PeriphClockCmd                   0x08000d85   Thumb Code    26  stm32f10x_rcc.o(i.RCC_APB1PeriphClockCmd)
    RCC_APB2PeriphClockCmd                   0x08000da5   Thumb Code    26  stm32f10x_rcc.o(i.RCC_APB2PeriphClockCmd)
    RCC_BackupResetCmd                       0x08000dc5   Thumb Code     6  stm32f10x_rcc.o(i.RCC_BackupResetCmd)
    RCC_GetClocksFreq                        0x08000dd1   Thumb Code   192  stm32f10x_rcc.o(i.RCC_GetClocksFreq)
    RCC_GetFlagStatus                        0x08000ea5   Thumb Code    56  stm32f10x_rcc.o(i.RCC_GetFlagStatus)
    RCC_LSEConfig                            0x08000ee1   Thumb Code    44  stm32f10x_rcc.o(i.RCC_LSEConfig)
    RCC_LSICmd                               0x08000f15   Thumb Code     6  stm32f10x_rcc.o(i.RCC_LSICmd)
    RCC_RTCCLKCmd                            0x08000f21   Thumb Code     6  stm32f10x_rcc.o(i.RCC_RTCCLKCmd)
    RCC_RTCCLKConfig                         0x08000f2d   Thumb Code    12  stm32f10x_rcc.o(i.RCC_RTCCLKConfig)
    RTC_ClearITPendingBit                    0x08000f3d   Thumb Code    12  stm32f10x_rtc.o(i.RTC_ClearITPendingBit)
    RTC_EnterConfigMode                      0x08000f4d   Thumb Code    14  stm32f10x_rtc.o(i.RTC_EnterConfigMode)
    RTC_ExitConfigMode                       0x08000f61   Thumb Code    16  stm32f10x_rtc.o(i.RTC_ExitConfigMode)
    RTC_GetITStatus                          0x08000f75   Thumb Code    32  stm32f10x_rtc.o(i.RTC_GetITStatus)
    RTC_IRQHandler                           0x08000f99   Thumb Code    18  stm32f10x_it.o(i.RTC_IRQHandler)
    RTC_SetCounter                           0x08000fad   Thumb Code    24  stm32f10x_rtc.o(i.RTC_SetCounter)
    RTC_WaitForLastTask                      0x08000fc9   Thumb Code    14  stm32f10x_rtc.o(i.RTC_WaitForLastTask)
    RTC_WaitForSynchro                       0x08000fdd   Thumb Code    28  stm32f10x_rtc.o(i.RTC_WaitForSynchro)
    SPI_Cmd                                  0x08000ffd   Thumb Code    24  stm32f10x_spi.o(i.SPI_Cmd)
    SPI_I2S_GetFlagStatus                    0x08001015   Thumb Code    18  stm32f10x_spi.o(i.SPI_I2S_GetFlagStatus)
    SPI_I2S_ReceiveData                      0x08001027   Thumb Code     6  stm32f10x_spi.o(i.SPI_I2S_ReceiveData)
    SPI_I2S_SendData                         0x0800102d   Thumb Code     4  stm32f10x_spi.o(i.SPI_I2S_SendData)
    SPI_Init                                 0x08001031   Thumb Code    60  stm32f10x_spi.o(i.SPI_Init)
    SVC_Handler                              0x0800106d   Thumb Code     2  stm32f10x_it.o(i.SVC_Handler)
    SysTick_Handler                          0x08001159   Thumb Code    52  board.o(i.SysTick_Handler)
    SystemCoreClockUpdate                    0x08001195   Thumb Code   142  system_stm32f10x.o(i.SystemCoreClockUpdate)
    SystemInit                               0x08001239   Thumb Code    16  system_stm32f10x.o(i.SystemInit)
    UART1_Init                               0x0800124d   Thumb Code   182  drv_uart.o(i.UART1_Init)
    UART2_Init                               0x08001315   Thumb Code   178  drv_uart.o(i.UART2_Init)
    UART3_Init                               0x080013d9   Thumb Code   182  drv_uart.o(i.UART3_Init)
    UART_Clear                               0x080014a1   Thumb Code    24  drv_uart.o(i.UART_Clear)
    UART_Init                                0x080014b9   Thumb Code    22  drv_uart.o(i.UART_Init)
    USART1_IRQHandler                        0x080014e1   Thumb Code   100  drv_uart.o(i.USART1_IRQHandler)
    USART2_IRQHandler                        0x0800154d   Thumb Code   110  drv_uart.o(i.USART2_IRQHandler)
    USART3_IRQHandler                        0x080015c5   Thumb Code   100  drv_uart.o(i.USART3_IRQHandler)
    USART_ClearFlag                          0x08001631   Thumb Code    18  stm32f10x_usart.o(i.USART_ClearFlag)
    USART_ClearITPendingBit                  0x08001643   Thumb Code    30  stm32f10x_usart.o(i.USART_ClearITPendingBit)
    USART_Cmd                                0x08001661   Thumb Code    24  stm32f10x_usart.o(i.USART_Cmd)
    USART_GetFlagStatus                      0x08001679   Thumb Code    26  stm32f10x_usart.o(i.USART_GetFlagStatus)
    USART_GetITStatus                        0x08001693   Thumb Code    84  stm32f10x_usart.o(i.USART_GetITStatus)
    USART_ITConfig                           0x080016e7   Thumb Code    74  stm32f10x_usart.o(i.USART_ITConfig)
    USART_Init                               0x08001731   Thumb Code   210  stm32f10x_usart.o(i.USART_Init)
    USART_ReceiveData                        0x08001809   Thumb Code    10  stm32f10x_usart.o(i.USART_ReceiveData)
    USART_SendData                           0x08001813   Thumb Code     8  stm32f10x_usart.o(i.USART_SendData)
    UsageFault_Handler                       0x0800181b   Thumb Code     4  stm32f10x_it.o(i.UsageFault_Handler)
    WWDG_Enable                              0x08001821   Thumb Code    10  stm32f10x_wwdg.o(i.WWDG_Enable)
    WWDG_SetPrescaler                        0x08001831   Thumb Code    18  stm32f10x_wwdg.o(i.WWDG_SetPrescaler)
    WWDG_SetWindowValue                      0x08001849   Thumb Code    34  stm32f10x_wwdg.o(i.WWDG_SetWindowValue)
    __0printf                                0x080018a1   Thumb Code    22  printfa.o(i.__0printf)
    __1printf                                0x080018a1   Thumb Code     0  printfa.o(i.__0printf)
    __2printf                                0x080018a1   Thumb Code     0  printfa.o(i.__0printf)
    __c89printf                              0x080018a1   Thumb Code     0  printfa.o(i.__0printf)
    printf                                   0x080018a1   Thumb Code     0  printfa.o(i.__0printf)
    __rt_ffs                                 0x080018c1   Thumb Code    70  kservice.o(i.__rt_ffs)
    __scatterload_copy                       0x0800190d   Thumb Code    14  handlers.o(i.__scatterload_copy)
    __scatterload_null                       0x0800191b   Thumb Code     2  handlers.o(i.__scatterload_null)
    __scatterload_zeroinit                   0x0800191d   Thumb Code    14  handlers.o(i.__scatterload_zeroinit)
    aes_decrypt_buff                         0x080022e9   Thumb Code   196  drv_encrypt.o(i.aes_decrypt_buff)
    aes_encrypt_buff                         0x080023ad   Thumb Code   250  drv_encrypt.o(i.aes_encrypt_buff)
    app_sx1278_init                          0x08002881   Thumb Code    18  app_sx1278.o(i.app_sx1278_init)
    app_sx1278_thread_entry                  0x080028f9   Thumb Code    38  app_sx1278.o(i.app_sx1278_thread_entry)
    app_uart_thread_entry                    0x08002929   Thumb Code   124  user_app.o(i.app_uart_thread_entry)
    bsp_sx1278_set_param                     0x080029ed   Thumb Code    34  app_sx1278.o(i.bsp_sx1278_set_param)
    delay_ms                                 0x08002a15   Thumb Code    26  drv_common.o(i.delay_ms)
    delay_os                                 0x08002a35   Thumb Code    24  drv_common.o(i.delay_os)
    drv_common_init                          0x08002a4d   Thumb Code    88  drv_common.o(i.drv_common_init)
    drv_crc16                                0x08002ae5   Thumb Code    48  drv_common.o(i.drv_crc16)
    drv_get_sec_counter                      0x08002b1d   Thumb Code     6  drv_common.o(i.drv_get_sec_counter)
    drv_rtc_init                             0x08002b29   Thumb Code   188  drv_common.o(i.drv_rtc_init)
    drv_set_rtc_counter                      0x08002c1d   Thumb Code    12  drv_common.o(i.drv_set_rtc_counter)
    drv_sx1278_cad_check                     0x08002c29   Thumb Code    66  drv_sx1278.o(i.drv_sx1278_cad_check)
    drv_sx1278_cad_init                      0x08002c6b   Thumb Code    62  drv_sx1278.o(i.drv_sx1278_cad_init)
    drv_sx1278_calcu_air_time                0x08002ca9   Thumb Code   268  drv_sx1278.o(i.drv_sx1278_calcu_air_time)
    drv_sx1278_get_rf_freq                   0x08002de1   Thumb Code    62  drv_sx1278.o(i.drv_sx1278_get_rf_freq)
    drv_sx1278_get_version                   0x08002e1f   Thumb Code    14  drv_sx1278.o(i.drv_sx1278_get_version)
    drv_sx1278_init                          0x08002e2d   Thumb Code    40  drv_sx1278.o(i.drv_sx1278_init)
    drv_sx1278_read_rssi                     0x08002e71   Thumb Code    88  drv_sx1278.o(i.drv_sx1278_read_rssi)
    drv_sx1278_recv_check                    0x08002ecd   Thumb Code   102  drv_sx1278.o(i.drv_sx1278_recv_check)
    drv_sx1278_recv_init                     0x08002f33   Thumb Code    82  drv_sx1278.o(i.drv_sx1278_recv_init)
    drv_sx1278_send                          0x08002f85   Thumb Code   120  drv_sx1278.o(i.drv_sx1278_send)
    drv_sx1278_send_check                    0x08002ffd   Thumb Code    38  drv_sx1278.o(i.drv_sx1278_send_check)
    drv_sx1278_set_bw                        0x08003023   Thumb Code    32  drv_sx1278.o(i.drv_sx1278_set_bw)
    drv_sx1278_set_default_param             0x08003045   Thumb Code   140  drv_sx1278.o(i.drv_sx1278_set_default_param)
    drv_sx1278_set_error_coding              0x080030d5   Thumb Code    36  drv_sx1278.o(i.drv_sx1278_set_error_coding)
    drv_sx1278_set_implicit_header_on        0x080030f9   Thumb Code    34  drv_sx1278.o(i.drv_sx1278_set_implicit_header_on)
    drv_sx1278_set_lowdatarateoptimize       0x0800311b   Thumb Code    34  drv_sx1278.o(i.drv_sx1278_set_lowdatarateoptimize)
    drv_sx1278_set_nb_trig_peaks             0x0800313d   Thumb Code    34  drv_sx1278.o(i.drv_sx1278_set_nb_trig_peaks)
    drv_sx1278_set_on                        0x0800315f   Thumb Code    68  drv_sx1278.o(i.drv_sx1278_set_on)
    drv_sx1278_set_op_mode                   0x080031a3   Thumb Code    34  drv_sx1278.o(i.drv_sx1278_set_op_mode)
    drv_sx1278_set_pa20dBm                   0x080031c5   Thumb Code    60  drv_sx1278.o(i.drv_sx1278_set_pa20dBm)
    drv_sx1278_set_pa_output                 0x08003201   Thumb Code    34  drv_sx1278.o(i.drv_sx1278_set_pa_output)
    drv_sx1278_set_packet_crc_on             0x08003223   Thumb Code    34  drv_sx1278.o(i.drv_sx1278_set_packet_crc_on)
    drv_sx1278_set_payload_length            0x08003245   Thumb Code    18  drv_sx1278.o(i.drv_sx1278_set_payload_length)
    drv_sx1278_set_rf_freq                   0x08003259   Thumb Code    70  drv_sx1278.o(i.drv_sx1278_set_rf_freq)
    drv_sx1278_set_rf_power                  0x080032a5   Thumb Code   144  drv_sx1278.o(i.drv_sx1278_set_rf_power)
    drv_sx1278_set_sf                        0x0800333d   Thumb Code    88  drv_sx1278.o(i.drv_sx1278_set_sf)
    drv_sx1278_set_symb_timeout              0x08003395   Thumb Code    52  drv_sx1278.o(i.drv_sx1278_set_symb_timeout)
    drv_system_reset                         0x080033c9   Thumb Code    44  drv_common.o(i.drv_system_reset)
    drv_wdog_feed                            0x08003409   Thumb Code     2  drv_common.o(i.drv_wdog_feed)
    drv_wdog_init                            0x0800340b   Thumb Code     2  drv_common.o(i.drv_wdog_init)
    fputc                                    0x0800340d   Thumb Code    32  drv_uart.o(i.fputc)
    hal_sx1278_read_addr                     0x08003431   Thumb Code    28  hal_sx1278.o(i.hal_sx1278_read_addr)
    hal_sx1278_read_buffer                   0x0800344d   Thumb Code    58  hal_sx1278.o(i.hal_sx1278_read_buffer)
    hal_sx1278_read_fifo                     0x08003487   Thumb Code    22  hal_sx1278.o(i.hal_sx1278_read_fifo)
    hal_sx1278_rst                           0x0800349d   Thumb Code    10  hal_sx1278.o(i.hal_sx1278_rst)
    hal_sx1278_spi_rw_byte                   0x080034a7   Thumb Code    18  hal_sx1278.o(i.hal_sx1278_spi_rw_byte)
    hal_sx1278_write_addr                    0x080034b9   Thumb Code    20  hal_sx1278.o(i.hal_sx1278_write_addr)
    hal_sx1278_write_buffer                  0x080034cd   Thumb Code    56  hal_sx1278.o(i.hal_sx1278_write_buffer)
    hal_sx1278_write_fifo                    0x08003505   Thumb Code    22  hal_sx1278.o(i.hal_sx1278_write_fifo)
    $Super$$main                             0x0800351d   Thumb Code    56  main.o(i.main)
    main_thread_entry                        0x080035c5   Thumb Code    14  components.o(i.main_thread_entry)
    mbedtls_aes_crypt_cbc                    0x080035d3   Thumb Code   162  aes.o(i.mbedtls_aes_crypt_cbc)
    mbedtls_aes_crypt_ecb                    0x08003675   Thumb Code    38  aes.o(i.mbedtls_aes_crypt_ecb)
    mbedtls_aes_free                         0x0800369b   Thumb Code    22  aes.o(i.mbedtls_aes_free)
    mbedtls_aes_init                         0x080036b1   Thumb Code    16  aes.o(i.mbedtls_aes_init)
    mbedtls_aes_setkey_dec                   0x080036c1   Thumb Code   204  aes.o(i.mbedtls_aes_setkey_dec)
    mbedtls_aes_setkey_enc                   0x080037a1   Thumb Code   520  aes.o(i.mbedtls_aes_setkey_enc)
    mbedtls_internal_aes_decrypt             0x080039b5   Thumb Code  1262  aes.o(i.mbedtls_internal_aes_decrypt)
    mbedtls_internal_aes_encrypt             0x08003eb9   Thumb Code  1262  aes.o(i.mbedtls_internal_aes_encrypt)
    nwk_aes_decrypt                          0x080043d3   Thumb Code    36  nwk_bsp.o(i.nwk_aes_decrypt)
    nwk_aes_encrypt                          0x080043f7   Thumb Code    36  nwk_bsp.o(i.nwk_aes_encrypt)
    nwk_crc16                                0x0800441b   Thumb Code    16  nwk_bsp.o(i.nwk_crc16)
    nwk_delay_ms                             0x0800442b   Thumb Code    12  nwk_bsp.o(i.nwk_delay_ms)
    nwk_find_head                            0x08004437   Thumb Code    72  nwk_bsp.o(i.nwk_find_head)
    nwk_get_channel                          0x08004481   Thumb Code    30  nwk_bsp.o(i.nwk_get_channel)
    nwk_get_rand                             0x080044a5   Thumb Code    38  nwk_bsp.o(i.nwk_get_rand)
    nwk_get_rtc_counter                      0x080044d1   Thumb Code     8  nwk_bsp.o(i.nwk_get_rtc_counter)
    nwk_node_add_gw                          0x080044d9   Thumb Code    56  nwk_node.o(i.nwk_node_add_gw)
    nwk_node_cad_check                       0x08004515   Thumb Code    22  nwk_node.o(i.nwk_node_cad_check)
    nwk_node_cad_init                        0x08004531   Thumb Code    22  nwk_node.o(i.nwk_node_cad_init)
    nwk_node_calcu_air_time                  0x0800454d   Thumb Code    30  nwk_node.o(i.nwk_node_calcu_air_time)
    nwk_node_main                            0x0800456d   Thumb Code   130  nwk_node.o(i.nwk_node_main)
    nwk_node_make_send_buff                  0x080045f5   Thumb Code   398  nwk_node.o(i.nwk_node_make_send_buff)
    nwk_node_recv_check                      0x08004789   Thumb Code    48  nwk_node.o(i.nwk_node_recv_check)
    nwk_node_recv_from_check                 0x080047bd   Thumb Code    20  nwk_node.o(i.nwk_node_recv_from_check)
    nwk_node_recv_init                       0x080047d5   Thumb Code    22  nwk_node.o(i.nwk_node_recv_init)
    nwk_node_recv_parse                      0x080047f1   Thumb Code   762  nwk_node.o(i.nwk_node_recv_parse)
    nwk_node_rx_process                      0x08004c41   Thumb Code   460  nwk_node.o(i.nwk_node_rx_process)
    nwk_node_search_gw                       0x08004e65   Thumb Code    38  nwk_node.o(i.nwk_node_search_gw)
    nwk_node_search_process                  0x08004e91   Thumb Code   414  nwk_node.o(i.nwk_node_search_process)
    nwk_node_select_gw                       0x080050c1   Thumb Code    32  nwk_node.o(i.nwk_node_select_gw)
    nwk_node_send2gateway                    0x080050e5   Thumb Code    54  nwk_node.o(i.nwk_node_send2gateway)
    nwk_node_send_buff                       0x08005131   Thumb Code    30  nwk_node.o(i.nwk_node_send_buff)
    nwk_node_send_check                      0x08005155   Thumb Code    22  nwk_node.o(i.nwk_node_send_check)
    nwk_node_send_sniff                      0x08005171   Thumb Code   126  nwk_node.o(i.nwk_node_send_sniff)
    nwk_node_set_lora_dev                    0x08005205   Thumb Code     6  nwk_node.o(i.nwk_node_set_lora_dev)
    nwk_node_set_lora_param                  0x08005211   Thumb Code    50  nwk_node.o(i.nwk_node_set_lora_param)
    nwk_node_set_sn                          0x08005249   Thumb Code     6  nwk_node.o(i.nwk_node_set_sn)
    nwk_node_set_wake_period                 0x08005255   Thumb Code     8  nwk_node.o(i.nwk_node_set_wake_period)
    nwk_node_sleep_init                      0x08005261   Thumb Code    24  nwk_node.o(i.nwk_node_sleep_init)
    nwk_node_tx_d2d_process                  0x0800527d   Thumb Code    12  nwk_node.o(i.nwk_node_tx_d2d_process)
    nwk_node_tx_gw_process                   0x0800528d   Thumb Code  1512  nwk_node.o(i.nwk_node_tx_gw_process)
    nwk_node_work_check                      0x08005905   Thumb Code   582  nwk_node.o(i.nwk_node_work_check)
    nwk_set_rtc_counter                      0x08005ba1   Thumb Code    12  nwk_bsp.o(i.nwk_set_rtc_counter)
    nwk_tea_decrypt                          0x08005bad   Thumb Code    20  nwk_bsp.o(i.nwk_tea_decrypt)
    nwk_tea_encrypt                          0x08005bc1   Thumb Code    20  nwk_bsp.o(i.nwk_tea_encrypt)
    printf_hex                               0x08005c4d   Thumb Code    48  drv_common.o(i.printf_hex)
    rt_application_init                      0x08005c8d   Thumb Code    34  components.o(i.rt_application_init)
    rt_components_board_init                 0x08005cbd   Thumb Code    20  components.o(i.rt_components_board_init)
    rt_components_init                       0x08005cd9   Thumb Code    20  components.o(i.rt_components_init)
    rt_enter_critical                        0x08005cf5   Thumb Code    28  scheduler.o(i.rt_enter_critical)
    rt_exit_critical                         0x08005d15   Thumb Code    54  scheduler.o(i.rt_exit_critical)
    rt_free                                  0x08005d51   Thumb Code    98  mem.o(i.rt_free)
    rt_heap_begin_get                        0x08005dc9   Thumb Code     4  board.o(i.rt_heap_begin_get)
    rt_heap_end_get                          0x08005dd1   Thumb Code     4  board.o(i.rt_heap_end_get)
    rt_hw_board_init                         0x08005dd9   Thumb Code    54  board.o(i.rt_hw_board_init)
    rt_hw_hard_fault_exception               0x08005e15   Thumb Code    32  cpuport.o(i.rt_hw_hard_fault_exception)
    rt_hw_stack_init                         0x08005e39   Thumb Code    70  cpuport.o(i.rt_hw_stack_init)
    rt_interrupt_enter                       0x08005e85   Thumb Code    26  irq.o(i.rt_interrupt_enter)
    rt_interrupt_leave                       0x08005ea5   Thumb Code    26  irq.o(i.rt_interrupt_leave)
    rt_malloc                                0x08005fe5   Thumb Code   336  mem.o(i.rt_malloc)
    rt_memset                                0x08006151   Thumb Code    72  kservice.o(i.rt_memset)
    rt_object_allocate                       0x08006199   Thumb Code    74  object.o(i.rt_object_allocate)
    rt_object_delete                         0x080061e3   Thumb Code    32  object.o(i.rt_object_delete)
    rt_object_detach                         0x08006203   Thumb Code    26  object.o(i.rt_object_detach)
    rt_object_get_information                0x0800621d   Thumb Code    36  object.o(i.rt_object_get_information)
    rt_object_init                           0x08006245   Thumb Code    60  object.o(i.rt_object_init)
    rt_object_is_systemobject                0x08006281   Thumb Code    18  object.o(i.rt_object_is_systemobject)
    rt_schedule                              0x08006295   Thumb Code   118  scheduler.o(i.rt_schedule)
    rt_schedule_insert_thread                0x08006325   Thumb Code    72  scheduler.o(i.rt_schedule_insert_thread)
    rt_schedule_remove_thread                0x08006375   Thumb Code    76  scheduler.o(i.rt_schedule_remove_thread)
    rt_sem_init                              0x080063c9   Thumb Code    38  ipc.o(i.rt_sem_init)
    rt_sem_release                           0x080063ef   Thumb Code    58  ipc.o(i.rt_sem_release)
    rt_sem_take                              0x08006429   Thumb Code   116  ipc.o(i.rt_sem_take)
    rt_show_version                          0x0800649d   Thumb Code     2  kservice.o(i.rt_show_version)
    rt_strncpy                               0x0800649f   Thumb Code    52  kservice.o(i.rt_strncpy)
    rt_system_heap_init                      0x080064d5   Thumb Code   146  mem.o(i.rt_system_heap_init)
    rt_system_scheduler_init                 0x08006585   Thumb Code    52  scheduler.o(i.rt_system_scheduler_init)
    rt_system_scheduler_start                0x080065d1   Thumb Code    36  scheduler.o(i.rt_system_scheduler_start)
    rt_system_timer_init                     0x08006601   Thumb Code    24  timer.o(i.rt_system_timer_init)
    rt_system_timer_thread_init              0x0800661d   Thumb Code     2  timer.o(i.rt_system_timer_thread_init)
    rt_thread_create                         0x0800661f   Thumb Code    80  thread.o(i.rt_thread_create)
    rt_thread_delay                          0x0800666f   Thumb Code    12  thread.o(i.rt_thread_delay)
    rt_thread_exit                           0x0800667d   Thumb Code    76  thread.o(i.rt_thread_exit)
    rt_thread_idle_excute                    0x080066d9   Thumb Code   128  idle.o(i.rt_thread_idle_excute)
    rt_thread_idle_init                      0x0800675d   Thumb Code    38  idle.o(i.rt_thread_idle_init)
    rt_thread_init                           0x08006799   Thumb Code    52  thread.o(i.rt_thread_init)
    rt_thread_resume                         0x080067cd   Thumb Code    60  thread.o(i.rt_thread_resume)
    rt_thread_self                           0x08006809   Thumb Code     6  thread.o(i.rt_thread_self)
    rt_thread_sleep                          0x08006815   Thumb Code    62  thread.o(i.rt_thread_sleep)
    rt_thread_startup                        0x08006859   Thumb Code    44  thread.o(i.rt_thread_startup)
    rt_thread_suspend                        0x08006885   Thumb Code    68  thread.o(i.rt_thread_suspend)
    rt_thread_timeout                        0x080068c9   Thumb Code    32  thread.o(i.rt_thread_timeout)
    rt_thread_yield                          0x080068e9   Thumb Code    92  thread.o(i.rt_thread_yield)
    rt_tick_get                              0x0800694d   Thumb Code     6  clock.o(i.rt_tick_get)
    rt_tick_increase                         0x08006959   Thumb Code    42  clock.o(i.rt_tick_increase)
    rt_timer_check                           0x08006989   Thumb Code   118  timer.o(i.rt_timer_check)
    rt_timer_control                         0x08006a05   Thumb Code    56  timer.o(i.rt_timer_control)
    rt_timer_detach                          0x08006a3d   Thumb Code    32  timer.o(i.rt_timer_detach)
    rt_timer_init                            0x08006a5d   Thumb Code    46  timer.o(i.rt_timer_init)
    rt_timer_start                           0x08006a8d   Thumb Code   238  timer.o(i.rt_timer_start)
    rt_timer_stop                            0x08006b85   Thumb Code    48  timer.o(i.rt_timer_stop)
    rtthread_startup                         0x08006bc5   Thumb Code    42  components.o(i.rtthread_startup)
    tea_decrypt_buff                         0x08006bf1   Thumb Code    78  drv_encrypt.o(i.tea_decrypt_buff)
    tea_encrypt_buff                         0x08006c59   Thumb Code    78  drv_encrypt.o(i.tea_encrypt_buff)
    __lowest_bit_bitmap                      0x08006ec0   Data         256  kservice.o(.constdata)
    __rt_init_rti_start                      0x08007008   Data           4  components.o(.rti_fn.0)
    __rt_init_rti_board_start                0x0800700c   Data           4  components.o(.rti_fn.0.end)
    __rt_init_rti_board_end                  0x08007010   Data           4  components.o(.rti_fn.1.end)
    __rt_init_rti_end                        0x08007014   Data           4  components.o(.rti_fn.6.end)
    Region$$Table$$Base                      0x08007018   Number         0  anon$$obj.o(Region$$Table)
    Region$$Table$$Limit                     0x08007038   Number         0  anon$$obj.o(Region$$Table)
    SystemCoreClock                          0x20000000   Data           4  system_stm32f10x.o(.data)
    AHBPrescTable                            0x20000004   Data          16  system_stm32f10x.o(.data)
    g_u32SecCounter                          0x20000018   Data           4  drv_common.o(.data)
    tickets_us                               0x2000001c   Data           4  drv_common.o(.data)
    tickets_ms                               0x20000020   Data           4  drv_common.o(.data)
    bWatchDog                                0x20000024   Data           1  drv_common.o(.data)
    rt_interrupt_from_thread                 0x2000002c   Data           4  cpuport.o(.data)
    rt_interrupt_to_thread                   0x20000030   Data           4  cpuport.o(.data)
    rt_thread_switch_interrupt_flag          0x20000034   Data           4  cpuport.o(.data)
    rt_interrupt_nest                        0x20000040   Data           1  irq.o(.data)
    rt_current_thread                        0x200000c0   Data           4  scheduler.o(.data)
    rt_current_priority                      0x200000c4   Data           1  scheduler.o(.data)
    rt_thread_ready_priority_group           0x200000c8   Data           4  scheduler.o(.data)
    rt_thread_defunct                        0x200000cc   Data           8  scheduler.o(.data)
    __stdout                                 0x20000114   Data           4  stdout.o(.data)
    g_sDrvSx1278                             0x20000118   Data          16  app_sx1278.o(.bss)
    g_sUART1                                 0x20000128   Data          20  drv_uart.o(.bss)
    g_sUART2                                 0x2000013c   Data          20  drv_uart.o(.bss)
    g_sUART3                                 0x20000150   Data          20  drv_uart.o(.bss)
    g_u8UART1_Buff                           0x20000164   Data         256  drv_uart.o(.bss)
    g_u8UART2_Buff                           0x20000264   Data         256  drv_uart.o(.bss)
    g_u8UART3_Buff                           0x20000364   Data         256  drv_uart.o(.bss)
    rt_thread_priority_table                 0x20001714   Data         256  scheduler.o(.bss)
    g_sNwkNodeWork                           0x2000423c   Data         756  nwk_node.o(.bss)
    __initial_sp                             0x20004730   Data           0  startup_stm32f10x_md.o(STACK)



==============================================================================

Memory Map of the image

  Image Entry point : 0x080000ed

  Load Region LR_IROM1 (Base: 0x08000000, Size: 0x00007150, Max: 0x00009000, ABSOLUTE)

    Execution Region ER_IROM1 (Base: 0x08000000, Size: 0x00007038, Max: 0x00009000, ABSOLUTE)

    Base Addr    Size         Type   Attr      Idx    E Section Name        Object

    0x08000000   0x000000ec   Data   RO           19    RESET               startup_stm32f10x_md.o
    0x080000ec   0x00000000   Code   RO         4238  * .ARM.Collect$$$$00000000  mc_w.l(entry.o)
    0x080000ec   0x00000004   Code   RO         4571    .ARM.Collect$$$$00000001  mc_w.l(entry2.o)
    0x080000f0   0x00000004   Code   RO         4574    .ARM.Collect$$$$00000004  mc_w.l(entry5.o)
    0x080000f4   0x00000000   Code   RO         4576    .ARM.Collect$$$$00000008  mc_w.l(entry7b.o)
    0x080000f4   0x00000000   Code   RO         4578    .ARM.Collect$$$$0000000A  mc_w.l(entry8b.o)
    0x080000f4   0x00000008   Code   RO         4579    .ARM.Collect$$$$0000000B  mc_w.l(entry9a.o)
    0x080000fc   0x00000000   Code   RO         4581    .ARM.Collect$$$$0000000D  mc_w.l(entry10a.o)
    0x080000fc   0x00000000   Code   RO         4583    .ARM.Collect$$$$0000000F  mc_w.l(entry11a.o)
    0x080000fc   0x00000004   Code   RO         4572    .ARM.Collect$$$$00002712  mc_w.l(entry2.o)
    0x08000100   0x00000024   Code   RO           20    .text               startup_stm32f10x_md.o
    0x08000124   0x000000f0   Code   RO         1901    .text               context_rvds.o
    0x08000214   0x00000024   Code   RO         4241    .text               mc_w.l(rand.o)
    0x08000238   0x00000024   Code   RO         4244    .text               mc_w.l(memcpya.o)
    0x0800025c   0x00000024   Code   RO         4246    .text               mc_w.l(memseta.o)
    0x08000280   0x00000024   Code   RO         4248    .text               mc_w.l(strstr.o)
    0x080002a4   0x0000000e   Code   RO         4250    .text               mc_w.l(strlen.o)
    0x080002b2   0x0000001a   Code   RO         4252    .text               mc_w.l(memcmp.o)
    0x080002cc   0x00000012   Code   RO         4254    .text               mc_w.l(strcpy.o)
    0x080002de   0x00000064   Code   RO         4549    .text               mf_w.l(fmul.o)
    0x08000342   0x0000007c   Code   RO         4551    .text               mf_w.l(fdiv.o)
    0x080003be   0x0000014e   Code   RO         4553    .text               mf_w.l(dadd.o)
    0x0800050c   0x000000e4   Code   RO         4555    .text               mf_w.l(dmul.o)
    0x080005f0   0x000000de   Code   RO         4557    .text               mf_w.l(ddiv.o)
    0x080006ce   0x0000000a   Code   RO         4559    .text               mf_w.l(ffltui.o)
    0x080006d8   0x00000022   Code   RO         4561    .text               mf_w.l(dflti.o)
    0x080006fa   0x0000001a   Code   RO         4563    .text               mf_w.l(dfltui.o)
    0x08000714   0x00000028   Code   RO         4565    .text               mf_w.l(ffixui.o)
    0x0800073c   0x00000032   Code   RO         4567    .text               mf_w.l(dfixui.o)
    0x0800076e   0x00000026   Code   RO         4569    .text               mf_w.l(f2d.o)
    0x08000794   0x0000002c   Code   RO         4586    .text               mc_w.l(uidiv.o)
    0x080007c0   0x00000062   Code   RO         4588    .text               mc_w.l(uldiv.o)
    0x08000822   0x0000001e   Code   RO         4590    .text               mc_w.l(llshl.o)
    0x08000840   0x00000020   Code   RO         4592    .text               mc_w.l(llushr.o)
    0x08000860   0x00000024   Code   RO         4594    .text               mc_w.l(llsshr.o)
    0x08000884   0x00000000   Code   RO         4598    .text               mc_w.l(iusefp.o)
    0x08000884   0x0000006e   Code   RO         4599    .text               mf_w.l(fepilogue.o)
    0x080008f2   0x000000ba   Code   RO         4601    .text               mf_w.l(depilogue.o)
    0x080009ac   0x00000030   Code   RO         4603    .text               mf_w.l(dfixul.o)
    0x080009dc   0x00000030   Code   RO         4605    .text               mf_w.l(cdrcmple.o)
    0x08000a0c   0x00000024   Code   RO         4607    .text               mc_w.l(init.o)
    0x08000a30   0x0000000e   Code   RO          937    i.$Sub$$main        components.o
    0x08000a3e   0x00000002   PAD
    0x08000a40   0x0000005c   Code   RO          307    i.APP_Init          user_app.o
    0x08000a9c   0x00000010   Code   RO         3146    i.BKP_DeInit        f103c8t6.lib(stm32f10x_bkp.o)
    0x08000aac   0x0000001c   Code   RO         3150    i.BKP_RTCOutputConfig  f103c8t6.lib(stm32f10x_bkp.o)
    0x08000ac8   0x0000001c   Code   RO         3151    i.BKP_ReadBackupRegister  f103c8t6.lib(stm32f10x_bkp.o)
    0x08000ae4   0x0000000c   Code   RO         3153    i.BKP_TamperPinCmd  f103c8t6.lib(stm32f10x_bkp.o)
    0x08000af0   0x0000001c   Code   RO         3155    i.BKP_WriteBackupRegister  f103c8t6.lib(stm32f10x_bkp.o)
    0x08000b0c   0x00000004   Code   RO           24    i.BusFault_Handler  stm32f10x_it.o
    0x08000b10   0x00000002   Code   RO           25    i.DebugMon_Handler  stm32f10x_it.o
    0x08000b12   0x00000002   PAD
    0x08000b14   0x0000006c   Code   RO          802    i.DecryptTEA        drv_encrypt.o
    0x08000b80   0x00000064   Code   RO          803    i.EncryptTEA        drv_encrypt.o
    0x08000be4   0x00000112   Code   RO         3402    i.GPIO_Init         f103c8t6.lib(stm32f10x_gpio.o)
    0x08000cf6   0x00000004   Code   RO         3409    i.GPIO_ResetBits    f103c8t6.lib(stm32f10x_gpio.o)
    0x08000cfa   0x00000004   Code   RO         3410    i.GPIO_SetBits      f103c8t6.lib(stm32f10x_gpio.o)
    0x08000cfe   0x00000004   Code   RO           26    i.MemManage_Handler  stm32f10x_it.o
    0x08000d02   0x00000002   Code   RO           27    i.NMI_Handler       stm32f10x_it.o
    0x08000d04   0x00000074   Code   RO         3022    i.NVIC_Init         f103c8t6.lib(misc.o)
    0x08000d78   0x0000000c   Code   RO         3510    i.PWR_BackupAccessCmd  f103c8t6.lib(stm32f10x_pwr.o)
    0x08000d84   0x00000020   Code   RO         3572    i.RCC_APB1PeriphClockCmd  f103c8t6.lib(stm32f10x_rcc.o)
    0x08000da4   0x00000020   Code   RO         3574    i.RCC_APB2PeriphClockCmd  f103c8t6.lib(stm32f10x_rcc.o)
    0x08000dc4   0x0000000c   Code   RO         3577    i.RCC_BackupResetCmd  f103c8t6.lib(stm32f10x_rcc.o)
    0x08000dd0   0x000000d4   Code   RO         3582    i.RCC_GetClocksFreq  f103c8t6.lib(stm32f10x_rcc.o)
    0x08000ea4   0x0000003c   Code   RO         3583    i.RCC_GetFlagStatus  f103c8t6.lib(stm32f10x_rcc.o)
    0x08000ee0   0x00000034   Code   RO         3590    i.RCC_LSEConfig     f103c8t6.lib(stm32f10x_rcc.o)
    0x08000f14   0x0000000c   Code   RO         3591    i.RCC_LSICmd        f103c8t6.lib(stm32f10x_rcc.o)
    0x08000f20   0x0000000c   Code   RO         3597    i.RCC_RTCCLKCmd     f103c8t6.lib(stm32f10x_rcc.o)
    0x08000f2c   0x00000010   Code   RO         3598    i.RCC_RTCCLKConfig  f103c8t6.lib(stm32f10x_rcc.o)
    0x08000f3c   0x00000010   Code   RO         3771    i.RTC_ClearITPendingBit  f103c8t6.lib(stm32f10x_rtc.o)
    0x08000f4c   0x00000014   Code   RO         3772    i.RTC_EnterConfigMode  f103c8t6.lib(stm32f10x_rtc.o)
    0x08000f60   0x00000014   Code   RO         3773    i.RTC_ExitConfigMode  f103c8t6.lib(stm32f10x_rtc.o)
    0x08000f74   0x00000024   Code   RO         3777    i.RTC_GetITStatus   f103c8t6.lib(stm32f10x_rtc.o)
    0x08000f98   0x00000012   Code   RO           28    i.RTC_IRQHandler    stm32f10x_it.o
    0x08000faa   0x00000002   PAD
    0x08000fac   0x0000001c   Code   RO         3780    i.RTC_SetCounter    f103c8t6.lib(stm32f10x_rtc.o)
    0x08000fc8   0x00000014   Code   RO         3782    i.RTC_WaitForLastTask  f103c8t6.lib(stm32f10x_rtc.o)
    0x08000fdc   0x00000020   Code   RO         3783    i.RTC_WaitForSynchro  f103c8t6.lib(stm32f10x_rtc.o)
    0x08000ffc   0x00000018   Code   RO         3865    i.SPI_Cmd           f103c8t6.lib(stm32f10x_spi.o)
    0x08001014   0x00000012   Code   RO         3873    i.SPI_I2S_GetFlagStatus  f103c8t6.lib(stm32f10x_spi.o)
    0x08001026   0x00000006   Code   RO         3876    i.SPI_I2S_ReceiveData  f103c8t6.lib(stm32f10x_spi.o)
    0x0800102c   0x00000004   Code   RO         3877    i.SPI_I2S_SendData  f103c8t6.lib(stm32f10x_spi.o)
    0x08001030   0x0000003c   Code   RO         3878    i.SPI_Init          f103c8t6.lib(stm32f10x_spi.o)
    0x0800106c   0x00000002   Code   RO           29    i.SVC_Handler       stm32f10x_it.o
    0x0800106e   0x00000008   Code   RO          165    i.SetSysClock       system_stm32f10x.o
    0x08001076   0x00000002   PAD
    0x08001078   0x000000e0   Code   RO          166    i.SetSysClockTo72   system_stm32f10x.o
    0x08001158   0x0000003c   Code   RO          672    i.SysTick_Handler   board.o
    0x08001194   0x000000a4   Code   RO          167    i.SystemCoreClockUpdate  system_stm32f10x.o
    0x08001238   0x00000014   Code   RO          168    i.SystemInit        system_stm32f10x.o
    0x0800124c   0x000000c8   Code   RO          582    i.UART1_Init        drv_uart.o
    0x08001314   0x000000c4   Code   RO          584    i.UART2_Init        drv_uart.o
    0x080013d8   0x000000c8   Code   RO          586    i.UART3_Init        drv_uart.o
    0x080014a0   0x00000018   Code   RO          588    i.UART_Clear        drv_uart.o
    0x080014b8   0x00000028   Code   RO          589    i.UART_Init         drv_uart.o
    0x080014e0   0x0000006c   Code   RO          591    i.USART1_IRQHandler  drv_uart.o
    0x0800154c   0x00000078   Code   RO          592    i.USART2_IRQHandler  drv_uart.o
    0x080015c4   0x0000006c   Code   RO          593    i.USART3_IRQHandler  drv_uart.o
    0x08001630   0x00000012   Code   RO         4004    i.USART_ClearFlag   f103c8t6.lib(stm32f10x_usart.o)
    0x08001642   0x0000001e   Code   RO         4005    i.USART_ClearITPendingBit  f103c8t6.lib(stm32f10x_usart.o)
    0x08001660   0x00000018   Code   RO         4008    i.USART_Cmd         f103c8t6.lib(stm32f10x_usart.o)
    0x08001678   0x0000001a   Code   RO         4011    i.USART_GetFlagStatus  f103c8t6.lib(stm32f10x_usart.o)
    0x08001692   0x00000054   Code   RO         4012    i.USART_GetITStatus  f103c8t6.lib(stm32f10x_usart.o)
    0x080016e6   0x0000004a   Code   RO         4014    i.USART_ITConfig    f103c8t6.lib(stm32f10x_usart.o)
    0x08001730   0x000000d8   Code   RO         4015    i.USART_Init        f103c8t6.lib(stm32f10x_usart.o)
    0x08001808   0x0000000a   Code   RO         4022    i.USART_ReceiveData  f103c8t6.lib(stm32f10x_usart.o)
    0x08001812   0x00000008   Code   RO         4025    i.USART_SendData    f103c8t6.lib(stm32f10x_usart.o)
    0x0800181a   0x00000004   Code   RO           31    i.UsageFault_Handler  stm32f10x_it.o
    0x0800181e   0x00000002   PAD
    0x08001820   0x00000010   Code   RO         4186    i.WWDG_Enable       f103c8t6.lib(stm32f10x_wwdg.o)
    0x08001830   0x00000018   Code   RO         4190    i.WWDG_SetPrescaler  f103c8t6.lib(stm32f10x_wwdg.o)
    0x08001848   0x00000028   Code   RO         4191    i.WWDG_SetWindowValue  f103c8t6.lib(stm32f10x_wwdg.o)
    0x08001870   0x00000030   Code   RO          673    i._SysTick_Config   board.o
    0x080018a0   0x00000020   Code   RO         4493    i.__0printf         mc_w.l(printfa.o)
    0x080018c0   0x0000004c   Code   RO         1308    i.__rt_ffs          kservice.o
    0x0800190c   0x0000000e   Code   RO         4611    i.__scatterload_copy  mc_w.l(handlers.o)
    0x0800191a   0x00000002   Code   RO         4612    i.__scatterload_null  mc_w.l(handlers.o)
    0x0800191c   0x0000000e   Code   RO         4613    i.__scatterload_zeroinit  mc_w.l(handlers.o)
    0x0800192a   0x00000002   PAD
    0x0800192c   0x00000184   Code   RO         4500    i._fp_digits        mc_w.l(printfa.o)
    0x08001ab0   0x00000014   Code   RO         1011    i._has_defunct_thread  idle.o
    0x08001ac4   0x000006dc   Code   RO         4501    i._printf_core      mc_w.l(printfa.o)
    0x080021a0   0x00000024   Code   RO         4502    i._printf_post_padding  mc_w.l(printfa.o)
    0x080021c4   0x0000002e   Code   RO         4503    i._printf_pre_padding  mc_w.l(printfa.o)
    0x080021f2   0x00000002   PAD
    0x080021f4   0x00000084   Code   RO         1679    i._rt_thread_init   thread.o
    0x08002278   0x00000042   Code   RO         1794    i._rt_timer_init    timer.o
    0x080022ba   0x0000002e   Code   RO         1795    i._rt_timer_remove  timer.o
    0x080022e8   0x000000c4   Code   RO          804    i.aes_decrypt_buff  drv_encrypt.o
    0x080023ac   0x00000100   Code   RO          805    i.aes_encrypt_buff  drv_encrypt.o
    0x080024ac   0x00000274   Code   RO         2632    i.aes_gen_tables    aes.o
    0x08002720   0x00000010   Code   RO          356    i.app_sx1278_cs0    app_sx1278.o
    0x08002730   0x00000010   Code   RO          357    i.app_sx1278_cs1    app_sx1278.o
    0x08002740   0x00000140   Code   RO          358    i.app_sx1278_hal_init  app_sx1278.o
    0x08002880   0x00000018   Code   RO          359    i.app_sx1278_init   app_sx1278.o
    0x08002898   0x00000028   Code   RO          360    i.app_sx1278_reset  app_sx1278.o
    0x080028c0   0x00000038   Code   RO          361    i.app_sx1278_spi_rw_byte  app_sx1278.o
    0x080028f8   0x00000030   Code   RO          362    i.app_sx1278_thread_entry  app_sx1278.o
    0x08002928   0x000000a8   Code   RO          309    i.app_uart_thread_entry  user_app.o
    0x080029d0   0x0000001a   Code   RO         2447    i.bsp_pow2          drv_sx1278.o
    0x080029ea   0x00000002   PAD
    0x080029ec   0x00000028   Code   RO          363    i.bsp_sx1278_set_param  app_sx1278.o
    0x08002a14   0x00000020   Code   RO          447    i.delay_ms          drv_common.o
    0x08002a34   0x00000018   Code   RO          448    i.delay_os          drv_common.o
    0x08002a4c   0x00000098   Code   RO          451    i.drv_common_init   drv_common.o
    0x08002ae4   0x00000038   Code   RO          452    i.drv_crc16         drv_common.o
    0x08002b1c   0x0000000c   Code   RO          456    i.drv_get_sec_counter  drv_common.o
    0x08002b28   0x000000f4   Code   RO          457    i.drv_rtc_init      drv_common.o
    0x08002c1c   0x0000000c   Code   RO          458    i.drv_set_rtc_counter  drv_common.o
    0x08002c28   0x00000042   Code   RO         2448    i.drv_sx1278_cad_check  drv_sx1278.o
    0x08002c6a   0x0000003e   Code   RO         2449    i.drv_sx1278_cad_init  drv_sx1278.o
    0x08002ca8   0x00000138   Code   RO         2450    i.drv_sx1278_calcu_air_time  drv_sx1278.o
    0x08002de0   0x0000003e   Code   RO         2451    i.drv_sx1278_get_rf_freq  drv_sx1278.o
    0x08002e1e   0x0000000e   Code   RO         2452    i.drv_sx1278_get_version  drv_sx1278.o
    0x08002e2c   0x00000044   Code   RO         2453    i.drv_sx1278_init   drv_sx1278.o
    0x08002e70   0x0000005c   Code   RO         2454    i.drv_sx1278_read_rssi  drv_sx1278.o
    0x08002ecc   0x00000066   Code   RO         2455    i.drv_sx1278_recv_check  drv_sx1278.o
    0x08002f32   0x00000052   Code   RO         2456    i.drv_sx1278_recv_init  drv_sx1278.o
    0x08002f84   0x00000078   Code   RO         2457    i.drv_sx1278_send   drv_sx1278.o
    0x08002ffc   0x00000026   Code   RO         2458    i.drv_sx1278_send_check  drv_sx1278.o
    0x08003022   0x00000020   Code   RO         2459    i.drv_sx1278_set_bw  drv_sx1278.o
    0x08003042   0x00000002   PAD
    0x08003044   0x00000090   Code   RO         2460    i.drv_sx1278_set_default_param  drv_sx1278.o
    0x080030d4   0x00000024   Code   RO         2461    i.drv_sx1278_set_error_coding  drv_sx1278.o
    0x080030f8   0x00000022   Code   RO         2463    i.drv_sx1278_set_implicit_header_on  drv_sx1278.o
    0x0800311a   0x00000022   Code   RO         2464    i.drv_sx1278_set_lowdatarateoptimize  drv_sx1278.o
    0x0800313c   0x00000022   Code   RO         2465    i.drv_sx1278_set_nb_trig_peaks  drv_sx1278.o
    0x0800315e   0x00000044   Code   RO         2466    i.drv_sx1278_set_on  drv_sx1278.o
    0x080031a2   0x00000022   Code   RO         2467    i.drv_sx1278_set_op_mode  drv_sx1278.o
    0x080031c4   0x0000003c   Code   RO         2468    i.drv_sx1278_set_pa20dBm  drv_sx1278.o
    0x08003200   0x00000022   Code   RO         2469    i.drv_sx1278_set_pa_output  drv_sx1278.o
    0x08003222   0x00000022   Code   RO         2470    i.drv_sx1278_set_packet_crc_on  drv_sx1278.o
    0x08003244   0x00000012   Code   RO         2471    i.drv_sx1278_set_payload_length  drv_sx1278.o
    0x08003256   0x00000002   PAD
    0x08003258   0x0000004c   Code   RO         2473    i.drv_sx1278_set_rf_freq  drv_sx1278.o
    0x080032a4   0x00000098   Code   RO         2474    i.drv_sx1278_set_rf_power  drv_sx1278.o
    0x0800333c   0x00000058   Code   RO         2475    i.drv_sx1278_set_sf  drv_sx1278.o
    0x08003394   0x00000034   Code   RO         2476    i.drv_sx1278_set_symb_timeout  drv_sx1278.o
    0x080033c8   0x00000040   Code   RO          460    i.drv_system_reset  drv_common.o
    0x08003408   0x00000002   Code   RO          461    i.drv_wdog_feed     drv_common.o
    0x0800340a   0x00000002   Code   RO          462    i.drv_wdog_init     drv_common.o
    0x0800340c   0x00000024   Code   RO          594    i.fputc             drv_uart.o
    0x08003430   0x0000001c   Code   RO         2393    i.hal_sx1278_read_addr  hal_sx1278.o
    0x0800344c   0x0000003a   Code   RO         2394    i.hal_sx1278_read_buffer  hal_sx1278.o
    0x08003486   0x00000016   Code   RO         2395    i.hal_sx1278_read_fifo  hal_sx1278.o
    0x0800349c   0x0000000a   Code   RO         2396    i.hal_sx1278_rst    hal_sx1278.o
    0x080034a6   0x00000012   Code   RO         2397    i.hal_sx1278_spi_rw_byte  hal_sx1278.o
    0x080034b8   0x00000014   Code   RO         2398    i.hal_sx1278_write_addr  hal_sx1278.o
    0x080034cc   0x00000038   Code   RO         2399    i.hal_sx1278_write_buffer  hal_sx1278.o
    0x08003504   0x00000016   Code   RO         2400    i.hal_sx1278_write_fifo  hal_sx1278.o
    0x0800351a   0x00000002   PAD
    0x0800351c   0x000000a8   Code   RO          204    i.main              main.o
    0x080035c4   0x0000000e   Code   RO          938    i.main_thread_entry  components.o
    0x080035d2   0x000000a2   Code   RO         2633    i.mbedtls_aes_crypt_cbc  aes.o
    0x08003674   0x00000026   Code   RO         2637    i.mbedtls_aes_crypt_ecb  aes.o
    0x0800369a   0x00000016   Code   RO         2640    i.mbedtls_aes_free  aes.o
    0x080036b0   0x00000010   Code   RO         2641    i.mbedtls_aes_init  aes.o
    0x080036c0   0x000000e0   Code   RO         2643    i.mbedtls_aes_setkey_dec  aes.o
    0x080037a0   0x00000214   Code   RO         2644    i.mbedtls_aes_setkey_enc  aes.o
    0x080039b4   0x00000504   Code   RO         2645    i.mbedtls_internal_aes_decrypt  aes.o
    0x08003eb8   0x00000504   Code   RO         2646    i.mbedtls_internal_aes_encrypt  aes.o
    0x080043bc   0x00000016   Code   RO         2647    i.mbedtls_zeroize   aes.o
    0x080043d2   0x00000024   Code   RO         2926    i.nwk_aes_decrypt   nwk_bsp.o
    0x080043f6   0x00000024   Code   RO         2927    i.nwk_aes_encrypt   nwk_bsp.o
    0x0800441a   0x00000010   Code   RO         2928    i.nwk_crc16         nwk_bsp.o
    0x0800442a   0x0000000c   Code   RO         2929    i.nwk_delay_ms      nwk_bsp.o
    0x08004436   0x00000048   Code   RO         2933    i.nwk_find_head     nwk_bsp.o
    0x0800447e   0x00000002   PAD
    0x08004480   0x00000024   Code   RO         2934    i.nwk_get_channel   nwk_bsp.o
    0x080044a4   0x0000002c   Code   RO         2935    i.nwk_get_rand      nwk_bsp.o
    0x080044d0   0x00000008   Code   RO         2936    i.nwk_get_rtc_counter  nwk_bsp.o
    0x080044d8   0x0000003c   Code   RO         2742    i.nwk_node_add_gw   nwk_node.o
    0x08004514   0x0000001c   Code   RO         2743    i.nwk_node_cad_check  nwk_node.o
    0x08004530   0x0000001c   Code   RO         2744    i.nwk_node_cad_init  nwk_node.o
    0x0800454c   0x0000001e   Code   RO         2745    i.nwk_node_calcu_air_time  nwk_node.o
    0x0800456a   0x00000002   PAD
    0x0800456c   0x00000088   Code   RO         2746    i.nwk_node_main     nwk_node.o
    0x080045f4   0x00000194   Code   RO         2747    i.nwk_node_make_send_buff  nwk_node.o
    0x08004788   0x00000034   Code   RO         2748    i.nwk_node_recv_check  nwk_node.o
    0x080047bc   0x00000018   Code   RO         2749    i.nwk_node_recv_from_check  nwk_node.o
    0x080047d4   0x0000001c   Code   RO         2750    i.nwk_node_recv_init  nwk_node.o
    0x080047f0   0x00000450   Code   RO         2751    i.nwk_node_recv_parse  nwk_node.o
    0x08004c40   0x00000224   Code   RO         2753    i.nwk_node_rx_process  nwk_node.o
    0x08004e64   0x0000002c   Code   RO         2754    i.nwk_node_search_gw  nwk_node.o
    0x08004e90   0x00000230   Code   RO         2755    i.nwk_node_search_process  nwk_node.o
    0x080050c0   0x00000024   Code   RO         2756    i.nwk_node_select_gw  nwk_node.o
    0x080050e4   0x0000004c   Code   RO         2757    i.nwk_node_send2gateway  nwk_node.o
    0x08005130   0x00000024   Code   RO         2759    i.nwk_node_send_buff  nwk_node.o
    0x08005154   0x0000001c   Code   RO         2760    i.nwk_node_send_check  nwk_node.o
    0x08005170   0x00000094   Code   RO         2761    i.nwk_node_send_sniff  nwk_node.o
    0x08005204   0x0000000c   Code   RO         2762    i.nwk_node_set_lora_dev  nwk_node.o
    0x08005210   0x00000038   Code   RO         2763    i.nwk_node_set_lora_param  nwk_node.o
    0x08005248   0x0000000c   Code   RO         2765    i.nwk_node_set_sn   nwk_node.o
    0x08005254   0x0000000c   Code   RO         2766    i.nwk_node_set_wake_period  nwk_node.o
    0x08005260   0x0000001c   Code   RO         2767    i.nwk_node_sleep_init  nwk_node.o
    0x0800527c   0x00000010   Code   RO         2768    i.nwk_node_tx_d2d_process  nwk_node.o
    0x0800528c   0x00000678   Code   RO         2769    i.nwk_node_tx_gw_process  nwk_node.o
    0x08005904   0x0000029c   Code   RO         2770    i.nwk_node_work_check  nwk_node.o
    0x08005ba0   0x0000000c   Code   RO         2937    i.nwk_set_rtc_counter  nwk_bsp.o
    0x08005bac   0x00000014   Code   RO         2938    i.nwk_tea_decrypt   nwk_bsp.o
    0x08005bc0   0x00000014   Code   RO         2939    i.nwk_tea_encrypt   nwk_bsp.o
    0x08005bd4   0x00000078   Code   RO         1466    i.plug_holes        mem.o
    0x08005c4c   0x00000040   Code   RO          465    i.printf_hex        drv_common.o
    0x08005c8c   0x00000030   Code   RO          939    i.rt_application_init  components.o
    0x08005cbc   0x0000001c   Code   RO          940    i.rt_components_board_init  components.o
    0x08005cd8   0x0000001c   Code   RO          941    i.rt_components_init  components.o
    0x08005cf4   0x00000020   Code   RO         1598    i.rt_enter_critical  scheduler.o
    0x08005d14   0x0000003c   Code   RO         1599    i.rt_exit_critical  scheduler.o
    0x08005d50   0x00000078   Code   RO         1468    i.rt_free           mem.o
    0x08005dc8   0x00000008   Code   RO          674    i.rt_heap_begin_get  board.o
    0x08005dd0   0x00000008   Code   RO          675    i.rt_heap_end_get   board.o
    0x08005dd8   0x0000003c   Code   RO          676    i.rt_hw_board_init  board.o
    0x08005e14   0x00000024   Code   RO          868    i.rt_hw_hard_fault_exception  cpuport.o
    0x08005e38   0x0000004c   Code   RO          869    i.rt_hw_stack_init  cpuport.o
    0x08005e84   0x00000020   Code   RO         1281    i.rt_interrupt_enter  irq.o
    0x08005ea4   0x00000020   Code   RO         1283    i.rt_interrupt_leave  irq.o
    0x08005ec4   0x00000014   Code   RO         1051    i.rt_ipc_list_resume  ipc.o
    0x08005ed8   0x0000006c   Code   RO         1053    i.rt_ipc_list_suspend  ipc.o
    0x08005f44   0x00000010   Code   RO         1054    i.rt_ipc_object_init  ipc.o
    0x08005f54   0x00000006   Code   RO         1055    i.rt_list_init      ipc.o
    0x08005f5a   0x00000006   Code   RO         1600    i.rt_list_init      scheduler.o
    0x08005f60   0x00000006   Code   RO         1796    i.rt_list_init      timer.o
    0x08005f66   0x0000000e   Code   RO         1528    i.rt_list_insert_after  object.o
    0x08005f74   0x0000000e   Code   RO         1680    i.rt_list_insert_after  thread.o
    0x08005f82   0x0000000e   Code   RO         1797    i.rt_list_insert_after  timer.o
    0x08005f90   0x0000000e   Code   RO         1056    i.rt_list_insert_before  ipc.o
    0x08005f9e   0x00000010   Code   RO         1057    i.rt_list_isempty   ipc.o
    0x08005fae   0x00000010   Code   RO         1798    i.rt_list_isempty   timer.o
    0x08005fbe   0x00000012   Code   RO         1529    i.rt_list_remove    object.o
    0x08005fd0   0x00000012   Code   RO         1681    i.rt_list_remove    thread.o
    0x08005fe2   0x00000002   PAD
    0x08005fe4   0x0000016c   Code   RO         1469    i.rt_malloc         mem.o
    0x08006150   0x00000048   Code   RO         1317    i.rt_memset         kservice.o
    0x08006198   0x0000004a   Code   RO         1530    i.rt_object_allocate  object.o
    0x080061e2   0x00000020   Code   RO         1531    i.rt_object_delete  object.o
    0x08006202   0x0000001a   Code   RO         1532    i.rt_object_detach  object.o
    0x0800621c   0x00000028   Code   RO         1534    i.rt_object_get_information  object.o
    0x08006244   0x0000003c   Code   RO         1535    i.rt_object_init    object.o
    0x08006280   0x00000012   Code   RO         1536    i.rt_object_is_systemobject  object.o
    0x08006292   0x00000002   PAD
    0x08006294   0x00000090   Code   RO         1601    i.rt_schedule       scheduler.o
    0x08006324   0x00000050   Code   RO         1602    i.rt_schedule_insert_thread  scheduler.o
    0x08006374   0x00000054   Code   RO         1603    i.rt_schedule_remove_thread  scheduler.o
    0x080063c8   0x00000026   Code   RO         1085    i.rt_sem_init       ipc.o
    0x080063ee   0x0000003a   Code   RO         1086    i.rt_sem_release    ipc.o
    0x08006428   0x00000074   Code   RO         1087    i.rt_sem_take       ipc.o
    0x0800649c   0x00000002   Code   RO         1319    i.rt_show_version   kservice.o
    0x0800649e   0x00000034   Code   RO         1327    i.rt_strncpy        kservice.o
    0x080064d2   0x00000002   PAD
    0x080064d4   0x000000b0   Code   RO         1472    i.rt_system_heap_init  mem.o
    0x08006584   0x0000004c   Code   RO         1604    i.rt_system_scheduler_init  scheduler.o
    0x080065d0   0x00000030   Code   RO         1605    i.rt_system_scheduler_start  scheduler.o
    0x08006600   0x0000001c   Code   RO         1799    i.rt_system_timer_init  timer.o
    0x0800661c   0x00000002   Code   RO         1800    i.rt_system_timer_thread_init  timer.o
    0x0800661e   0x00000050   Code   RO         1683    i.rt_thread_create  thread.o
    0x0800666e   0x0000000c   Code   RO         1684    i.rt_thread_delay   thread.o
    0x0800667a   0x00000002   PAD
    0x0800667c   0x00000054   Code   RO         1687    i.rt_thread_exit    thread.o
    0x080066d0   0x00000008   Code   RO         1012    i.rt_thread_idle_entry  idle.o
    0x080066d8   0x00000084   Code   RO         1013    i.rt_thread_idle_excute  idle.o
    0x0800675c   0x0000003c   Code   RO         1015    i.rt_thread_idle_init  idle.o
    0x08006798   0x00000034   Code   RO         1689    i.rt_thread_init    thread.o
    0x080067cc   0x0000003c   Code   RO         1690    i.rt_thread_resume  thread.o
    0x08006808   0x0000000c   Code   RO         1691    i.rt_thread_self    thread.o
    0x08006814   0x00000044   Code   RO         1692    i.rt_thread_sleep   thread.o
    0x08006858   0x0000002c   Code   RO         1693    i.rt_thread_startup  thread.o
    0x08006884   0x00000044   Code   RO         1694    i.rt_thread_suspend  thread.o
    0x080068c8   0x00000020   Code   RO         1695    i.rt_thread_timeout  thread.o
    0x080068e8   0x00000064   Code   RO         1696    i.rt_thread_yield   thread.o
    0x0800694c   0x0000000c   Code   RO          901    i.rt_tick_get       clock.o
    0x08006958   0x00000030   Code   RO          902    i.rt_tick_increase  clock.o
    0x08006988   0x0000007c   Code   RO         1801    i.rt_timer_check    timer.o
    0x08006a04   0x00000038   Code   RO         1802    i.rt_timer_control  timer.o
    0x08006a3c   0x00000020   Code   RO         1805    i.rt_timer_detach   timer.o
    0x08006a5c   0x0000002e   Code   RO         1806    i.rt_timer_init     timer.o
    0x08006a8a   0x00000002   PAD
    0x08006a8c   0x000000f8   Code   RO         1809    i.rt_timer_start    timer.o
    0x08006b84   0x00000030   Code   RO         1810    i.rt_timer_stop     timer.o
    0x08006bb4   0x00000004   Code   RO          942    i.rti_board_end     components.o
    0x08006bb8   0x00000004   Code   RO          943    i.rti_board_start   components.o
    0x08006bbc   0x00000004   Code   RO          944    i.rti_end           components.o
    0x08006bc0   0x00000004   Code   RO          945    i.rti_start         components.o
    0x08006bc4   0x0000002a   Code   RO          946    i.rtthread_startup  components.o
    0x08006bee   0x00000002   PAD
    0x08006bf0   0x00000068   Code   RO          806    i.tea_decrypt_buff  drv_encrypt.o
    0x08006c58   0x00000068   Code   RO          807    i.tea_encrypt_buff  drv_encrypt.o
    0x08006cc0   0x00000200   Data   RO          467    .constdata          drv_common.o
    0x08006ec0   0x00000122   Data   RO         1333    .constdata          kservice.o
    0x08006fe2   0x00000024   Data   RO         2940    .constdata          nwk_bsp.o
    0x08007006   0x00000002   PAD
    0x08007008   0x00000004   Data   RO          947    .rti_fn.0           components.o
    0x0800700c   0x00000004   Data   RO          948    .rti_fn.0.end       components.o
    0x08007010   0x00000004   Data   RO          949    .rti_fn.1.end       components.o
    0x08007014   0x00000004   Data   RO          950    .rti_fn.6.end       components.o
    0x08007018   0x00000020   Data   RO         4609    Region$$Table       anon$$obj.o


    Execution Region RW_IRAM1 (Base: 0x20000000, Size: 0x00004730, Max: 0x00005000, ABSOLUTE)

    Base Addr    Size         Type   Attr      Idx    E Section Name        Object

    0x20000000   0x00000014   Data   RW          169    .data               system_stm32f10x.o
    0x20000014   0x00000004   Data   RW          310    .data               user_app.o
    0x20000018   0x0000000d   Data   RW          468    .data               drv_common.o
    0x20000025   0x00000003   PAD
    0x20000028   0x00000004   Data   RW          678    .data               board.o
    0x2000002c   0x00000010   Data   RW          870    .data               cpuport.o
    0x2000003c   0x00000004   Data   RW          904    .data               clock.o
    0x20000040   0x00000001   Data   RW         1284    .data               irq.o
    0x20000041   0x00000003   PAD
    0x20000044   0x00000018   Data   RW         1474    .data               mem.o
    0x2000005c   0x00000060   Data   RW         1538    .data               object.o
    0x200000bc   0x00000018   Data   RW         1607    .data               scheduler.o
    0x200000d4   0x0000000c   Data   RW         1811    .data               timer.o
    0x200000e0   0x00000004   Data   RW         2650    .data               aes.o
    0x200000e4   0x00000014   Data   RW         2772    .data               nwk_node.o
    0x200000f8   0x00000004   Data   RW         2941    .data               nwk_bsp.o
    0x200000fc   0x00000014   Data   RW         3602    .data               f103c8t6.lib(stm32f10x_rcc.o)
    0x20000110   0x00000004   Data   RW         4242    .data               mc_w.l(rand.o)
    0x20000114   0x00000004   Data   RW         4585    .data               mc_w.l(stdout.o)
    0x20000118   0x00000010   Zero   RW          364    .bss                app_sx1278.o
    0x20000128   0x0000033c   Zero   RW          595    .bss                drv_uart.o
    0x20000464   0x00001000   Zero   RW          677    .bss                board.o
    0x20001464   0x00000118   Zero   RW          808    .bss                drv_encrypt.o
    0x2000157c   0x00000178   Zero   RW         1016    .bss                idle.o
    0x200016f4   0x00000020   Zero   RW         1473    .bss                mem.o
    0x20001714   0x00000100   Zero   RW         1606    .bss                scheduler.o
    0x20001814   0x00002a28   Zero   RW         2648    .bss                aes.o
    0x2000423c   0x000002f4   Zero   RW         2771    .bss                nwk_node.o
    0x20004530   0x00000200   Zero   RW           17    STACK               startup_stm32f10x_md.o


==============================================================================

Image component sizes


      Code (inc. data)   RO Data    RW Data    ZI Data      Debug   Object Name

      4212        130          0          4      10792      12578   aes.o
       560        108          0          0         16      10182   app_sx1278.o
       184         26          0          4       4096       4373   board.o
        60         12          0          4          0       1209   clock.o
       190         30         16          0          0       5848   components.o
       240         26          0          0          0        800   context_rvds.o
         0          0          0          0          0       4580   core_cm3.o
       112         10          0         16          0       3182   cpuport.o
       664        176        512         13          0       6929   drv_common.o
       868         68          0          0        280       6426   drv_encrypt.o
      1974        104          0          0          0      18823   drv_sx1278.o
      1032        102          0          0        828       6474   drv_uart.o
       234          0          0          0          0       5615   hal_sx1278.o
       220         30          0          0        376       5062   idle.o
       392          0          0          0          0       7809   ipc.o
        64         12          0          1          0       1610   irq.o
       202          6        290          0          0       5456   kservice.o
       168        112          0          0          0       8044   main.o
       780         92          0         24         32       3908   mem.o
       312         12         36          4          0       7696   nwk_bsp.o
      5830       1234          0         20        756      23597   nwk_node.o
       282          4          0         96          0       7752   object.o
       530         88          0         24        256       7974   scheduler.o
        36          8        236          0        512        828   startup_stm32f10x_md.o
        36          0          0          0          0     237228   stm32f10x_it.o
       416         36          0         20          0       2957   system_stm32f10x.o
       776         36          0          0          0      11343   thread.o
       732         20          0         12          0      10692   timer.o
       260         68          0          4          0       1543   user_app.o

    ----------------------------------------------------------------------
     21400       2550       1124        252      17944     430518   Object Totals
         0          0         32          0          0          0   (incl. Generated)
        34          0          2          6          0          0   (incl. Padding)

    ----------------------------------------------------------------------

      Code (inc. data)   RO Data    RW Data    ZI Data      Debug   Library Member Name

       116         14          0          0          0     237676   misc.o
       112         22          0          0          0       3729   stm32f10x_bkp.o
       282          0          0          0          0       3016   stm32f10x_gpio.o
        12          6          0          0          0        510   stm32f10x_pwr.o
       440         66          0         20          0       7611   stm32f10x_rcc.o
       172         32          0          0          0       3505   stm32f10x_rtc.o
       112          0          0          0          0       3802   stm32f10x_spi.o
       490          6          0          0          0       7265   stm32f10x_usart.o
        80         18          0          0          0       2280   stm32f10x_wwdg.o
         0          0          0          0          0          0   entry.o
         0          0          0          0          0          0   entry10a.o
         0          0          0          0          0          0   entry11a.o
         8          4          0          0          0          0   entry2.o
         4          0          0          0          0          0   entry5.o
         0          0          0          0          0          0   entry7b.o
         0          0          0          0          0          0   entry8b.o
         8          4          0          0          0          0   entry9a.o
        30          0          0          0          0          0   handlers.o
        36          8          0          0          0         68   init.o
         0          0          0          0          0          0   iusefp.o
        30          0          0          0          0         68   llshl.o
        36          0          0          0          0         68   llsshr.o
        32          0          0          0          0         68   llushr.o
        26          0          0          0          0         80   memcmp.o
        36          0          0          0          0         68   memcpya.o
        36          0          0          0          0        108   memseta.o
      2258         90          0          0          0        452   printfa.o
        36         10          0          4          0        136   rand.o
         0          0          0          4          0          0   stdout.o
        18          0          0          0          0         68   strcpy.o
        14          0          0          0          0         68   strlen.o
        36          0          0          0          0         80   strstr.o
        44          0          0          0          0         80   uidiv.o
        98          0          0          0          0         92   uldiv.o
        48          0          0          0          0         68   cdrcmple.o
       334          0          0          0          0        148   dadd.o
       222          0          0          0          0        100   ddiv.o
       186          0          0          0          0        176   depilogue.o
        50          0          0          0          0         76   dfixui.o
        48          0          0          0          0         68   dfixul.o
        34          0          0          0          0         76   dflti.o
        26          0          0          0          0         76   dfltui.o
       228          0          0          0          0         96   dmul.o
        38          0          0          0          0         68   f2d.o
       124          0          0          0          0         88   fdiv.o
       110          0          0          0          0        168   fepilogue.o
        40          0          0          0          0         68   ffixui.o
        10          0          0          0          0         68   ffltui.o
       100          0          0          0          0         76   fmul.o

    ----------------------------------------------------------------------
      6204        280          0         28          0     272318   Library Totals
         4          0          0          0          0          0   (incl. Padding)

    ----------------------------------------------------------------------

      Code (inc. data)   RO Data    RW Data    ZI Data      Debug   Library Name

      1816        164          0         20          0     269394   f103c8t6.lib
      2786        116          0          8          0       1504   mc_w.l
      1598          0          0          0          0       1420   mf_w.l

    ----------------------------------------------------------------------
      6204        280          0         28          0     272318   Library Totals

    ----------------------------------------------------------------------

==============================================================================


      Code (inc. data)   RO Data    RW Data    ZI Data      Debug   

     27604       2830       1124        280      17944     688116   Grand Totals
     27604       2830       1124        280      17944     688116   ELF Image Totals
     27604       2830       1124        280          0          0   ROM Totals

==============================================================================

    Total RO  Size (Code + RO Data)                28728 (  28.05kB)
    Total RW  Size (RW Data + ZI Data)             18224 (  17.80kB)
    Total ROM Size (Code + RO Data + RW Data)      29008 (  28.33kB)

==============================================================================

