<html>
<body>
<pre>
<h1>µVision Build Log</h1>
<h2>Tool Versions:</h2>
IDE-Version: ¦ÌVision V5.23.0.0
Copyright (C) 2017 ARM Ltd and ARM Germany GmbH. All rights reserved.
License Information: ypp 2401240, HP Inc., LIC=P6F5U-SQYGG-UMF9A-1GMU7-CML3T-1A93Z
 
Tool Versions:
Toolchain:       MDK-ARM Professional  Version: 5.23
Toolchain Path:  C:\Keil_v5\ARM\ARMCC\Bin
C Compiler:      Armcc.exe V5.06 update 4 (build 422)
Assembler:       Armasm.exe V5.06 update 4 (build 422)
Linker/Locator:  ArmLink.exe V5.06 update 4 (build 422)
Library Manager: ArmAr.exe V5.06 update 4 (build 422)
Hex Converter:   FromElf.exe V5.06 update 4 (build 422)
CPU DLL:         SARMCM3.DLL V5.23
Dialog DLL:      DCM.DLL V1.15.0.0
Target DLL:      Segger\JL2CM3.dll V2.99.23.0
Dialog DLL:      TCM.DLL V1.27.0.0
 
<h2>Project:</h2>
D:\filesave\GitHub\LoRaSun\STM32F103C8T6_LoRaSun-RT_Thread\Project\Project-LoRaSun(Slave)\Project-LoRaSun(Slave).uvprojx
Project File Date:  11/26/2024

<h2>Output:</h2>
*** Using Compiler 'V5.06 update 4 (build 422)', folder: 'C:\Keil_v5\ARM\ARMCC\Bin'
Build target 'Project-LoRaSun(Slave)'
assembling startup_stm32f10x_md.s...
compiling core_cm3.c...
compiling cpuport.c...
..\..\RT-Thread\libcpu\arm\cortex-m3\cpuport.c(296): warning:  #177-D: variable "context"  was declared but never referenced
      struct stack_frame* context = &exception_info->stack_frame;
..\..\RT-Thread\libcpu\arm\cortex-m3\cpuport.c: 1 warning, 0 errors
compiling clock.c...
compiling system_stm32f10x.c...
Applications\sys\system_stm32f10x.c(462): warning:  #177-D: function "SetSysClock"  was declared but never referenced
  static void SetSysClock(void)
Applications\sys\system_stm32f10x.c: 1 warning, 0 errors
compiling drv_uart.c...
compiling stm32f10x_it.c...
compiling components.c...
compiling device.c...
compiling board.c...
compiling drv_encrypt.c...
compiling user_app.c...
compiling drv_common.c...
compiling main.c...
compiling app_slave.c...
compiling idle.c...
compiling irq.c...
compiling ipc.c...
compiling mem.c...
compiling kservice.c...
compiling memheap.c...
assembling context_rvds.S...
compiling mempool.c...
compiling signal.c...
compiling object.c...
compiling scheduler.c...
compiling thread.c...
compiling timer.c...
compiling ringbuffer.c...
compiling drv_aes.c...
..\..\Drivers\encrypt\drv_aes.c(643): warning:  #68-D: integer conversion resulted in a change of sign
          return -1;
..\..\Drivers\encrypt\drv_aes.c: 1 warning, 0 errors
compiling hal_sx1268.c...
compiling hal_sx1278.c...
compiling drv_sx1278.c...
compiling nwk_bsp.c...
compiling drv_sx1268.c...
compiling nwk_slave.c...
linking...
Program Size: Code=24262 RO-data=1266 RW-data=276 ZI-data=8876  
".\Objects\KKK.axf" - 0 Error(s), 3 Warning(s).

<h2>Collection of Component include folders:</h2>
  .\RTE\_Project-LoRaSun_Slave_
  C:\Keil_v5\ARM\PACK\Keil\STM32F1xx_DFP\2.2.0\Device\Include

<h2>Collection of Component Files used:</h2>
Build Time Elapsed:  00:00:03
</pre>
</body>
</html>
