<html>
<body>
<pre>
<h1>µVision Build Log</h1>
<h2>Tool Versions:</h2>
IDE-Version: ¦ÌVision V5.23.0.0
Copyright (C) 2017 ARM Ltd and ARM Germany GmbH. All rights reserved.
License Information: qq Microsoft, Microsoft, LIC=1WSKC-7X79K-AW02F-63WQC-0VQYY-5D1VI
 
Tool Versions:
Toolchain:       MDK-ARM Professional  Version: 5.23
Toolchain Path:  C:\Keil_v5\ARM\ARMCC\Bin
C Compiler:      Armcc.exe V5.06 update 4 (build 422)
Assembler:       Armasm.exe V5.06 update 4 (build 422)
Linker/Locator:  ArmLink.exe V5.06 update 4 (build 422)
Library Manager: ArmAr.exe V5.06 update 4 (build 422)
Hex Converter:   FromElf.exe V5.06 update 4 (build 422)
CPU DLL:         SARMCM3.DLL V5.23
Dialog DLL:      DCM.DLL V1.15.0.0
Target DLL:      Segger\JL2CM3.dll V2.99.23.0
Dialog DLL:      TCM.DLL V1.27.0.0
 
<h2>Project:</h2>
D:\GitHub\LoRaSun\STM32F103C8T6_LoRaSun-RT_Thread\Project\Project-LoRaSun(Node)\Project-LoRaSun(Node).uvprojx
Project File Date:  10/31/2024

<h2>Output:</h2>
*** Using Compiler 'V5.06 update 4 (build 422)', folder: 'C:\Keil_v5\ARM\ARMCC\Bin'
Build target 'Project-LoRaSun(Node)'
compiling nwk_node.c...
..\..\Drivers\LoRaSun\nwk_node.c(1464): warning:  #177-D: variable "det_time"  was declared but never referenced
          int det_time=now_time-pNodeSearch->search_start_time;
..\..\Drivers\LoRaSun\nwk_node.c: 1 warning, 0 errors
linking...
Program Size: Code=30408 RO-data=1124 RW-data=292 ZI-data=17956  
".\Objects\KKK.axf" - 0 Error(s), 1 Warning(s).

<h2>Collection of Component include folders:</h2>
  .\RTE\_Project-LoRaSun_Node_
  C:\Keil_v5\ARM\PACK\Keil\STM32F1xx_DFP\2.2.0\Device\Include

<h2>Collection of Component Files used:</h2>
Build Time Elapsed:  00:00:02
</pre>
</body>
</html>
