<html>
<body>
<pre>
<h1>µVision Build Log</h1>
<h2>Tool Versions:</h2>
IDE-Version: ¦ÌVision V5.23.0.0
Copyright (C) 2017 ARM Ltd and ARM Germany GmbH. All rights reserved.
License Information: ypp 2401240, HP Inc., LIC=P6F5U-SQYGG-UMF9A-1GMU7-CML3T-1A93Z
 
Tool Versions:
Toolchain:       MDK-ARM Professional  Version: 5.23
Toolchain Path:  C:\Keil_v5\ARM\ARMCC\Bin
C Compiler:      Armcc.exe V5.06 update 4 (build 422)
Assembler:       Armasm.exe V5.06 update 4 (build 422)
Linker/Locator:  ArmLink.exe V5.06 update 4 (build 422)
Library Manager: ArmAr.exe V5.06 update 4 (build 422)
Hex Converter:   FromElf.exe V5.06 update 4 (build 422)
CPU DLL:         SARMCM3.DLL V5.23
Dialog DLL:      DCM.DLL V1.15.0.0
Target DLL:      Segger\JL2CM3.dll V2.99.23.0
Dialog DLL:      TCM.DLL V1.27.0.0
 
<h2>Project:</h2>
D:\filesave\GitHub\LoRaSun\STM32F103C8T6_LoRaSun-RT_Thread\Project\Project-LoRaSun(Node)\Project-LoRaSun(Node).uvprojx
Project File Date:  11/26/2024

<h2>Output:</h2>
*** Using Compiler 'V5.06 update 4 (build 422)', folder: 'C:\Keil_v5\ARM\ARMCC\Bin'
Build target 'Project-LoRaSun(Node)'
compiling main.c...
compiling drv_encrypt.c...
compiling drv_iic.c...
compiling hal_sx1278.c...
compiling drv_uart.c...
compiling board.c...
compiling app_oled96.c...
compiling drv_common.c...
compiling user_app.c...
compiling app_node.c...
compiling drv_sx1278.c...
compiling drv_oled96.c...
compiling nwk_node.c...
compiling hal_sx1268.c...
compiling nwk_bsp.c...
compiling drv_sx1268.c...
linking...
Program Size: Code=42722 RO-data=5710 RW-data=308 ZI-data=11516  
".\Objects\KKK.axf" - 0 Error(s), 0 Warning(s).

<h2>Collection of Component include folders:</h2>
  .\RTE\_Project-LoRaSun_Node_
  C:\Keil_v5\ARM\PACK\Keil\STM32F1xx_DFP\2.2.0\Device\Include

<h2>Collection of Component Files used:</h2>
Build Time Elapsed:  00:00:02
</pre>
</body>
</html>
